 
        ______________________________________
       |                                      |
       |          ===================         |
       |             xTB for sTDA             |
       |          ===================         |
       |               S. Grimme              |
       |        Universitaet Bonn, MCTC       |
       |         2015-19, Version 1.0         |
       |     Wed Apr  3 09:14:55 CEST 2019    |
       |______________________________________|
 
        This code comes without any warranty
        for non-commercial, academia use only.
        Preliminary test version.
        Cite this work as:
        S. Grimme  &  C. Bannwarth, JCP 145 (2016) 054103
        if GBSA is used additionally:
        P. Shushkov, F. März, C. Bannwarth, S. Grimme, unpublished.
 
        with help from
        P. Shushkov, G. Brandenburg, S. Dohm, J. Pisarek,
        F. März, M. Checinski, S. Ehrlich, S. Spicher, 
        P. Pracht, E. Caldeweyher, S. Ehlert, and C. Bannwarth.
 
        usage        :
        xtb4stda <coord_file> [options]
        where <coord_file> is a valid file of TM)
        (*coord, Bohr) or xmol (*xyz, Angstroem)
        format.

        options:
        -chrg <int>   : molecular charge
        -uhf  <int>   : # of unpaired electrons(=2*S)
        -nox          : skip second, extended part in sTDA-xTB
        -pop          : do population analysis
                      : (default for -nox)
        -mowr <real>  : cut MO write above (def.3 Eh)
        -molden       : write formatted molden file
        -parx <file>  : read parameters for sTDA-xTB
                        calc (def:~/.param_stda2.xtb)
        -parv <file>  : read parameters for vTB part in
                        sTDA-xTB (def: ~/.param_stda1.xtb)
        -xtemp <real> : el. temp for xTB (def. 0 K)
        -etemp <real> : el. temp for GFN (def. 300 K)
        -fod          : calculate the FOD and write
                        molden.input file with
                        appropriate occupations
                        for plotting. Def. T=12500 K
 
        -acc <real>   : xTB accuracy (def. 1.0)
        -gbsa [string1] [string2]
                        use GBSA implicit solvent
                        for solvent [string1] and
                        solvation state [string2]=
                        reference, bar1M (default=1M)
        additional GFN/opt/MD/siman options read from
        $XTB4STDAHOME/.xtb4stdarc or $set in input
 
       spin and charge state information can be on:
       <.CHRG> (charge) and <.UHF> (=nalpha-nbeta)
       -uhf and -chrg override the file info.
       useful machine settings:
       setenv MKL_NUM_THREADS <NCORE_ON_YOUR_MACHINE>
       setenv OMP_STACKSIZE 500m
       limit stacksize unlimited
 
       total energies in Eh, gaps/HL energies in eV
       please read REVISION and HOWTO files carefully
 =============================
  # OMP threads =          16
 =============================
 
 xtb4stdahome directory:/home/tchapet/xtb4stda/
 
 argument            1 :gbsa
 argument            2 :toluene
 
 name of molecule           :
 comment line               :
 number of atoms            :    93
 number of electrons        :   264
 charge                     :  0
 spin                       : 0.0
 first test random number   :  0.8115
 
 -----------------------------------------
      charge density (VTB) calculation
 -----------------------------------------
 
      method parameters     
 k(s)        :  1.8000
 k(p)        :  2.8350
 k(d)        :  2.0860
 k(f)        :  2.0000
 Tscal       :  0.3300
 Gscal       :  0.3910
 fpol        :  1.0000
 Zcnf        :  0.6500
 Zqf         :  0.0000
 kcn         :  0.3000
 kEN1        : -0.5900
 wllscal     :  2.6000
 
     -------------------------
     ! NO SOLVENT MODEL USED !
     -------------------------
 
 doing EN charges ...
 sum q : -0.8881784D-15
 point charge moment (au)
     X       Y       Z   
   0.1588   0.4609  -0.0284  total (Debye):    1.241
 
            Z      q(EN)   CN      Cart. coordinates
     1  C   4.0  -0.252   4.059     2.01605    -5.28084    -5.02821
     2  C   4.0   0.010   3.182     2.44073    -4.99311    -2.23997
     3  C   4.0  -0.073   3.233     4.84904    -4.47289    -1.34827
     4  C   4.0  -0.005   3.254     5.37061    -4.16165     1.20791
     5  C   4.0  -0.004   3.230     8.00201    -3.63871     1.97631
     6  C   4.0  -0.074   3.186     9.27702    -5.21910     3.64873
     7  C   4.0  -0.071   3.144    11.75504    -4.71559     4.31274
     8  C   4.0  -0.070   3.185    12.98975    -2.62418     3.34534
     9  C   4.0   0.090   3.241    11.73898    -1.04200     1.65742
    10  N   5.0  -0.323   3.315    12.96822     1.09188     0.66473
    11  C   4.0   0.089   3.469    12.04953     3.53288     0.70495
    12  C   4.0  -0.063   3.154     9.81435     4.46237     1.71604
    13  C   4.0  -0.073   3.151     9.37149     7.03005     1.54317
    14  C   4.0  -0.073   3.145    11.10676     8.65257     0.40594
    15  C   4.0  -0.067   3.152    13.35091     7.74563    -0.56817
    16  C   4.0  -0.000   3.373    13.84062     5.17080    -0.41568
    17  C   4.0  -0.000   3.373    15.93587     3.61977    -1.17057
    18  C   4.0  -0.067   3.152    18.21647     4.12053    -2.37074
    19  C   4.0  -0.073   3.145    19.83500     2.13377    -2.86209
    20  C   4.0  -0.073   3.151    19.19096    -0.33274    -2.19894
    21  C   4.0  -0.063   3.154    16.93497    -0.87848    -1.00268
    22  C   4.0   0.089   3.469    15.31969     1.11676    -0.46225
    23  C   4.0  -0.069   3.233     9.26125    -1.56784     0.96397
    24  C   4.0   0.010   3.182     3.39814    -4.31260     2.95681
    25  C   4.0  -0.252   4.058     3.80249    -3.90855     5.73420
    26  C   4.0  -0.073   3.234     0.98587    -4.80872     2.06238
    27  C   4.0  -0.005   3.255     0.47499    -5.18424    -0.48712
    28  C   4.0  -0.004   3.230    -2.15984    -5.67496    -1.26317
    29  C   4.0  -0.073   3.184    -2.84117    -7.82917    -2.60750
    30  C   4.0  -0.071   3.142    -5.33991    -8.22276    -3.27924
    31  C   4.0  -0.073   3.196    -7.16358    -6.45093    -2.68757
    32  C   4.0   0.010   3.213    -6.50773    -4.26223    -1.36780
    33  C   4.0   0.193   3.594    -8.48282    -2.42886    -0.82559
    34  N   5.0  -0.197   2.261   -10.85204    -3.06331    -0.46912
    35  C   4.0   0.080   3.566   -12.11759    -0.86880    -0.04549
    36  C   4.0   0.005   3.268   -14.73455    -0.54988     0.48613
    37  C   4.0  -0.071   3.182   -16.36570    -2.62512     0.64908
    38  C   4.0  -0.072   3.138   -18.87596    -2.28186     1.20539
    39  C   4.0  -0.072   3.142   -19.78612     0.15500     1.61882
    40  C   4.0  -0.073   3.182   -18.20256     2.20980     1.45342
    41  C   4.0  -0.003   3.264   -15.62904     1.93901     0.86864
    42  C   4.0  -0.003   3.266   -13.92388     4.07728     0.61572
    43  C   4.0  -0.074   3.185   -14.78141     6.57437     0.85191
    44  C   4.0  -0.072   3.139   -13.19886     8.61237     0.54446
    45  C   4.0  -0.072   3.139   -10.66338     8.23744    -0.04350
    46  C   4.0  -0.072   3.182    -9.74464     5.82200    -0.28065
    47  C   4.0   0.005   3.251   -11.31788     3.71681     0.06295
    48  C   4.0   0.102   3.480   -10.46298     1.17664    -0.17146
    49  N   5.0  -0.319   3.349    -8.12422     0.14465    -0.65711
    50  C   4.0   0.085   3.249    -5.78070     1.39014    -0.95677
    51  C   4.0  -0.069   3.187    -4.59974     1.39246    -3.30244
    52  C   4.0  -0.073   3.147    -2.24710     2.50386    -3.56503
    53  C   4.0  -0.074   3.145    -1.07529     3.61207    -1.50383
    54  C   4.0  -0.073   3.146    -2.26451     3.62578     0.82979
    55  C   4.0  -0.069   3.184    -4.61381     2.51642     1.11470
    56  C   4.0  -0.073   3.241    -4.01201    -3.93221    -0.60941
    57  H   1.0   0.080   0.999     2.34728    -7.23076    -5.60609
    58  H   1.0   0.082   1.001     0.09080    -4.77882    -5.54111
    59  H   1.0   0.081   1.000     3.32334    -4.08691    -6.07429
    60  H   1.0   0.076   1.006     6.38859    -4.32103    -2.68399
    61  H   1.0   0.075   1.005     8.32807    -6.85844     4.40477
    62  H   1.0   0.074   1.004    12.73121    -5.95172     5.61114
    63  H   1.0   0.076   1.005    14.90534    -2.19646     3.90281
    64  H   1.0   0.075   1.005     8.46940     3.22639     2.62502
    65  H   1.0   0.074   1.004     7.64410     7.79913     2.31369
    66  H   1.0   0.074   1.004    10.68912    10.64837     0.30411
    67  H   1.0   0.074   1.004    14.70815     9.00652    -1.42451
    68  H   1.0   0.074   1.004    18.70334     6.02740    -2.91115
    69  H   1.0   0.074   1.004    21.62018     2.48385    -3.78859
    70  H   1.0   0.074   1.004    20.48292    -1.85259    -2.63466
    71  H   1.0   0.075   1.005    16.44113    -2.79891    -0.52185
    72  H   1.0   0.077   1.006     8.30368    -0.35067    -0.36593
    73  H   1.0   0.080   0.999     4.11027    -5.71107     6.68367
    74  H   1.0   0.082   1.001     5.43741    -2.71397     6.08362
    75  H   1.0   0.081   1.000     2.14122    -3.03585     6.57554
    76  H   1.0   0.076   1.006    -0.55962    -4.93013     3.39469
    77  H   1.0   0.075   1.005    -1.42049    -9.21170    -3.08887
    78  H   1.0   0.074   1.004    -5.86483    -9.91589    -4.29189
    79  H   1.0   0.076   1.006    -9.11036    -6.71848    -3.23161
    80  H   1.0   0.076   1.005   -15.58143    -4.48160     0.33286
    81  H   1.0   0.074   1.004   -20.13879    -3.88065     1.33239
    82  H   1.0   0.074   1.004   -21.75739     0.43504     2.07261
    83  H   1.0   0.076   1.006   -18.99150     4.05800     1.79228
    84  H   1.0   0.076   1.006   -16.74139     6.93575     1.27333
    85  H   1.0   0.074   1.004   -13.93143    10.50769     0.74008
    86  H   1.0   0.074   1.004    -9.42344     9.83506    -0.31960
    87  H   1.0   0.077   1.008    -7.78571     5.53728    -0.76378
    88  H   1.0   0.075   1.005    -5.52537     0.50879    -4.89278
    89  H   1.0   0.074   1.004    -1.32738     2.49745    -5.38569
    90  H   1.0   0.074   1.004     0.76584     4.46458    -1.71348
    91  H   1.0   0.074   1.004    -1.35709     4.49082     2.43938
    92  H   1.0   0.075   1.005    -5.55492     2.50313     2.92727
    93  H   1.0   0.078   1.009    -3.46789    -2.30878     0.49610
 
  Z AO/shell   Hii/eV     exponent
  1     Sat Feb 20 21:38:01 CET 2016    EN: 2.327 GAM: 0.473  GM3: 0.0000
     1s    -13.751157    1.051071
  6     Sat Feb 20 21:38:01 CET 2016    EN: 2.731 GAM: 0.422  GM3: 0.0000
     2s    -19.378245    2.021003
     2p    -11.993376    1.497917
  7     Sat Feb 20 21:38:01 CET 2016    EN: 3.573 GAM: 0.504  GM3: 0.0000
     2s    -21.576984    2.275442
     2p    -16.125120    2.056788
 
 dipole moment of classical point charges (au)
     X       Y       Z   
   0.1588   0.4609  -0.0284  total (Debye):    1.241

 
 Nbf   :          261
 T(el) :   300.0
 calculating S/T integrals ...
 cpu time for ints   0.571582000000000     
 Nao   :          261
 making H0...
 making H1...
 cpu time for H      3.473300000000001E-002
 solving ...
 cpu time for diag   0.250675000000000     
 
 gap (eV)           :   5.063
 Koopmans IP (eV)   :  13.211
 Eel (Eh)           :  -207.550109
 T,E(Fermi),NFOD :    300.000   -10.679  0.000000
 T,E(Fermi),NFOD :    300.000   -10.679  0.000000
 Nfod               :  0.0000
 Nfod/Nel           :  0.0000

          eigenvalues
 #    :         120        121        122        123        124        125        126        127
 occ. :        2.000      2.000      2.000      2.000      2.000      2.000      2.000      2.000
 eps  :       -15.629    -15.559    -15.542    -15.479    -15.449    -15.351    -14.991    -14.975
 #    :         128        129        130        131        132        133        134        135
 occ. :        2.000      2.000      2.000      2.000      2.000      0.000      0.000      0.000
 eps  :       -14.390    -14.353    -14.108    -13.442    -13.212     -8.148     -7.238     -6.912
 #    :         136        137        138        139        140        141        142        143
 occ. :        0.000      0.000      0.000      0.000      0.000      0.000      0.000      0.000
 eps  :        -6.908     -6.830     -6.718     -6.560     -5.996     -5.659     -5.624     -5.413
                            1  SCC done.
 making H1...
 cpu time for H      0.283614000000000     
 solving ...
 cpu time for diag   0.244245000000000     
 
 gap (eV)           :   5.038
 Koopmans IP (eV)   :  13.002
 Eel (Eh)           :  -206.803343
 T,E(Fermi),NFOD :    300.000   -10.483  0.000000
 T,E(Fermi),NFOD :    300.000   -10.483  0.000000
 Nfod               :  0.0000
 Nfod/Nel           :  0.0000

          eigenvalues
 #    :         120        121        122        123        124        125        126        127
 occ. :        2.000      2.000      2.000      2.000      2.000      2.000      2.000      2.000
 eps  :       -15.667    -15.498    -15.441    -15.398    -15.326    -15.082    -14.924    -14.849
 #    :         128        129        130        131        132        133        134        135
 occ. :        2.000      2.000      2.000      2.000      2.000      0.000      0.000      0.000
 eps  :       -14.317    -14.130    -14.000    -13.340    -13.004     -7.965     -7.004     -6.818
 #    :         136        137        138        139        140        141        142        143
 occ. :        0.000      0.000      0.000      0.000      0.000      0.000      0.000      0.000
 eps  :        -6.792     -6.715     -6.574     -6.496     -5.991     -5.664     -5.659     -5.499
                            2  SCC done.
 
 
 Mulliken/CM5 charges    n(s)   n(p)   n(d)   
    1 C  -0.0857 -0.2310   1.081  3.005  0.000
    2 C  -0.0027 -0.0177   1.182  2.820  0.000
    3 C  -0.0534 -0.1046   1.145  2.908  0.000
    4 C  -0.0129 -0.0200   1.169  2.844  0.000
    5 C   0.0040 -0.0055   1.168  2.828  0.000
    6 C  -0.0413 -0.0953   1.139  2.902  0.000
    7 C  -0.0289 -0.0850   1.136  2.893  0.000
    8 C  -0.0367 -0.0854   1.137  2.899  0.000
    9 C   0.0614  0.1166   1.172  2.767  0.000
   10 N  -0.0948 -0.3396   1.234  3.860  0.000
   11 C   0.0352  0.0985   1.183  2.782  0.000
   12 C  -0.0451 -0.0943   1.135  2.910  0.000
   13 C  -0.0409 -0.0968   1.135  2.906  0.000
   14 C  -0.0494 -0.1055   1.132  2.918  0.000
   15 C  -0.0367 -0.0895   1.138  2.899  0.000
   16 C  -0.0289 -0.0260   1.166  2.863  0.000
   17 C  -0.0291 -0.0262   1.166  2.863  0.000
   18 C  -0.0367 -0.0895   1.138  2.899  0.000
   19 C  -0.0491 -0.1052   1.132  2.917  0.000
   20 C  -0.0400 -0.0959   1.135  2.905  0.000
   21 C  -0.0447 -0.0940   1.135  2.910  0.000
   22 C   0.0351  0.0985   1.183  2.782  0.000
   23 C  -0.0413 -0.0871   1.144  2.898  0.000
   24 C  -0.0022 -0.0171   1.182  2.820  0.000
   25 C  -0.0855 -0.2307   1.081  3.005  0.000
   26 C  -0.0535 -0.1047   1.145  2.908  0.000
   27 C  -0.0148 -0.0220   1.170  2.845  0.000
   28 C   0.0045 -0.0053   1.168  2.828  0.000
   29 C  -0.0385 -0.0926   1.143  2.896  0.000
   30 C  -0.0252 -0.0813   1.135  2.890  0.000
   31 C  -0.0243 -0.0756   1.141  2.883  0.000
   32 C   0.0259  0.0274   1.157  2.817  0.000
   33 C   0.0664  0.2124   1.223  2.710  0.000
   34 N  -0.2232 -0.4031   1.532  3.691  0.000
   35 C  -0.0106  0.0685   1.182  2.829  0.000
   36 C   0.0135  0.0140   1.164  2.822  0.000
   37 C  -0.0283 -0.0799   1.137  2.891  0.000
   38 C  -0.0357 -0.0918   1.136  2.900  0.000
   39 C  -0.0411 -0.0975   1.135  2.906  0.000
   40 C  -0.0444 -0.0985   1.140  2.905  0.000
   41 C  -0.0123 -0.0167   1.170  2.842  0.000
   42 C  -0.0034 -0.0077   1.170  2.833  0.000
   43 C  -0.0405 -0.0946   1.140  2.901  0.000
   44 C  -0.0410 -0.0975   1.135  2.906  0.000
   45 C  -0.0376 -0.0939   1.136  2.902  0.000
   46 C  -0.0489 -0.1012   1.141  2.908  0.000
   47 C   0.0047  0.0046   1.168  2.828  0.000
   48 C   0.0104  0.0851   1.190  2.800  0.000
   49 N  -0.0820 -0.3215   1.262  3.820  0.000
   50 C   0.0693  0.1211   1.173  2.758  0.000
   51 C  -0.0287 -0.0775   1.138  2.890  0.000
   52 C  -0.0253 -0.0817   1.135  2.890  0.000
   53 C  -0.0315 -0.0881   1.135  2.897  0.000
   54 C  -0.0261 -0.0827   1.135  2.891  0.000
   55 C  -0.0266 -0.0768   1.140  2.887  0.000
   56 C  -0.0488 -0.0981   1.150  2.899  0.000
   57 H   0.0427  0.0953   0.957  0.000  0.000
   58 H   0.0422  0.0973   0.958  0.000  0.000
   59 H   0.0400  0.0929   0.960  0.000  0.000
   60 H   0.0381  0.0973   0.962  0.000  0.000
   61 H   0.0410  0.0994   0.959  0.000  0.000
   62 H   0.0458  0.1024   0.954  0.000  0.000
   63 H   0.0418  0.1026   0.958  0.000  0.000
   64 H   0.0405  0.1004   0.959  0.000  0.000
   65 H   0.0426  0.0991   0.957  0.000  0.000
   66 H   0.0399  0.0964   0.960  0.000  0.000
   67 H   0.0421  0.0992   0.958  0.000  0.000
   68 H   0.0420  0.0991   0.958  0.000  0.000
   69 H   0.0401  0.0966   0.960  0.000  0.000
   70 H   0.0431  0.0996   0.957  0.000  0.000
   71 H   0.0403  0.1001   0.960  0.000  0.000
   72 H   0.0392  0.1017   0.961  0.000  0.000
   73 H   0.0428  0.0953   0.957  0.000  0.000
   74 H   0.0422  0.0971   0.958  0.000  0.000
   75 H   0.0399  0.0928   0.960  0.000  0.000
   76 H   0.0384  0.0976   0.962  0.000  0.000
   77 H   0.0414  0.0997   0.959  0.000  0.000
   78 H   0.0446  0.1011   0.955  0.000  0.000
   79 H   0.0476  0.1091   0.952  0.000  0.000
   80 H   0.0440  0.1048   0.956  0.000  0.000
   81 H   0.0404  0.0968   0.960  0.000  0.000
   82 H   0.0390  0.0954   0.961  0.000  0.000
   83 H   0.0415  0.1001   0.959  0.000  0.000
   84 H   0.0443  0.1032   0.956  0.000  0.000
   85 H   0.0400  0.0965   0.960  0.000  0.000
   86 H   0.0403  0.0968   0.960  0.000  0.000
   87 H   0.0418  0.1052   0.958  0.000  0.000
   88 H   0.0416  0.1023   0.958  0.000  0.000
   89 H   0.0449  0.1016   0.955  0.000  0.000
   90 H   0.0421  0.0986   0.958  0.000  0.000
   91 H   0.0447  0.1013   0.955  0.000  0.000
   92 H   0.0419  0.1023   0.958  0.000  0.000
   93 H   0.0430  0.1082   0.957  0.000  0.000
 Hirshfeld charges for QMDFF written to <charges>
 
 Loewdin charges    n(s)   n(p)   n(d)
    1 C  -0.0880   1.007  3.081  0.000
    2 C   0.0043   1.139  2.856  0.000
    3 C  -0.0517   1.094  2.958  0.000
    4 C  -0.0102   1.127  2.884  0.000
    5 C   0.0112   1.124  2.865  0.000
    6 C  -0.0376   1.086  2.951  0.000
    7 C  -0.0197   1.081  2.939  0.000
    8 C  -0.0343   1.085  2.950  0.000
    9 C   0.0588   1.135  2.806  0.000
   10 N  -0.0530   1.192  3.861  0.000
   11 C   0.0291   1.148  2.823  0.000
   12 C  -0.0430   1.083  2.960  0.000
   13 C  -0.0325   1.080  2.952  0.000
   14 C  -0.0434   1.078  2.966  0.000
   15 C  -0.0310   1.084  2.947  0.000
   16 C  -0.0288   1.124  2.904  0.000
   17 C  -0.0290   1.124  2.905  0.000
   18 C  -0.0310   1.084  2.947  0.000
   19 C  -0.0431   1.078  2.965  0.000
   20 C  -0.0316   1.080  2.951  0.000
   21 C  -0.0427   1.083  2.960  0.000
   22 C   0.0290   1.148  2.823  0.000
   23 C  -0.0417   1.093  2.949  0.000
   24 C   0.0048   1.139  2.856  0.000
   25 C  -0.0878   1.007  3.081  0.000
   26 C  -0.0517   1.094  2.958  0.000
   27 C  -0.0120   1.127  2.885  0.000
   28 C   0.0107   1.124  2.866  0.000
   29 C  -0.0332   1.089  2.944  0.000
   30 C  -0.0169   1.080  2.936  0.000
   31 C  -0.0189   1.087  2.932  0.000
   32 C   0.0281   1.114  2.858  0.000
   33 C   0.0513   1.197  2.752  0.000
   34 N  -0.2092   1.501  3.708  0.000
   35 C  -0.0201   1.148  2.872  0.000
   36 C   0.0152   1.122  2.863  0.000
   37 C  -0.0236   1.084  2.940  0.000
   38 C  -0.0276   1.081  2.947  0.000
   39 C  -0.0338   1.080  2.953  0.000
   40 C  -0.0401   1.087  2.953  0.000
   41 C  -0.0099   1.128  2.882  0.000
   42 C  -0.0012   1.128  2.873  0.000
   43 C  -0.0363   1.087  2.950  0.000
   44 C  -0.0337   1.080  2.953  0.000
   45 C  -0.0296   1.081  2.949  0.000
   46 C  -0.0452   1.088  2.957  0.000
   47 C   0.0069   1.125  2.868  0.000
   48 C  -0.0021   1.158  2.844  0.000
   49 N  -0.0365   1.219  3.818  0.000
   50 C   0.0672   1.135  2.797  0.000
   51 C  -0.0255   1.086  2.940  0.000
   52 C  -0.0167   1.080  2.936  0.000
   53 C  -0.0246   1.080  2.944  0.000
   54 C  -0.0175   1.080  2.937  0.000
   55 C  -0.0230   1.087  2.936  0.000
   56 C  -0.0467   1.098  2.948  0.000
   57 H   0.0419   0.958  0.000  0.000
   58 H   0.0411   0.959  0.000  0.000
   59 H   0.0393   0.961  0.000  0.000
   60 H   0.0308   0.969  0.000  0.000
   61 H   0.0333   0.967  0.000  0.000
   62 H   0.0376   0.962  0.000  0.000
   63 H   0.0337   0.966  0.000  0.000
   64 H   0.0328   0.967  0.000  0.000
   65 H   0.0350   0.965  0.000  0.000
   66 H   0.0328   0.967  0.000  0.000
   67 H   0.0341   0.966  0.000  0.000
   68 H   0.0340   0.966  0.000  0.000
   69 H   0.0329   0.967  0.000  0.000
   70 H   0.0354   0.965  0.000  0.000
   71 H   0.0325   0.967  0.000  0.000
   72 H   0.0313   0.969  0.000  0.000
   73 H   0.0420   0.958  0.000  0.000
   74 H   0.0410   0.959  0.000  0.000
   75 H   0.0393   0.961  0.000  0.000
   76 H   0.0311   0.969  0.000  0.000
   77 H   0.0335   0.967  0.000  0.000
   78 H   0.0364   0.964  0.000  0.000
   79 H   0.0380   0.962  0.000  0.000
   80 H   0.0350   0.965  0.000  0.000
   81 H   0.0328   0.967  0.000  0.000
   82 H   0.0317   0.968  0.000  0.000
   83 H   0.0350   0.965  0.000  0.000
   84 H   0.0374   0.963  0.000  0.000
   85 H   0.0326   0.967  0.000  0.000
   86 H   0.0327   0.967  0.000  0.000
   87 H   0.0340   0.966  0.000  0.000
   88 H   0.0328   0.967  0.000  0.000
   89 H   0.0366   0.963  0.000  0.000
   90 H   0.0342   0.966  0.000  0.000
   91 H   0.0364   0.964  0.000  0.000
   92 H   0.0333   0.967  0.000  0.000
   93 H   0.0346   0.965  0.000  0.000
 
 Wiberg/Mayer (AO) data. WBOs > 0.1 written file <wbo>
 largest (>0.05) Wiberg bond orders for each atom
           total WBO             WBO to atom ...
     1  C   3.983    C    2 0.990    H   59 0.976    H   58 0.974    H   57 0.969
     2  C   3.948    C    3 1.410    C   27 1.342    C    1 0.990    C   24 0.101
     3  C   3.967    C    2 1.410    C    4 1.383    H   60 0.942    C   26 0.102
     4  C   3.951    C    3 1.383    C   24 1.342    C    5 0.980    C   27 0.100
     5  C   3.954    C   23 1.385    C    6 1.377    C    4 0.980    C    8 0.105
     6  C   3.969    C    7 1.436    C    5 1.377    H   61 0.945    C    9 0.105
     7  C   3.971    C    6 1.436    C    8 1.432    H   62 0.943    C   23 0.105
     8  C   3.967    C    7 1.432    C    9 1.383    H   63 0.946    C    5 0.105
     9  C   3.930    C   23 1.393    C    8 1.383    N   10 0.970    C    6 0.105
    10  N   3.449    C   22 1.059    C   11 1.059    C    9 0.970
    11  C   3.928    C   12 1.368    C   16 1.264    N   10 1.059    C   14 0.091
    12  C   3.968    C   13 1.453    C   11 1.368    H   64 0.944    C   15 0.102
    13  C   3.953    C   12 1.453    C   14 1.393    H   65 0.945    C   16 0.090
    14  C   3.969    C   15 1.461    C   13 1.393    H   66 0.945    C   11 0.091
    15  C   3.961    C   14 1.461    C   16 1.353    H   67 0.945    C   12 0.102
    16  C   3.955    C   15 1.353    C   11 1.264    C   17 1.089    C   13 0.090
    17  C   3.955    C   18 1.353    C   22 1.264    C   16 1.089    C   20 0.090
    18  C   3.961    C   19 1.461    C   17 1.353    H   68 0.945    C   21 0.102
    19  C   3.969    C   18 1.461    C   20 1.393    H   69 0.945    C   22 0.091
    20  C   3.953    C   21 1.453    C   19 1.393    H   70 0.945    C   17 0.090
    21  C   3.968    C   20 1.453    C   22 1.368    H   71 0.944    C   18 0.102
    22  C   3.928    C   21 1.368    C   17 1.264    N   10 1.059    C   19 0.091
    23  C   3.966    C    9 1.393    C    5 1.385    H   72 0.945    C    7 0.105
    24  C   3.948    C   26 1.410    C    4 1.342    C   25 0.990    C    2 0.101
    25  C   3.983    C   24 0.990    H   75 0.976    H   74 0.975    H   73 0.969
    26  C   3.967    C   24 1.410    C   27 1.383    H   76 0.942    C    3 0.102
    27  C   3.951    C   26 1.383    C    2 1.342    C   28 0.980    C    4 0.100
    28  C   3.954    C   56 1.391    C   29 1.375    C   27 0.980    C   31 0.102
    29  C   3.962    C   30 1.426    C   28 1.375    H   77 0.946    C   32 0.098
    30  C   3.971    C   31 1.446    C   29 1.426    H   78 0.944    C   56 0.101
    31  C   3.963    C   30 1.446    C   32 1.349    H   79 0.945    C   28 0.102
    32  C   3.953    C   56 1.369    C   31 1.349    C   33 1.033    C   29 0.098
    33  C   3.891    N   34 1.547    N   49 1.120    C   32 1.033
    34  N   3.068    C   33 1.547    C   35 1.176    N   49 0.127
    35  C   3.939    C   48 1.384    N   34 1.176    C   36 1.132
    36  C   3.953    C   37 1.309    C   41 1.266    C   35 1.132    C   39 0.078
    37  C   3.965    C   38 1.499    C   36 1.309    H   80 0.945    C   40 0.109
    38  C   3.964    C   37 1.499    C   39 1.358    H   81 0.945    C   41 0.081
    39  C   3.963    C   40 1.496    C   38 1.358    H   82 0.946    C   36 0.078
    40  C   3.970    C   39 1.496    C   41 1.319    H   83 0.942    C   37 0.109
    41  C   3.953    C   40 1.319    C   36 1.266    C   42 1.108    C   38 0.081
    42  C   3.950    C   43 1.325    C   47 1.249    C   41 1.108    C   45 0.081
    43  C   3.970    C   44 1.491    C   42 1.325    H   84 0.941    C   46 0.108
    44  C   3.958    C   43 1.491    C   45 1.360    H   85 0.945    C   47 0.077
    45  C   3.966    C   46 1.498    C   44 1.360    H   86 0.945    C   42 0.081
    46  C   3.963    C   45 1.498    C   47 1.305    H   87 0.938    C   43 0.108
    47  C   3.952    C   46 1.305    C   42 1.249    C   48 1.154    C   44 0.077
    48  C   3.910    C   35 1.384    C   47 1.154    N   49 1.085
    49  N   3.524    C   33 1.120    C   48 1.085    C   50 0.947    N   34 0.127
    50  C   3.927    C   51 1.393    C   55 1.382    N   49 0.947    C   53 0.110
    51  C   3.971    C   52 1.432    C   50 1.393    H   88 0.947    C   54 0.110
    52  C   3.973    C   53 1.432    C   51 1.432    H   89 0.945    C   55 0.111
    53  C   3.973    C   52 1.432    C   54 1.427    H   90 0.946    C   50 0.110
    54  C   3.973    C   55 1.436    C   53 1.427    H   91 0.945    C   51 0.110
    55  C   3.970    C   54 1.436    C   50 1.382    H   92 0.947    C   52 0.111
    56  C   3.963    C   28 1.391    C   32 1.369    H   93 0.940    C   30 0.101
    57  H   0.997    C    1 0.969
    58  H   0.997    C    1 0.974
    59  H   0.997    C    1 0.976
    60  H   0.996    C    3 0.942
    61  H   0.998    C    6 0.945
    62  H   0.995    C    7 0.943
    63  H   0.996    C    8 0.946
    64  H   0.997    C   12 0.944
    65  H   0.997    C   13 0.945
    66  H   0.997    C   14 0.945
    67  H   0.997    C   15 0.945
    68  H   0.997    C   18 0.945
    69  H   0.997    C   19 0.945
    70  H   0.997    C   20 0.945
    71  H   0.997    C   21 0.944
    72  H   0.998    C   23 0.945
    73  H   0.997    C   25 0.969
    74  H   0.997    C   25 0.975
    75  H   0.997    C   25 0.976
    76  H   0.996    C   26 0.942
    77  H   0.996    C   29 0.946
    78  H   0.994    C   30 0.944
    79  H   0.995    C   31 0.945
    80  H   0.997    C   37 0.945
    81  H   0.994    C   38 0.945
    82  H   0.996    C   39 0.946
    83  H   0.997    C   40 0.942
    84  H   0.996    C   43 0.941
    85  H   0.996    C   44 0.945
    86  H   0.994    C   45 0.945
    87  H   0.997    C   46 0.938
    88  H   0.998    C   51 0.947
    89  H   0.997    C   52 0.945
    90  H   0.998    C   53 0.946
    91  H   0.997    C   54 0.945
    92  H   0.998    C   55 0.947
    93  H   0.998    C   56 0.940
 
 --------------------------------------------
          xTB calculation for sTDA...
 --------------------------------------------
 
 reading parameter file /home/tchapet/xtb4stda/.param_stda2.xtb
 
      method parameters     
 k(s)        :  1.6000
 k(p)        :  2.1800
 k(d)        :  1.9500
 k(f)        :  2.0000
 k(R-V)      :  2.2750
 k(R-R)      :  1.7650
 Tscal       :  0.2580
 Gscal       :  1.0000
 fpol        :  1.0000
 Zcnf        :  0.3430
 Zqf         :  0.0000
 kcn         :  2.7000
 Ryd Hsplit  :  0.7000
 lshift(virt):  3.1000
 lshift(OS)  :  0.2000
 wllscaling  :  2.6000
 
 mowrcut     : 3.000
 
  Z AO/shell   Hii/eV     exponent
  1     Sun Feb 14 09:53:25 CET 2016    EN: 2.327 GAM: 0.473  GM3: 0.0000
     1s    -14.339618    1.220000
     2sp    -3.348946    0.600000
  6     Sun Feb 14 09:53:25 CET 2016    EN: 2.731 GAM: 0.422  GM3: 0.0000
     2s    -22.009312    1.565095
     2p    -13.020408    1.596905
     3sp    -3.914040    0.824500
  7     Sun Feb 14 09:53:25 CET 2016    EN: 3.573 GAM: 0.504  GM3: 0.0000
     2s    -25.722000    2.064844
     2p    -18.684912    1.801692
     3sp    -4.344791    0.921400
 
 Nbf   :          633
 T(el) :     0.0
 calculating S/T integrals ...
 cpu time for ints    2.50485200000000     
 Nao   :          633
 making H0...
 making H1...
 cpu time for H      7.114000000000509E-003
 solving ...
 cpu time for diag   0.200971000000000     
 
 gap (eV)           :   7.286
 Koopmans IP (eV)   :  14.259
 Eel (Eh)           :  -227.786258

          eigenvalues
 #    :         120        121        122        123        124        125        126        127
 occ. :        2.000      2.000      2.000      2.000      2.000      2.000      2.000      2.000
 eps  :       -16.537    -16.393    -16.389    -16.255    -16.203    -16.133    -15.907    -15.873
 #    :         128        129        130        131        132        133        134        135
 occ. :        2.000      2.000      2.000      2.000      2.000      0.000      0.000      0.000
 eps  :       -15.403    -15.171    -15.127    -14.308    -14.261     -6.974     -6.685     -6.643
 #    :         136        137        138        139        140        141        142        143
 occ. :        0.000      0.000      0.000      0.000      0.000      0.000      0.000      0.000
 eps  :        -6.604     -6.334     -6.177     -6.141     -6.093     -5.952     -5.875     -5.811
                            1  SCC done.
 writing mo output ...
 molden style : F
 
speedup  7.10
cpu  time for all    4.44 s
wall time for all    0.63 s
