 
        ______________________________________
       |                                      |
       |          ===================         |
       |             xTB for sTDA             |
       |          ===================         |
       |               S. Grimme              |
       |        Universitaet Bonn, MCTC       |
       |         2015-19, Version 1.0         |
       |     Wed Apr  3 09:14:55 CEST 2019    |
       |______________________________________|
 
        This code comes without any warranty
        for non-commercial, academia use only.
        Preliminary test version.
        Cite this work as:
        S. Grimme  &  C. Bannwarth, JCP 145 (2016) 054103
        if GBSA is used additionally:
        P. Shushkov, F. März, C. Bannwarth, S. Grimme, unpublished.
 
        with help from
        P. Shushkov, G. Brandenburg, S. Dohm, J. Pisarek,
        F. März, M. Checinski, S. Ehrlich, S. Spicher, 
        P. Pracht, E. Caldeweyher, S. Ehlert, and C. Bannwarth.
 
        usage        :
        xtb4stda <coord_file> [options]
        where <coord_file> is a valid file of TM)
        (*coord, Bohr) or xmol (*xyz, Angstroem)
        format.

        options:
        -chrg <int>   : molecular charge
        -uhf  <int>   : # of unpaired electrons(=2*S)
        -nox          : skip second, extended part in sTDA-xTB
        -pop          : do population analysis
                      : (default for -nox)
        -mowr <real>  : cut MO write above (def.3 Eh)
        -molden       : write formatted molden file
        -parx <file>  : read parameters for sTDA-xTB
                        calc (def:~/.param_stda2.xtb)
        -parv <file>  : read parameters for vTB part in
                        sTDA-xTB (def: ~/.param_stda1.xtb)
        -xtemp <real> : el. temp for xTB (def. 0 K)
        -etemp <real> : el. temp for GFN (def. 300 K)
        -fod          : calculate the FOD and write
                        molden.input file with
                        appropriate occupations
                        for plotting. Def. T=12500 K
 
        -acc <real>   : xTB accuracy (def. 1.0)
        -gbsa [string1] [string2]
                        use GBSA implicit solvent
                        for solvent [string1] and
                        solvation state [string2]=
                        reference, bar1M (default=1M)
        additional GFN/opt/MD/siman options read from
        $XTB4STDAHOME/.xtb4stdarc or $set in input
 
       spin and charge state information can be on:
       <.CHRG> (charge) and <.UHF> (=nalpha-nbeta)
       -uhf and -chrg override the file info.
       useful machine settings:
       setenv MKL_NUM_THREADS <NCORE_ON_YOUR_MACHINE>
       setenv OMP_STACKSIZE 500m
       limit stacksize unlimited
 
       total energies in Eh, gaps/HL energies in eV
       please read REVISION and HOWTO files carefully
 =============================
  # OMP threads =          16
 =============================
 
 xtb4stdahome directory:/home/tchapet/xtb4stda/
 
 argument            1 :gbsa
 argument            2 :toluene
 
 name of molecule           :
 comment line               :
 number of atoms            :    53
 number of electrons        :   160
 charge                     :  0
 spin                       : 0.0
 first test random number   :  0.1893
 
 -----------------------------------------
      charge density (VTB) calculation
 -----------------------------------------
 
      method parameters     
 k(s)        :  1.8000
 k(p)        :  2.8350
 k(d)        :  2.0860
 k(f)        :  2.0000
 Tscal       :  0.3300
 Gscal       :  0.3910
 fpol        :  1.0000
 Zcnf        :  0.6500
 Zqf         :  0.0000
 kcn         :  0.3000
 kEN1        : -0.5900
 wllscal     :  2.6000
 
     -------------------------
     ! NO SOLVENT MODEL USED !
     -------------------------
 
 doing EN charges ...
 sum q : -0.2109424D-14
 point charge moment (au)
     X       Y       Z   
   0.3109   0.6075  -0.2568  total (Debye):    1.853
 
            Z      q(EN)   CN      Cart. coordinates
     1  O   6.0  -0.099   1.074     7.26880    -4.08974     1.80757
     2  C   4.0   0.092   3.175     8.17384    -2.15056     0.89577
     3  C   4.0  -0.011   3.277    10.92864    -1.79290     0.80515
     4  C   4.0  -0.073   3.199    12.43558    -3.70861     1.84822
     5  C   4.0  -0.072   3.137    15.02846    -3.55698     1.85068
     6  C   4.0  -0.072   3.145    16.20939    -1.45857     0.78913
     7  C   4.0  -0.086   3.268    14.77921     0.45087    -0.24777
     8  C   4.0  -0.087   3.189    12.14407     0.30318    -0.24509
     9  S   6.0   0.211   2.451    10.54905     2.85238    -1.60837
    10  C   4.0  -0.087   3.188     7.36213     2.07822    -1.22797
    11  C   4.0  -0.085   3.264     5.61694     3.84352    -2.12275
    12  C   4.0  -0.072   3.187     3.06518     3.40487    -1.92057
    13  C   4.0  -0.003   3.217     2.15928     1.17346    -0.81886
    14  C   4.0  -0.004   3.223    -0.56729     0.69044    -0.61272
    15  C   4.0  -0.073   3.194    -1.51882    -1.73594    -1.09655
    16  C   4.0  -0.062   3.152    -4.06244    -2.28009    -0.93700
    17  C   4.0   0.090   3.469    -5.69657    -0.34948    -0.23653
    18  C   4.0   0.001   3.371    -4.77689     2.11796     0.22988
    19  C   4.0  -0.067   3.196    -2.21507     2.62954     0.03528
    20  C   4.0  -0.000   3.373    -6.94033     3.64298     0.83316
    21  C   4.0  -0.067   3.152    -7.24829     6.16666     1.48735
    22  C   4.0  -0.073   3.145    -9.65220     7.03963     2.00405
    23  C   4.0  -0.073   3.151   -11.73128     5.42610     1.89641
    24  C   4.0  -0.063   3.154   -11.47307     2.90975     1.24768
    25  C   4.0   0.088   3.470    -9.06658     2.03044     0.68626
    26  N   5.0  -0.323   3.314    -8.28507    -0.37366     0.03709
    27  C   4.0   0.089   3.242    -9.86321    -2.48478    -0.28888
    28  C   4.0  -0.070   3.185    -9.34785    -4.72820     0.98283
    29  C   4.0  -0.072   3.145   -10.90264    -6.80248     0.64776
    30  C   4.0  -0.074   3.143   -12.98211    -6.65242    -0.93553
    31  C   4.0  -0.072   3.145   -13.50138    -4.41698    -2.19526
    32  C   4.0  -0.070   3.185   -11.94659    -2.33873    -1.88713
    33  C   4.0  -0.073   3.246     3.90729    -0.56084     0.06034
    34  C   4.0  -0.010   3.275     6.51671    -0.16190    -0.11486
    35  H   1.0   0.075   1.006    11.46577    -5.31463     2.65413
    36  H   1.0   0.074   1.004    16.14120    -5.05728     2.66877
    37  H   1.0   0.074   1.004    18.24446    -1.32314     0.77856
    38  H   1.0   0.076   1.008    15.66619     2.09076    -1.07626
    39  H   1.0   0.075   1.008     6.31204     5.55733    -2.98482
    40  H   1.0   0.075   1.005     1.74477     4.77698    -2.65150
    41  H   1.0   0.075   1.006    -0.22034    -3.20806    -1.65586
    42  H   1.0   0.075   1.005    -4.75573    -4.15057    -1.36343
    43  H   1.0   0.076   1.005    -1.51002     4.50302     0.42774
    44  H   1.0   0.074   1.004    -5.63447     7.41038     1.59919
    45  H   1.0   0.074   1.004    -9.93339     8.99556     2.51598
    46  H   1.0   0.074   1.004   -13.58549     6.15775     2.33771
    47  H   1.0   0.075   1.005   -13.09089     1.66793     1.19734
    48  H   1.0   0.075   1.005    -7.74565    -4.82637     2.24326
    49  H   1.0   0.074   1.004   -10.49414    -8.53924     1.63916
    50  H   1.0   0.074   1.004   -14.19552    -8.27339    -1.18629
    51  H   1.0   0.074   1.004   -15.11661    -4.29329    -3.43694
    52  H   1.0   0.075   1.005   -12.32272    -0.60407    -2.89435
    53  H   1.0   0.077   1.007     3.30007    -2.29366     0.95366
 
  Z AO/shell   Hii/eV     exponent
  1     Sat Feb 20 21:38:01 CET 2016    EN: 2.327 GAM: 0.473  GM3: 0.0000
     1s    -13.751157    1.051071
  6     Sat Feb 20 21:38:01 CET 2016    EN: 2.731 GAM: 0.422  GM3: 0.0000
     2s    -19.378245    2.021003
     2p    -11.993376    1.497917
  7     Sat Feb 20 21:38:01 CET 2016    EN: 3.573 GAM: 0.504  GM3: 0.0000
     2s    -21.576984    2.275442
     2p    -16.125120    2.056788
  8     Sat Feb 20 21:38:01 CET 2016    EN: 3.700 GAM: 0.587  GM3: 0.0000
     2s    -21.648843    2.110798
     2p    -17.239740    2.329048
 16     Sat Feb 20 23:13:41 CET 2016    EN: 1.915 GAM: 0.389  GM3: 0.0000
     3s    -22.000000    2.671470
     3p    -15.834192    1.836978
     3d     -2.593599    1.836978
 
 dipole moment of classical point charges (au)
     X       Y       Z   
   0.3109   0.6075  -0.2568  total (Debye):    1.853

 
 Nbf   :          161
 T(el) :   300.0
 calculating S/T integrals ...
 cpu time for ints   0.272896000000000     
 Nao   :          160
 making H0...
 making H1...
 cpu time for H      2.077400000000001E-002
 solving ...
 cpu time for diag   0.114005000000000     
 
 gap (eV)           :   4.345
 Koopmans IP (eV)   :  13.217
 Eel (Eh)           :  -125.715584
 T,E(Fermi),NFOD :    300.000   -11.045  0.000000
 T,E(Fermi),NFOD :    300.000   -11.045  0.000000
 Nfod               :  0.0000
 Nfod/Nel           :  0.0000

          eigenvalues
 #    :          68         69         70         71         72         73         74         75
 occ. :        2.000      2.000      2.000      2.000      2.000      2.000      2.000      2.000
 eps  :       -17.685    -17.218    -16.557    -15.826    -15.716    -15.676    -15.550    -15.482
 #    :          76         77         78         79         80         81         82         83
 occ. :        2.000      2.000      2.000      2.000      2.000      0.000      0.000      0.000
 eps  :       -15.441    -15.127    -14.182    -13.866    -13.218     -8.873     -7.018     -6.934
 #    :          84         85         86         87         88         89         90         91
 occ. :        0.000      0.000      0.000      0.000      0.000      0.000      0.000      0.000
 eps  :        -6.871     -6.756     -5.939     -5.799     -5.674     -5.439     -5.359     -5.236
                            1  SCC done.
 making H1...
 cpu time for H      0.125902000000000     
 solving ...
 cpu time for diag   3.843000000000002E-002
 
 gap (eV)           :   4.505
 Koopmans IP (eV)   :  13.084
 Eel (Eh)           :  -125.079610
 T,E(Fermi),NFOD :    300.000   -10.831  0.000000
 T,E(Fermi),NFOD :    300.000   -10.831  0.000000
 Nfod               :  0.0000
 Nfod/Nel           :  0.0000

          eigenvalues
 #    :          68         69         70         71         72         73         74         75
 occ. :        2.000      2.000      2.000      2.000      2.000      2.000      2.000      2.000
 eps  :       -17.123    -16.577    -16.393    -15.886    -15.529    -15.524    -15.413    -15.261
 #    :          76         77         78         79         80         81         82         83
 occ. :        2.000      2.000      2.000      2.000      2.000      0.000      0.000      0.000
 eps  :       -15.109    -14.005    -13.785    -13.663    -13.085     -8.580     -6.912     -6.862
 #    :          84         85         86         87         88         89         90         91
 occ. :        0.000      0.000      0.000      0.000      0.000      0.000      0.000      0.000
 eps  :        -6.744     -6.673     -5.889     -5.821     -5.647     -5.491     -5.337     -5.140
                            2  SCC done.
 
 
 Mulliken/CM5 charges    n(s)   n(p)   n(d)   
    1 O  -0.2715 -0.3232   1.623  4.648  0.000
    2 C   0.1218  0.1545   1.182  2.697  0.000
    3 C  -0.0193 -0.0202   1.176  2.843  0.000
    4 C  -0.0249 -0.0768   1.147  2.878  0.000
    5 C  -0.0313 -0.0875   1.133  2.899  0.000
    6 C  -0.0270 -0.0832   1.142  2.885  0.000
    7 C  -0.0366 -0.0882   1.133  2.903  0.000
    8 C   0.0024  0.0117   1.176  2.822  0.000
    9 S   0.0692  0.0334   1.876  4.017  0.037
   10 C  -0.0009  0.0085   1.175  2.826  0.000
   11 C  -0.0361 -0.0876   1.133  2.903  0.000
   12 C  -0.0328 -0.0863   1.147  2.886  0.000
   13 C   0.0032 -0.0058   1.164  2.833  0.000
   14 C  -0.0150 -0.0238   1.162  2.853  0.000
   15 C  -0.0394 -0.0927   1.139  2.901  0.000
   16 C  -0.0411 -0.0903   1.134  2.907  0.000
   17 C   0.0367  0.1005   1.182  2.781  0.000
   18 C  -0.0280 -0.0250   1.165  2.863  0.000
   19 C  -0.0416 -0.0916   1.142  2.900  0.000
   20 C  -0.0278 -0.0250   1.166  2.862  0.000
   21 C  -0.0372 -0.0900   1.138  2.899  0.000
   22 C  -0.0490 -0.1051   1.132  2.917  0.000
   23 C  -0.0401 -0.0961   1.135  2.905  0.000
   24 C  -0.0439 -0.0931   1.135  2.909  0.000
   25 C   0.0358  0.0989   1.183  2.781  0.000
   26 N  -0.0927 -0.3378   1.234  3.859  0.000
   27 C   0.0610  0.1161   1.172  2.767  0.000
   28 C  -0.0343 -0.0830   1.138  2.897  0.000
   29 C  -0.0293 -0.0854   1.136  2.894  0.000
   30 C  -0.0377 -0.0940   1.134  2.903  0.000
   31 C  -0.0302 -0.0863   1.136  2.894  0.000
   32 C  -0.0356 -0.0843   1.138  2.898  0.000
   33 C  -0.0322 -0.0813   1.152  2.881  0.000
   34 C  -0.0188 -0.0196   1.176  2.842  0.000
   35 H   0.0510  0.1140   0.949  0.000  0.000
   36 H   0.0423  0.0989   0.958  0.000  0.000
   37 H   0.0459  0.1025   0.954  0.000  0.000
   38 H   0.0412  0.0998   0.959  0.000  0.000
   39 H   0.0435  0.1020   0.957  0.000  0.000
   40 H   0.0467  0.1050   0.953  0.000  0.000
   41 H   0.0465  0.1050   0.953  0.000  0.000
   42 H   0.0437  0.1036   0.956  0.000  0.000
   43 H   0.0417  0.1006   0.958  0.000  0.000
   44 H   0.0418  0.0989   0.958  0.000  0.000
   45 H   0.0399  0.0964   0.960  0.000  0.000
   46 H   0.0431  0.0997   0.957  0.000  0.000
   47 H   0.0406  0.1005   0.959  0.000  0.000
   48 H   0.0404  0.1012   0.960  0.000  0.000
   49 H   0.0431  0.0996   0.957  0.000  0.000
   50 H   0.0398  0.0963   0.960  0.000  0.000
   51 H   0.0426  0.0991   0.957  0.000  0.000
   52 H   0.0395  0.1003   0.961  0.000  0.000
   53 H   0.0511  0.1159   0.949  0.000  0.000
 Hirshfeld charges for QMDFF written to <charges>
 
 Loewdin charges    n(s)   n(p)   n(d)
    1 O  -0.2585   1.594  4.664  0.000
    2 C   0.1156   1.146  2.739  0.000
    3 C  -0.0242   1.137  2.888  0.000
    4 C  -0.0173   1.093  2.924  0.000
    5 C  -0.0251   1.078  2.947  0.000
    6 C  -0.0169   1.087  2.930  0.000
    7 C  -0.0336   1.081  2.952  0.000
    8 C   0.0317   1.127  2.841  0.000
    9 S   0.0299   1.862  4.016  0.092
   10 C   0.0282   1.127  2.845  0.000
   11 C  -0.0326   1.081  2.951  0.000
   12 C  -0.0258   1.093  2.933  0.000
   13 C   0.0079   1.120  2.872  0.000
   14 C  -0.0107   1.119  2.892  0.000
   15 C  -0.0342   1.086  2.948  0.000
   16 C  -0.0386   1.082  2.957  0.000
   17 C   0.0303   1.147  2.822  0.000
   18 C  -0.0276   1.123  2.904  0.000
   19 C  -0.0390   1.089  2.950  0.000
   20 C  -0.0277   1.124  2.904  0.000
   21 C  -0.0314   1.084  2.947  0.000
   22 C  -0.0430   1.078  2.965  0.000
   23 C  -0.0317   1.080  2.951  0.000
   24 C  -0.0418   1.083  2.959  0.000
   25 C   0.0297   1.148  2.822  0.000
   26 N  -0.0507   1.192  3.859  0.000
   27 C   0.0581   1.135  2.807  0.000
   28 C  -0.0317   1.085  2.947  0.000
   29 C  -0.0206   1.081  2.940  0.000
   30 C  -0.0311   1.080  2.951  0.000
   31 C  -0.0215   1.081  2.941  0.000
   32 C  -0.0330   1.085  2.948  0.000
   33 C  -0.0280   1.099  2.929  0.000
   34 C  -0.0232   1.137  2.886  0.000
   35 H   0.0407   0.959  0.000  0.000
   36 H   0.0343   0.966  0.000  0.000
   37 H   0.0373   0.963  0.000  0.000
   38 H   0.0331   0.967  0.000  0.000
   39 H   0.0352   0.965  0.000  0.000
   40 H   0.0381   0.962  0.000  0.000
   41 H   0.0385   0.961  0.000  0.000
   42 H   0.0356   0.964  0.000  0.000
   43 H   0.0340   0.966  0.000  0.000
   44 H   0.0338   0.966  0.000  0.000
   45 H   0.0328   0.967  0.000  0.000
   46 H   0.0354   0.965  0.000  0.000
   47 H   0.0329   0.967  0.000  0.000
   48 H   0.0323   0.968  0.000  0.000
   49 H   0.0350   0.965  0.000  0.000
   50 H   0.0324   0.968  0.000  0.000
   51 H   0.0346   0.965  0.000  0.000
   52 H   0.0315   0.969  0.000  0.000
   53 H   0.0410   0.959  0.000  0.000
 
 Wiberg/Mayer (AO) data. WBOs > 0.1 written file <wbo>
 largest (>0.05) Wiberg bond orders for each atom
           total WBO             WBO to atom ...
     1  O   2.120    C    2 1.734    C   34 0.066    C    3 0.065
     2  C   3.923    O    1 1.734    C    3 1.024    C   34 1.022
     3  C   3.951    C    4 1.324    C    8 1.321    C    2 1.024    C    6 0.089    O    1 0.065
     4  C   3.969    C    5 1.484    C    3 1.324    H   35 0.943    C    7 0.108
     5  C   3.970    C    4 1.484    C    6 1.376    H   36 0.945    C    8 0.088
     6  C   3.971    C    7 1.473    C    5 1.376    H   37 0.945    C    3 0.089
     7  C   3.970    C    6 1.473    C    8 1.351    H   38 0.945    C    4 0.108
     8  C   3.948    C    7 1.351    C    3 1.321    S    9 1.059    C    5 0.088
     9  S   2.443    C   10 1.060    C    8 1.059
    10  C   3.943    C   11 1.346    C   34 1.314    S    9 1.060    C   13 0.082
    11  C   3.968    C   12 1.485    C   10 1.346    H   39 0.943    C   33 0.102
    12  C   3.966    C   11 1.485    C   13 1.320    H   40 0.943    C   34 0.085
    13  C   3.951    C   33 1.418    C   12 1.320    C   14 1.004    C   10 0.082
    14  C   3.949    C   19 1.398    C   15 1.334    C   13 1.004    C   17 0.085
    15  C   3.949    C   16 1.468    C   14 1.334    H   41 0.943    C   18 0.084
    16  C   3.966    C   15 1.468    C   17 1.360    H   42 0.942    C   19 0.096
    17  C   3.924    C   16 1.360    C   18 1.257    N   26 1.065    C   14 0.085
    18  C   3.953    C   19 1.366    C   17 1.257    C   20 1.087    C   15 0.084
    19  C   3.955    C   14 1.398    C   18 1.366    H   43 0.944    C   16 0.096
    20  C   3.952    C   21 1.353    C   25 1.264    C   18 1.087    C   23 0.090
    21  C   3.961    C   22 1.461    C   20 1.353    H   44 0.945    C   24 0.102
    22  C   3.969    C   21 1.461    C   23 1.393    H   45 0.945    C   25 0.091
    23  C   3.953    C   24 1.453    C   22 1.393    H   46 0.945    C   20 0.090
    24  C   3.968    C   23 1.453    C   25 1.369    H   47 0.944    C   21 0.102
    25  C   3.927    C   24 1.369    C   20 1.264    N   26 1.057    C   22 0.091
    26  N   3.449    C   17 1.065    C   25 1.057    C   27 0.969
    27  C   3.932    C   28 1.387    C   32 1.387    N   26 0.969    C   30 0.109
    28  C   3.970    C   29 1.436    C   27 1.387    H   48 0.947    C   31 0.110
    29  C   3.974    C   28 1.436    C   30 1.429    H   49 0.945    C   32 0.110
    30  C   3.973    C   29 1.429    C   31 1.428    H   50 0.946    C   27 0.109
    31  C   3.974    C   32 1.436    C   30 1.428    H   51 0.945    C   28 0.110
    32  C   3.970    C   31 1.436    C   27 1.387    H   52 0.947    C   29 0.110
    33  C   3.963    C   13 1.418    C   34 1.335    H   53 0.941    C   11 0.102
    34  C   3.949    C   33 1.335    C   10 1.314    C    2 1.022    C   12 0.085    O    1 0.066
    35  H   0.997    C    4 0.943
    36  H   0.994    C    5 0.945
    37  H   0.995    C    6 0.945
    38  H   0.996    C    7 0.945
    39  H   0.994    C   11 0.943
    40  H   0.994    C   12 0.943
    41  H   0.997    C   15 0.943
    42  H   0.995    C   16 0.942
    43  H   0.997    C   19 0.944
    44  H   0.997    C   21 0.945
    45  H   0.997    C   22 0.945
    46  H   0.997    C   23 0.945
    47  H   0.997    C   24 0.944
    48  H   0.998    C   28 0.947
    49  H   0.997    C   29 0.945
    50  H   0.998    C   30 0.946
    51  H   0.997    C   31 0.945
    52  H   0.998    C   32 0.947
    53  H   0.997    C   33 0.941
 
 --------------------------------------------
          xTB calculation for sTDA...
 --------------------------------------------
 
 reading parameter file /home/tchapet/xtb4stda/.param_stda2.xtb
 
      method parameters     
 k(s)        :  1.6000
 k(p)        :  2.1800
 k(d)        :  1.9500
 k(f)        :  2.0000
 k(R-V)      :  2.2750
 k(R-R)      :  1.7650
 Tscal       :  0.2580
 Gscal       :  1.0000
 fpol        :  1.0000
 Zcnf        :  0.3430
 Zqf         :  0.0000
 kcn         :  2.7000
 Ryd Hsplit  :  0.7000
 lshift(virt):  3.1000
 lshift(OS)  :  0.2000
 wllscaling  :  2.6000
 
 mowrcut     : 3.000
 
  Z AO/shell   Hii/eV     exponent
  1     Sun Feb 14 09:53:25 CET 2016    EN: 2.327 GAM: 0.473  GM3: 0.0000
     1s    -14.339618    1.220000
     2sp    -3.348946    0.600000
  6     Sun Feb 14 09:53:25 CET 2016    EN: 2.731 GAM: 0.422  GM3: 0.0000
     2s    -22.009312    1.565095
     2p    -13.020408    1.596905
     3sp    -3.914040    0.824500
  7     Sun Feb 14 09:53:25 CET 2016    EN: 3.573 GAM: 0.504  GM3: 0.0000
     2s    -25.722000    2.064844
     2p    -18.684912    1.801692
     3sp    -4.344791    0.921400
  8     Sun Feb 14 09:53:25 CET 2016    EN: 3.700 GAM: 0.587  GM3: 0.0000
     2s    -33.859000    2.418661
     2p    -22.175911    1.973969
     3sp    -4.259392    1.013700
 16     Sun Feb 21 16:35:57 CET 2016    EN: 1.915 GAM: 0.200  GM3: 0.0000
     3s    -17.898811    2.619580
     3p    -15.317401    1.798798
     4sp    -4.455139    0.843200
 
 Nbf   :          367
 T(el) :     0.0
 calculating S/T integrals ...
 cpu time for ints    2.72723800000000     
 Nao   :          367
 making H0...
 making H1...
 cpu time for H      2.812000000000037E-003
 solving ...
 cpu time for diag   6.990699999999972E-002
 
 gap (eV)           :   6.405
 Koopmans IP (eV)   :  14.089
 Eel (Eh)           :  -137.954582

          eigenvalues
 #    :          68         69         70         71         72         73         74         75
 occ. :        2.000      2.000      2.000      2.000      2.000      2.000      2.000      2.000
 eps  :       -17.849    -17.671    -17.031    -16.627    -16.572    -16.444    -16.379    -16.361
 #    :          76         77         78         79         80         81         82         83
 occ. :        2.000      2.000      2.000      2.000      2.000      0.000      0.000      0.000
 eps  :       -16.312    -16.000    -15.121    -14.737    -14.090     -7.685     -6.601     -6.488
 #    :          84         85         86         87         88         89         90         91
 occ. :        0.000      0.000      0.000      0.000      0.000      0.000      0.000      0.000
 eps  :        -6.039     -6.003     -5.972     -5.787     -5.396     -5.151     -5.137     -4.767
                            1  SCC done.
 writing mo output ...
 molden style : F
 
speedup 10.88
cpu  time for all    3.47 s
wall time for all    0.32 s
