 
        ______________________________________
       |                                      |
       |          ===================         |
       |             xTB for sTDA             |
       |          ===================         |
       |               S. Grimme              |
       |        Universitaet Bonn, MCTC       |
       |         2015-19, Version 1.0         |
       |     Wed Apr  3 09:14:55 CEST 2019    |
       |______________________________________|
 
        This code comes without any warranty
        for non-commercial, academia use only.
        Preliminary test version.
        Cite this work as:
        S. Grimme  &  C. Bannwarth, JCP 145 (2016) 054103
        if GBSA is used additionally:
        P. Shushkov, F. März, C. Bannwarth, S. Grimme, unpublished.
 
        with help from
        P. Shushkov, G. Brandenburg, S. Dohm, J. Pisarek,
        F. März, M. Checinski, S. Ehrlich, S. Spicher, 
        P. Pracht, E. Caldeweyher, S. Ehlert, and C. Bannwarth.
 
        usage        :
        xtb4stda <coord_file> [options]
        where <coord_file> is a valid file of TM)
        (*coord, Bohr) or xmol (*xyz, Angstroem)
        format.

        options:
        -chrg <int>   : molecular charge
        -uhf  <int>   : # of unpaired electrons(=2*S)
        -nox          : skip second, extended part in sTDA-xTB
        -pop          : do population analysis
                      : (default for -nox)
        -mowr <real>  : cut MO write above (def.3 Eh)
        -molden       : write formatted molden file
        -parx <file>  : read parameters for sTDA-xTB
                        calc (def:~/.param_stda2.xtb)
        -parv <file>  : read parameters for vTB part in
                        sTDA-xTB (def: ~/.param_stda1.xtb)
        -xtemp <real> : el. temp for xTB (def. 0 K)
        -etemp <real> : el. temp for GFN (def. 300 K)
        -fod          : calculate the FOD and write
                        molden.input file with
                        appropriate occupations
                        for plotting. Def. T=12500 K
 
        -acc <real>   : xTB accuracy (def. 1.0)
        -gbsa [string1] [string2]
                        use GBSA implicit solvent
                        for solvent [string1] and
                        solvation state [string2]=
                        reference, bar1M (default=1M)
        additional GFN/opt/MD/siman options read from
        $XTB4STDAHOME/.xtb4stdarc or $set in input
 
       spin and charge state information can be on:
       <.CHRG> (charge) and <.UHF> (=nalpha-nbeta)
       -uhf and -chrg override the file info.
       useful machine settings:
       setenv MKL_NUM_THREADS <NCORE_ON_YOUR_MACHINE>
       setenv OMP_STACKSIZE 500m
       limit stacksize unlimited
 
       total energies in Eh, gaps/HL energies in eV
       please read REVISION and HOWTO files carefully
 =============================
  # OMP threads =          16
 =============================
 
 xtb4stdahome directory:/home/tchapet/xtb4stda/
 
 argument            1 :gbsa
 argument            2 :toluene
 
 name of molecule           :
 comment line               :
 number of atoms            :    89
 number of electrons        :   238
 charge                     :  0
 spin                       : 0.0
 first test random number   :  0.3545
 
 -----------------------------------------
      charge density (VTB) calculation
 -----------------------------------------
 
      method parameters     
 k(s)        :  1.8000
 k(p)        :  2.8350
 k(d)        :  2.0860
 k(f)        :  2.0000
 Tscal       :  0.3300
 Gscal       :  0.3910
 fpol        :  1.0000
 Zcnf        :  0.6500
 Zqf         :  0.0000
 kcn         :  0.3000
 kEN1        : -0.5900
 wllscal     :  2.6000
 
     -------------------------
     ! NO SOLVENT MODEL USED !
     -------------------------
 
 doing EN charges ...
 sum q :  0.2664535D-14
 point charge moment (au)
     X       Y       Z   
   0.5918  -0.1045   0.1243  total (Debye):    1.560
 
            Z      q(EN)   CN      Cart. coordinates
     1  C   4.0  -0.244   4.100    -6.33446   -10.01177    -2.57241
     2  C   4.0  -0.023   4.076    -7.48102    -8.44103    -0.41750
     3  C   4.0  -0.244   4.101   -10.12998    -7.59580    -1.22372
     4  C   4.0  -0.244   4.100    -7.74246   -10.07905     1.96492
     5  C   4.0   0.006   3.239    -5.73895    -6.22974     0.15166
     6  C   4.0  -0.072   3.182    -3.22772    -6.73169     0.94637
     7  C   4.0  -0.071   3.179    -1.57458    -4.83635     1.46321
     8  C   4.0  -0.004   3.281    -2.29205    -2.26125     1.25604
     9  C   4.0  -0.003   3.290    -0.60744    -0.28834     1.76667
    10  C   4.0  -0.004   3.241     2.01039    -0.86176     2.57870
    11  C   4.0  -0.073   3.185     2.53846    -1.38140     5.10118
    12  C   4.0  -0.071   3.144     4.99176    -1.88751     5.85273
    13  C   4.0  -0.070   3.186     6.94057    -1.86829     4.11115
    14  C   4.0   0.090   3.241     6.42666    -1.36969     1.57941
    15  N   5.0  -0.323   3.314     8.39580    -1.34645    -0.19823
    16  C   4.0   0.088   3.469    10.21392    -3.19547    -0.48741
    17  C   4.0  -0.063   3.154    10.44690    -5.51422     0.71700
    18  C   4.0  -0.073   3.151    12.44556    -7.04991     0.03446
    19  C   4.0  -0.073   3.145    14.17268    -6.31893    -1.81464
    20  C   4.0  -0.067   3.152    13.92321    -4.03677    -3.05458
    21  C   4.0  -0.000   3.373    11.92855    -2.46005    -2.40120
    22  C   4.0  -0.000   3.373    11.09131    -0.03831    -3.29564
    23  C   4.0  -0.067   3.152    11.99980     1.62982    -5.10777
    24  C   4.0  -0.073   3.145    10.73141     3.87804    -5.48721
    25  C   4.0  -0.073   3.151     8.59485     4.48138    -4.07084
    26  C   4.0  -0.063   3.155     7.65575     2.85323    -2.25827
    27  C   4.0   0.088   3.468     8.90081     0.57397    -1.89137
    28  C   4.0  -0.069   3.229     3.95952    -0.87590     0.82130
    29  C   4.0  -0.003   3.282    -1.38610     2.23166     1.53383
    30  C   4.0  -0.072   3.227     0.27747     4.26153     2.09117
    31  C   4.0   0.006   3.239    -0.44686     6.73211     1.92601
    32  C   4.0  -0.023   4.076     1.29244     8.93449     2.53630
    33  C   4.0  -0.244   4.102     3.93336     8.07548     3.35285
    34  C   4.0  -0.244   4.100     1.56774    10.60456     0.17815
    35  C   4.0  -0.244   4.101     0.13459    10.47732     4.70562
    36  C   4.0  -0.072   3.183    -2.96584     7.24469     1.16394
    37  C   4.0  -0.071   3.179    -4.62381     5.36164     0.61414
    38  C   4.0  -0.004   3.279    -3.91015     2.78102     0.75913
    39  C   4.0  -0.003   3.285    -5.59515     0.80479     0.23634
    40  C   4.0  -0.005   3.238    -8.20322     1.38766    -0.57167
    41  C   4.0  -0.072   3.186    -8.65855     2.45026    -2.93948
    42  C   4.0  -0.074   3.186   -11.08904     2.99516    -3.71043
    43  C   4.0  -0.025   3.168   -13.11810     2.48384    -2.10092
    44  C   4.0   0.241   2.112   -15.60808     3.04398    -2.87306
    45  N   5.0  -0.217   1.023   -17.63518     3.50039    -3.49971
    46  C   4.0  -0.074   3.186   -12.68047     1.42127     0.27600
    47  C   4.0  -0.072   3.186   -10.24111     0.88043     1.02031
    48  C   4.0  -0.003   3.279    -4.81688    -1.71879     0.47854
    49  C   4.0  -0.072   3.226    -6.46335    -3.76331    -0.07508
    50  H   1.0   0.082   0.999    -7.57303   -11.58680    -3.03333
    51  H   1.0   0.082   0.999    -6.10365    -8.84966    -4.25395
    52  H   1.0   0.083   0.999    -4.49692   -10.76931    -2.05648
    53  H   1.0   0.082   0.999   -11.04183    -6.49997     0.25739
    54  H   1.0   0.082   1.000   -11.29272    -9.25095    -1.59491
    55  H   1.0   0.082   0.999   -10.06066    -6.47308    -2.94455
    56  H   1.0   0.083   0.999    -5.93102   -10.84172     2.55905
    57  H   1.0   0.082   0.999    -8.51290    -8.96489     3.51271
    58  H   1.0   0.082   0.999    -9.01315   -11.65390     1.60101
    59  H   1.0   0.076   1.006    -2.60182    -8.66400     1.13302
    60  H   1.0   0.075   1.007     0.33461    -5.26943     2.04349
    61  H   1.0   0.075   1.005     1.01976    -1.37854     6.46479
    62  H   1.0   0.074   1.004     5.39469    -2.27891     7.81513
    63  H   1.0   0.076   1.005     8.86305    -2.21219     4.70112
    64  H   1.0   0.075   1.005     9.10207    -6.11296     2.12960
    65  H   1.0   0.074   1.004    12.67150    -8.86057     0.95066
    66  H   1.0   0.074   1.004    15.71451    -7.56926    -2.29075
    67  H   1.0   0.074   1.004    15.24412    -3.48433    -4.50885
    68  H   1.0   0.074   1.004    13.66949     1.17322    -6.18878
    69  H   1.0   0.074   1.004    11.40475     5.19902    -6.89037
    70  H   1.0   0.074   1.004     7.65593     6.26448    -4.39780
    71  H   1.0   0.075   1.005     6.00942     3.34742    -1.15998
    72  H   1.0   0.077   1.006     3.55139    -0.52265    -1.14732
    73  H   1.0   0.078   1.009     2.16202     3.76161     2.67956
    74  H   1.0   0.082   0.999     3.84498     6.90992     5.04405
    75  H   1.0   0.082   1.000     5.08897     9.72293     3.77665
    76  H   1.0   0.083   1.000     4.86771     7.01890     1.85833
    77  H   1.0   0.082   0.999     2.84091    12.17127     0.56779
    78  H   1.0   0.083   0.999    -0.24049    11.37876    -0.41189
    79  H   1.0   0.082   0.999     2.34003     9.51006    -1.38239
    80  H   1.0   0.082   0.999     1.37517    12.04140     5.19754
    81  H   1.0   0.082   0.999    -0.11136     9.29169     6.36835
    82  H   1.0   0.083   0.999    -1.69630    11.25023     4.18905
    83  H   1.0   0.076   1.006    -3.59716     9.17957     1.02703
    84  H   1.0   0.076   1.007    -6.53610     5.82273     0.06734
    85  H   1.0   0.075   1.005    -7.08482     2.83755    -4.18041
    86  H   1.0   0.075   1.005   -11.43965     3.81305    -5.54798
    87  H   1.0   0.075   1.005   -14.25740     1.03321     1.51325
    88  H   1.0   0.075   1.005    -9.89368     0.06551     2.85921
    89  H   1.0   0.079   1.009    -8.34251    -3.29085    -0.69870
 
  Z AO/shell   Hii/eV     exponent
  1     Sat Feb 20 21:38:01 CET 2016    EN: 2.327 GAM: 0.473  GM3: 0.0000
     1s    -13.751157    1.051071
  6     Sat Feb 20 21:38:01 CET 2016    EN: 2.731 GAM: 0.422  GM3: 0.0000
     2s    -19.378245    2.021003
     2p    -11.993376    1.497917
  7     Sat Feb 20 21:38:01 CET 2016    EN: 3.573 GAM: 0.504  GM3: 0.0000
     2s    -21.576984    2.275442
     2p    -16.125120    2.056788
 
 dipole moment of classical point charges (au)
     X       Y       Z   
   0.5918  -0.1045   0.1243  total (Debye):    1.560

 
 Nbf   :          236
 T(el) :   300.0
 calculating S/T integrals ...
 cpu time for ints   0.495104000000000     
 Nao   :          236
 making H0...
 making H1...
 cpu time for H      2.734300000000001E-002
 solving ...
 cpu time for diag   9.207599999999994E-002
 
 gap (eV)           :   4.374
 Koopmans IP (eV)   :  13.136
 Eel (Eh)           :  -186.288163
 T,E(Fermi),NFOD :    300.000   -10.948  0.000000
 T,E(Fermi),NFOD :    300.000   -10.948  0.000000
 Nfod               :  0.0000
 Nfod/Nel           :  0.0000

          eigenvalues
 #    :         107        108        109        110        111        112        113        114
 occ. :        2.000      2.000      2.000      2.000      2.000      2.000      2.000      2.000
 eps  :       -16.839    -16.799    -16.562    -15.676    -15.562    -15.542    -15.479    -15.336
 #    :         115        116        117        118        119        120        121        122
 occ. :        2.000      2.000      2.000      2.000      2.000      0.000      0.000      0.000
 eps  :       -15.304    -14.991    -14.112    -13.446    -13.137     -8.762     -7.360     -7.141
 #    :         123        124        125        126        127        128        129        130
 occ. :        0.000      0.000      0.000      0.000      0.000      0.000      0.000      0.000
 eps  :        -6.901     -6.364     -6.159     -6.045     -5.751     -5.562     -5.452     -5.393
                            1  SCC done.
 making H1...
 cpu time for H      0.120404000000000     
 solving ...
 cpu time for diag   5.413800000000002E-002
 
 gap (eV)           :   4.373
 Koopmans IP (eV)   :  13.087
 Eel (Eh)           :  -186.063077
 T,E(Fermi),NFOD :    300.000   -10.901  0.000000
 T,E(Fermi),NFOD :    300.000   -10.901  0.000000
 Nfod               :  0.0000
 Nfod/Nel           :  0.0000

          eigenvalues
 #    :         107        108        109        110        111        112        113        114
 occ. :        2.000      2.000      2.000      2.000      2.000      2.000      2.000      2.000
 eps  :       -16.809    -16.753    -16.408    -15.821    -15.517    -15.452    -15.436    -15.336
 #    :         115        116        117        118        119        120        121        122
 occ. :        2.000      2.000      2.000      2.000      2.000      0.000      0.000      0.000
 eps  :       -15.307    -14.952    -13.994    -13.338    -13.088     -8.715     -7.293     -7.163
 #    :         123        124        125        126        127        128        129        130
 occ. :        0.000      0.000      0.000      0.000      0.000      0.000      0.000      0.000
 eps  :        -6.770     -6.408     -6.173     -6.011     -5.753     -5.596     -5.552     -5.340
                            2  SCC done.
 
 
 Mulliken/CM5 charges    n(s)   n(p)   n(d)   
    1 C  -0.1007 -0.2490   1.104  2.997  0.000
    2 C   0.0274 -0.0039   1.231  2.742  0.000
    3 C  -0.1001 -0.2494   1.101  2.999  0.000
    4 C  -0.1009 -0.2493   1.104  2.997  0.000
    5 C  -0.0096 -0.0218   1.190  2.820  0.000
    6 C  -0.0394 -0.0944   1.141  2.899  0.000
    7 C  -0.0387 -0.0919   1.141  2.897  0.000
    8 C  -0.0028 -0.0070   1.169  2.834  0.000
    9 C  -0.0095 -0.0133   1.178  2.831  0.000
   10 C   0.0071 -0.0032   1.169  2.824  0.000
   11 C  -0.0415 -0.0953   1.140  2.901  0.000
   12 C  -0.0293 -0.0854   1.136  2.893  0.000
   13 C  -0.0377 -0.0864   1.137  2.901  0.000
   14 C   0.0613  0.1166   1.173  2.766  0.000
   15 N  -0.0944 -0.3391   1.234  3.860  0.000
   16 C   0.0351  0.0983   1.183  2.782  0.000
   17 C  -0.0449 -0.0942   1.135  2.910  0.000
   18 C  -0.0402 -0.0961   1.135  2.905  0.000
   19 C  -0.0490 -0.1051   1.132  2.917  0.000
   20 C  -0.0366 -0.0894   1.138  2.899  0.000
   21 C  -0.0287 -0.0258   1.166  2.863  0.000
   22 C  -0.0288 -0.0259   1.166  2.863  0.000
   23 C  -0.0367 -0.0895   1.138  2.899  0.000
   24 C  -0.0491 -0.1052   1.132  2.917  0.000
   25 C  -0.0403 -0.0963   1.135  2.905  0.000
   26 C  -0.0453 -0.0948   1.135  2.910  0.000
   27 C   0.0352  0.0984   1.183  2.782  0.000
   28 C  -0.0399 -0.0861   1.144  2.896  0.000
   29 C   0.0000 -0.0043   1.170  2.830  0.000
   30 C  -0.0508 -0.1023   1.145  2.906  0.000
   31 C  -0.0106 -0.0228   1.190  2.821  0.000
   32 C   0.0275 -0.0037   1.231  2.741  0.000
   33 C  -0.1004 -0.2498   1.101  3.000  0.000
   34 C  -0.1009 -0.2493   1.104  2.997  0.000
   35 C  -0.1011 -0.2494   1.104  2.997  0.000
   36 C  -0.0390 -0.0941   1.141  2.898  0.000
   37 C  -0.0425 -0.0958   1.142  2.901  0.000
   38 C  -0.0036 -0.0078   1.169  2.835  0.000
   39 C  -0.0149 -0.0187   1.177  2.838  0.000
   40 C   0.0127  0.0024   1.173  2.814  0.000
   41 C  -0.0262 -0.0801   1.141  2.885  0.000
   42 C  -0.0217 -0.0742   1.144  2.877  0.000
   43 C   0.0096  0.0059   1.137  2.854  0.000
   44 C   0.1000  0.2181   1.176  2.724  0.000
   45 N  -0.2190 -0.3445   1.643  3.575  0.000
   46 C  -0.0219 -0.0744   1.144  2.878  0.000
   47 C  -0.0261 -0.0802   1.141  2.885  0.000
   48 C  -0.0001 -0.0044   1.170  2.830  0.000
   49 C  -0.0541 -0.1057   1.145  2.909  0.000
   50 H   0.0324  0.0857   0.968  0.000  0.000
   51 H   0.0340  0.0874   0.966  0.000  0.000
   52 H   0.0357  0.0897   0.964  0.000  0.000
   53 H   0.0350  0.0887   0.965  0.000  0.000
   54 H   0.0341  0.0875   0.966  0.000  0.000
   55 H   0.0357  0.0893   0.964  0.000  0.000
   56 H   0.0358  0.0897   0.964  0.000  0.000
   57 H   0.0335  0.0869   0.967  0.000  0.000
   58 H   0.0326  0.0859   0.967  0.000  0.000
   59 H   0.0432  0.1020   0.957  0.000  0.000
   60 H   0.0437  0.1037   0.956  0.000  0.000
   61 H   0.0403  0.0981   0.960  0.000  0.000
   62 H   0.0460  0.1025   0.954  0.000  0.000
   63 H   0.0418  0.1028   0.958  0.000  0.000
   64 H   0.0401  0.1000   0.960  0.000  0.000
   65 H   0.0430  0.0996   0.957  0.000  0.000
   66 H   0.0401  0.0966   0.960  0.000  0.000
   67 H   0.0421  0.0992   0.958  0.000  0.000
   68 H   0.0420  0.0991   0.958  0.000  0.000
   69 H   0.0400  0.0965   0.960  0.000  0.000
   70 H   0.0430  0.0996   0.957  0.000  0.000
   71 H   0.0414  0.1017   0.959  0.000  0.000
   72 H   0.0402  0.1024   0.960  0.000  0.000
   73 H   0.0439  0.1073   0.956  0.000  0.000
   74 H   0.0358  0.0895   0.964  0.000  0.000
   75 H   0.0338  0.0872   0.966  0.000  0.000
   76 H   0.0362  0.0901   0.964  0.000  0.000
   77 H   0.0325  0.0858   0.967  0.000  0.000
   78 H   0.0355  0.0894   0.965  0.000  0.000
   79 H   0.0336  0.0870   0.966  0.000  0.000
   80 H   0.0325  0.0857   0.968  0.000  0.000
   81 H   0.0338  0.0872   0.966  0.000  0.000
   82 H   0.0356  0.0895   0.964  0.000  0.000
   83 H   0.0430  0.1018   0.957  0.000  0.000
   84 H   0.0427  0.1029   0.957  0.000  0.000
   85 H   0.0430  0.1011   0.957  0.000  0.000
   86 H   0.0487  0.1065   0.951  0.000  0.000
   87 H   0.0487  0.1064   0.951  0.000  0.000
   88 H   0.0429  0.1011   0.957  0.000  0.000
   89 H   0.0431  0.1066   0.957  0.000  0.000
 Hirshfeld charges for QMDFF written to <charges>
 
 Loewdin charges    n(s)   n(p)   n(d)
    1 C  -0.1059   1.033  3.073  0.000
    2 C   0.0411   1.190  2.769  0.000
    3 C  -0.1052   1.030  3.075  0.000
    4 C  -0.1062   1.033  3.073  0.000
    5 C  -0.0052   1.148  2.857  0.000
    6 C  -0.0347   1.088  2.947  0.000
    7 C  -0.0336   1.088  2.945  0.000
    8 C  -0.0005   1.126  2.875  0.000
    9 C  -0.0089   1.137  2.872  0.000
   10 C   0.0147   1.124  2.861  0.000
   11 C  -0.0378   1.087  2.951  0.000
   12 C  -0.0201   1.081  2.939  0.000
   13 C  -0.0353   1.085  2.951  0.000
   14 C   0.0586   1.135  2.806  0.000
   15 N  -0.0525   1.192  3.860  0.000
   16 C   0.0291   1.148  2.823  0.000
   17 C  -0.0428   1.083  2.960  0.000
   18 C  -0.0318   1.080  2.952  0.000
   19 C  -0.0430   1.078  2.965  0.000
   20 C  -0.0308   1.084  2.947  0.000
   21 C  -0.0286   1.124  2.904  0.000
   22 C  -0.0287   1.124  2.904  0.000
   23 C  -0.0310   1.084  2.947  0.000
   24 C  -0.0431   1.078  2.965  0.000
   25 C  -0.0319   1.080  2.952  0.000
   26 C  -0.0437   1.083  2.961  0.000
   27 C   0.0292   1.148  2.823  0.000
   28 C  -0.0402   1.093  2.948  0.000
   29 C   0.0030   1.127  2.870  0.000
   30 C  -0.0500   1.094  2.957  0.000
   31 C  -0.0061   1.148  2.858  0.000
   32 C   0.0413   1.190  2.769  0.000
   33 C  -0.1058   1.030  3.076  0.000
   34 C  -0.1062   1.033  3.073  0.000
   35 C  -0.1064   1.033  3.073  0.000
   36 C  -0.0344   1.088  2.947  0.000
   37 C  -0.0375   1.089  2.949  0.000
   38 C  -0.0012   1.126  2.875  0.000
   39 C  -0.0145   1.136  2.878  0.000
   40 C   0.0206   1.129  2.851  0.000
   41 C  -0.0219   1.088  2.934  0.000
   42 C  -0.0135   1.090  2.924  0.000
   43 C   0.0096   1.092  2.898  0.000
   44 C   0.0924   1.143  2.765  0.000
   45 N  -0.2061   1.605  3.601  0.000
   46 C  -0.0137   1.090  2.924  0.000
   47 C  -0.0218   1.088  2.934  0.000
   48 C   0.0030   1.127  2.870  0.000
   49 C  -0.0535   1.094  2.960  0.000
   50 H   0.0328   0.967  0.000  0.000
   51 H   0.0338   0.966  0.000  0.000
   52 H   0.0361   0.964  0.000  0.000
   53 H   0.0352   0.965  0.000  0.000
   54 H   0.0345   0.966  0.000  0.000
   55 H   0.0358   0.964  0.000  0.000
   56 H   0.0362   0.964  0.000  0.000
   57 H   0.0334   0.967  0.000  0.000
   58 H   0.0330   0.967  0.000  0.000
   59 H   0.0365   0.963  0.000  0.000
   60 H   0.0355   0.964  0.000  0.000
   61 H   0.0324   0.968  0.000  0.000
   62 H   0.0377   0.962  0.000  0.000
   63 H   0.0338   0.966  0.000  0.000
   64 H   0.0324   0.968  0.000  0.000
   65 H   0.0354   0.965  0.000  0.000
   66 H   0.0329   0.967  0.000  0.000
   67 H   0.0341   0.966  0.000  0.000
   68 H   0.0340   0.966  0.000  0.000
   69 H   0.0328   0.967  0.000  0.000
   70 H   0.0354   0.965  0.000  0.000
   71 H   0.0341   0.966  0.000  0.000
   72 H   0.0319   0.968  0.000  0.000
   73 H   0.0367   0.963  0.000  0.000
   74 H   0.0359   0.964  0.000  0.000
   75 H   0.0342   0.966  0.000  0.000
   76 H   0.0365   0.963  0.000  0.000
   77 H   0.0329   0.967  0.000  0.000
   78 H   0.0359   0.964  0.000  0.000
   79 H   0.0335   0.967  0.000  0.000
   80 H   0.0328   0.967  0.000  0.000
   81 H   0.0337   0.966  0.000  0.000
   82 H   0.0360   0.964  0.000  0.000
   83 H   0.0364   0.964  0.000  0.000
   84 H   0.0348   0.965  0.000  0.000
   85 H   0.0343   0.966  0.000  0.000
   86 H   0.0390   0.961  0.000  0.000
   87 H   0.0390   0.961  0.000  0.000
   88 H   0.0343   0.966  0.000  0.000
   89 H   0.0360   0.964  0.000  0.000
 
 Wiberg/Mayer (AO) data. WBOs > 0.1 written file <wbo>
 largest (>0.05) Wiberg bond orders for each atom
           total WBO             WBO to atom ...
     1  C   3.979    H   51 0.978    H   50 0.978    H   52 0.976    C    2 0.966
     2  C   3.919    C    3 0.976    C    4 0.966    C    1 0.966    C    5 0.939
     3  C   3.982    H   54 0.978    H   53 0.978    H   55 0.977    C    2 0.976
     4  C   3.979    H   57 0.978    H   58 0.978    H   56 0.976    C    2 0.966
     5  C   3.934    C   49 1.560    C    6 1.226    C    2 0.939
     6  C   3.960    C    7 1.607    C    5 1.226    H   59 0.943    C    9 0.052
     7  C   3.962    C    6 1.607    C    8 1.211    H   60 0.940    C   49 0.111
     8  C   3.952    C    9 1.316    C    7 1.211    C   48 1.175
     9  C   3.941    C    8 1.316    C   29 1.310    C   10 0.960    C   39 0.124    C    6 0.052
    10  C   3.952    C   28 1.391    C   11 1.383    C    9 0.960    C   13 0.108
    11  C   3.968    C   12 1.432    C   10 1.383    H   61 0.945    C   14 0.106
    12  C   3.970    C   13 1.434    C   11 1.432    H   62 0.943    C   28 0.106
    13  C   3.969    C   12 1.434    C   14 1.382    H   63 0.946    C   10 0.108
    14  C   3.928    C   28 1.389    C   13 1.382    N   15 0.972    C   11 0.106
    15  N   3.449    C   16 1.058    C   27 1.057    C   14 0.972
    16  C   3.928    C   17 1.368    C   21 1.264    N   15 1.058    C   19 0.091
    17  C   3.968    C   18 1.453    C   16 1.368    H   64 0.944    C   20 0.103
    18  C   3.953    C   17 1.453    C   19 1.393    H   65 0.945    C   21 0.090
    19  C   3.969    C   20 1.461    C   18 1.393    H   66 0.945    C   16 0.091
    20  C   3.961    C   19 1.461    C   21 1.353    H   67 0.945    C   17 0.103
    21  C   3.955    C   20 1.353    C   16 1.264    C   22 1.089    C   18 0.090
    22  C   3.955    C   23 1.353    C   27 1.264    C   21 1.089    C   25 0.090
    23  C   3.961    C   24 1.461    C   22 1.353    H   68 0.945    C   26 0.103
    24  C   3.969    C   23 1.461    C   25 1.394    H   69 0.945    C   27 0.091
    25  C   3.953    C   26 1.453    C   24 1.394    H   70 0.945    C   22 0.090
    26  C   3.968    C   25 1.453    C   27 1.369    H   71 0.942    C   23 0.103
    27  C   3.928    C   26 1.369    C   22 1.264    N   15 1.057    C   24 0.091
    28  C   3.965    C   10 1.391    C   14 1.389    H   72 0.945    C   12 0.106
    29  C   3.949    C    9 1.310    C   30 1.215    C   38 1.175
    30  C   3.962    C   31 1.561    C   29 1.215    H   73 0.938    C   37 0.111
    31  C   3.935    C   30 1.561    C   36 1.226    C   32 0.939
    32  C   3.919    C   33 0.976    C   34 0.966    C   35 0.966    C   31 0.939
    33  C   3.982    H   75 0.978    H   74 0.978    H   76 0.977    C   32 0.976
    34  C   3.979    H   79 0.978    H   77 0.978    H   78 0.976    C   32 0.966
    35  C   3.979    H   81 0.978    H   80 0.978    H   82 0.976    C   32 0.966
    36  C   3.960    C   37 1.606    C   31 1.226    H   83 0.943    C   39 0.052
    37  C   3.962    C   36 1.606    C   38 1.213    H   84 0.939    C   30 0.111
    38  C   3.951    C   39 1.310    C   37 1.213    C   29 1.175
    39  C   3.944    C   38 1.310    C   48 1.306    C   40 0.976    C    9 0.124    C   36 0.052
    40  C   3.926    C   41 1.371    C   47 1.370    C   39 0.976    C   43 0.099
    41  C   3.970    C   42 1.457    C   40 1.371    H   85 0.945    C   46 0.101
    42  C   3.969    C   41 1.457    C   43 1.337    H   86 0.945    C   47 0.101    N   45 0.069
    43  C   3.965    C   42 1.337    C   46 1.337    C   44 1.061    C   40 0.099    N   45 0.074
    44  C   3.938    N   45 2.820    C   43 1.061
    45  N   3.045    C   44 2.820    C   43 0.074    C   42 0.069    C   46 0.069
    46  C   3.969    C   47 1.458    C   43 1.337    H   87 0.945    C   41 0.101    N   45 0.069
    47  C   3.970    C   46 1.458    C   40 1.370    H   88 0.945    C   42 0.101
    48  C   3.949    C   39 1.306    C   49 1.216    C    8 1.175
    49  C   3.962    C    5 1.560    C   48 1.216    H   89 0.938    C    7 0.111
    50  H   0.997    C    1 0.978
    51  H   0.999    C    1 0.978
    52  H   0.999    C    1 0.976
    53  H   0.999    C    3 0.978
    54  H   0.998    C    3 0.978
    55  H   0.999    C    3 0.977
    56  H   0.999    C    4 0.976
    57  H   0.999    C    4 0.978
    58  H   0.997    C    4 0.978
    59  H   0.996    C    6 0.943
    60  H   0.994    C    7 0.940
    61  H   0.998    C   11 0.945
    62  H   0.994    C   12 0.943
    63  H   0.996    C   13 0.946
    64  H   0.997    C   17 0.944
    65  H   0.997    C   18 0.945
    66  H   0.997    C   19 0.945
    67  H   0.997    C   20 0.945
    68  H   0.997    C   23 0.945
    69  H   0.997    C   24 0.945
    70  H   0.997    C   25 0.945
    71  H   0.997    C   26 0.942
    72  H   0.998    C   28 0.945
    73  H   0.996    C   30 0.938
    74  H   0.999    C   33 0.978
    75  H   0.998    C   33 0.978
    76  H   0.999    C   33 0.977
    77  H   0.997    C   34 0.978
    78  H   0.999    C   34 0.976
    79  H   0.999    C   34 0.978
    80  H   0.997    C   35 0.978
    81  H   0.999    C   35 0.978
    82  H   0.999    C   35 0.976
    83  H   0.996    C   36 0.943
    84  H   0.995    C   37 0.939
    85  H   0.995    C   41 0.945
    86  H   0.996    C   42 0.945
    87  H   0.996    C   46 0.945
    88  H   0.995    C   47 0.945
    89  H   0.996    C   49 0.938
 
 --------------------------------------------
          xTB calculation for sTDA...
 --------------------------------------------
 
 reading parameter file /home/tchapet/xtb4stda/.param_stda2.xtb
 
      method parameters     
 k(s)        :  1.6000
 k(p)        :  2.1800
 k(d)        :  1.9500
 k(f)        :  2.0000
 k(R-V)      :  2.2750
 k(R-R)      :  1.7650
 Tscal       :  0.2580
 Gscal       :  1.0000
 fpol        :  1.0000
 Zcnf        :  0.3430
 Zqf         :  0.0000
 kcn         :  2.7000
 Ryd Hsplit  :  0.7000
 lshift(virt):  3.1000
 lshift(OS)  :  0.2000
 wllscaling  :  2.6000
 
 mowrcut     : 3.000
 
  Z AO/shell   Hii/eV     exponent
  1     Sun Feb 14 09:53:25 CET 2016    EN: 2.327 GAM: 0.473  GM3: 0.0000
     1s    -14.339618    1.220000
     2sp    -3.348946    0.600000
  6     Sun Feb 14 09:53:25 CET 2016    EN: 2.731 GAM: 0.422  GM3: 0.0000
     2s    -22.009312    1.565095
     2p    -13.020408    1.596905
     3sp    -3.914040    0.824500
  7     Sun Feb 14 09:53:25 CET 2016    EN: 3.573 GAM: 0.504  GM3: 0.0000
     2s    -25.722000    2.064844
     2p    -18.684912    1.801692
     3sp    -4.344791    0.921400
 
 Nbf   :          592
 T(el) :     0.0
 calculating S/T integrals ...
 cpu time for ints    2.98138200000000     
 Nao   :          592
 making H0...
 making H1...
 cpu time for H      6.861999999999924E-003
 solving ...
 cpu time for diag   0.186222000000000     
 
 gap (eV)           :   6.262
 Koopmans IP (eV)   :  14.253
 Eel (Eh)           :  -204.973988

          eigenvalues
 #    :         107        108        109        110        111        112        113        114
 occ. :        2.000      2.000      2.000      2.000      2.000      2.000      2.000      2.000
 eps  :       -17.468    -17.343    -17.030    -16.754    -16.487    -16.426    -16.291    -16.268
 #    :         115        116        117        118        119        120        121        122
 occ. :        2.000      2.000      2.000      2.000      2.000      0.000      0.000      0.000
 eps  :       -16.240    -15.923    -15.122    -14.391    -14.255     -7.992     -7.058     -6.638
 #    :         123        124        125        126        127        128        129        130
 occ. :        0.000      0.000      0.000      0.000      0.000      0.000      0.000      0.000
 eps  :        -6.304     -6.223     -6.151     -6.092     -5.806     -5.789     -5.413     -5.230
                            1  SCC done.
 writing mo output ...
 molden style : F
 
speedup  6.94
cpu  time for all    4.22 s
wall time for all    0.61 s
