 
        ______________________________________
       |                                      |
       |          ===================         |
       |             xTB for sTDA             |
       |          ===================         |
       |               S. Grimme              |
       |        Universitaet Bonn, MCTC       |
       |         2015-19, Version 1.0         |
       |     Wed Apr  3 09:14:55 CEST 2019    |
       |______________________________________|
 
        This code comes without any warranty
        for non-commercial, academia use only.
        Preliminary test version.
        Cite this work as:
        S. Grimme  &  C. Bannwarth, JCP 145 (2016) 054103
        if GBSA is used additionally:
        P. Shushkov, F. März, C. Bannwarth, S. Grimme, unpublished.
 
        with help from
        P. Shushkov, G. Brandenburg, S. Dohm, J. Pisarek,
        F. März, M. Checinski, S. Ehrlich, S. Spicher, 
        P. Pracht, E. Caldeweyher, S. Ehlert, and C. Bannwarth.
 
        usage        :
        xtb4stda <coord_file> [options]
        where <coord_file> is a valid file of TM)
        (*coord, Bohr) or xmol (*xyz, Angstroem)
        format.

        options:
        -chrg <int>   : molecular charge
        -uhf  <int>   : # of unpaired electrons(=2*S)
        -nox          : skip second, extended part in sTDA-xTB
        -pop          : do population analysis
                      : (default for -nox)
        -mowr <real>  : cut MO write above (def.3 Eh)
        -molden       : write formatted molden file
        -parx <file>  : read parameters for sTDA-xTB
                        calc (def:~/.param_stda2.xtb)
        -parv <file>  : read parameters for vTB part in
                        sTDA-xTB (def: ~/.param_stda1.xtb)
        -xtemp <real> : el. temp for xTB (def. 0 K)
        -etemp <real> : el. temp for GFN (def. 300 K)
        -fod          : calculate the FOD and write
                        molden.input file with
                        appropriate occupations
                        for plotting. Def. T=12500 K
 
        -acc <real>   : xTB accuracy (def. 1.0)
        -gbsa [string1] [string2]
                        use GBSA implicit solvent
                        for solvent [string1] and
                        solvation state [string2]=
                        reference, bar1M (default=1M)
        additional GFN/opt/MD/siman options read from
        $XTB4STDAHOME/.xtb4stdarc or $set in input
 
       spin and charge state information can be on:
       <.CHRG> (charge) and <.UHF> (=nalpha-nbeta)
       -uhf and -chrg override the file info.
       useful machine settings:
       setenv MKL_NUM_THREADS <NCORE_ON_YOUR_MACHINE>
       setenv OMP_STACKSIZE 500m
       limit stacksize unlimited
 
       total energies in Eh, gaps/HL energies in eV
       please read REVISION and HOWTO files carefully
 =============================
  # OMP threads =          16
 =============================
 
 xtb4stdahome directory:/home/tchapet/xtb4stda/
 
 argument            1 :gbsa
 argument            2 :toluene
 
 name of molecule           :
 comment line               :
 number of atoms            :    94
 number of electrons        :   260
 charge                     :  0
 spin                       : 0.0
 first test random number   :  0.1560
 
 -----------------------------------------
      charge density (VTB) calculation
 -----------------------------------------
 
      method parameters     
 k(s)        :  1.8000
 k(p)        :  2.8350
 k(d)        :  2.0860
 k(f)        :  2.0000
 Tscal       :  0.3300
 Gscal       :  0.3910
 fpol        :  1.0000
 Zcnf        :  0.6500
 Zqf         :  0.0000
 kcn         :  0.3000
 kEN1        : -0.5900
 wllscal     :  2.6000
 
     -------------------------
     ! NO SOLVENT MODEL USED !
     -------------------------
 
 doing EN charges ...
 sum q :  0.4662937D-14
 point charge moment (au)
     X       Y       Z   
   0.0022  -0.0072   0.0098  total (Debye):    0.031
 
            Z      q(EN)   CN      Cart. coordinates
     1  C   4.0  -0.245   4.107    15.38542    -3.02099    -0.53343
     2  C   4.0  -0.030   4.129    16.80993    -1.08620     1.10811
     3  C   4.0  -0.245   4.107    15.36152    -0.60250     3.58485
     4  C   4.0   0.008   3.302    19.35283    -2.24855     1.80491
     5  C   4.0  -0.072   3.195    19.46537    -4.51186     3.12878
     6  C   4.0  -0.072   3.143    21.74208    -5.61892     3.78807
     7  C   4.0  -0.072   3.142    23.99357    -4.46209     3.12546
     8  C   4.0  -0.069   3.188    23.93977    -2.21222     1.81163
     9  C   4.0   0.103   3.254    21.63900    -1.10768     1.14999
    10  N   5.0  -0.400   3.200    21.63023     1.12842    -0.16240
    11  C   4.0   0.102   3.255    19.47536     2.37232    -0.90621
    12  C   4.0  -0.069   3.194    19.78224     4.63218    -2.22835
    13  C   4.0  -0.070   3.136    17.70664     5.98047    -3.03064
    14  C   4.0  -0.074   3.213    15.32466     5.05994    -2.50195
    15  C   4.0  -0.002   3.256    14.99036     2.80175    -1.18072
    16  C   4.0  -0.006   3.243    12.28083     2.16748    -0.81241
    17  C   4.0  -0.072   3.188    10.94682     3.16976     1.22165
    18  C   4.0  -0.072   3.182     8.38301     2.75086     1.48216
    19  C   4.0  -0.001   3.230     7.06767     1.34278    -0.31479
    20  C   4.0   0.101   3.275     4.34668     0.85171    -0.10127
    21  C   4.0  -0.068   3.169     3.11795     0.81183     2.28223
    22  C   4.0  -0.066   3.179     0.58399     0.34854     2.40870
    23  C   4.0   0.092   3.310    -0.76678    -0.08983     0.14672
    24  N   5.0  -0.217   2.211    -3.26231    -0.53740     0.22244
    25  C   4.0   0.102   3.276    -4.48830    -0.95110    -1.90239
    26  C   4.0  -0.001   3.231    -7.21269    -1.42233    -1.68616
    27  C   4.0  -0.072   3.193    -8.17805    -2.40936     0.56036
    28  C   4.0  -0.072   3.185   -10.73021    -2.87269     0.82799
    29  C   4.0  -0.006   3.243   -12.40811    -2.31611    -1.12246
    30  C   4.0  -0.002   3.256   -15.11930    -3.01468    -0.91704
    31  C   4.0  -0.074   3.213   -15.58009    -5.49565    -1.68490
    32  C   4.0  -0.070   3.136   -17.98556    -6.50202    -1.64491
    33  C   4.0  -0.069   3.194   -19.95762    -5.01375    -0.82915
    34  C   4.0   0.102   3.255   -19.52343    -2.53231    -0.05229
    35  C   4.0   0.011   3.297   -17.09068    -1.46895    -0.07397
    36  C   4.0  -0.030   4.129   -16.68921     1.25645     0.80467
    37  C   4.0  -0.245   4.107   -14.88966     1.27289     3.09111
    38  C   4.0  -0.245   4.107   -15.56440     2.82029    -1.37629
    39  C   4.0   0.008   3.302   -19.13440     2.54263     1.62254
    40  C   4.0  -0.072   3.195   -19.11316     5.02544     2.47292
    41  C   4.0  -0.072   3.143   -21.29837     6.24891     3.22885
    42  C   4.0  -0.072   3.142   -23.59073     4.99007     3.14853
    43  C   4.0  -0.069   3.188   -23.66888     2.52232     2.31486
    44  C   4.0   0.103   3.254   -21.45957     1.29927     1.55717
    45  N   5.0  -0.400   3.200   -21.57988    -1.15844     0.73958
    46  C   4.0  -0.072   3.187   -11.44029    -1.37606    -3.38081
    47  C   4.0  -0.072   3.182    -8.88467    -0.91858    -3.65856
    48  C   4.0  -0.068   3.169    -3.24671    -0.98355    -4.27912
    49  C   4.0  -0.066   3.179    -0.70952    -0.53735    -4.40392
    50  C   4.0   0.092   3.310     0.63182    -0.04669    -2.14694
    51  N   5.0  -0.217   2.211     3.12456     0.41573    -2.22404
    52  C   4.0  -0.072   3.193     8.38757     0.42444    -2.40483
    53  C   4.0  -0.072   3.185    10.94985     0.84013    -2.65510
    54  C   4.0   0.011   3.297    17.06941     1.39831    -0.34801
    55  H   1.0   0.085   1.003    13.43760    -2.45005    -0.81708
    56  H   1.0   0.082   1.000    16.30370    -3.19753    -2.36638
    57  H   1.0   0.083   1.000    15.38428    -4.86800     0.36276
    58  H   1.0   0.082   1.000    16.26956     0.90943     4.64506
    59  H   1.0   0.083   1.000    15.34851    -2.28867     4.75594
    60  H   1.0   0.085   1.003    13.41798    -0.07467     3.20457
    61  H   1.0   0.075   1.006    17.74086    -5.45778     3.67355
    62  H   1.0   0.074   1.004    21.75429    -7.38111     4.81725
    63  H   1.0   0.074   1.004    25.78099    -5.30813     3.63151
    64  H   1.0   0.075   1.005    25.67778    -1.27994     1.27699
    65  H   1.0   0.174   1.015    23.30826     1.91082    -0.61669
    66  H   1.0   0.075   1.005    21.67260     5.30538    -2.61167
    67  H   1.0   0.074   1.004    17.93957     7.72975    -4.05502
    68  H   1.0   0.075   1.006    13.66975     6.08843    -3.11212
    69  H   1.0   0.075   1.005    11.93524     4.30022     2.60605
    70  H   1.0   0.075   1.005     7.39759     3.58180     3.06394
    71  H   1.0   0.075   1.005     4.20116     1.10485     3.98414
    72  H   1.0   0.075   1.004    -0.42365     0.29414     4.18279
    73  H   1.0   0.076   1.006    -6.88087    -2.82248     2.07862
    74  H   1.0   0.075   1.005   -11.44200    -3.68250     2.56248
    75  H   1.0   0.075   1.006   -14.00567    -6.63050    -2.31922
    76  H   1.0   0.074   1.004   -18.31630    -8.42464    -2.24333
    77  H   1.0   0.075   1.005   -21.86381    -5.74708    -0.77814
    78  H   1.0   0.085   1.002   -13.01613     0.63800     2.55516
    79  H   1.0   0.082   1.000   -15.61748     0.03660     4.56636
    80  H   1.0   0.083   1.000   -14.72355     3.16680     3.86594
    81  H   1.0   0.085   1.003   -13.64561     2.22936    -1.78711
    82  H   1.0   0.082   1.000   -16.71270     2.59366    -3.06874
    83  H   1.0   0.083   1.000   -15.52618     4.81484    -0.89180
    84  H   1.0   0.075   1.006   -17.35356     6.05572     2.55849
    85  H   1.0   0.074   1.004   -21.20724     8.18149     3.87820
    86  H   1.0   0.074   1.004   -25.30789     5.92624     3.73292
    87  H   1.0   0.075   1.005   -25.44067     1.50712     2.24063
    88  H   1.0   0.174   1.015   -23.28262    -2.01532     0.71365
    89  H   1.0   0.075   1.005   -12.71091    -1.00253    -4.93532
    90  H   1.0   0.075   1.005    -8.20290    -0.12903    -5.41224
    91  H   1.0   0.075   1.005    -4.30607    -1.40797    -5.96832
    92  H   1.0   0.075   1.004     0.31154    -0.55688    -6.17111
    93  H   1.0   0.076   1.006     7.35795    -0.61665    -3.82409
    94  H   1.0   0.075   1.005    11.93984     0.13986    -4.29823
 
  Z AO/shell   Hii/eV     exponent
  1     Sat Feb 20 21:38:01 CET 2016    EN: 2.327 GAM: 0.473  GM3: 0.0000
     1s    -13.751157    1.051071
  6     Sat Feb 20 21:38:01 CET 2016    EN: 2.731 GAM: 0.422  GM3: 0.0000
     2s    -19.378245    2.021003
     2p    -11.993376    1.497917
  7     Sat Feb 20 21:38:01 CET 2016    EN: 3.573 GAM: 0.504  GM3: 0.0000
     2s    -21.576984    2.275442
     2p    -16.125120    2.056788
 
 dipole moment of classical point charges (au)
     X       Y       Z   
   0.0022  -0.0072   0.0098  total (Debye):    0.031

 
 Nbf   :          256
 T(el) :   300.0
 calculating S/T integrals ...
 cpu time for ints   0.532574000000000     
 Nao   :          256
 making H0...
 making H1...
 cpu time for H      3.178100000000006E-002
 solving ...
 cpu time for diag   0.112413000000000     
 
 gap (eV)           :   3.344
 Koopmans IP (eV)   :  12.974
 Eel (Eh)           :  -203.769626
 T,E(Fermi),NFOD :    300.000   -11.302  0.000000
 T,E(Fermi),NFOD :    300.000   -11.302  0.000000
 Nfod               :  0.0000
 Nfod/Nel           :  0.0000

          eigenvalues
 #    :         118        119        120        121        122        123        124        125
 occ. :        2.000      2.000      2.000      2.000      2.000      2.000      2.000      2.000
 eps  :       -15.594    -15.591    -15.413    -15.393    -15.389    -15.379    -15.373    -15.244
 #    :         126        127        128        129        130        131        132        133
 occ. :        2.000      2.000      2.000      2.000      2.000      0.000      0.000      0.000
 eps  :       -15.233    -15.220    -14.224    -12.976    -12.975     -9.631     -7.358     -7.106
 #    :         134        135        136        137        138        139        140        141
 occ. :        0.000      0.000      0.000      0.000      0.000      0.000      0.000      0.000
 eps  :        -7.033     -6.941     -5.908     -5.903     -5.502     -5.496     -5.453     -5.450
                            1  SCC done.
 making H1...
 cpu time for H      0.143574000000000     
 solving ...
 cpu time for diag   7.055400000000001E-002
 
 gap (eV)           :   3.519
 Koopmans IP (eV)   :  12.728
 Eel (Eh)           :  -202.376520
 T,E(Fermi),NFOD :    300.000   -10.969  0.000000
 T,E(Fermi),NFOD :    300.000   -10.969  0.000000
 Nfod               :  0.0000
 Nfod/Nel           :  0.0000

          eigenvalues
 #    :         118        119        120        121        122        123        124        125
 occ. :        2.000      2.000      2.000      2.000      2.000      2.000      2.000      2.000
 eps  :       -15.511    -15.258    -15.254    -15.220    -15.213    -15.126    -15.097    -15.093
 #    :         126        127        128        129        130        131        132        133
 occ. :        2.000      2.000      2.000      2.000      2.000      0.000      0.000      0.000
 eps  :       -15.059    -14.191    -14.061    -12.734    -12.729     -9.210     -7.062     -7.017
 #    :         134        135        136        137        138        139        140        141
 occ. :        0.000      0.000      0.000      0.000      0.000      0.000      0.000      0.000
 eps  :        -6.885     -6.859     -5.773     -5.766     -5.389     -5.380     -5.312     -5.303
                            2  SCC done.
 
 
 Mulliken/CM5 charges    n(s)   n(p)   n(d)   
    1 C  -0.1089 -0.2558   1.111  2.998  0.000
    2 C   0.0224  0.0033   1.230  2.748  0.000
    3 C  -0.1090 -0.2559   1.111  2.998  0.000
    4 C  -0.0257 -0.0282   1.186  2.840  0.000
    5 C  -0.0450 -0.1001   1.141  2.904  0.000
    6 C  -0.0550 -0.1115   1.132  2.923  0.000
    7 C  -0.0375 -0.0936   1.136  2.902  0.000
    8 C  -0.0604 -0.1088   1.133  2.927  0.000
    9 C   0.0486  0.1090   1.176  2.776  0.000
   10 N  -0.1233 -0.4785   1.182  3.941  0.000
   11 C   0.0505  0.1106   1.178  2.772  0.000
   12 C  -0.0606 -0.1088   1.133  2.928  0.000
   13 C  -0.0350 -0.0910   1.136  2.899  0.000
   14 C  -0.0597 -0.1128   1.140  2.920  0.000
   15 C  -0.0083 -0.0153   1.174  2.835  0.000
   16 C   0.0080 -0.0039   1.174  2.818  0.000
   17 C  -0.0314 -0.0867   1.142  2.890  0.000
   18 C  -0.0386 -0.0923   1.143  2.896  0.000
   19 C   0.0109  0.0084   1.160  2.829  0.000
   20 C   0.0573  0.1313   1.192  2.751  0.000
   21 C  -0.0301 -0.0778   1.147  2.883  0.000
   22 C  -0.0035 -0.0486   1.149  2.855  0.000
   23 C   0.0409  0.1164   1.182  2.777  0.000
   24 N  -0.2096 -0.3995   1.478  3.732  0.000
   25 C   0.0573  0.1314   1.192  2.751  0.000
   26 C   0.0109  0.0085   1.160  2.829  0.000
   27 C  -0.0264 -0.0776   1.142  2.884  0.000
   28 C  -0.0296 -0.0847   1.142  2.888  0.000
   29 C   0.0080 -0.0038   1.174  2.818  0.000
   30 C  -0.0083 -0.0152   1.174  2.835  0.000
   31 C  -0.0603 -0.1133   1.140  2.920  0.000
   32 C  -0.0352 -0.0912   1.136  2.899  0.000
   33 C  -0.0608 -0.1089   1.133  2.928  0.000
   34 C   0.0505  0.1106   1.178  2.772  0.000
   35 C  -0.0233 -0.0225   1.192  2.831  0.000
   36 C   0.0225  0.0035   1.230  2.748  0.000
   37 C  -0.1085 -0.2554   1.111  2.998  0.000
   38 C  -0.1091 -0.2561   1.111  2.998  0.000
   39 C  -0.0256 -0.0280   1.186  2.840  0.000
   40 C  -0.0448 -0.0999   1.141  2.904  0.000
   41 C  -0.0550 -0.1115   1.132  2.923  0.000
   42 C  -0.0377 -0.0937   1.136  2.902  0.000
   43 C  -0.0605 -0.1089   1.133  2.927  0.000
   44 C   0.0485  0.1088   1.176  2.776  0.000
   45 N  -0.1234 -0.4786   1.182  3.941  0.000
   46 C  -0.0314 -0.0867   1.142  2.890  0.000
   47 C  -0.0385 -0.0922   1.142  2.896  0.000
   48 C  -0.0301 -0.0779   1.147  2.883  0.000
   49 C  -0.0036 -0.0487   1.149  2.855  0.000
   50 C   0.0408  0.1164   1.182  2.777  0.000
   51 N  -0.2097 -0.3997   1.477  3.732  0.000
   52 C  -0.0263 -0.0775   1.142  2.884  0.000
   53 C  -0.0295 -0.0846   1.142  2.888  0.000
   54 C  -0.0237 -0.0228   1.192  2.832  0.000
   55 H   0.0367  0.0945   0.963  0.000  0.000
   56 H   0.0326  0.0866   0.967  0.000  0.000
   57 H   0.0337  0.0884   0.966  0.000  0.000
   58 H   0.0323  0.0863   0.968  0.000  0.000
   59 H   0.0337  0.0883   0.966  0.000  0.000
   60 H   0.0361  0.0939   0.964  0.000  0.000
   61 H   0.0431  0.1018   0.957  0.000  0.000
   62 H   0.0385  0.0950   0.961  0.000  0.000
   63 H   0.0421  0.0986   0.958  0.000  0.000
   64 H   0.0337  0.0935   0.966  0.000  0.000
   65 H   0.1394  0.3357   0.861  0.000  0.000
   66 H   0.0356  0.0959   0.964  0.000  0.000
   67 H   0.0450  0.1016   0.955  0.000  0.000
   68 H   0.0389  0.0975   0.961  0.000  0.000
   69 H   0.0410  0.0990   0.959  0.000  0.000
   70 H   0.0421  0.1004   0.958  0.000  0.000
   71 H   0.0452  0.1039   0.955  0.000  0.000
   72 H   0.0456  0.1055   0.954  0.000  0.000
   73 H   0.0459  0.1087   0.954  0.000  0.000
   74 H   0.0414  0.0994   0.959  0.000  0.000
   75 H   0.0384  0.0970   0.962  0.000  0.000
   76 H   0.0449  0.1014   0.955  0.000  0.000
   77 H   0.0356  0.0959   0.964  0.000  0.000
   78 H   0.0370  0.0948   0.963  0.000  0.000
   79 H   0.0324  0.0864   0.968  0.000  0.000
   80 H   0.0338  0.0884   0.966  0.000  0.000
   81 H   0.0366  0.0944   0.963  0.000  0.000
   82 H   0.0320  0.0860   0.968  0.000  0.000
   83 H   0.0341  0.0888   0.966  0.000  0.000
   84 H   0.0434  0.1021   0.957  0.000  0.000
   85 H   0.0385  0.0950   0.961  0.000  0.000
   86 H   0.0420  0.0985   0.958  0.000  0.000
   87 H   0.0336  0.0935   0.966  0.000  0.000
   88 H   0.1394  0.3356   0.861  0.000  0.000
   89 H   0.0411  0.0992   0.959  0.000  0.000
   90 H   0.0421  0.1004   0.958  0.000  0.000
   91 H   0.0453  0.1039   0.955  0.000  0.000
   92 H   0.0455  0.1055   0.954  0.000  0.000
   93 H   0.0462  0.1091   0.954  0.000  0.000
   94 H   0.0415  0.0995   0.958  0.000  0.000
 Hirshfeld charges for QMDFF written to <charges>
 
 Loewdin charges    n(s)   n(p)   n(d)
    1 C  -0.1161   1.041  3.075  0.000
    2 C   0.0335   1.189  2.778  0.000
    3 C  -0.1162   1.041  3.075  0.000
    4 C  -0.0277   1.147  2.881  0.000
    5 C  -0.0393   1.088  2.951  0.000
    6 C  -0.0497   1.078  2.972  0.000
    7 C  -0.0285   1.080  2.948  0.000
    8 C  -0.0587   1.081  2.977  0.000
    9 C   0.0450   1.139  2.816  0.000
   10 N  -0.0818   1.130  3.952  0.000
   11 C   0.0472   1.141  2.812  0.000
   12 C  -0.0591   1.081  2.978  0.000
   13 C  -0.0256   1.080  2.945  0.000
   14 C  -0.0570   1.088  2.969  0.000
   15 C  -0.0035   1.131  2.873  0.000
   16 C   0.0151   1.130  2.855  0.000
   17 C  -0.0265   1.089  2.938  0.000
   18 C  -0.0326   1.089  2.944  0.000
   19 C   0.0135   1.117  2.870  0.000
   20 C   0.0557   1.155  2.789  0.000
   21 C  -0.0275   1.094  2.933  0.000
   22 C   0.0052   1.094  2.901  0.000
   23 C   0.0332   1.147  2.820  0.000
   24 N  -0.1909   1.444  3.747  0.000
   25 C   0.0558   1.155  2.789  0.000
   26 C   0.0135   1.117  2.870  0.000
   27 C  -0.0206   1.089  2.932  0.000
   28 C  -0.0245   1.089  2.936  0.000
   29 C   0.0151   1.130  2.855  0.000
   30 C  -0.0035   1.131  2.873  0.000
   31 C  -0.0575   1.088  2.970  0.000
   32 C  -0.0258   1.080  2.945  0.000
   33 C  -0.0592   1.081  2.978  0.000
   34 C   0.0473   1.141  2.812  0.000
   35 C  -0.0284   1.154  2.874  0.000
   36 C   0.0336   1.189  2.778  0.000
   37 C  -0.1156   1.041  3.075  0.000
   38 C  -0.1164   1.041  3.076  0.000
   39 C  -0.0276   1.147  2.881  0.000
   40 C  -0.0391   1.088  2.951  0.000
   41 C  -0.0497   1.078  2.972  0.000
   42 C  -0.0286   1.080  2.948  0.000
   43 C  -0.0588   1.081  2.978  0.000
   44 C   0.0449   1.139  2.816  0.000
   45 N  -0.0818   1.130  3.952  0.000
   46 C  -0.0266   1.089  2.938  0.000
   47 C  -0.0325   1.089  2.944  0.000
   48 C  -0.0275   1.094  2.933  0.000
   49 C   0.0052   1.094  2.901  0.000
   50 C   0.0332   1.147  2.820  0.000
   51 N  -0.1910   1.444  3.747  0.000
   52 C  -0.0204   1.089  2.932  0.000
   53 C  -0.0244   1.089  2.936  0.000
   54 C  -0.0288   1.154  2.874  0.000
   55 H   0.0371   0.963  0.000  0.000
   56 H   0.0324   0.968  0.000  0.000
   57 H   0.0346   0.965  0.000  0.000
   58 H   0.0321   0.968  0.000  0.000
   59 H   0.0345   0.965  0.000  0.000
   60 H   0.0365   0.964  0.000  0.000
   61 H   0.0368   0.963  0.000  0.000
   62 H   0.0316   0.968  0.000  0.000
   63 H   0.0344   0.966  0.000  0.000
   64 H   0.0272   0.973  0.000  0.000
   65 H   0.1200   0.880  0.000  0.000
   66 H   0.0292   0.971  0.000  0.000
   67 H   0.0371   0.963  0.000  0.000
   68 H   0.0315   0.969  0.000  0.000
   69 H   0.0332   0.967  0.000  0.000
   70 H   0.0345   0.966  0.000  0.000
   71 H   0.0375   0.962  0.000  0.000
   72 H   0.0354   0.965  0.000  0.000
   73 H   0.0366   0.963  0.000  0.000
   74 H   0.0335   0.966  0.000  0.000
   75 H   0.0311   0.969  0.000  0.000
   76 H   0.0370   0.963  0.000  0.000
   77 H   0.0292   0.971  0.000  0.000
   78 H   0.0373   0.963  0.000  0.000
   79 H   0.0322   0.968  0.000  0.000
   80 H   0.0346   0.965  0.000  0.000
   81 H   0.0370   0.963  0.000  0.000
   82 H   0.0319   0.968  0.000  0.000
   83 H   0.0349   0.965  0.000  0.000
   84 H   0.0370   0.963  0.000  0.000
   85 H   0.0316   0.968  0.000  0.000
   86 H   0.0344   0.966  0.000  0.000
   87 H   0.0271   0.973  0.000  0.000
   88 H   0.1199   0.880  0.000  0.000
   89 H   0.0334   0.967  0.000  0.000
   90 H   0.0345   0.966  0.000  0.000
   91 H   0.0376   0.962  0.000  0.000
   92 H   0.0354   0.965  0.000  0.000
   93 H   0.0368   0.963  0.000  0.000
   94 H   0.0337   0.966  0.000  0.000
 
 Wiberg/Mayer (AO) data. WBOs > 0.1 written file <wbo>
 largest (>0.05) Wiberg bond orders for each atom
           total WBO             WBO to atom ...
     1  C   3.978    H   56 0.978    H   57 0.974    H   55 0.967    C    2 0.956
     2  C   3.921    C    3 0.956    C    1 0.956    C    4 0.943    C   54 0.941
     3  C   3.978    H   58 0.978    H   59 0.975    H   60 0.967    C    2 0.956
     4  C   3.945    C    5 1.404    C    9 1.327    C    2 0.943    C    7 0.103
     5  C   3.972    C    6 1.430    C    4 1.404    H   61 0.942    C    8 0.104
     6  C   3.970    C    5 1.430    C    7 1.415    H   62 0.945    C    9 0.096
     7  C   3.973    C    8 1.452    C    6 1.415    H   63 0.944    C    4 0.103
     8  C   3.967    C    7 1.452    C    9 1.352    H   64 0.945    C    5 0.104
     9  C   3.937    C    8 1.352    C    4 1.327    N   10 1.065    C    6 0.096
    10  N   3.384    C   11 1.066    C    9 1.065    H   65 0.949
    11  C   3.933    C   12 1.356    C   54 1.321    N   10 1.066    C   14 0.095
    12  C   3.966    C   13 1.445    C   11 1.356    H   66 0.944    C   15 0.102
    13  C   3.970    C   12 1.445    C   14 1.424    H   67 0.942    C   54 0.099
    14  C   3.965    C   13 1.424    C   15 1.378    H   68 0.943    C   11 0.095
    15  C   3.952    C   14 1.378    C   54 1.374    C   16 0.961    C   12 0.102
    16  C   3.944    C   17 1.375    C   53 1.371    C   15 0.961    C   19 0.101
    17  C   3.970    C   18 1.449    C   16 1.375    H   69 0.945    C   52 0.101
    18  C   3.965    C   17 1.449    C   19 1.362    H   70 0.944    C   53 0.101
    19  C   3.954    C   18 1.362    C   52 1.357    C   20 1.030    C   16 0.101
    20  C   3.931    N   51 1.459    C   21 1.245    C   19 1.030    C   23 0.055
    21  C   3.968    C   22 1.562    C   20 1.245    H   71 0.943    C   50 0.057
    22  C   3.963    C   21 1.562    C   23 1.247    H   72 0.941    N   51 0.110
    23  C   3.942    N   24 1.263    C   22 1.247    C   50 1.202    C   48 0.057    C   20 0.055
    24  N   3.093    C   25 1.460    C   23 1.263    C   49 0.110
    25  C   3.930    N   24 1.460    C   48 1.245    C   26 1.029    C   50 0.055
    26  C   3.954    C   47 1.362    C   27 1.357    C   25 1.029    C   29 0.101
    27  C   3.966    C   28 1.453    C   26 1.357    H   73 0.944    C   46 0.102
    28  C   3.970    C   27 1.453    C   29 1.371    H   74 0.944    C   47 0.101
    29  C   3.945    C   46 1.375    C   28 1.371    C   30 0.961    C   26 0.101
    30  C   3.952    C   31 1.378    C   35 1.374    C   29 0.961    C   33 0.102
    31  C   3.965    C   32 1.424    C   30 1.378    H   75 0.943    C   34 0.095
    32  C   3.970    C   33 1.445    C   31 1.424    H   76 0.942    C   35 0.099
    33  C   3.966    C   32 1.445    C   34 1.356    H   77 0.944    C   30 0.102
    34  C   3.933    C   33 1.356    C   35 1.321    N   45 1.066    C   31 0.095
    35  C   3.937    C   30 1.374    C   34 1.321    C   36 0.941    C   32 0.099
    36  C   3.921    C   38 0.956    C   37 0.956    C   39 0.943    C   35 0.941
    37  C   3.978    H   79 0.978    H   80 0.975    H   78 0.967    C   36 0.956
    38  C   3.978    H   82 0.978    H   83 0.974    H   81 0.967    C   36 0.956
    39  C   3.945    C   40 1.404    C   44 1.327    C   36 0.943    C   42 0.103
    40  C   3.972    C   41 1.430    C   39 1.404    H   84 0.942    C   43 0.104
    41  C   3.970    C   40 1.430    C   42 1.415    H   85 0.945    C   44 0.096
    42  C   3.973    C   43 1.452    C   41 1.415    H   86 0.944    C   39 0.103
    43  C   3.967    C   42 1.452    C   44 1.352    H   87 0.945    C   40 0.104
    44  C   3.937    C   43 1.352    C   39 1.327    N   45 1.065    C   41 0.096
    45  N   3.384    C   34 1.066    C   44 1.065    H   88 0.949
    46  C   3.970    C   47 1.448    C   29 1.375    H   89 0.945    C   27 0.102
    47  C   3.965    C   46 1.448    C   26 1.362    H   90 0.944    C   28 0.101
    48  C   3.968    C   49 1.562    C   25 1.245    H   91 0.943    C   23 0.057
    49  C   3.963    C   48 1.562    C   50 1.247    H   92 0.941    N   24 0.110
    50  C   3.942    N   51 1.263    C   49 1.247    C   23 1.202    C   21 0.057    C   25 0.055
    51  N   3.094    C   20 1.459    C   50 1.263    C   22 0.110
    52  C   3.966    C   53 1.453    C   19 1.357    H   93 0.944    C   17 0.101
    53  C   3.970    C   52 1.453    C   16 1.371    H   94 0.944    C   18 0.101
    54  C   3.937    C   15 1.374    C   11 1.321    C    2 0.941    C   13 0.099
    55  H   0.997    C    1 0.967
    56  H   0.999    C    1 0.978
    57  H   0.997    C    1 0.974
    58  H   0.999    C    3 0.978
    59  H   0.997    C    3 0.975
    60  H   0.997    C    3 0.967
    61  H   0.997    C    5 0.942
    62  H   0.997    C    6 0.945
    63  H   0.994    C    7 0.944
    64  H   0.997    C    8 0.945
    65  H   0.978    N   10 0.949
    66  H   0.995    C   12 0.944
    67  H   0.993    C   13 0.942
    68  H   0.997    C   14 0.943
    69  H   0.997    C   17 0.945
    70  H   0.997    C   18 0.944
    71  H   0.997    C   21 0.943
    72  H   0.995    C   22 0.941
    73  H   0.996    C   27 0.944
    74  H   0.997    C   28 0.944
    75  H   0.997    C   31 0.943
    76  H   0.993    C   32 0.942
    77  H   0.995    C   33 0.944
    78  H   0.997    C   37 0.967
    79  H   0.999    C   37 0.978
    80  H   0.997    C   37 0.975
    81  H   0.997    C   38 0.967
    82  H   0.999    C   38 0.978
    83  H   0.997    C   38 0.974
    84  H   0.997    C   40 0.942
    85  H   0.997    C   41 0.945
    86  H   0.994    C   42 0.944
    87  H   0.997    C   43 0.945
    88  H   0.978    N   45 0.949
    89  H   0.997    C   46 0.945
    90  H   0.997    C   47 0.944
    91  H   0.997    C   48 0.943
    92  H   0.995    C   49 0.941
    93  H   0.996    C   52 0.944
    94  H   0.997    C   53 0.944
 
 --------------------------------------------
          xTB calculation for sTDA...
 --------------------------------------------
 
 reading parameter file /home/tchapet/xtb4stda/.param_stda2.xtb
 
      method parameters     
 k(s)        :  1.6000
 k(p)        :  2.1800
 k(d)        :  1.9500
 k(f)        :  2.0000
 k(R-V)      :  2.2750
 k(R-R)      :  1.7650
 Tscal       :  0.2580
 Gscal       :  1.0000
 fpol        :  1.0000
 Zcnf        :  0.3430
 Zqf         :  0.0000
 kcn         :  2.7000
 Ryd Hsplit  :  0.7000
 lshift(virt):  3.1000
 lshift(OS)  :  0.2000
 wllscaling  :  2.6000
 
 mowrcut     : 3.000
 
  Z AO/shell   Hii/eV     exponent
  1     Sun Feb 14 09:53:25 CET 2016    EN: 2.327 GAM: 0.473  GM3: 0.0000
     1s    -14.339618    1.220000
     2sp    -3.348946    0.600000
  6     Sun Feb 14 09:53:25 CET 2016    EN: 2.731 GAM: 0.422  GM3: 0.0000
     2s    -22.009312    1.565095
     2p    -13.020408    1.596905
     3sp    -3.914040    0.824500
  7     Sun Feb 14 09:53:25 CET 2016    EN: 3.573 GAM: 0.504  GM3: 0.0000
     2s    -25.722000    2.064844
     2p    -18.684912    1.801692
     3sp    -4.344791    0.921400
 
 Nbf   :          632
 T(el) :     0.0
 calculating S/T integrals ...
 cpu time for ints    2.76461500000000     
 Nao   :          632
 making H0...
 making H1...
 cpu time for H      6.123000000000101E-003
 solving ...
 cpu time for diag   0.156446000000000     
 
 gap (eV)           :   5.709
 Koopmans IP (eV)   :  13.652
 Eel (Eh)           :  -223.382100

          eigenvalues
 #    :         118        119        120        121        122        123        124        125
 occ. :        2.000      2.000      2.000      2.000      2.000      2.000      2.000      2.000
 eps  :       -16.304    -16.303    -16.111    -16.105    -16.049    -16.011    -15.999    -15.811
 #    :         126        127        128        129        130        131        132        133
 occ. :        2.000      2.000      2.000      2.000      2.000      0.000      0.000      0.000
 eps  :       -15.800    -15.758    -15.267    -13.661    -13.653     -7.944     -6.870     -6.400
 #    :         134        135        136        137        138        139        140        141
 occ. :        0.000      0.000      0.000      0.000      0.000      0.000      0.000      0.000
 eps  :        -5.928     -5.926     -5.848     -5.843     -5.770     -5.770     -5.663     -5.651
                            1  SCC done.
 writing mo output ...
 molden style : F
 
speedup  7.45
cpu  time for all    4.07 s
wall time for all    0.55 s
