 
        ______________________________________
       |                                      |
       |          ===================         |
       |             xTB for sTDA             |
       |          ===================         |
       |               S. Grimme              |
       |        Universitaet Bonn, MCTC       |
       |         2015-19, Version 1.0         |
       |     Wed Apr  3 09:14:55 CEST 2019    |
       |______________________________________|
 
        This code comes without any warranty
        for non-commercial, academia use only.
        Preliminary test version.
        Cite this work as:
        S. Grimme  &  C. Bannwarth, JCP 145 (2016) 054103
        if GBSA is used additionally:
        P. Shushkov, F. März, C. Bannwarth, S. Grimme, unpublished.
 
        with help from
        P. Shushkov, G. Brandenburg, S. Dohm, J. Pisarek,
        F. März, M. Checinski, S. Ehrlich, S. Spicher, 
        P. Pracht, E. Caldeweyher, S. Ehlert, and C. Bannwarth.
 
        usage        :
        xtb4stda <coord_file> [options]
        where <coord_file> is a valid file of TM)
        (*coord, Bohr) or xmol (*xyz, Angstroem)
        format.

        options:
        -chrg <int>   : molecular charge
        -uhf  <int>   : # of unpaired electrons(=2*S)
        -nox          : skip second, extended part in sTDA-xTB
        -pop          : do population analysis
                      : (default for -nox)
        -mowr <real>  : cut MO write above (def.3 Eh)
        -molden       : write formatted molden file
        -parx <file>  : read parameters for sTDA-xTB
                        calc (def:~/.param_stda2.xtb)
        -parv <file>  : read parameters for vTB part in
                        sTDA-xTB (def: ~/.param_stda1.xtb)
        -xtemp <real> : el. temp for xTB (def. 0 K)
        -etemp <real> : el. temp for GFN (def. 300 K)
        -fod          : calculate the FOD and write
                        molden.input file with
                        appropriate occupations
                        for plotting. Def. T=12500 K
 
        -acc <real>   : xTB accuracy (def. 1.0)
        -gbsa [string1] [string2]
                        use GBSA implicit solvent
                        for solvent [string1] and
                        solvation state [string2]=
                        reference, bar1M (default=1M)
        additional GFN/opt/MD/siman options read from
        $XTB4STDAHOME/.xtb4stdarc or $set in input
 
       spin and charge state information can be on:
       <.CHRG> (charge) and <.UHF> (=nalpha-nbeta)
       -uhf and -chrg override the file info.
       useful machine settings:
       setenv MKL_NUM_THREADS <NCORE_ON_YOUR_MACHINE>
       setenv OMP_STACKSIZE 500m
       limit stacksize unlimited
 
       total energies in Eh, gaps/HL energies in eV
       please read REVISION and HOWTO files carefully
 =============================
  # OMP threads =          16
 =============================
 
 xtb4stdahome directory:/home/tchapet/xtb4stda/
 
 argument            1 :gbsa
 argument            2 :toluene
 
 name of molecule           :
 comment line               :
 number of atoms            :    86
 number of electrons        :   242
 charge                     :  0
 spin                       : 0.0
 first test random number   :  0.2180
 
 -----------------------------------------
      charge density (VTB) calculation
 -----------------------------------------
 
      method parameters     
 k(s)        :  1.8000
 k(p)        :  2.8350
 k(d)        :  2.0860
 k(f)        :  2.0000
 Tscal       :  0.3300
 Gscal       :  0.3910
 fpol        :  1.0000
 Zcnf        :  0.6500
 Zqf         :  0.0000
 kcn         :  0.3000
 kEN1        : -0.5900
 wllscal     :  2.6000
 
     -------------------------
     ! NO SOLVENT MODEL USED !
     -------------------------
 
 doing EN charges ...
 sum q : -0.2220446D-15
 point charge moment (au)
     X       Y       Z   
  -0.0001   0.0029   0.0023  total (Debye):    0.009
 
            Z      q(EN)   CN      Cart. coordinates
     1  C   4.0  -0.074   3.143   -22.88627     0.09814     0.08647
     2  C   4.0  -0.072   3.143   -21.54398     2.11573     1.07631
     3  C   4.0  -0.074   3.188   -18.93112     2.09214     1.05874
     4  C   4.0  -0.005   3.222   -17.61338     0.05068     0.04331
     5  C   4.0  -0.005   3.222   -14.83361     0.02521     0.02214
     6  C   4.0  -0.072   3.186   -13.50826    -0.86085    -2.07419
     7  C   4.0  -0.072   3.186   -10.89825    -0.87744    -2.09744
     8  C   4.0  -0.005   3.237    -9.53309    -0.02259    -0.01751
     9  C   4.0  -0.003   3.282    -6.73971    -0.04040    -0.03592
    10  C   4.0  -0.004   3.278    -5.41937    -1.70960     1.54559
    11  C   4.0  -0.072   3.181    -6.68589    -3.46269     3.13506
    12  C   4.0  -0.072   3.136    -5.37885    -5.05597     4.67446
    13  C   4.0  -0.072   3.135    -2.71520    -5.00700     4.71706
    14  C   4.0  -0.072   3.184    -1.42689    -3.38481     3.19404
    15  C   4.0  -0.004   3.283    -2.71753    -1.69936     1.55321
    16  C   4.0  -0.003   3.303    -1.40115    -0.04915    -0.04497
    17  C   4.0  -0.003   3.303     1.40156    -0.04077    -0.03678
    18  C   4.0  -0.004   3.283     2.70529     1.63546     1.54472
    19  C   4.0  -0.072   3.184     1.40095     3.33351     3.16158
    20  C   4.0  -0.072   3.135     2.67576     4.98423     4.66508
    21  C   4.0  -0.072   3.136     5.33882     5.05272     4.62273
    22  C   4.0  -0.072   3.182     6.65857     3.44830     3.10588
    23  C   4.0  -0.004   3.278     5.40695     1.66229     1.54142
    24  C   4.0  -0.003   3.282     6.74064    -0.02092    -0.01486
    25  C   4.0  -0.005   3.237     9.53348    -0.00830    -0.00061
    26  C   4.0  -0.072   3.186    10.88449     0.79490    -2.11049
    27  C   4.0  -0.072   3.186    13.49433     0.82243    -2.08884
    28  C   4.0  -0.005   3.222    14.83468     0.03335     0.03646
    29  C   4.0  -0.005   3.222    17.61440     0.05953     0.05855
    30  C   4.0  -0.074   3.188    18.96873    -1.92350     1.13944
    31  C   4.0  -0.072   3.143    21.58155    -1.89736     1.15915
    32  C   4.0  -0.074   3.143    22.88692     0.11247     0.10607
    33  C   4.0  -0.072   3.143    21.56077     2.09570    -0.97118
    34  C   4.0  -0.074   3.188    18.94804     2.06900    -0.99910
    35  C   4.0  -0.072   3.186    13.47741    -0.77954     2.14201
    36  C   4.0  -0.072   3.186    10.86757    -0.79329     2.12695
    37  C   4.0  -0.004   3.278     5.43254    -1.71320    -1.58254
    38  C   4.0  -0.072   3.181     6.71004    -3.48920    -3.13743
    39  C   4.0  -0.072   3.136     5.41427    -5.10247    -4.66560
    40  C   4.0  -0.072   3.135     2.75110    -5.05349    -4.72984
    41  C   4.0  -0.072   3.184     1.45189    -3.41302    -3.23605
    42  C   4.0  -0.004   3.283     2.73068    -1.70635    -1.60795
    43  C   4.0  -0.004   3.283    -2.71765     1.59958    -1.64460
    44  C   4.0  -0.072   3.184    -1.42676     3.27878    -3.29164
    45  C   4.0  -0.072   3.135    -2.71457     4.90203    -4.81393
    46  C   4.0  -0.072   3.136    -5.37789     4.95953    -4.76305
    47  C   4.0  -0.072   3.181    -6.68510     3.37367    -3.21617
    48  C   4.0  -0.004   3.278    -5.41941     1.61877    -1.62807
    49  C   4.0  -0.072   3.186   -10.85177     0.85555     2.08284
    50  C   4.0  -0.072   3.186   -13.46148     0.88631     2.09874
    51  C   4.0  -0.074   3.188   -18.98395    -1.96632    -0.95074
    52  C   4.0  -0.072   3.143   -21.59675    -1.94289    -0.92522
    53  H   1.0   0.074   1.004   -24.92763     0.11608     0.10333
    54  H   1.0   0.074   1.004   -22.53880     3.71728     1.86168
    55  H   1.0   0.075   1.005   -17.89706     3.68741     1.80430
    56  H   1.0   0.075   1.005   -14.53516    -1.50643    -3.71681
    57  H   1.0   0.075   1.005    -9.89503    -1.56624    -3.73848
    58  H   1.0   0.076   1.007    -8.72571    -3.51648     3.09549
    59  H   1.0   0.074   1.004    -6.37369    -6.37649     5.87287
    60  H   1.0   0.074   1.004    -1.70971    -6.27887     5.95813
    61  H   1.0   0.076   1.007     0.61438    -3.35376     3.20303
    62  H   1.0   0.076   1.007    -0.64001     3.28831     3.16894
    63  H   1.0   0.074   1.004     1.65986     6.26460     5.88877
    64  H   1.0   0.074   1.004     6.32324     6.39736     5.80275
    65  H   1.0   0.076   1.007     8.69775     3.51845     3.06633
    66  H   1.0   0.075   1.005     9.86986     1.41075    -3.77336
    67  H   1.0   0.075   1.005    14.50997     1.42704    -3.75392
    68  H   1.0   0.075   1.005    17.96364    -3.51288     1.93557
    69  H   1.0   0.074   1.004    22.60570    -3.45354     1.99626
    70  H   1.0   0.074   1.004    24.92825     0.13305     0.12501
    71  H   1.0   0.074   1.004    22.56819     3.67241    -1.79000
    72  H   1.0   0.075   1.005    17.92562     3.63782    -1.81367
    73  H   1.0   0.075   1.005    14.47901    -1.36824     3.82124
    74  H   1.0   0.075   1.005     9.83946    -1.42478     3.77559
    75  H   1.0   0.076   1.007     8.74935    -3.54441    -3.08116
    76  H   1.0   0.074   1.004     6.41797    -6.43931    -5.83824
    77  H   1.0   0.074   1.004     1.75483    -6.34054    -5.96266
    78  H   1.0   0.076   1.007    -0.58928    -3.38204    -3.25969
    79  H   1.0   0.076   1.007     0.61435     3.24090    -3.30716
    80  H   1.0   0.074   1.004    -1.70892     6.16820    -6.06067
    81  H   1.0   0.074   1.004    -6.37238     6.28054    -5.96120
    82  H   1.0   0.076   1.007    -8.72454     3.43367    -3.17059
    83  H   1.0   0.075   1.005    -9.81159     1.52574     3.70848
    84  H   1.0   0.075   1.005   -14.45177     1.55023     3.75644
    85  H   1.0   0.075   1.005   -17.99113    -3.57990    -1.71289
    86  H   1.0   0.074   1.004   -22.63317    -3.52587    -1.69410
 
  Z AO/shell   Hii/eV     exponent
  1     Sat Feb 20 21:38:01 CET 2016    EN: 2.327 GAM: 0.473  GM3: 0.0000
     1s    -13.751157    1.051071
  6     Sat Feb 20 21:38:01 CET 2016    EN: 2.731 GAM: 0.422  GM3: 0.0000
     2s    -19.378245    2.021003
     2p    -11.993376    1.497917
 
 dipole moment of classical point charges (au)
     X       Y       Z   
  -0.0001   0.0029   0.0023  total (Debye):    0.009

 
 Nbf   :          242
 T(el) :   300.0
 calculating S/T integrals ...
 cpu time for ints   0.509755000000000     
 Nao   :          242
 making H0...
 making H1...
 cpu time for H      2.965299999999993E-002
 solving ...
 cpu time for diag   9.441500000000003E-002
 
 gap (eV)           :   4.373
 Koopmans IP (eV)   :  13.103
 Eel (Eh)           :  -190.321961
 T,E(Fermi),NFOD :    300.000   -10.916  0.000000
 T,E(Fermi),NFOD :    300.000   -10.916  0.000000
 Nfod               :  0.0000
 Nfod/Nel           :  0.0000

          eigenvalues
 #    :         109        110        111        112        113        114        115        116
 occ. :        2.000      2.000      2.000      2.000      2.000      2.000      2.000      2.000
 eps  :       -16.113    -15.657    -15.617    -15.577    -15.576    -15.562    -15.538    -15.153
 #    :         117        118        119        120        121        122        123        124
 occ. :        2.000      2.000      2.000      2.000      2.000      0.000      0.000      0.000
 eps  :       -15.122    -14.565    -14.559    -13.136    -13.104     -8.731     -8.639     -6.760
 #    :         125        126        127        128        129        130        131        132
 occ. :        0.000      0.000      0.000      0.000      0.000      0.000      0.000      0.000
 eps  :        -6.748     -6.732     -5.933     -5.864     -5.599     -5.396     -5.384     -5.377
                            1  SCC done.
 making H1...
 cpu time for H      0.120406000000000     
 solving ...
 cpu time for diag   5.750000000000000E-002
 
 gap (eV)           :   4.373
 Koopmans IP (eV)   :  12.986
 Eel (Eh)           :  -189.591632
 T,E(Fermi),NFOD :    300.000   -10.799  0.000000
 T,E(Fermi),NFOD :    300.000   -10.799  0.000000
 Nfod               :  0.0000
 Nfod/Nel           :  0.0000

          eigenvalues
 #    :         109        110        111        112        113        114        115        116
 occ. :        2.000      2.000      2.000      2.000      2.000      2.000      2.000      2.000
 eps  :       -16.025    -15.545    -15.509    -15.483    -15.482    -15.455    -15.428    -15.054
 #    :         117        118        119        120        121        122        123        124
 occ. :        2.000      2.000      2.000      2.000      2.000      0.000      0.000      0.000
 eps  :       -15.023    -14.473    -14.467    -13.019    -12.987     -8.614     -8.521     -6.669
 #    :         125        126        127        128        129        130        131        132
 occ. :        0.000      0.000      0.000      0.000      0.000      0.000      0.000      0.000
 eps  :        -6.656     -6.639     -5.835     -5.765     -5.510     -5.290     -5.285     -5.283
                            2  SCC done.
 
 
 Mulliken/CM5 charges    n(s)   n(p)   n(d)   
    1 C  -0.0366 -0.0930   1.136  2.901  0.000
    2 C  -0.0341 -0.0904   1.136  2.898  0.000
    3 C  -0.0400 -0.0937   1.141  2.899  0.000
    4 C  -0.0020 -0.0112   1.167  2.835  0.000
    5 C  -0.0044 -0.0136   1.167  2.837  0.000
    6 C  -0.0393 -0.0929   1.141  2.898  0.000
    7 C  -0.0369 -0.0909   1.143  2.894  0.000
    8 C   0.0013 -0.0090   1.169  2.830  0.000
    9 C  -0.0142 -0.0179   1.178  2.836  0.000
   10 C  -0.0039 -0.0082   1.170  2.833  0.000
   11 C  -0.0403 -0.0935   1.142  2.898  0.000
   12 C  -0.0357 -0.0919   1.136  2.899  0.000
   13 C  -0.0351 -0.0913   1.136  2.899  0.000
   14 C  -0.0384 -0.0915   1.141  2.897  0.000
   15 C  -0.0035 -0.0083   1.170  2.833  0.000
   16 C  -0.0087 -0.0137   1.180  2.828  0.000
   17 C  -0.0087 -0.0137   1.180  2.828  0.000
   18 C  -0.0035 -0.0083   1.170  2.833  0.000
   19 C  -0.0384 -0.0916   1.141  2.897  0.000
   20 C  -0.0351 -0.0913   1.136  2.899  0.000
   21 C  -0.0357 -0.0920   1.136  2.900  0.000
   22 C  -0.0404 -0.0937   1.142  2.899  0.000
   23 C  -0.0039 -0.0082   1.170  2.833  0.000
   24 C  -0.0141 -0.0179   1.178  2.836  0.000
   25 C   0.0013 -0.0090   1.169  2.830  0.000
   26 C  -0.0369 -0.0910   1.143  2.894  0.000
   27 C  -0.0393 -0.0929   1.141  2.898  0.000
   28 C  -0.0043 -0.0136   1.167  2.837  0.000
   29 C  -0.0020 -0.0112   1.167  2.835  0.000
   30 C  -0.0400 -0.0936   1.141  2.899  0.000
   31 C  -0.0341 -0.0904   1.136  2.898  0.000
   32 C  -0.0366 -0.0930   1.136  2.901  0.000
   33 C  -0.0341 -0.0904   1.136  2.898  0.000
   34 C  -0.0400 -0.0936   1.141  2.899  0.000
   35 C  -0.0393 -0.0929   1.141  2.898  0.000
   36 C  -0.0369 -0.0910   1.143  2.894  0.000
   37 C  -0.0039 -0.0082   1.170  2.833  0.000
   38 C  -0.0403 -0.0936   1.142  2.898  0.000
   39 C  -0.0357 -0.0920   1.136  2.900  0.000
   40 C  -0.0351 -0.0913   1.136  2.899  0.000
   41 C  -0.0384 -0.0915   1.141  2.897  0.000
   42 C  -0.0035 -0.0083   1.170  2.833  0.000
   43 C  -0.0035 -0.0083   1.170  2.833  0.000
   44 C  -0.0384 -0.0915   1.141  2.897  0.000
   45 C  -0.0351 -0.0913   1.136  2.899  0.000
   46 C  -0.0357 -0.0919   1.136  2.899  0.000
   47 C  -0.0403 -0.0936   1.142  2.898  0.000
   48 C  -0.0039 -0.0082   1.170  2.833  0.000
   49 C  -0.0370 -0.0910   1.143  2.894  0.000
   50 C  -0.0393 -0.0929   1.141  2.898  0.000
   51 C  -0.0400 -0.0937   1.141  2.899  0.000
   52 C  -0.0341 -0.0904   1.136  2.898  0.000
   53 H   0.0380  0.0944   0.962  0.000  0.000
   54 H   0.0385  0.0949   0.961  0.000  0.000
   55 H   0.0371  0.0952   0.963  0.000  0.000
   56 H   0.0397  0.0978   0.960  0.000  0.000
   57 H   0.0394  0.0974   0.961  0.000  0.000
   58 H   0.0420  0.1024   0.958  0.000  0.000
   59 H   0.0406  0.0970   0.959  0.000  0.000
   60 H   0.0408  0.0972   0.959  0.000  0.000
   61 H   0.0424  0.1027   0.958  0.000  0.000
   62 H   0.0424  0.1028   0.958  0.000  0.000
   63 H   0.0408  0.0972   0.959  0.000  0.000
   64 H   0.0406  0.0970   0.959  0.000  0.000
   65 H   0.0422  0.1026   0.958  0.000  0.000
   66 H   0.0394  0.0975   0.961  0.000  0.000
   67 H   0.0397  0.0978   0.960  0.000  0.000
   68 H   0.0371  0.0952   0.963  0.000  0.000
   69 H   0.0385  0.0949   0.961  0.000  0.000
   70 H   0.0380  0.0944   0.962  0.000  0.000
   71 H   0.0385  0.0949   0.961  0.000  0.000
   72 H   0.0371  0.0952   0.963  0.000  0.000
   73 H   0.0397  0.0978   0.960  0.000  0.000
   74 H   0.0394  0.0975   0.961  0.000  0.000
   75 H   0.0421  0.1025   0.958  0.000  0.000
   76 H   0.0406  0.0970   0.959  0.000  0.000
   77 H   0.0408  0.0972   0.959  0.000  0.000
   78 H   0.0423  0.1027   0.958  0.000  0.000
   79 H   0.0424  0.1027   0.958  0.000  0.000
   80 H   0.0408  0.0972   0.959  0.000  0.000
   81 H   0.0406  0.0970   0.959  0.000  0.000
   82 H   0.0421  0.1025   0.958  0.000  0.000
   83 H   0.0394  0.0974   0.961  0.000  0.000
   84 H   0.0397  0.0978   0.960  0.000  0.000
   85 H   0.0371  0.0952   0.963  0.000  0.000
   86 H   0.0385  0.0949   0.962  0.000  0.000
 Hirshfeld charges for QMDFF written to <charges>
 
 Loewdin charges    n(s)   n(p)   n(d)
    1 C  -0.0294   1.081  2.948  0.000
    2 C  -0.0262   1.082  2.945  0.000
    3 C  -0.0356   1.088  2.948  0.000
    4 C   0.0037   1.123  2.873  0.000
    5 C   0.0010   1.123  2.876  0.000
    6 C  -0.0343   1.088  2.946  0.000
    7 C  -0.0318   1.089  2.942  0.000
    8 C   0.0076   1.125  2.868  0.000
    9 C  -0.0136   1.137  2.876  0.000
   10 C  -0.0012   1.128  2.873  0.000
   11 C  -0.0355   1.089  2.947  0.000
   12 C  -0.0279   1.081  2.946  0.000
   13 C  -0.0273   1.081  2.946  0.000
   14 C  -0.0335   1.088  2.945  0.000
   15 C  -0.0010   1.128  2.873  0.000
   16 C  -0.0073   1.139  2.868  0.000
   17 C  -0.0073   1.139  2.868  0.000
   18 C  -0.0010   1.128  2.873  0.000
   19 C  -0.0335   1.088  2.945  0.000
   20 C  -0.0273   1.081  2.946  0.000
   21 C  -0.0279   1.081  2.947  0.000
   22 C  -0.0358   1.089  2.947  0.000
   23 C  -0.0012   1.128  2.873  0.000
   24 C  -0.0136   1.137  2.876  0.000
   25 C   0.0076   1.125  2.868  0.000
   26 C  -0.0318   1.089  2.942  0.000
   27 C  -0.0343   1.088  2.946  0.000
   28 C   0.0010   1.123  2.876  0.000
   29 C   0.0037   1.123  2.873  0.000
   30 C  -0.0356   1.088  2.948  0.000
   31 C  -0.0262   1.082  2.945  0.000
   32 C  -0.0294   1.081  2.948  0.000
   33 C  -0.0262   1.082  2.945  0.000
   34 C  -0.0356   1.088  2.948  0.000
   35 C  -0.0343   1.088  2.946  0.000
   36 C  -0.0318   1.089  2.942  0.000
   37 C  -0.0012   1.128  2.873  0.000
   38 C  -0.0357   1.089  2.947  0.000
   39 C  -0.0279   1.081  2.947  0.000
   40 C  -0.0273   1.081  2.946  0.000
   41 C  -0.0335   1.088  2.945  0.000
   42 C  -0.0010   1.128  2.873  0.000
   43 C  -0.0010   1.128  2.873  0.000
   44 C  -0.0335   1.088  2.945  0.000
   45 C  -0.0273   1.081  2.946  0.000
   46 C  -0.0279   1.081  2.946  0.000
   47 C  -0.0356   1.089  2.947  0.000
   48 C  -0.0012   1.128  2.873  0.000
   49 C  -0.0318   1.089  2.942  0.000
   50 C  -0.0343   1.088  2.946  0.000
   51 C  -0.0356   1.088  2.948  0.000
   52 C  -0.0262   1.082  2.945  0.000
   53 H   0.0305   0.969  0.000  0.000
   54 H   0.0309   0.969  0.000  0.000
   55 H   0.0297   0.970  0.000  0.000
   56 H   0.0321   0.968  0.000  0.000
   57 H   0.0314   0.969  0.000  0.000
   58 H   0.0340   0.966  0.000  0.000
   59 H   0.0330   0.967  0.000  0.000
   60 H   0.0331   0.967  0.000  0.000
   61 H   0.0340   0.966  0.000  0.000
   62 H   0.0340   0.966  0.000  0.000
   63 H   0.0331   0.967  0.000  0.000
   64 H   0.0330   0.967  0.000  0.000
   65 H   0.0341   0.966  0.000  0.000
   66 H   0.0315   0.969  0.000  0.000
   67 H   0.0321   0.968  0.000  0.000
   68 H   0.0297   0.970  0.000  0.000
   69 H   0.0309   0.969  0.000  0.000
   70 H   0.0305   0.970  0.000  0.000
   71 H   0.0309   0.969  0.000  0.000
   72 H   0.0297   0.970  0.000  0.000
   73 H   0.0321   0.968  0.000  0.000
   74 H   0.0315   0.969  0.000  0.000
   75 H   0.0340   0.966  0.000  0.000
   76 H   0.0330   0.967  0.000  0.000
   77 H   0.0331   0.967  0.000  0.000
   78 H   0.0340   0.966  0.000  0.000
   79 H   0.0340   0.966  0.000  0.000
   80 H   0.0331   0.967  0.000  0.000
   81 H   0.0330   0.967  0.000  0.000
   82 H   0.0340   0.966  0.000  0.000
   83 H   0.0314   0.969  0.000  0.000
   84 H   0.0321   0.968  0.000  0.000
   85 H   0.0297   0.970  0.000  0.000
   86 H   0.0309   0.969  0.000  0.000
 
 Wiberg/Mayer (AO) data. WBOs > 0.1 written file <wbo>
 largest (>0.05) Wiberg bond orders for each atom
           total WBO             WBO to atom ...
     1  C   3.970    C   52 1.426    C    2 1.426    H   53 0.948    C    4 0.106
     2  C   3.974    C    3 1.443    C    1 1.426    H   54 0.947    C   51 0.108
     3  C   3.972    C    2 1.443    C    4 1.373    H   55 0.947    C   52 0.108
     4  C   3.957    C   51 1.373    C    3 1.373    C    5 1.004    C    1 0.106
     5  C   3.954    C    6 1.370    C   50 1.369    C    4 1.004    C    8 0.104
     6  C   3.969    C    7 1.449    C    5 1.370    H   56 0.945    C   49 0.104
     7  C   3.968    C    6 1.449    C    8 1.375    H   57 0.945    C   50 0.104
     8  C   3.949    C    7 1.375    C   49 1.375    C    9 0.974    C    5 0.104
     9  C   3.948    C   10 1.310    C   48 1.310    C    8 0.974    C   16 0.127    C   46 0.051    C   12 0.051
    10  C   3.952    C    9 1.310    C   11 1.216    C   15 1.174
    11  C   3.963    C   12 1.596    C   10 1.216    H   58 0.941    C   14 0.117
    12  C   3.962    C   11 1.596    C   13 1.265    H   59 0.946    C    9 0.051
    13  C   3.962    C   14 1.597    C   12 1.265    H   60 0.945    C   16 0.051
    14  C   3.963    C   13 1.597    C   15 1.215    H   61 0.941    C   11 0.117
    15  C   3.952    C   16 1.311    C   14 1.215    C   10 1.174
    16  C   3.945    C   15 1.311    C   43 1.311    C   17 0.958    C    9 0.127    C   13 0.051    C   45 0.051
    17  C   3.945    C   42 1.311    C   18 1.311    C   16 0.958    C   24 0.127    C   40 0.051    C   20 0.051
    18  C   3.952    C   17 1.311    C   19 1.215    C   23 1.174
    19  C   3.963    C   20 1.597    C   18 1.215    H   62 0.941    C   22 0.117
    20  C   3.962    C   19 1.597    C   21 1.265    H   63 0.945    C   17 0.051
    21  C   3.962    C   22 1.596    C   20 1.265    H   64 0.946    C   24 0.051
    22  C   3.963    C   21 1.596    C   23 1.217    H   65 0.941    C   19 0.117
    23  C   3.952    C   24 1.309    C   22 1.217    C   18 1.174
    24  C   3.948    C   37 1.309    C   23 1.309    C   25 0.975    C   17 0.127    C   39 0.051    C   21 0.051
    25  C   3.949    C   26 1.375    C   36 1.374    C   24 0.975    C   28 0.103
    26  C   3.968    C   27 1.449    C   25 1.375    H   66 0.945    C   35 0.104
    27  C   3.969    C   26 1.449    C   28 1.369    H   67 0.945    C   36 0.104
    28  C   3.954    C   27 1.369    C   35 1.369    C   29 1.004    C   25 0.103
    29  C   3.957    C   30 1.373    C   34 1.373    C   28 1.004    C   32 0.106
    30  C   3.972    C   31 1.443    C   29 1.373    H   68 0.947    C   33 0.108
    31  C   3.974    C   30 1.443    C   32 1.426    H   69 0.947    C   34 0.108
    32  C   3.970    C   31 1.426    C   33 1.426    H   70 0.948    C   29 0.106
    33  C   3.974    C   34 1.443    C   32 1.426    H   71 0.947    C   30 0.108
    34  C   3.972    C   33 1.443    C   29 1.373    H   72 0.947    C   31 0.108
    35  C   3.969    C   36 1.449    C   28 1.369    H   73 0.945    C   26 0.104
    36  C   3.968    C   35 1.449    C   25 1.374    H   74 0.945    C   27 0.104
    37  C   3.952    C   24 1.309    C   38 1.217    C   42 1.174
    38  C   3.963    C   39 1.596    C   37 1.217    H   75 0.941    C   41 0.117
    39  C   3.962    C   38 1.596    C   40 1.265    H   76 0.946    C   24 0.051
    40  C   3.962    C   41 1.597    C   39 1.265    H   77 0.945    C   17 0.051
    41  C   3.963    C   40 1.597    C   42 1.215    H   78 0.941    C   38 0.117
    42  C   3.952    C   17 1.311    C   41 1.215    C   37 1.174
    43  C   3.952    C   16 1.311    C   44 1.215    C   48 1.174
    44  C   3.963    C   45 1.597    C   43 1.215    H   79 0.941    C   47 0.117
    45  C   3.962    C   44 1.597    C   46 1.265    H   80 0.945    C   16 0.051
    46  C   3.962    C   47 1.596    C   45 1.265    H   81 0.946    C    9 0.051
    47  C   3.963    C   46 1.596    C   48 1.216    H   82 0.941    C   44 0.117
    48  C   3.952    C    9 1.310    C   47 1.216    C   43 1.174
    49  C   3.968    C   50 1.449    C    8 1.375    H   83 0.945    C    6 0.104
    50  C   3.969    C   49 1.449    C    5 1.369    H   84 0.945    C    7 0.104
    51  C   3.972    C   52 1.443    C    4 1.373    H   85 0.947    C    2 0.108
    52  C   3.974    C   51 1.443    C    1 1.426    H   86 0.947    C    3 0.108
    53  H   0.996    C    1 0.948
    54  H   0.997    C    2 0.947
    55  H   0.999    C    3 0.947
    56  H   0.996    C    6 0.945
    57  H   0.997    C    7 0.945
    58  H   0.996    C   11 0.941
    59  H   0.996    C   12 0.946
    60  H   0.995    C   13 0.945
    61  H   0.996    C   14 0.941
    62  H   0.996    C   19 0.941
    63  H   0.995    C   20 0.945
    64  H   0.996    C   21 0.946
    65  H   0.996    C   22 0.941
    66  H   0.997    C   26 0.945
    67  H   0.996    C   27 0.945
    68  H   0.999    C   30 0.947
    69  H   0.997    C   31 0.947
    70  H   0.996    C   32 0.948
    71  H   0.997    C   33 0.947
    72  H   0.999    C   34 0.947
    73  H   0.996    C   35 0.945
    74  H   0.997    C   36 0.945
    75  H   0.996    C   38 0.941
    76  H   0.996    C   39 0.946
    77  H   0.995    C   40 0.945
    78  H   0.996    C   41 0.941
    79  H   0.996    C   44 0.941
    80  H   0.995    C   45 0.945
    81  H   0.996    C   46 0.946
    82  H   0.996    C   47 0.941
    83  H   0.997    C   49 0.945
    84  H   0.996    C   50 0.945
    85  H   0.999    C   51 0.947
    86  H   0.997    C   52 0.947
 
 --------------------------------------------
          xTB calculation for sTDA...
 --------------------------------------------
 
 reading parameter file /home/tchapet/xtb4stda/.param_stda2.xtb
 
      method parameters     
 k(s)        :  1.6000
 k(p)        :  2.1800
 k(d)        :  1.9500
 k(f)        :  2.0000
 k(R-V)      :  2.2750
 k(R-R)      :  1.7650
 Tscal       :  0.2580
 Gscal       :  1.0000
 fpol        :  1.0000
 Zcnf        :  0.3430
 Zqf         :  0.0000
 kcn         :  2.7000
 Ryd Hsplit  :  0.7000
 lshift(virt):  3.1000
 lshift(OS)  :  0.2000
 wllscaling  :  2.6000
 
 mowrcut     : 3.000
 
  Z AO/shell   Hii/eV     exponent
  1     Sun Feb 14 09:53:25 CET 2016    EN: 2.327 GAM: 0.473  GM3: 0.0000
     1s    -14.339618    1.220000
     2sp    -3.348946    0.600000
  6     Sun Feb 14 09:53:25 CET 2016    EN: 2.731 GAM: 0.422  GM3: 0.0000
     2s    -22.009312    1.565095
     2p    -13.020408    1.596905
     3sp    -3.914040    0.824500
 
 Nbf   :          586
 T(el) :     0.0
 calculating S/T integrals ...
 cpu time for ints    2.98887500000000     
 Nao   :          586
 making H0...
 making H1...
 cpu time for H      5.006999999999984E-003
 solving ...
 cpu time for diag   0.154382999999999     
 
 gap (eV)           :   6.364
 Koopmans IP (eV)   :  14.262
 Eel (Eh)           :  -207.587197

          eigenvalues
 #    :         109        110        111        112        113        114        115        116
 occ. :        2.000      2.000      2.000      2.000      2.000      2.000      2.000      2.000
 eps  :       -16.727    -16.306    -16.281    -16.244    -16.243    -16.235    -16.196    -15.975
 #    :         117        118        119        120        121        122        123        124
 occ. :        2.000      2.000      2.000      2.000      2.000      0.000      0.000      0.000
 eps  :       -15.950    -15.458    -15.451    -14.283    -14.263     -7.899     -7.856     -6.635
 #    :         125        126        127        128        129        130        131        132
 occ. :        0.000      0.000      0.000      0.000      0.000      0.000      0.000      0.000
 eps  :        -6.632     -6.107     -6.103     -5.881     -5.877     -5.830     -5.830     -5.703
                            1  SCC done.
 writing mo output ...
 molden style : F
 
speedup  7.76
cpu  time for all    4.19 s
wall time for all    0.54 s
