 
        ______________________________________
       |                                      |
       |          ===================         |
       |             xTB for sTDA             |
       |          ===================         |
       |               S. Grimme              |
       |        Universitaet Bonn, MCTC       |
       |         2015-19, Version 1.0         |
       |     Wed Apr  3 09:14:55 CEST 2019    |
       |______________________________________|
 
        This code comes without any warranty
        for non-commercial, academia use only.
        Preliminary test version.
        Cite this work as:
        S. Grimme  &  C. Bannwarth, JCP 145 (2016) 054103
        if GBSA is used additionally:
        P. Shushkov, F. März, C. Bannwarth, S. Grimme, unpublished.
 
        with help from
        P. Shushkov, G. Brandenburg, S. Dohm, J. Pisarek,
        F. März, M. Checinski, S. Ehrlich, S. Spicher, 
        P. Pracht, E. Caldeweyher, S. Ehlert, and C. Bannwarth.
 
        usage        :
        xtb4stda <coord_file> [options]
        where <coord_file> is a valid file of TM)
        (*coord, Bohr) or xmol (*xyz, Angstroem)
        format.

        options:
        -chrg <int>   : molecular charge
        -uhf  <int>   : # of unpaired electrons(=2*S)
        -nox          : skip second, extended part in sTDA-xTB
        -pop          : do population analysis
                      : (default for -nox)
        -mowr <real>  : cut MO write above (def.3 Eh)
        -molden       : write formatted molden file
        -parx <file>  : read parameters for sTDA-xTB
                        calc (def:~/.param_stda2.xtb)
        -parv <file>  : read parameters for vTB part in
                        sTDA-xTB (def: ~/.param_stda1.xtb)
        -xtemp <real> : el. temp for xTB (def. 0 K)
        -etemp <real> : el. temp for GFN (def. 300 K)
        -fod          : calculate the FOD and write
                        molden.input file with
                        appropriate occupations
                        for plotting. Def. T=12500 K
 
        -acc <real>   : xTB accuracy (def. 1.0)
        -gbsa [string1] [string2]
                        use GBSA implicit solvent
                        for solvent [string1] and
                        solvation state [string2]=
                        reference, bar1M (default=1M)
        additional GFN/opt/MD/siman options read from
        $XTB4STDAHOME/.xtb4stdarc or $set in input
 
       spin and charge state information can be on:
       <.CHRG> (charge) and <.UHF> (=nalpha-nbeta)
       -uhf and -chrg override the file info.
       useful machine settings:
       setenv MKL_NUM_THREADS <NCORE_ON_YOUR_MACHINE>
       setenv OMP_STACKSIZE 500m
       limit stacksize unlimited
 
       total energies in Eh, gaps/HL energies in eV
       please read REVISION and HOWTO files carefully
 =============================
  # OMP threads =          16
 =============================
 
 xtb4stdahome directory:/home/tchapet/xtb4stda/
 
 argument            1 :gbsa
 argument            2 :toluene
 
 name of molecule           :
 comment line               :
 number of atoms            :    74
 number of electrons        :   226
 charge                     :  0
 spin                       : 0.0
 first test random number   :  0.9437
 
 -----------------------------------------
      charge density (VTB) calculation
 -----------------------------------------
 
      method parameters     
 k(s)        :  1.8000
 k(p)        :  2.8350
 k(d)        :  2.0860
 k(f)        :  2.0000
 Tscal       :  0.3300
 Gscal       :  0.3910
 fpol        :  1.0000
 Zcnf        :  0.6500
 Zqf         :  0.0000
 kcn         :  0.3000
 kEN1        : -0.5900
 wllscal     :  2.6000
 
     -------------------------
     ! NO SOLVENT MODEL USED !
     -------------------------
 
 doing EN charges ...
 sum q : -0.4440892D-15
 point charge moment (au)
     X       Y       Z   
   0.0006  -0.4429   0.0241  total (Debye):    1.128
 
            Z      q(EN)   CN      Cart. coordinates
     1  N   5.0  -0.218   1.028     0.00080     1.80438    -0.34809
     2  C   4.0   0.243   2.133     0.00060    -0.36486    -0.36518
     3  C   4.0  -0.023   3.251    -0.00027    -3.03416    -0.52731
     4  C   4.0  -0.001   3.258    -2.29714    -4.35332    -0.72277
     5  C   4.0  -0.004   3.227    -4.74284    -3.07262    -0.49053
     6  C   4.0  -0.072   3.187    -6.67022    -3.56276    -2.21880
     7  C   4.0  -0.068   3.185    -8.96821    -2.34558    -2.02263
     8  C   4.0   0.083   3.271    -9.39752    -0.63525    -0.06878
     9  N   5.0  -0.306   3.242   -11.74203     0.62009     0.12682
    10  C   4.0   0.093   3.284   -11.87992     3.24860    -0.10357
    11  C   4.0  -0.069   3.192    -9.77067     4.72905    -0.61028
    12  C   4.0  -0.072   3.144    -9.97741     7.33261    -0.83010
    13  C   4.0  -0.073   3.142   -12.29526     8.50027    -0.57049
    14  C   4.0  -0.068   3.169   -14.42940     7.04427    -0.12214
    15  C   4.0   0.066   3.283   -14.23303     4.44780     0.09327
    16  O   6.0  -0.147   2.096   -16.44365     3.13211     0.47472
    17  C   4.0   0.066   3.283   -16.27120     0.54879     0.71087
    18  C   4.0  -0.068   3.169   -18.49758    -0.74917     1.14065
    19  C   4.0  -0.073   3.142   -18.47276    -3.35181     1.45977
    20  C   4.0  -0.072   3.144   -16.20216    -4.63276     1.37907
    21  C   4.0  -0.069   3.192   -13.96482    -3.33870     0.94486
    22  C   4.0   0.093   3.284   -13.96269    -0.74043     0.56272
    23  C   4.0  -0.068   3.185    -7.49396    -0.17268     1.68812
    24  C   4.0  -0.072   3.192    -5.18808    -1.37121     1.47035
    25  C   4.0   0.030   3.252    -2.14832    -6.94943    -1.15852
    26  N   5.0  -0.217   2.115    -0.00219    -8.20033    -1.37493
    27  C   4.0   0.030   3.252     2.14477    -6.95242    -1.14983
    28  C   4.0  -0.001   3.257     2.29558    -4.35632    -0.71441
    29  C   4.0  -0.004   3.227     4.74206    -3.07836    -0.47571
    30  C   4.0  -0.072   3.187     6.67486    -3.57528    -2.19607
    31  C   4.0  -0.068   3.185     8.97279    -2.35876    -1.99631
    32  C   4.0   0.083   3.271     9.39636    -0.64156    -0.04724
    33  N   5.0  -0.306   3.242    11.73992     0.61576     0.14891
    34  C   4.0   0.093   3.284    11.88015     3.24140    -0.11096
    35  C   4.0  -0.069   3.192     9.77046     4.71948    -0.62254
    36  C   4.0  -0.072   3.144     9.98031     7.31974    -0.87538
    37  C   4.0  -0.073   3.142    12.30178     8.48627    -0.64439
    38  C   4.0  -0.068   3.169    14.43564     7.03217    -0.18854
    39  C   4.0   0.066   3.283    14.23599     4.43908     0.06124
    40  O   6.0  -0.147   2.096    16.44628     3.12475     0.44974
    41  C   4.0   0.066   3.282    16.27168     0.54413     0.71246
    42  C   4.0  -0.068   3.169    18.49803    -0.75281     1.14536
    43  C   4.0  -0.073   3.142    18.47085    -3.35229     1.48939
    44  C   4.0  -0.072   3.144    16.19825    -4.63089     1.43004
    45  C   4.0  -0.069   3.192    13.96089    -3.33788     0.99286
    46  C   4.0   0.093   3.284    13.96091    -0.74328     0.58659
    47  C   4.0  -0.068   3.185     7.48802    -0.17323     1.70280
    48  C   4.0  -0.072   3.192     5.18240    -1.37194     1.48189
    49  H   1.0   0.075   1.005    -6.33853    -4.85809    -3.76007
    50  H   1.0   0.076   1.005   -10.44061    -2.70096    -3.38987
    51  H   1.0   0.077   1.007    -7.94893     3.84511    -0.84562
    52  H   1.0   0.074   1.004    -8.30292     8.43150    -1.21429
    53  H   1.0   0.074   1.004   -12.46609    10.52502    -0.73149
    54  H   1.0   0.075   1.005   -16.27599     7.88986     0.05472
    55  H   1.0   0.075   1.005   -20.23357     0.31608     1.22833
    56  H   1.0   0.074   1.004   -20.22071    -4.34754     1.78817
    57  H   1.0   0.074   1.004   -16.14604    -6.65219     1.65931
    58  H   1.0   0.077   1.007   -12.20080    -4.35915     0.91702
    59  H   1.0   0.076   1.005    -7.83297     1.12802     3.22301
    60  H   1.0   0.076   1.006    -3.73724    -1.01964     2.86247
    61  H   1.0   0.076   1.005    -3.85091    -8.06929    -1.31796
    62  H   1.0   0.076   1.005     3.84634    -8.07483    -1.30191
    63  H   1.0   0.075   1.005     6.34736    -4.87491    -3.73461
    64  H   1.0   0.076   1.005    10.44964    -2.71956    -3.35733
    65  H   1.0   0.077   1.007     7.94593     3.83603    -0.83712
    66  H   1.0   0.074   1.004     8.30549     8.41687    -1.26313
    67  H   1.0   0.074   1.004    12.47536    10.50846    -0.83239
    68  H   1.0   0.075   1.005    16.28458     7.87662    -0.03179
    69  H   1.0   0.075   1.005    20.23596     0.31056     1.21536
    70  H   1.0   0.074   1.004    20.21877    -4.34732     1.82008
    71  H   1.0   0.074   1.004    16.14061    -6.64753     1.72941
    72  H   1.0   0.077   1.007    12.19516    -4.35578     0.98142
    73  H   1.0   0.076   1.005     7.82273     1.13208     3.23468
    74  H   1.0   0.076   1.006     3.72764    -1.01578     2.86874
 
  Z AO/shell   Hii/eV     exponent
  1     Sat Feb 20 21:38:01 CET 2016    EN: 2.327 GAM: 0.473  GM3: 0.0000
     1s    -13.751157    1.051071
  6     Sat Feb 20 21:38:01 CET 2016    EN: 2.731 GAM: 0.422  GM3: 0.0000
     2s    -19.378245    2.021003
     2p    -11.993376    1.497917
  7     Sat Feb 20 21:38:01 CET 2016    EN: 3.573 GAM: 0.504  GM3: 0.0000
     2s    -21.576984    2.275442
     2p    -16.125120    2.056788
  8     Sat Feb 20 21:38:01 CET 2016    EN: 3.700 GAM: 0.587  GM3: 0.0000
     2s    -21.648843    2.110798
     2p    -17.239740    2.329048
 
 dipole moment of classical point charges (au)
     X       Y       Z   
   0.0006  -0.4429   0.0241  total (Debye):    1.128

 
 Nbf   :          218
 T(el) :   300.0
 calculating S/T integrals ...
 cpu time for ints   0.433407000000000     
 Nao   :          218
 making H0...
 making H1...
 cpu time for H      2.613700000000002E-002
 solving ...
 cpu time for diag   9.763699999999997E-002
 
 gap (eV)           :   3.619
 Koopmans IP (eV)   :  12.532
 Eel (Eh)           :  -178.475511
 T,E(Fermi),NFOD :    300.000   -10.723  0.000000
 T,E(Fermi),NFOD :    300.000   -10.723  0.000000
 Nfod               :  0.0000
 Nfod/Nel           :  0.0000

          eigenvalues
 #    :         101        102        103        104        105        106        107        108
 occ. :        2.000      2.000      2.000      2.000      2.000      2.000      2.000      2.000
 eps  :       -16.105    -15.655    -15.652    -15.533    -15.532    -15.409    -15.409    -15.001
 #    :         109        110        111        112        113        114        115        116
 occ. :        2.000      2.000      2.000      2.000      2.000      0.000      0.000      0.000
 eps  :       -14.705    -14.518    -14.386    -12.540    -12.533     -8.914     -7.017     -6.502
 #    :         117        118        119        120        121        122        123        124
 occ. :        0.000      0.000      0.000      0.000      0.000      0.000      0.000      0.000
 eps  :        -6.401     -5.990     -5.533     -5.486     -5.481     -5.470     -5.313     -5.295
                            1  SCC done.
 making H1...
 cpu time for H      0.121164000000000     
 solving ...
 cpu time for diag   4.552599999999996E-002
 
 gap (eV)           :   3.565
 Koopmans IP (eV)   :  12.308
 Eel (Eh)           :  -177.821726
 T,E(Fermi),NFOD :    300.000   -10.526  0.000000
 T,E(Fermi),NFOD :    300.000   -10.526  0.000000
 Nfod               :  0.0000
 Nfod/Nel           :  0.0000

          eigenvalues
 #    :         101        102        103        104        105        106        107        108
 occ. :        2.000      2.000      2.000      2.000      2.000      2.000      2.000      2.000
 eps  :       -15.675    -15.669    -15.509    -15.428    -15.427    -15.358    -15.357    -14.898
 #    :         109        110        111        112        113        114        115        116
 occ. :        2.000      2.000      2.000      2.000      2.000      0.000      0.000      0.000
 eps  :       -14.736    -14.324    -14.299    -12.314    -12.310     -8.745     -7.198     -6.488
 #    :         117        118        119        120        121        122        123        124
 occ. :        0.000      0.000      0.000      0.000      0.000      0.000      0.000      0.000
 eps  :        -6.341     -6.012     -5.561     -5.506     -5.414     -5.408     -5.219     -5.200
                            2  SCC done.
 
 
 Mulliken/CM5 charges    n(s)   n(p)   n(d)   
    1 N  -0.2141 -0.3434   1.644  3.570  0.000
    2 C   0.1047  0.2230   1.178  2.717  0.000
    3 C   0.0176  0.0218   1.161  2.822  0.000
    4 C   0.0139  0.0145   1.183  2.803  0.000
    5 C  -0.0077 -0.0154   1.164  2.843  0.000
    6 C  -0.0320 -0.0853   1.140  2.892  0.000
    7 C  -0.0284 -0.0777   1.139  2.889  0.000
    8 C   0.0616  0.1142   1.175  2.763  0.000
    9 N  -0.1285 -0.3660   1.225  3.903  0.000
   10 C   0.0466  0.1087   1.176  2.777  0.000
   11 C  -0.0551 -0.1036   1.134  2.921  0.000
   12 C  -0.0434 -0.0995   1.133  2.911  0.000
   13 C  -0.0492 -0.1053   1.132  2.918  0.000
   14 C  -0.0469 -0.0975   1.132  2.915  0.000
   15 C   0.0726  0.0978   1.153  2.774  0.000
   16 O  -0.1420 -0.2049   1.452  4.690  0.000
   17 C   0.0737  0.0989   1.153  2.773  0.000
   18 C  -0.0466 -0.0971   1.132  2.914  0.000
   19 C  -0.0495 -0.1056   1.132  2.918  0.000
   20 C  -0.0450 -0.1011   1.133  2.912  0.000
   21 C  -0.0571 -0.1056   1.133  2.924  0.000
   22 C   0.0471  0.1093   1.176  2.777  0.000
   23 C  -0.0263 -0.0756   1.139  2.887  0.000
   24 C  -0.0299 -0.0822   1.141  2.889  0.000
   25 C   0.0265  0.0555   1.162  2.812  0.000
   26 N  -0.1642 -0.3645   1.480  3.684  0.000
   27 C   0.0265  0.0555   1.162  2.812  0.000
   28 C   0.0139  0.0145   1.183  2.803  0.000
   29 C  -0.0077 -0.0154   1.164  2.843  0.000
   30 C  -0.0321 -0.0854   1.140  2.892  0.000
   31 C  -0.0285 -0.0777   1.139  2.889  0.000
   32 C   0.0616  0.1142   1.175  2.763  0.000
   33 N  -0.1285 -0.3661   1.225  3.904  0.000
   34 C   0.0466  0.1087   1.176  2.777  0.000
   35 C  -0.0551 -0.1036   1.134  2.921  0.000
   36 C  -0.0434 -0.0995   1.133  2.911  0.000
   37 C  -0.0492 -0.1053   1.132  2.918  0.000
   38 C  -0.0469 -0.0974   1.132  2.915  0.000
   39 C   0.0726  0.0978   1.153  2.774  0.000
   40 O  -0.1421 -0.2049   1.452  4.690  0.000
   41 C   0.0737  0.0989   1.153  2.773  0.000
   42 C  -0.0466 -0.0971   1.132  2.914  0.000
   43 C  -0.0495 -0.1056   1.132  2.918  0.000
   44 C  -0.0450 -0.1011   1.133  2.912  0.000
   45 C  -0.0571 -0.1055   1.133  2.924  0.000
   46 C   0.0471  0.1093   1.176  2.777  0.000
   47 C  -0.0262 -0.0756   1.139  2.887  0.000
   48 C  -0.0299 -0.0821   1.141  2.889  0.000
   49 H   0.0440  0.1023   0.956  0.000  0.000
   50 H   0.0435  0.1042   0.957  0.000  0.000
   51 H   0.0438  0.1067   0.956  0.000  0.000
   52 H   0.0443  0.1010   0.956  0.000  0.000
   53 H   0.0425  0.0992   0.957  0.000  0.000
   54 H   0.0406  0.1008   0.959  0.000  0.000
   55 H   0.0410  0.1012   0.959  0.000  0.000
   56 H   0.0425  0.0992   0.957  0.000  0.000
   57 H   0.0432  0.0998   0.957  0.000  0.000
   58 H   0.0419  0.1047   0.958  0.000  0.000
   59 H   0.0442  0.1050   0.956  0.000  0.000
   60 H   0.0455  0.1059   0.954  0.000  0.000
   61 H   0.0564  0.1251   0.944  0.000  0.000
   62 H   0.0564  0.1251   0.944  0.000  0.000
   63 H   0.0440  0.1023   0.956  0.000  0.000
   64 H   0.0434  0.1042   0.957  0.000  0.000
   65 H   0.0438  0.1067   0.956  0.000  0.000
   66 H   0.0443  0.1010   0.956  0.000  0.000
   67 H   0.0425  0.0992   0.957  0.000  0.000
   68 H   0.0406  0.1008   0.959  0.000  0.000
   69 H   0.0410  0.1012   0.959  0.000  0.000
   70 H   0.0425  0.0992   0.957  0.000  0.000
   71 H   0.0432  0.0998   0.957  0.000  0.000
   72 H   0.0419  0.1047   0.958  0.000  0.000
   73 H   0.0442  0.1050   0.956  0.000  0.000
   74 H   0.0455  0.1060   0.954  0.000  0.000
 Hirshfeld charges for QMDFF written to <charges>
 
 Loewdin charges    n(s)   n(p)   n(d)
    1 N  -0.2012   1.605  3.596  0.000
    2 C   0.0955   1.145  2.759  0.000
    3 C   0.0172   1.118  2.865  0.000
    4 C   0.0161   1.141  2.843  0.000
    5 C  -0.0028   1.120  2.882  0.000
    6 C  -0.0263   1.087  2.940  0.000
    7 C  -0.0251   1.086  2.939  0.000
    8 C   0.0596   1.138  2.802  0.000
    9 N  -0.0908   1.185  3.906  0.000
   10 C   0.0390   1.141  2.820  0.000
   11 C  -0.0531   1.081  2.972  0.000
   12 C  -0.0357   1.078  2.958  0.000
   13 C  -0.0421   1.077  2.965  0.000
   14 C  -0.0441   1.079  2.965  0.000
   15 C   0.0589   1.120  2.822  0.000
   16 O  -0.1027   1.413  4.689  0.000
   17 C   0.0599   1.119  2.821  0.000
   18 C  -0.0438   1.079  2.964  0.000
   19 C  -0.0425   1.077  2.966  0.000
   20 C  -0.0373   1.078  2.960  0.000
   21 C  -0.0551   1.081  2.974  0.000
   22 C   0.0395   1.141  2.819  0.000
   23 C  -0.0231   1.086  2.937  0.000
   24 C  -0.0242   1.087  2.937  0.000
   25 C   0.0234   1.116  2.860  0.000
   26 N  -0.1389   1.442  3.696  0.000
   27 C   0.0234   1.116  2.860  0.000
   28 C   0.0161   1.141  2.843  0.000
   29 C  -0.0028   1.120  2.882  0.000
   30 C  -0.0263   1.087  2.940  0.000
   31 C  -0.0251   1.086  2.939  0.000
   32 C   0.0596   1.138  2.802  0.000
   33 N  -0.0909   1.185  3.906  0.000
   34 C   0.0391   1.141  2.820  0.000
   35 C  -0.0531   1.081  2.972  0.000
   36 C  -0.0356   1.078  2.958  0.000
   37 C  -0.0421   1.077  2.965  0.000
   38 C  -0.0441   1.079  2.965  0.000
   39 C   0.0589   1.120  2.822  0.000
   40 O  -0.1027   1.413  4.689  0.000
   41 C   0.0599   1.119  2.821  0.000
   42 C  -0.0438   1.079  2.964  0.000
   43 C  -0.0425   1.077  2.966  0.000
   44 C  -0.0373   1.078  2.960  0.000
   45 C  -0.0551   1.081  2.974  0.000
   46 C   0.0394   1.141  2.819  0.000
   47 C  -0.0230   1.086  2.937  0.000
   48 C  -0.0242   1.087  2.937  0.000
   49 H   0.0358   0.964  0.000  0.000
   50 H   0.0349   0.965  0.000  0.000
   51 H   0.0360   0.964  0.000  0.000
   52 H   0.0366   0.963  0.000  0.000
   53 H   0.0350   0.965  0.000  0.000
   54 H   0.0325   0.968  0.000  0.000
   55 H   0.0327   0.967  0.000  0.000
   56 H   0.0350   0.965  0.000  0.000
   57 H   0.0357   0.964  0.000  0.000
   58 H   0.0343   0.966  0.000  0.000
   59 H   0.0356   0.964  0.000  0.000
   60 H   0.0369   0.963  0.000  0.000
   61 H   0.0448   0.955  0.000  0.000
   62 H   0.0449   0.955  0.000  0.000
   63 H   0.0358   0.964  0.000  0.000
   64 H   0.0349   0.965  0.000  0.000
   65 H   0.0360   0.964  0.000  0.000
   66 H   0.0366   0.963  0.000  0.000
   67 H   0.0350   0.965  0.000  0.000
   68 H   0.0325   0.968  0.000  0.000
   69 H   0.0327   0.967  0.000  0.000
   70 H   0.0350   0.965  0.000  0.000
   71 H   0.0357   0.964  0.000  0.000
   72 H   0.0343   0.966  0.000  0.000
   73 H   0.0356   0.964  0.000  0.000
   74 H   0.0369   0.963  0.000  0.000
 
 Wiberg/Mayer (AO) data. WBOs > 0.1 written file <wbo>
 largest (>0.05) Wiberg bond orders for each atom
           total WBO             WBO to atom ...
     1  N   3.050    C    2 2.816    C    3 0.073    C    4 0.065    C   28 0.065
     2  C   3.938    N    1 2.816    C    3 1.055
     3  C   3.957    C    4 1.290    C   28 1.290    C    2 1.055    N   26 0.100    N    1 0.073
     4  C   3.946    C   25 1.373    C    3 1.290    C    5 1.002    C   27 0.093    N    1 0.065
     5  C   3.956    C    6 1.367    C   24 1.367    C    4 1.002    C    8 0.103
     6  C   3.970    C    7 1.449    C    5 1.367    H   49 0.944    C   23 0.103
     7  C   3.968    C    6 1.449    C    8 1.379    H   50 0.945    C   24 0.103
     8  C   3.930    C   23 1.379    C    7 1.379    N    9 0.967    C    5 0.103
     9  N   3.354    C   22 1.011    C   10 1.009    C    8 0.967
    10  C   3.932    C   11 1.391    C   15 1.305    N    9 1.009    C   13 0.101
    11  C   3.968    C   12 1.418    C   10 1.391    H   51 0.941    C   14 0.099
    12  C   3.972    C   13 1.441    C   11 1.418    H   52 0.944    C   15 0.101
    13  C   3.970    C   12 1.441    C   14 1.411    H   53 0.945    C   10 0.101
    14  C   3.969    C   15 1.412    C   13 1.411    H   54 0.946    C   11 0.099
    15  C   3.930    C   14 1.412    C   10 1.305    O   16 1.006    C   12 0.101
    16  O   2.290    C   17 1.007    C   15 1.006
    17  C   3.930    C   18 1.412    C   22 1.304    O   16 1.007    C   20 0.101
    18  C   3.969    C   17 1.412    C   19 1.410    H   55 0.946    C   21 0.099
    19  C   3.970    C   20 1.441    C   18 1.410    H   56 0.945    C   22 0.100
    20  C   3.972    C   19 1.441    C   21 1.417    H   57 0.944    C   17 0.101
    21  C   3.968    C   20 1.417    C   22 1.390    H   58 0.942    C   18 0.099
    22  C   3.932    C   21 1.390    C   17 1.304    N    9 1.011    C   19 0.100
    23  C   3.968    C   24 1.448    C    8 1.379    H   59 0.945    C    6 0.103
    24  C   3.970    C   23 1.448    C    5 1.367    H   60 0.942    C    7 0.103
    25  C   3.952    N   26 1.428    C    4 1.373    H   61 0.945    C   28 0.093
    26  N   3.104    C   27 1.428    C   25 1.428    C    3 0.100
    27  C   3.952    N   26 1.428    C   28 1.373    H   62 0.945    C    4 0.093
    28  C   3.946    C   27 1.373    C    3 1.290    C   29 1.003    C   25 0.093    N    1 0.065
    29  C   3.956    C   48 1.367    C   30 1.367    C   28 1.003    C   32 0.103
    30  C   3.970    C   31 1.449    C   29 1.367    H   63 0.944    C   47 0.103
    31  C   3.968    C   30 1.449    C   32 1.379    H   64 0.945    C   48 0.103
    32  C   3.930    C   47 1.379    C   31 1.379    N   33 0.967    C   29 0.103
    33  N   3.354    C   46 1.011    C   34 1.009    C   32 0.967
    34  C   3.932    C   35 1.391    C   39 1.305    N   33 1.009    C   37 0.101
    35  C   3.968    C   36 1.418    C   34 1.391    H   65 0.941    C   38 0.099
    36  C   3.972    C   37 1.441    C   35 1.418    H   66 0.944    C   39 0.101
    37  C   3.970    C   36 1.441    C   38 1.411    H   67 0.945    C   34 0.101
    38  C   3.969    C   39 1.412    C   37 1.411    H   68 0.946    C   35 0.099
    39  C   3.930    C   38 1.412    C   34 1.305    O   40 1.006    C   36 0.101
    40  O   2.290    C   41 1.007    C   39 1.006
    41  C   3.930    C   42 1.412    C   46 1.304    O   40 1.007    C   44 0.101
    42  C   3.969    C   41 1.412    C   43 1.410    H   69 0.946    C   45 0.099
    43  C   3.970    C   44 1.441    C   42 1.410    H   70 0.945    C   46 0.100
    44  C   3.972    C   43 1.441    C   45 1.417    H   71 0.944    C   41 0.101
    45  C   3.968    C   44 1.417    C   46 1.390    H   72 0.942    C   42 0.099
    46  C   3.932    C   45 1.390    C   41 1.304    N   33 1.011    C   43 0.100
    47  C   3.968    C   48 1.448    C   32 1.379    H   73 0.945    C   30 0.103
    48  C   3.970    C   47 1.448    C   29 1.367    H   74 0.942    C   31 0.103
    49  H   0.997    C    6 0.944
    50  H   0.996    C    7 0.945
    51  H   0.998    C   11 0.941
    52  H   0.997    C   12 0.944
    53  H   0.997    C   13 0.945
    54  H   0.997    C   14 0.946
    55  H   0.997    C   18 0.946
    56  H   0.997    C   19 0.945
    57  H   0.997    C   20 0.944
    58  H   0.998    C   21 0.942
    59  H   0.996    C   23 0.945
    60  H   0.997    C   24 0.942
    61  H   0.994    C   25 0.945
    62  H   0.994    C   27 0.945
    63  H   0.997    C   30 0.944
    64  H   0.996    C   31 0.945
    65  H   0.998    C   35 0.941
    66  H   0.997    C   36 0.944
    67  H   0.997    C   37 0.945
    68  H   0.997    C   38 0.946
    69  H   0.997    C   42 0.946
    70  H   0.997    C   43 0.945
    71  H   0.997    C   44 0.944
    72  H   0.998    C   45 0.942
    73  H   0.996    C   47 0.945
    74  H   0.997    C   48 0.942
 
 --------------------------------------------
          xTB calculation for sTDA...
 --------------------------------------------
 
 reading parameter file /home/tchapet/xtb4stda/.param_stda2.xtb
 
      method parameters     
 k(s)        :  1.6000
 k(p)        :  2.1800
 k(d)        :  1.9500
 k(f)        :  2.0000
 k(R-V)      :  2.2750
 k(R-R)      :  1.7650
 Tscal       :  0.2580
 Gscal       :  1.0000
 fpol        :  1.0000
 Zcnf        :  0.3430
 Zqf         :  0.0000
 kcn         :  2.7000
 Ryd Hsplit  :  0.7000
 lshift(virt):  3.1000
 lshift(OS)  :  0.2000
 wllscaling  :  2.6000
 
 mowrcut     : 3.000
 
  Z AO/shell   Hii/eV     exponent
  1     Sun Feb 14 09:53:25 CET 2016    EN: 2.327 GAM: 0.473  GM3: 0.0000
     1s    -14.339618    1.220000
     2sp    -3.348946    0.600000
  6     Sun Feb 14 09:53:25 CET 2016    EN: 2.731 GAM: 0.422  GM3: 0.0000
     2s    -22.009312    1.565095
     2p    -13.020408    1.596905
     3sp    -3.914040    0.824500
  7     Sun Feb 14 09:53:25 CET 2016    EN: 3.573 GAM: 0.504  GM3: 0.0000
     2s    -25.722000    2.064844
     2p    -18.684912    1.801692
     3sp    -4.344791    0.921400
  8     Sun Feb 14 09:53:25 CET 2016    EN: 3.700 GAM: 0.587  GM3: 0.0000
     2s    -33.859000    2.418661
     2p    -22.175911    1.973969
     3sp    -4.259392    1.013700
 
 Nbf   :          514
 T(el) :     0.0
 calculating S/T integrals ...
 cpu time for ints    2.72701400000000     
 Nao   :          514
 making H0...
 making H1...
 cpu time for H      4.299999999999748E-003
 solving ...
 cpu time for diag   0.130045000000000     
 
 gap (eV)           :   5.365
 Koopmans IP (eV)   :  13.158
 Eel (Eh)           :  -199.381532

          eigenvalues
 #    :         101        102        103        104        105        106        107        108
 occ. :        2.000      2.000      2.000      2.000      2.000      2.000      2.000      2.000
 eps  :       -17.137    -16.632    -16.629    -16.311    -16.311    -16.263    -16.261    -16.200
 #    :         109        110        111        112        113        114        115        116
 occ. :        2.000      2.000      2.000      2.000      2.000      0.000      0.000      0.000
 eps  :       -15.994    -15.389    -15.382    -13.162    -13.159     -7.793     -7.374     -6.218
 #    :         117        118        119        120        121        122        123        124
 occ. :        0.000      0.000      0.000      0.000      0.000      0.000      0.000      0.000
 eps  :        -6.216     -6.161     -6.000     -5.999     -5.824     -5.823     -5.648     -5.431
                            1  SCC done.
 writing mo output ...
 molden style : F
 
speedup  8.25
cpu  time for all    3.81 s
wall time for all    0.46 s
