 
        ______________________________________
       |                                      |
       |          ===================         |
       |             xTB for sTDA             |
       |          ===================         |
       |               S. Grimme              |
       |        Universitaet Bonn, MCTC       |
       |         2015-19, Version 1.0         |
       |     Wed Apr  3 09:14:55 CEST 2019    |
       |______________________________________|
 
        This code comes without any warranty
        for non-commercial, academia use only.
        Preliminary test version.
        Cite this work as:
        S. Grimme  &  C. Bannwarth, JCP 145 (2016) 054103
        if GBSA is used additionally:
        P. Shushkov, F. März, C. Bannwarth, S. Grimme, unpublished.
 
        with help from
        P. Shushkov, G. Brandenburg, S. Dohm, J. Pisarek,
        F. März, M. Checinski, S. Ehrlich, S. Spicher, 
        P. Pracht, E. Caldeweyher, S. Ehlert, and C. Bannwarth.
 
        usage        :
        xtb4stda <coord_file> [options]
        where <coord_file> is a valid file of TM)
        (*coord, Bohr) or xmol (*xyz, Angstroem)
        format.

        options:
        -chrg <int>   : molecular charge
        -uhf  <int>   : # of unpaired electrons(=2*S)
        -nox          : skip second, extended part in sTDA-xTB
        -pop          : do population analysis
                      : (default for -nox)
        -mowr <real>  : cut MO write above (def.3 Eh)
        -molden       : write formatted molden file
        -parx <file>  : read parameters for sTDA-xTB
                        calc (def:~/.param_stda2.xtb)
        -parv <file>  : read parameters for vTB part in
                        sTDA-xTB (def: ~/.param_stda1.xtb)
        -xtemp <real> : el. temp for xTB (def. 0 K)
        -etemp <real> : el. temp for GFN (def. 300 K)
        -fod          : calculate the FOD and write
                        molden.input file with
                        appropriate occupations
                        for plotting. Def. T=12500 K
 
        -acc <real>   : xTB accuracy (def. 1.0)
        -gbsa [string1] [string2]
                        use GBSA implicit solvent
                        for solvent [string1] and
                        solvation state [string2]=
                        reference, bar1M (default=1M)
        additional GFN/opt/MD/siman options read from
        $XTB4STDAHOME/.xtb4stdarc or $set in input
 
       spin and charge state information can be on:
       <.CHRG> (charge) and <.UHF> (=nalpha-nbeta)
       -uhf and -chrg override the file info.
       useful machine settings:
       setenv MKL_NUM_THREADS <NCORE_ON_YOUR_MACHINE>
       setenv OMP_STACKSIZE 500m
       limit stacksize unlimited
 
       total energies in Eh, gaps/HL energies in eV
       please read REVISION and HOWTO files carefully
 =============================
  # OMP threads =          16
 =============================
 
 xtb4stdahome directory:/home/tchapet/xtb4stda/
 
 argument            1 :gbsa
 argument            2 :toluene
 
 name of molecule           :
 comment line               :
 number of atoms            :    79
 number of electrons        :   236
 charge                     :  0
 spin                       : 0.0
 first test random number   :  0.5865
 
 -----------------------------------------
      charge density (VTB) calculation
 -----------------------------------------
 
      method parameters     
 k(s)        :  1.8000
 k(p)        :  2.8350
 k(d)        :  2.0860
 k(f)        :  2.0000
 Tscal       :  0.3300
 Gscal       :  0.3910
 fpol        :  1.0000
 Zcnf        :  0.6500
 Zqf         :  0.0000
 kcn         :  0.3000
 kEN1        : -0.5900
 wllscal     :  2.6000
 
     -------------------------
     ! NO SOLVENT MODEL USED !
     -------------------------
 
 doing EN charges ...
 sum q :  0.1776357D-14
 point charge moment (au)
     X       Y       Z   
  -0.1181   0.2935   0.0157  total (Debye):    0.805
 
            Z      q(EN)   CN      Cart. coordinates
     1  C   4.0  -0.072   3.140     1.30359     1.19237     6.10924
     2  C   4.0  -0.072   3.140     3.94040     1.30610     5.88296
     3  C   4.0  -0.071   3.184     5.12471     0.18944     3.87676
     4  C   4.0  -0.001   3.286     3.72281    -1.04304     1.97216
     5  C   4.0   0.090   3.268     4.90047    -2.31931    -0.07857
     6  N   5.0  -0.324   3.321     7.53909    -2.23069    -0.36615
     7  C   4.0   0.089   3.472     9.13582    -4.29207    -0.37248
     8  C   4.0  -0.063   3.154     8.58120    -6.82367     0.02524
     9  C   4.0  -0.073   3.151    10.56211    -8.52404    -0.02680
    10  C   4.0  -0.073   3.145    13.03949    -7.73498    -0.45106
    11  C   4.0  -0.067   3.152    13.60434    -5.21399    -0.81802
    12  C   4.0  -0.000   3.372    11.64528    -3.46648    -0.77543
    13  C   4.0  -0.000   3.372    11.53225    -0.76770    -1.05258
    14  C   4.0  -0.067   3.152    13.33562     1.08731    -1.50088
    15  C   4.0  -0.073   3.145    12.55369     3.56876    -1.70075
    16  C   4.0  -0.073   3.152    10.00684     4.21076    -1.49586
    17  C   4.0  -0.063   3.156     8.17581     2.40271    -1.05367
    18  C   4.0   0.088   3.473     8.96002    -0.08748    -0.79943
    19  C   4.0  -0.067   3.182     3.47178    -3.68854    -1.76172
    20  C   4.0  -0.070   3.189     0.83701    -3.67785    -1.60554
    21  C   4.0   0.009   3.247    -0.38157    -2.31985     0.24598
    22  C   4.0   0.194   3.610    -3.13278    -2.10626     0.13681
    23  N   5.0  -0.197   2.250    -4.70261    -4.01001     0.07222
    24  C   4.0   0.077   3.572    -7.05306    -2.97415    -0.14257
    25  C   4.0   0.005   3.268    -9.41563    -4.25583    -0.20639
    26  C   4.0  -0.071   3.182    -9.55639    -6.89025    -0.01845
    27  C   4.0  -0.072   3.138   -11.85900    -8.08453    -0.01490
    28  C   4.0  -0.072   3.142   -14.06048    -6.64871    -0.19112
    29  C   4.0  -0.073   3.182   -13.94471    -4.05943    -0.39065
    30  C   4.0  -0.003   3.264   -11.62664    -2.76982    -0.42316
    31  C   4.0  -0.003   3.266   -11.43849    -0.04560    -0.71509
    32  C   4.0  -0.074   3.185   -13.58268     1.46221    -1.11130
    33  C   4.0  -0.072   3.139   -13.41323     4.02574    -1.49930
    34  C   4.0  -0.072   3.139   -11.06107     5.20144    -1.54529
    35  C   4.0  -0.072   3.182    -8.91602     3.79754    -1.14270
    36  C   4.0   0.004   3.252    -9.05286     1.19138    -0.67961
    37  C   4.0   0.102   3.477    -6.88828    -0.34947    -0.25175
    38  N   5.0  -0.321   3.355    -4.34923     0.19235    -0.04635
    39  C   4.0   0.089   3.251    -3.09936     2.53587     0.13411
    40  C   4.0  -0.069   3.187    -3.75610     4.26413     2.00788
    41  C   4.0  -0.068   3.168    -2.37505     6.45591     2.29175
    42  C   4.0   0.068   3.269    -0.31194     6.94860     0.74232
    43  C   4.0   0.070   3.272     0.29896     5.24779    -1.18852
    44  C   4.0  -0.064   3.219    -1.09940     3.04856    -1.47910
    45  O   6.0  -0.128   2.068     2.26101     5.66291    -2.81962
    46  C   4.0  -0.111   4.112     3.18597     8.17302    -2.76551
    47  C   4.0  -0.111   4.113     3.46210     9.06935    -0.03644
    48  O   6.0  -0.127   2.066     1.07586     9.08807     1.17177
    49  C   4.0  -0.004   3.293     1.04618    -1.08857     2.15838
    50  C   4.0  -0.072   3.192    -0.10606     0.01282     4.29452
    51  H   1.0   0.074   1.004     0.39453     2.02046     7.73746
    52  H   1.0   0.074   1.004     5.03668     2.23734     7.33055
    53  H   1.0   0.076   1.007     7.16102     0.21229     3.75357
    54  H   1.0   0.075   1.005     6.66704    -7.44074     0.37101
    55  H   1.0   0.074   1.004    10.18364   -10.50788     0.27139
    56  H   1.0   0.074   1.004    14.53589    -9.12305    -0.48178
    57  H   1.0   0.074   1.004    15.52736    -4.60548    -1.12759
    58  H   1.0   0.074   1.004    15.30547     0.59016    -1.69093
    59  H   1.0   0.074   1.004    13.92741     5.03975    -2.04102
    60  H   1.0   0.074   1.005     9.45759     6.16728    -1.69081
    61  H   1.0   0.076   1.006     6.20095     2.89777    -0.92539
    62  H   1.0   0.076   1.005     4.39247    -4.71247    -3.26798
    63  H   1.0   0.076   1.006    -0.26486    -4.67856    -3.00076
    64  H   1.0   0.076   1.005    -7.80778    -7.92951     0.13501
    65  H   1.0   0.074   1.004   -11.97208   -10.11726     0.13298
    66  H   1.0   0.074   1.004   -15.87851    -7.57852    -0.17186
    67  H   1.0   0.076   1.006   -15.69723    -3.02730    -0.51710
    68  H   1.0   0.076   1.006   -15.43084     0.60623    -1.13825
    69  H   1.0   0.074   1.004   -15.10788     5.12347    -1.79882
    70  H   1.0   0.074   1.004   -10.92041     7.20583    -1.90318
    71  H   1.0   0.077   1.008    -7.09160     4.70349    -1.21393
    72  H   1.0   0.076   1.006    -5.32776     3.87331     3.24693
    73  H   1.0   0.076   1.005    -2.83464     7.80579     3.74646
    74  H   1.0   0.078   1.007    -0.58572     1.75608    -2.96830
    75  H   1.0   0.083   1.000     5.00107     8.13698    -3.73885
    76  H   1.0   0.080   1.000     1.87238     9.42360    -3.77320
    77  H   1.0   0.082   1.000     4.17058    11.00223     0.05140
    78  H   1.0   0.080   1.000     4.74841     7.79811     0.98120
    79  H   1.0   0.077   1.007    -2.12830    -0.14571     4.51189
 
  Z AO/shell   Hii/eV     exponent
  1     Sat Feb 20 21:38:01 CET 2016    EN: 2.327 GAM: 0.473  GM3: 0.0000
     1s    -13.751157    1.051071
  6     Sat Feb 20 21:38:01 CET 2016    EN: 2.731 GAM: 0.422  GM3: 0.0000
     2s    -19.378245    2.021003
     2p    -11.993376    1.497917
  7     Sat Feb 20 21:38:01 CET 2016    EN: 3.573 GAM: 0.504  GM3: 0.0000
     2s    -21.576984    2.275442
     2p    -16.125120    2.056788
  8     Sat Feb 20 21:38:01 CET 2016    EN: 3.700 GAM: 0.587  GM3: 0.0000
     2s    -21.648843    2.110798
     2p    -17.239740    2.329048
 
 dipole moment of classical point charges (au)
     X       Y       Z   
  -0.1181   0.2935   0.0157  total (Debye):    0.805

 
 Nbf   :          229
 T(el) :   300.0
 calculating S/T integrals ...
 cpu time for ints   0.373484000000000     
 Nao   :          229
 making H0...
 making H1...
 cpu time for H      2.165000000000000E-002
 solving ...
 cpu time for diag   8.765799999999996E-002
 
 gap (eV)           :   4.919
 Koopmans IP (eV)   :  13.121
 Eel (Eh)           :  -185.463801
 T,E(Fermi),NFOD :    300.000   -10.662  0.000000
 T,E(Fermi),NFOD :    300.000   -10.662  0.000000
 Nfod               :  0.0000
 Nfod/Nel           :  0.0000

          eigenvalues
 #    :         106        107        108        109        110        111        112        113
 occ. :        2.000      2.000      2.000      2.000      2.000      2.000      2.000      2.000
 eps  :       -16.450    -16.247    -16.098    -15.534    -15.424    -15.256    -14.781    -14.426
 #    :         114        115        116        117        118        119        120        121
 occ. :        2.000      2.000      2.000      2.000      2.000      0.000      0.000      0.000
 eps  :       -14.294    -14.091    -13.704    -13.480    -13.122     -8.203     -7.435     -7.150
 #    :         122        123        124        125        126        127        128        129
 occ. :        0.000      0.000      0.000      0.000      0.000      0.000      0.000      0.000
 eps  :        -6.937     -6.865     -6.503     -6.278     -5.729     -5.645     -5.359     -5.154
                            1  SCC done.
 making H1...
 cpu time for H      0.111267000000000     
 solving ...
 cpu time for diag   5.183199999999999E-002
 
 gap (eV)           :   4.838
 Koopmans IP (eV)   :  12.965
 Eel (Eh)           :  -184.477139
 T,E(Fermi),NFOD :    300.000   -10.546  0.000000
 T,E(Fermi),NFOD :    300.000   -10.546  0.000000
 Nfod               :  0.0000
 Nfod/Nel           :  0.0000

          eigenvalues
 #    :         106        107        108        109        110        111        112        113
 occ. :        2.000      2.000      2.000      2.000      2.000      2.000      2.000      2.000
 eps  :       -15.954    -15.793    -15.439    -15.428    -15.284    -15.057    -14.561    -14.274
 #    :         114        115        116        117        118        119        120        121
 occ. :        2.000      2.000      2.000      2.000      2.000      0.000      0.000      0.000
 eps  :       -14.164    -13.991    -13.455    -13.345    -12.966     -8.127     -7.351     -6.976
 #    :         122        123        124        125        126        127        128        129
 occ. :        0.000      0.000      0.000      0.000      0.000      0.000      0.000      0.000
 eps  :        -6.777     -6.745     -6.403     -6.050     -5.745     -5.589     -5.278     -5.193
                            2  SCC done.
 
 
 Mulliken/CM5 charges    n(s)   n(p)   n(d)   
    1 C  -0.0319 -0.0883   1.136  2.896  0.000
    2 C  -0.0312 -0.0876   1.135  2.896  0.000
    3 C  -0.0374 -0.0892   1.141  2.896  0.000
    4 C   0.0041  0.0043   1.167  2.828  0.000
    5 C   0.0565  0.1142   1.180  2.764  0.000
    6 N  -0.0956 -0.3434   1.233  3.863  0.000
    7 C   0.0350  0.0983   1.184  2.781  0.000
    8 C  -0.0435 -0.0925   1.135  2.909  0.000
    9 C  -0.0386 -0.0945   1.135  2.904  0.000
   10 C  -0.0489 -0.1050   1.132  2.917  0.000
   11 C  -0.0368 -0.0896   1.138  2.899  0.000
   12 C  -0.0296 -0.0267   1.166  2.864  0.000
   13 C  -0.0286 -0.0258   1.166  2.863  0.000
   14 C  -0.0365 -0.0893   1.138  2.898  0.000
   15 C  -0.0500 -0.1061   1.132  2.918  0.000
   16 C  -0.0424 -0.0985   1.135  2.907  0.000
   17 C  -0.0445 -0.0939   1.135  2.909  0.000
   18 C   0.0355  0.0981   1.184  2.780  0.000
   19 C  -0.0268 -0.0746   1.136  2.890  0.000
   20 C  -0.0176 -0.0690   1.141  2.877  0.000
   21 C   0.0184  0.0219   1.160  2.821  0.000
   22 C   0.0701  0.2165   1.225  2.705  0.000
   23 N  -0.2228 -0.4007   1.535  3.688  0.000
   24 C  -0.0121  0.0661   1.182  2.830  0.000
   25 C   0.0134  0.0139   1.164  2.822  0.000
   26 C  -0.0285 -0.0801   1.137  2.891  0.000
   27 C  -0.0356 -0.0917   1.136  2.900  0.000
   28 C  -0.0411 -0.0975   1.135  2.906  0.000
   29 C  -0.0443 -0.0984   1.140  2.904  0.000
   30 C  -0.0123 -0.0167   1.170  2.842  0.000
   31 C  -0.0037 -0.0081   1.170  2.833  0.000
   32 C  -0.0407 -0.0948   1.140  2.901  0.000
   33 C  -0.0410 -0.0974   1.135  2.906  0.000
   34 C  -0.0374 -0.0937   1.136  2.902  0.000
   35 C  -0.0477 -0.1003   1.141  2.906  0.000
   36 C   0.0053  0.0050   1.168  2.827  0.000
   37 C   0.0106  0.0848   1.189  2.800  0.000
   38 N  -0.0766 -0.3180   1.262  3.814  0.000
   39 C   0.0526  0.1068   1.165  2.782  0.000
   40 C  -0.0426 -0.0926   1.134  2.909  0.000
   41 C  -0.0401 -0.0910   1.130  2.911  0.000
   42 C   0.0609  0.0817   1.156  2.783  0.000
   43 C   0.0673  0.0883   1.155  2.778  0.000
   44 C  -0.0475 -0.0898   1.133  2.915  0.000
   45 O  -0.1652 -0.2496   1.474  4.691  0.000
   46 C   0.0445 -0.0333   1.140  2.815  0.000
   47 C   0.0443 -0.0333   1.140  2.816  0.000
   48 O  -0.1671 -0.2491   1.475  4.692  0.000
   49 C   0.0023 -0.0007   1.169  2.828  0.000
   50 C  -0.0349 -0.0871   1.141  2.894  0.000
   51 H   0.0414  0.0981   0.959  0.000  0.000
   52 H   0.0406  0.0972   0.959  0.000  0.000
   53 H   0.0442  0.1081   0.956  0.000  0.000
   54 H   0.0406  0.1004   0.959  0.000  0.000
   55 H   0.0436  0.1001   0.956  0.000  0.000
   56 H   0.0401  0.0966   0.960  0.000  0.000
   57 H   0.0418  0.0989   0.958  0.000  0.000
   58 H   0.0422  0.0993   0.958  0.000  0.000
   59 H   0.0396  0.0961   0.960  0.000  0.000
   60 H   0.0415  0.0985   0.958  0.000  0.000
   61 H   0.0424  0.1051   0.958  0.000  0.000
   62 H   0.0473  0.1083   0.953  0.000  0.000
   63 H   0.0538  0.1136   0.946  0.000  0.000
   64 H   0.0440  0.1049   0.956  0.000  0.000
   65 H   0.0405  0.0969   0.959  0.000  0.000
   66 H   0.0391  0.0955   0.961  0.000  0.000
   67 H   0.0415  0.1002   0.958  0.000  0.000
   68 H   0.0442  0.1032   0.956  0.000  0.000
   69 H   0.0401  0.0966   0.960  0.000  0.000
   70 H   0.0405  0.0970   0.959  0.000  0.000
   71 H   0.0423  0.1054   0.958  0.000  0.000
   72 H   0.0476  0.1087   0.952  0.000  0.000
   73 H   0.0493  0.1094   0.951  0.000  0.000
   74 H   0.0444  0.1098   0.956  0.000  0.000
   75 H   0.0518  0.1161   0.948  0.000  0.000
   76 H   0.0398  0.1048   0.960  0.000  0.000
   77 H   0.0511  0.1152   0.949  0.000  0.000
   78 H   0.0401  0.1054   0.960  0.000  0.000
   79 H   0.0446  0.1085   0.955  0.000  0.000
 Hirshfeld charges for QMDFF written to <charges>
 
 Loewdin charges    n(s)   n(p)   n(d)
    1 C  -0.0240   1.081  2.943  0.000
    2 C  -0.0237   1.081  2.943  0.000
    3 C  -0.0324   1.088  2.945  0.000
    4 C   0.0047   1.125  2.870  0.000
    5 C   0.0516   1.144  2.805  0.000
    6 N  -0.0538   1.191  3.863  0.000
    7 C   0.0290   1.149  2.822  0.000
    8 C  -0.0412   1.082  2.959  0.000
    9 C  -0.0302   1.080  2.950  0.000
   10 C  -0.0429   1.078  2.965  0.000
   11 C  -0.0310   1.084  2.947  0.000
   12 C  -0.0295   1.124  2.905  0.000
   13 C  -0.0285   1.125  2.904  0.000
   14 C  -0.0308   1.084  2.947  0.000
   15 C  -0.0440   1.078  2.966  0.000
   16 C  -0.0342   1.080  2.954  0.000
   17 C  -0.0423   1.083  2.959  0.000
   18 C   0.0295   1.149  2.821  0.000
   19 C  -0.0239   1.084  2.940  0.000
   20 C  -0.0103   1.087  2.924  0.000
   21 C   0.0172   1.119  2.863  0.000
   22 C   0.0556   1.198  2.747  0.000
   23 N  -0.2087   1.503  3.705  0.000
   24 C  -0.0216   1.149  2.873  0.000
   25 C   0.0151   1.122  2.863  0.000
   26 C  -0.0239   1.084  2.940  0.000
   27 C  -0.0275   1.081  2.947  0.000
   28 C  -0.0338   1.080  2.953  0.000
   29 C  -0.0400   1.087  2.953  0.000
   30 C  -0.0099   1.128  2.882  0.000
   31 C  -0.0015   1.128  2.873  0.000
   32 C  -0.0364   1.087  2.950  0.000
   33 C  -0.0337   1.080  2.953  0.000
   34 C  -0.0294   1.081  2.949  0.000
   35 C  -0.0441   1.088  2.956  0.000
   36 C   0.0076   1.125  2.867  0.000
   37 C  -0.0020   1.157  2.845  0.000
   38 N  -0.0309   1.219  3.812  0.000
   39 C   0.0498   1.128  2.822  0.000
   40 C  -0.0395   1.081  2.959  0.000
   41 C  -0.0359   1.076  2.960  0.000
   42 C   0.0468   1.123  2.831  0.000
   43 C   0.0546   1.121  2.825  0.000
   44 C  -0.0492   1.082  2.968  0.000
   45 O  -0.1293   1.437  4.692  0.000
   46 C   0.0390   1.085  2.876  0.000
   47 C   0.0387   1.085  2.876  0.000
   48 O  -0.1310   1.438  4.693  0.000
   49 C   0.0057   1.127  2.868  0.000
   50 C  -0.0304   1.088  2.943  0.000
   51 H   0.0336   0.966  0.000  0.000
   52 H   0.0329   0.967  0.000  0.000
   53 H   0.0356   0.964  0.000  0.000
   54 H   0.0327   0.967  0.000  0.000
   55 H   0.0358   0.964  0.000  0.000
   56 H   0.0329   0.967  0.000  0.000
   57 H   0.0338   0.966  0.000  0.000
   58 H   0.0341   0.966  0.000  0.000
   59 H   0.0325   0.967  0.000  0.000
   60 H   0.0344   0.966  0.000  0.000
   61 H   0.0341   0.966  0.000  0.000
   62 H   0.0386   0.961  0.000  0.000
   63 H   0.0438   0.956  0.000  0.000
   64 H   0.0351   0.965  0.000  0.000
   65 H   0.0329   0.967  0.000  0.000
   66 H   0.0318   0.968  0.000  0.000
   67 H   0.0350   0.965  0.000  0.000
   68 H   0.0374   0.963  0.000  0.000
   69 H   0.0326   0.967  0.000  0.000
   70 H   0.0329   0.967  0.000  0.000
   71 H   0.0346   0.965  0.000  0.000
   72 H   0.0393   0.961  0.000  0.000
   73 H   0.0404   0.960  0.000  0.000
   74 H   0.0353   0.965  0.000  0.000
   75 H   0.0458   0.954  0.000  0.000
   76 H   0.0335   0.966  0.000  0.000
   77 H   0.0450   0.955  0.000  0.000
   78 H   0.0340   0.966  0.000  0.000
   79 H   0.0362   0.964  0.000  0.000
 
 Wiberg/Mayer (AO) data. WBOs > 0.1 written file <wbo>
 largest (>0.05) Wiberg bond orders for each atom
           total WBO             WBO to atom ...
     1  C   3.973    C   50 1.550    C    2 1.311    H   51 0.946    C    4 0.066
     2  C   3.973    C    3 1.551    C    1 1.311    H   52 0.946    C   49 0.066
     3  C   3.969    C    2 1.551    C    4 1.260    H   53 0.942    C   50 0.117
     4  C   3.954    C    3 1.260    C   49 1.229    C    5 1.212    C    1 0.066    C   20 0.059
     5  C   3.922    C   19 1.498    C    4 1.212    N    6 0.968    C   21 0.108
     6  N   3.441    C   18 1.058    C    7 1.057    C    5 0.968
     7  C   3.927    C    8 1.368    C   12 1.264    N    6 1.057    C   10 0.091
     8  C   3.968    C    9 1.453    C    7 1.368    H   54 0.944    C   11 0.103
     9  C   3.954    C    8 1.453    C   10 1.393    H   55 0.945    C   12 0.090
    10  C   3.969    C   11 1.461    C    9 1.393    H   56 0.945    C    7 0.091
    11  C   3.961    C   10 1.461    C   12 1.353    H   57 0.945    C    8 0.103
    12  C   3.954    C   11 1.353    C    7 1.264    C   13 1.088    C    9 0.090
    13  C   3.954    C   14 1.353    C   18 1.263    C   12 1.088    C   16 0.090
    14  C   3.961    C   15 1.461    C   13 1.353    H   58 0.945    C   17 0.102
    15  C   3.969    C   14 1.461    C   16 1.393    H   59 0.945    C   18 0.090
    16  C   3.954    C   17 1.453    C   15 1.393    H   60 0.945    C   13 0.090
    17  C   3.968    C   16 1.453    C   18 1.366    H   61 0.944    C   14 0.102
    18  C   3.927    C   17 1.366    C   13 1.263    N    6 1.058    C   15 0.090
    19  C   3.966    C    5 1.498    C   20 1.326    H   62 0.942    C   49 0.058
    20  C   3.964    C   21 1.482    C   19 1.326    H   63 0.941    C    4 0.059
    21  C   3.948    C   20 1.482    C   49 1.203    C   22 0.997    C    5 0.108
    22  C   3.891    N   23 1.578    N   38 1.117    C   21 0.997
    23  N   3.065    C   22 1.578    C   24 1.161    N   38 0.128
    24  C   3.938    C   37 1.393    N   23 1.161    C   25 1.134
    25  C   3.953    C   26 1.308    C   30 1.265    C   24 1.134    C   28 0.078
    26  C   3.965    C   27 1.500    C   25 1.308    H   64 0.945    C   29 0.109
    27  C   3.965    C   26 1.500    C   28 1.358    H   65 0.945    C   30 0.081
    28  C   3.963    C   29 1.496    C   27 1.358    H   66 0.946    C   25 0.078
    29  C   3.970    C   28 1.496    C   30 1.319    H   67 0.942    C   26 0.109
    30  C   3.953    C   29 1.319    C   25 1.265    C   31 1.109    C   27 0.081
    31  C   3.951    C   32 1.324    C   36 1.250    C   30 1.109    C   34 0.081
    32  C   3.970    C   33 1.492    C   31 1.324    H   68 0.941    C   35 0.108
    33  C   3.959    C   32 1.492    C   34 1.359    H   69 0.945    C   36 0.077
    34  C   3.966    C   35 1.498    C   33 1.359    H   70 0.945    C   31 0.081
    35  C   3.964    C   34 1.498    C   36 1.304    H   71 0.939    C   32 0.108
    36  C   3.952    C   35 1.304    C   31 1.250    C   37 1.152    C   33 0.077
    37  C   3.910    C   24 1.393    C   36 1.152    N   38 1.081
    38  N   3.524    C   22 1.117    C   37 1.081    C   39 0.957    N   23 0.128
    39  C   3.927    C   44 1.396    C   40 1.369    N   38 0.957    C   42 0.097
    40  C   3.970    C   41 1.443    C   39 1.369    H   72 0.944    C   43 0.097
    41  C   3.971    C   40 1.443    C   42 1.381    H   73 0.942    C   44 0.097
    42  C   3.933    C   41 1.381    C   43 1.304    O   48 1.031    C   39 0.097
    43  C   3.936    C   44 1.388    C   42 1.304    O   45 1.031    C   40 0.097
    44  C   3.968    C   39 1.396    C   43 1.388    H   74 0.944    C   41 0.097
    45  O   2.221    C   43 1.031    C   46 0.978
    46  C   3.939    C   47 0.979    O   45 0.978    H   75 0.969    H   76 0.968
    47  C   3.939    O   48 0.979    C   46 0.979    H   77 0.969    H   78 0.967
    48  O   2.215    C   42 1.031    C   47 0.979
    49  C   3.954    C   50 1.263    C    4 1.229    C   21 1.203    C    2 0.066    C   19 0.058
    50  C   3.972    C    1 1.550    C   49 1.263    H   79 0.941    C    3 0.117
    51  H   0.994    C    1 0.946
    52  H   0.995    C    2 0.946
    53  H   0.996    C    3 0.942
    54  H   0.997    C    8 0.944
    55  H   0.997    C    9 0.945
    56  H   0.997    C   10 0.945
    57  H   0.997    C   11 0.945
    58  H   0.997    C   14 0.945
    59  H   0.997    C   15 0.945
    60  H   0.997    C   16 0.945
    61  H   0.997    C   17 0.944
    62  H   0.994    C   19 0.942
    63  H   0.993    C   20 0.941
    64  H   0.997    C   26 0.945
    65  H   0.994    C   27 0.945
    66  H   0.996    C   28 0.946
    67  H   0.997    C   29 0.942
    68  H   0.996    C   32 0.941
    69  H   0.996    C   33 0.945
    70  H   0.994    C   34 0.945
    71  H   0.997    C   35 0.939
    72  H   0.997    C   40 0.944
    73  H   0.996    C   41 0.942
    74  H   0.998    C   44 0.944
    75  H   0.997    C   46 0.969
    76  H   0.998    C   46 0.968
    77  H   0.997    C   47 0.969
    78  H   0.998    C   47 0.967
    79  H   0.996    C   50 0.941
 
 --------------------------------------------
          xTB calculation for sTDA...
 --------------------------------------------
 
 reading parameter file /home/tchapet/xtb4stda/.param_stda2.xtb
 
      method parameters     
 k(s)        :  1.6000
 k(p)        :  2.1800
 k(d)        :  1.9500
 k(f)        :  2.0000
 k(R-V)      :  2.2750
 k(R-R)      :  1.7650
 Tscal       :  0.2580
 Gscal       :  1.0000
 fpol        :  1.0000
 Zcnf        :  0.3430
 Zqf         :  0.0000
 kcn         :  2.7000
 Ryd Hsplit  :  0.7000
 lshift(virt):  3.1000
 lshift(OS)  :  0.2000
 wllscaling  :  2.6000
 
 mowrcut     : 3.000
 
  Z AO/shell   Hii/eV     exponent
  1     Sun Feb 14 09:53:25 CET 2016    EN: 2.327 GAM: 0.473  GM3: 0.0000
     1s    -14.339618    1.220000
     2sp    -3.348946    0.600000
  6     Sun Feb 14 09:53:25 CET 2016    EN: 2.731 GAM: 0.422  GM3: 0.0000
     2s    -22.009312    1.565095
     2p    -13.020408    1.596905
     3sp    -3.914040    0.824500
  7     Sun Feb 14 09:53:25 CET 2016    EN: 3.573 GAM: 0.504  GM3: 0.0000
     2s    -25.722000    2.064844
     2p    -18.684912    1.801692
     3sp    -4.344791    0.921400
  8     Sun Feb 14 09:53:25 CET 2016    EN: 3.700 GAM: 0.587  GM3: 0.0000
     2s    -33.859000    2.418661
     2p    -22.175911    1.973969
     3sp    -4.259392    1.013700
 
 Nbf   :          545
 T(el) :     0.0
 calculating S/T integrals ...
 cpu time for ints    2.96422900000000     
 Nao   :          545
 making H0...
 making H1...
 cpu time for H      4.504000000000286E-003
 solving ...
 cpu time for diag   0.134882000000000     
 
 gap (eV)           :   6.721
 Koopmans IP (eV)   :  14.112
 Eel (Eh)           :  -206.253115

          eigenvalues
 #    :         106        107        108        109        110        111        112        113
 occ. :        2.000      2.000      2.000      2.000      2.000      2.000      2.000      2.000
 eps  :       -17.036    -16.994    -16.767    -16.233    -16.191    -16.078    -15.739    -15.310
 #    :         114        115        116        117        118        119        120        121
 occ. :        2.000      2.000      2.000      2.000      2.000      0.000      0.000      0.000
 eps  :       -15.222    -15.109    -14.744    -14.429    -14.114     -7.392     -6.718     -6.637
 #    :         122        123        124        125        126        127        128        129
 occ. :        0.000      0.000      0.000      0.000      0.000      0.000      0.000      0.000
 eps  :        -6.579     -6.133     -5.866     -5.786     -5.701     -5.562     -5.386     -5.079
                            1  SCC done.
 writing mo output ...
 molden style : F
 
speedup  7.62
cpu  time for all    3.95 s
wall time for all    0.52 s
