 
        ______________________________________
       |                                      |
       |          ===================         |
       |             xTB for sTDA             |
       |          ===================         |
       |               S. Grimme              |
       |        Universitaet Bonn, MCTC       |
       |         2015-19, Version 1.0         |
       |     Wed Apr  3 09:14:55 CEST 2019    |
       |______________________________________|
 
        This code comes without any warranty
        for non-commercial, academia use only.
        Preliminary test version.
        Cite this work as:
        S. Grimme  &  C. Bannwarth, JCP 145 (2016) 054103
        if GBSA is used additionally:
        P. Shushkov, F. März, C. Bannwarth, S. Grimme, unpublished.
 
        with help from
        P. Shushkov, G. Brandenburg, S. Dohm, J. Pisarek,
        F. März, M. Checinski, S. Ehrlich, S. Spicher, 
        P. Pracht, E. Caldeweyher, S. Ehlert, and C. Bannwarth.
 
        usage        :
        xtb4stda <coord_file> [options]
        where <coord_file> is a valid file of TM)
        (*coord, Bohr) or xmol (*xyz, Angstroem)
        format.

        options:
        -chrg <int>   : molecular charge
        -uhf  <int>   : # of unpaired electrons(=2*S)
        -nox          : skip second, extended part in sTDA-xTB
        -pop          : do population analysis
                      : (default for -nox)
        -mowr <real>  : cut MO write above (def.3 Eh)
        -molden       : write formatted molden file
        -parx <file>  : read parameters for sTDA-xTB
                        calc (def:~/.param_stda2.xtb)
        -parv <file>  : read parameters for vTB part in
                        sTDA-xTB (def: ~/.param_stda1.xtb)
        -xtemp <real> : el. temp for xTB (def. 0 K)
        -etemp <real> : el. temp for GFN (def. 300 K)
        -fod          : calculate the FOD and write
                        molden.input file with
                        appropriate occupations
                        for plotting. Def. T=12500 K
 
        -acc <real>   : xTB accuracy (def. 1.0)
        -gbsa [string1] [string2]
                        use GBSA implicit solvent
                        for solvent [string1] and
                        solvation state [string2]=
                        reference, bar1M (default=1M)
        additional GFN/opt/MD/siman options read from
        $XTB4STDAHOME/.xtb4stdarc or $set in input
 
       spin and charge state information can be on:
       <.CHRG> (charge) and <.UHF> (=nalpha-nbeta)
       -uhf and -chrg override the file info.
       useful machine settings:
       setenv MKL_NUM_THREADS <NCORE_ON_YOUR_MACHINE>
       setenv OMP_STACKSIZE 500m
       limit stacksize unlimited
 
       total energies in Eh, gaps/HL energies in eV
       please read REVISION and HOWTO files carefully
 =============================
  # OMP threads =          16
 =============================
 
 xtb4stdahome directory:/home/tchapet/xtb4stda/
 
 argument            1 :gbsa
 argument            2 :toluene
 
 name of molecule           :
 comment line               :
 number of atoms            :    83
 number of electrons        :   250
 charge                     :  0
 spin                       : 0.0
 first test random number   :  0.5856
 
 -----------------------------------------
      charge density (VTB) calculation
 -----------------------------------------
 
      method parameters     
 k(s)        :  1.8000
 k(p)        :  2.8350
 k(d)        :  2.0860
 k(f)        :  2.0000
 Tscal       :  0.3300
 Gscal       :  0.3910
 fpol        :  1.0000
 Zcnf        :  0.6500
 Zqf         :  0.0000
 kcn         :  0.3000
 kEN1        : -0.5900
 wllscal     :  2.6000
 
     -------------------------
     ! NO SOLVENT MODEL USED !
     -------------------------
 
 doing EN charges ...
 sum q : -0.9992007D-15
 point charge moment (au)
     X       Y       Z   
  -0.6330  -0.1799  -0.5427  total (Debye):    2.168
 
            Z      q(EN)   CN      Cart. coordinates
     1  F   7.0  -0.011   1.104    -1.55938   -11.92094     1.38042
     2  C   4.0   0.016   4.071    -0.79834    -9.55652     1.91439
     3  F   7.0  -0.012   1.104    -1.41811    -9.14320     4.34064
     4  F   7.0  -0.011   1.103     1.75600    -9.62668     1.85142
     5  C   4.0   0.010   3.238    -1.85146    -7.61616     0.13547
     6  C   4.0  -0.072   3.179    -2.29882    -8.25947    -2.37024
     7  C   4.0  -0.072   3.146    -3.18973    -6.43204    -4.01980
     8  C   4.0  -0.070   3.186    -3.60178    -3.98918    -3.18939
     9  C   4.0   0.091   3.249    -3.14709    -3.35597    -0.67291
    10  N   5.0  -0.320   3.352    -3.47073    -0.85995     0.16285
    11  C   4.0   0.193   3.586    -1.57151     0.64774     1.13747
    12  C   4.0   0.008   3.220     1.02194    -0.15625     1.54999
    13  C   4.0  -0.073   3.199     2.30996    -1.77288    -0.07338
    14  C   4.0  -0.070   3.170     4.78781    -2.45576     0.39081
    15  C   4.0   0.069   3.212     6.05779    -1.49662     2.48443
    16  O   6.0  -0.133   2.068     8.48481    -2.02234     3.13793
    17  C   4.0  -0.113   4.085    10.09690    -3.29968     1.41891
    18  C   4.0  -0.160   4.052    10.73253    -1.69426    -0.90260
    19  C   4.0  -0.159   4.065    11.91885     0.83845    -0.16022
    20  C   4.0  -0.093   4.103    11.28512     2.92959    -2.06747
    21  N   5.0  -0.300   3.279     8.62892     3.52366    -2.04792
    22  C   4.0   0.091   3.467     6.82268     2.64102    -3.69404
    23  C   4.0  -0.063   3.154     7.08332     1.20825    -5.88020
    24  C   4.0  -0.073   3.151     4.92346     0.58882    -7.20902
    25  C   4.0  -0.073   3.146     2.54016     1.37318    -6.40825
    26  C   4.0  -0.067   3.157     2.26225     2.80940    -4.24796
    27  C   4.0  -0.001   3.384     4.40491     3.44946    -2.87603
    28  C   4.0  -0.000   3.383     4.80035     4.87586    -0.60731
    29  C   4.0  -0.067   3.159     3.18377     6.11940     1.04399
    30  C   4.0  -0.073   3.148     4.21567     7.35332     3.09733
    31  C   4.0  -0.073   3.152     6.81632     7.35403     3.51290
    32  C   4.0  -0.063   3.155     8.45705     6.11299     1.90525
    33  C   4.0   0.090   3.477     7.43593     4.86503    -0.16498
    34  C   4.0  -0.069   3.177     4.77292     0.14075     4.11157
    35  C   4.0  -0.073   3.203     2.30398     0.80012     3.65065
    36  N   5.0  -0.201   2.264    -2.38151     2.92370     1.65898
    37  C   4.0   0.079   3.563    -4.87442     2.96606     1.02685
    38  C   4.0   0.005   3.269    -6.57445     5.04388     1.18302
    39  C   4.0  -0.071   3.182    -5.77376     7.41446     2.03917
    40  C   4.0  -0.072   3.139    -7.42911     9.41004     2.11480
    41  C   4.0  -0.072   3.142    -9.91673     9.05599     1.32426
    42  C   4.0  -0.073   3.182   -10.72871     6.73065     0.49343
    43  C   4.0  -0.003   3.264    -9.09831     4.63965     0.40376
    44  C   4.0  -0.003   3.266    -9.91616     2.14160    -0.38989
    45  C   4.0  -0.074   3.186   -12.44503     1.64121    -1.00761
    46  C   4.0  -0.072   3.139   -13.26182    -0.73682    -1.66220
    47  C   4.0  -0.072   3.139   -11.56994    -2.74995    -1.69229
    48  C   4.0  -0.072   3.182    -9.07278    -2.33709    -1.12003
    49  C   4.0   0.004   3.250    -8.18694     0.08568    -0.50853
    50  C   4.0   0.101   3.473    -5.62194     0.61916     0.10431
    51  C   4.0  -0.068   3.227    -2.27410    -5.17990     1.00600
    52  H   1.0   0.076   1.005    -1.95831   -10.16441    -3.01037
    53  H   1.0   0.075   1.005    -3.54576    -6.91395    -5.96748
    54  H   1.0   0.076   1.005    -4.27771    -2.55465    -4.47318
    55  H   1.0   0.077   1.008     1.41195    -2.47858    -1.76199
    56  H   1.0   0.076   1.006     5.69664    -3.74057    -0.90289
    57  H   1.0   0.081   1.001    11.80264    -3.67114     2.52411
    58  H   1.0   0.080   1.000     9.26995    -5.11346     0.85142
    59  H   1.0   0.084   1.007     8.99203    -1.33520    -1.94430
    60  H   1.0   0.081   1.003    12.00027    -2.77183    -2.11861
    61  H   1.0   0.082   1.002    13.96560     0.65741    -0.00165
    62  H   1.0   0.083   1.005    11.17934     1.40009     1.68228
    63  H   1.0   0.083   1.004    11.81720     2.34461    -3.97306
    64  H   1.0   0.082   1.003    12.34564     4.64210    -1.59784
    65  H   1.0   0.075   1.004     8.91032     0.58397    -6.54178
    66  H   1.0   0.074   1.004     5.08600    -0.52722    -8.91143
    67  H   1.0   0.074   1.004     0.89973     0.85597    -7.50886
    68  H   1.0   0.075   1.005     0.42229     3.43165    -3.61891
    69  H   1.0   0.076   1.006     1.16793     6.07738     0.73922
    70  H   1.0   0.074   1.004     2.99673     8.33190     4.41059
    71  H   1.0   0.074   1.004     7.56692     8.34108     5.13602
    72  H   1.0   0.075   1.005    10.46555     6.12897     2.26300
    73  H   1.0   0.076   1.005     5.77013     0.87842     5.72905
    74  H   1.0   0.077   1.006     1.32379     2.07323     4.90413
    75  H   1.0   0.076   1.006    -3.82969     7.61406     2.62261
    76  H   1.0   0.074   1.004    -6.81467    11.24235     2.77125
    77  H   1.0   0.074   1.004   -11.22438    10.62371     1.36720
    78  H   1.0   0.076   1.006   -12.66919     6.54854    -0.10084
    79  H   1.0   0.076   1.006   -13.81560     3.14690    -0.95415
    80  H   1.0   0.074   1.004   -15.22538    -1.04758    -2.12423
    81  H   1.0   0.074   1.004   -12.21652    -4.63006    -2.15257
    82  H   1.0   0.077   1.008    -7.77886    -3.91087    -1.10379
    83  H   1.0   0.077   1.006    -1.91961    -4.69440     2.95481
 
  Z AO/shell   Hii/eV     exponent
  1     Sat Feb 20 21:38:01 CET 2016    EN: 2.327 GAM: 0.473  GM3: 0.0000
     1s    -13.751157    1.051071
  6     Sat Feb 20 21:38:01 CET 2016    EN: 2.731 GAM: 0.422  GM3: 0.0000
     2s    -19.378245    2.021003
     2p    -11.993376    1.497917
  7     Sat Feb 20 21:38:01 CET 2016    EN: 3.573 GAM: 0.504  GM3: 0.0000
     2s    -21.576984    2.275442
     2p    -16.125120    2.056788
  8     Sat Feb 20 21:38:01 CET 2016    EN: 3.700 GAM: 0.587  GM3: 0.0000
     2s    -21.648843    2.110798
     2p    -17.239740    2.329048
  9     Sat Feb 20 21:51:24 CET 2016    EN: 3.394 GAM: 0.669  GM3: 0.0000
     2s    -19.384211    2.614957
     2p    -19.426034    2.777297
 
 dipole moment of classical point charges (au)
     X       Y       Z   
  -0.6330  -0.1799  -0.5427  total (Debye):    2.168

 
 Nbf   :          236
 T(el) :   300.0
 calculating S/T integrals ...
 cpu time for ints   0.563474000000000     
 Nao   :          236
 making H0...
 making H1...
 cpu time for H      3.023900000000002E-002
 solving ...
 cpu time for diag   9.231400000000001E-002
 
 gap (eV)           :   5.124
 Koopmans IP (eV)   :  13.141
 Eel (Eh)           :  -195.537592
 T,E(Fermi),NFOD :    300.000   -10.579  0.000000
 T,E(Fermi),NFOD :    300.000   -10.579  0.000000
 Nfod               :  0.0000
 Nfod/Nel           :  0.0000

          eigenvalues
 #    :         113        114        115        116        117        118        119        120
 occ. :        2.000      2.000      2.000      2.000      2.000      2.000      2.000      2.000
 eps  :       -16.505    -16.445    -16.258    -15.700    -15.623    -15.558    -15.409    -14.950
 #    :         121        122        123        124        125        126        127        128
 occ. :        2.000      2.000      2.000      2.000      2.000      0.000      0.000      0.000
 eps  :       -14.413    -14.385    -14.028    -13.492    -13.142     -8.018     -7.955     -7.216
 #    :         129        130        131        132        133        134        135        136
 occ. :        0.000      0.000      0.000      0.000      0.000      0.000      0.000      0.000
 eps  :        -6.857     -6.810     -6.564     -6.139     -6.036     -5.776     -5.429     -5.150
                            1  SCC done.
 making H1...
 cpu time for H      0.120306000000000     
 solving ...
 cpu time for diag   5.335999999999996E-002
 
 gap (eV)           :   4.636
 Koopmans IP (eV)   :  12.888
 Eel (Eh)           :  -193.864649
 T,E(Fermi),NFOD :    300.000   -10.570  0.000000
 T,E(Fermi),NFOD :    300.000   -10.570  0.000000
 Nfod               :  0.0000
 Nfod/Nel           :  0.0000

          eigenvalues
 #    :         113        114        115        116        117        118        119        120
 occ. :        2.000      2.000      2.000      2.000      2.000      2.000      2.000      2.000
 eps  :       -16.102    -16.016    -15.841    -15.675    -15.461    -15.216    -15.182    -14.832
 #    :         121        122        123        124        125        126        127        128
 occ. :        2.000      2.000      2.000      2.000      2.000      0.000      0.000      0.000
 eps  :       -14.182    -14.026    -13.798    -13.192    -12.889     -8.253     -7.792     -6.912
 #    :         129        130        131        132        133        134        135        136
 occ. :        0.000      0.000      0.000      0.000      0.000      0.000      0.000      0.000
 eps  :        -6.641     -6.547     -6.457     -6.231     -6.182     -5.923     -5.275     -5.002
                            2  SCC done.
 
 
 Mulliken/CM5 charges    n(s)   n(p)   n(d)   
    1 F  -0.1333 -0.1553   1.693  5.441  0.000
    2 C   0.2855  0.3390   1.217  2.497  0.000
    3 F  -0.1305 -0.1527   1.692  5.439  0.000
    4 F  -0.1428 -0.1634   1.696  5.447  0.000
    5 C   0.0350  0.0321   1.166  2.799  0.000
    6 C  -0.0216 -0.0739   1.137  2.885  0.000
    7 C  -0.0152 -0.0716   1.134  2.881  0.000
    8 C  -0.0203 -0.0703   1.140  2.881  0.000
    9 C   0.0806  0.1347   1.169  2.750  0.000
   10 N  -0.0843 -0.3237   1.260  3.824  0.000
   11 C   0.0708  0.2161   1.224  2.705  0.000
   12 C   0.0093  0.0102   1.151  2.840  0.000
   13 C  -0.0408 -0.0932   1.142  2.899  0.000
   14 C  -0.0491 -0.1024   1.132  2.917  0.000
   15 C   0.0834  0.0994   1.156  2.760  0.000
   16 O  -0.1526 -0.2427   1.457  4.696  0.000
   17 C   0.0364 -0.0460   1.141  2.823  0.000
   18 C  -0.0570 -0.1648   1.144  2.913  0.000
   19 C  -0.0524 -0.1571   1.145  2.907  0.000
   20 C   0.0203 -0.0257   1.150  2.830  0.000
   21 N  -0.0942 -0.3588   1.247  3.848  0.000
   22 C   0.0283  0.0905   1.184  2.788  0.000
   23 C  -0.0523 -0.1028   1.135  2.917  0.000
   24 C  -0.0471 -0.1033   1.135  2.912  0.000
   25 C  -0.0562 -0.1124   1.132  2.924  0.000
   26 C  -0.0360 -0.0889   1.139  2.897  0.000
   27 C  -0.0270 -0.0243   1.165  2.862  0.000
   28 C  -0.0288 -0.0260   1.165  2.864  0.000
   29 C  -0.0317 -0.0845   1.140  2.892  0.000
   30 C  -0.0505 -0.1068   1.132  2.919  0.000
   31 C  -0.0433 -0.0993   1.135  2.908  0.000
   32 C  -0.0513 -0.1013   1.134  2.917  0.000
   33 C   0.0272  0.0899   1.184  2.789  0.000
   34 C  -0.0385 -0.0893   1.131  2.907  0.000
   35 C  -0.0214 -0.0729   1.140  2.881  0.000
   36 N  -0.2205 -0.4060   1.529  3.691  0.000
   37 C  -0.0087  0.0699   1.182  2.827  0.000
   38 C   0.0137  0.0142   1.164  2.822  0.000
   39 C  -0.0275 -0.0791   1.137  2.890  0.000
   40 C  -0.0355 -0.0916   1.136  2.900  0.000
   41 C  -0.0408 -0.0972   1.135  2.906  0.000
   42 C  -0.0446 -0.0987   1.140  2.905  0.000
   43 C  -0.0123 -0.0167   1.170  2.842  0.000
   44 C  -0.0037 -0.0080   1.170  2.833  0.000
   45 C  -0.0402 -0.0943   1.140  2.901  0.000
   46 C  -0.0415 -0.0980   1.135  2.907  0.000
   47 C  -0.0377 -0.0941   1.136  2.902  0.000
   48 C  -0.0504 -0.1029   1.141  2.909  0.000
   49 C   0.0044  0.0041   1.168  2.828  0.000
   50 C   0.0075  0.0813   1.190  2.803  0.000
   51 C  -0.0183 -0.0626   1.140  2.878  0.000
   52 H   0.0484  0.1075   0.952  0.000  0.000
   53 H   0.0528  0.1096   0.947  0.000  0.000
   54 H   0.0477  0.1086   0.952  0.000  0.000
   55 H   0.0446  0.1078   0.955  0.000  0.000
   56 H   0.0413  0.1021   0.959  0.000  0.000
   57 H   0.0386  0.1035   0.961  0.000  0.000
   58 H   0.0459  0.1086   0.954  0.000  0.000
   59 H   0.0370  0.1034   0.963  0.000  0.000
   60 H   0.0332  0.0888   0.967  0.000  0.000
   61 H   0.0350  0.0907   0.965  0.000  0.000
   62 H   0.0352  0.1004   0.965  0.000  0.000
   63 H   0.0470  0.1141   0.953  0.000  0.000
   64 H   0.0532  0.1191   0.947  0.000  0.000
   65 H   0.0376  0.0965   0.962  0.000  0.000
   66 H   0.0407  0.0973   0.959  0.000  0.000
   67 H   0.0380  0.0945   0.962  0.000  0.000
   68 H   0.0461  0.1052   0.954  0.000  0.000
   69 H   0.0490  0.1112   0.951  0.000  0.000
   70 H   0.0395  0.0961   0.961  0.000  0.000
   71 H   0.0408  0.0973   0.959  0.000  0.000
   72 H   0.0372  0.0964   0.963  0.000  0.000
   73 H   0.0396  0.1003   0.960  0.000  0.000
   74 H   0.0481  0.1101   0.952  0.000  0.000
   75 H   0.0444  0.1053   0.956  0.000  0.000
   76 H   0.0406  0.0970   0.959  0.000  0.000
   77 H   0.0390  0.0955   0.961  0.000  0.000
   78 H   0.0414  0.1001   0.959  0.000  0.000
   79 H   0.0445  0.1035   0.955  0.000  0.000
   80 H   0.0402  0.0967   0.960  0.000  0.000
   81 H   0.0403  0.0969   0.960  0.000  0.000
   82 H   0.0408  0.1041   0.959  0.000  0.000
   83 H   0.0494  0.1132   0.951  0.000  0.000
 Hirshfeld charges for QMDFF written to <charges>
 
 Loewdin charges    n(s)   n(p)   n(d)
    1 F  -0.1199   1.679  5.441  0.000
    2 C   0.2543   1.196  2.549  0.000
    3 F  -0.1171   1.678  5.439  0.000
    4 F  -0.1300   1.683  5.447  0.000
    5 C   0.0354   1.124  2.840  0.000
    6 C  -0.0167   1.083  2.933  0.000
    7 C  -0.0061   1.078  2.928  0.000
    8 C  -0.0167   1.087  2.930  0.000
    9 C   0.0778   1.132  2.790  0.000
   10 N  -0.0392   1.217  3.822  0.000
   11 C   0.0568   1.197  2.746  0.000
   12 C   0.0091   1.109  2.882  0.000
   13 C  -0.0339   1.088  2.946  0.000
   14 C  -0.0490   1.081  2.968  0.000
   15 C   0.0754   1.120  2.804  0.000
   16 O  -0.1153   1.419  4.696  0.000
   17 C   0.0311   1.086  2.883  0.000
   18 C  -0.0545   1.085  2.970  0.000
   19 C  -0.0485   1.086  2.963  0.000
   20 C   0.0202   1.094  2.886  0.000
   21 N  -0.0544   1.206  3.848  0.000
   22 C   0.0226   1.149  2.828  0.000
   23 C  -0.0501   1.083  2.967  0.000
   24 C  -0.0387   1.081  2.958  0.000
   25 C  -0.0500   1.078  2.972  0.000
   26 C  -0.0300   1.085  2.945  0.000
   27 C  -0.0271   1.124  2.903  0.000
   28 C  -0.0288   1.123  2.905  0.000
   29 C  -0.0261   1.086  2.940  0.000
   30 C  -0.0445   1.078  2.967  0.000
   31 C  -0.0349   1.081  2.954  0.000
   32 C  -0.0492   1.082  2.967  0.000
   33 C   0.0214   1.149  2.830  0.000
   34 C  -0.0369   1.079  2.958  0.000
   35 C  -0.0146   1.086  2.929  0.000
   36 N  -0.2065   1.498  3.709  0.000
   37 C  -0.0181   1.148  2.870  0.000
   38 C   0.0154   1.122  2.863  0.000
   39 C  -0.0229   1.084  2.939  0.000
   40 C  -0.0274   1.081  2.947  0.000
   41 C  -0.0335   1.080  2.953  0.000
   42 C  -0.0403   1.087  2.953  0.000
   43 C  -0.0099   1.128  2.882  0.000
   44 C  -0.0015   1.128  2.873  0.000
   45 C  -0.0359   1.087  2.949  0.000
   46 C  -0.0342   1.080  2.954  0.000
   47 C  -0.0298   1.081  2.949  0.000
   48 C  -0.0468   1.088  2.959  0.000
   49 C   0.0067   1.125  2.868  0.000
   50 C  -0.0048   1.158  2.847  0.000
   51 C  -0.0173   1.088  2.929  0.000
   52 H   0.0391   0.961  0.000  0.000
   53 H   0.0438   0.956  0.000  0.000
   54 H   0.0387   0.961  0.000  0.000
   55 H   0.0364   0.964  0.000  0.000
   56 H   0.0350   0.965  0.000  0.000
   57 H   0.0331   0.967  0.000  0.000
   58 H   0.0406   0.959  0.000  0.000
   59 H   0.0341   0.966  0.000  0.000
   60 H   0.0308   0.969  0.000  0.000
   61 H   0.0324   0.968  0.000  0.000
   62 H   0.0314   0.969  0.000  0.000
   63 H   0.0419   0.958  0.000  0.000
   64 H   0.0473   0.953  0.000  0.000
   65 H   0.0310   0.969  0.000  0.000
   66 H   0.0334   0.967  0.000  0.000
   67 H   0.0312   0.969  0.000  0.000
   68 H   0.0375   0.963  0.000  0.000
   69 H   0.0401   0.960  0.000  0.000
   70 H   0.0324   0.968  0.000  0.000
   71 H   0.0335   0.967  0.000  0.000
   72 H   0.0304   0.970  0.000  0.000
   73 H   0.0314   0.969  0.000  0.000
   74 H   0.0386   0.961  0.000  0.000
   75 H   0.0355   0.964  0.000  0.000
   76 H   0.0330   0.967  0.000  0.000
   77 H   0.0317   0.968  0.000  0.000
   78 H   0.0349   0.965  0.000  0.000
   79 H   0.0377   0.962  0.000  0.000
   80 H   0.0327   0.967  0.000  0.000
   81 H   0.0328   0.967  0.000  0.000
   82 H   0.0333   0.967  0.000  0.000
   83 H   0.0391   0.961  0.000  0.000
 
 Wiberg/Mayer (AO) data. WBOs > 0.1 written file <wbo>
 largest (>0.05) Wiberg bond orders for each atom
           total WBO             WBO to atom ...
     1  F   1.083    C    2 0.955
     2  C   3.841    F    3 0.958    F    1 0.955    F    4 0.940    C    5 0.926
     3  F   1.085    C    2 0.958
     4  F   1.075    C    2 0.940
     5  C   3.943    C   51 1.402    C    6 1.397    C    2 0.926    C    8 0.107
     6  C   3.970    C    7 1.426    C    5 1.397    H   52 0.946    C    9 0.108
     7  C   3.972    C    8 1.437    C    6 1.426    H   53 0.941    C   51 0.107
     8  C   3.970    C    7 1.437    C    9 1.377    H   54 0.945    C    5 0.107
     9  C   3.930    C   51 1.388    C    8 1.377    N   10 0.963    C    6 0.108
    10  N   3.512    C   11 1.104    C   50 1.074    C    9 0.963    N   36 0.123
    11  C   3.891    N   36 1.560    N   10 1.104    C   12 1.033
    12  C   3.954    C   13 1.363    C   35 1.336    C   11 1.033    C   15 0.093
    13  C   3.968    C   14 1.452    C   12 1.363    H   55 0.941    C   34 0.098
    14  C   3.971    C   13 1.452    C   15 1.358    H   56 0.943    C   35 0.097    O   16 0.053
    15  C   3.932    C   14 1.358    C   34 1.346    O   16 1.054    C   12 0.093
    16  O   2.241    C   15 1.054    C   17 0.976    C   14 0.053
    17  C   3.937    C   18 0.982    O   16 0.976    H   57 0.976    H   58 0.960
    18  C   3.967    C   19 0.992    C   17 0.982    H   60 0.966    H   59 0.961
    19  C   3.966    C   18 0.992    C   20 0.981    H   62 0.967    H   61 0.963
    20  C   3.939    C   19 0.981    H   63 0.969    H   64 0.964    N   21 0.962
    21  N   3.443    C   22 1.081    C   33 1.075    C   20 0.962
    22  C   3.932    C   23 1.361    C   27 1.255    N   21 1.081    C   25 0.089
    23  C   3.968    C   24 1.455    C   22 1.361    H   65 0.944    C   26 0.101
    24  C   3.954    C   23 1.455    C   25 1.392    H   66 0.945    C   27 0.089
    25  C   3.968    C   26 1.459    C   24 1.392    H   67 0.945    C   22 0.089
    26  C   3.961    C   25 1.459    C   27 1.355    H   68 0.944    C   23 0.101
    27  C   3.956    C   26 1.355    C   22 1.255    C   28 1.093    C   24 0.089
    28  C   3.957    C   29 1.352    C   33 1.260    C   27 1.093    C   31 0.089
    29  C   3.961    C   30 1.461    C   28 1.352    H   69 0.942    C   32 0.103
    30  C   3.969    C   29 1.461    C   31 1.392    H   70 0.945    C   33 0.089
    31  C   3.954    C   32 1.455    C   30 1.392    H   71 0.945    C   28 0.089
    32  C   3.968    C   31 1.455    C   33 1.364    H   72 0.945    C   29 0.103
    33  C   3.932    C   32 1.364    C   28 1.260    N   21 1.075    C   30 0.089
    34  C   3.972    C   35 1.479    C   15 1.346    H   73 0.946    C   13 0.098
    35  C   3.967    C   34 1.479    C   12 1.336    H   74 0.944    C   14 0.097
    36  N   3.069    C   11 1.560    C   37 1.166    N   10 0.123
    37  C   3.939    C   50 1.392    N   36 1.166    C   38 1.133
    38  C   3.953    C   39 1.309    C   43 1.266    C   37 1.133    C   41 0.078
    39  C   3.965    C   40 1.500    C   38 1.309    H   75 0.945    C   42 0.109
    40  C   3.964    C   39 1.500    C   41 1.357    H   76 0.945    C   43 0.081
    41  C   3.963    C   42 1.496    C   40 1.357    H   77 0.946    C   38 0.078
    42  C   3.970    C   41 1.496    C   43 1.318    H   78 0.942    C   39 0.109
    43  C   3.953    C   42 1.318    C   38 1.266    C   44 1.109    C   40 0.081
    44  C   3.950    C   45 1.325    C   49 1.248    C   43 1.109    C   47 0.081
    45  C   3.970    C   46 1.491    C   44 1.325    H   79 0.941    C   48 0.108
    46  C   3.958    C   45 1.491    C   47 1.359    H   80 0.945    C   49 0.077
    47  C   3.966    C   48 1.498    C   46 1.359    H   81 0.945    C   44 0.081
    48  C   3.964    C   47 1.498    C   49 1.304    H   82 0.939    C   45 0.108
    49  C   3.952    C   48 1.304    C   44 1.248    C   50 1.155    C   46 0.077
    50  C   3.909    C   37 1.392    C   49 1.155    N   10 1.074
    51  C   3.969    C    5 1.402    C    9 1.388    H   83 0.945    C    7 0.107
    52  H   0.997    C    6 0.946
    53  H   0.995    C    7 0.941
    54  H   0.994    C    8 0.945
    55  H   0.998    C   13 0.941
    56  H   0.997    C   14 0.943
    57  H   0.998    C   17 0.976
    58  H   0.997    C   17 0.960
    59  H   0.999    C   18 0.961
    60  H   0.999    C   18 0.966
    61  H   0.997    C   19 0.963
    62  H   0.999    C   19 0.967
    63  H   0.997    C   20 0.969
    64  H   0.996    C   20 0.964
    65  H   0.997    C   23 0.944
    66  H   0.997    C   24 0.945
    67  H   0.997    C   25 0.945
    68  H   0.997    C   26 0.944
    69  H   0.997    C   29 0.942
    70  H   0.997    C   30 0.945
    71  H   0.997    C   31 0.945
    72  H   0.997    C   32 0.945
    73  H   0.997    C   34 0.946
    74  H   0.997    C   35 0.944
    75  H   0.997    C   39 0.945
    76  H   0.994    C   40 0.945
    77  H   0.996    C   41 0.946
    78  H   0.997    C   42 0.942
    79  H   0.996    C   45 0.941
    80  H   0.996    C   46 0.945
    81  H   0.994    C   47 0.945
    82  H   0.997    C   48 0.939
    83  H   0.998    C   51 0.945
 
 --------------------------------------------
          xTB calculation for sTDA...
 --------------------------------------------
 
 reading parameter file /home/tchapet/xtb4stda/.param_stda2.xtb
 
      method parameters     
 k(s)        :  1.6000
 k(p)        :  2.1800
 k(d)        :  1.9500
 k(f)        :  2.0000
 k(R-V)      :  2.2750
 k(R-R)      :  1.7650
 Tscal       :  0.2580
 Gscal       :  1.0000
 fpol        :  1.0000
 Zcnf        :  0.3430
 Zqf         :  0.0000
 kcn         :  2.7000
 Ryd Hsplit  :  0.7000
 lshift(virt):  3.1000
 lshift(OS)  :  0.2000
 wllscaling  :  2.6000
 
 mowrcut     : 3.000
 
  Z AO/shell   Hii/eV     exponent
  1     Sun Feb 14 09:53:25 CET 2016    EN: 2.327 GAM: 0.473  GM3: 0.0000
     1s    -14.339618    1.220000
     2sp    -3.348946    0.600000
  6     Sun Feb 14 09:53:25 CET 2016    EN: 2.731 GAM: 0.422  GM3: 0.0000
     2s    -22.009312    1.565095
     2p    -13.020408    1.596905
     3sp    -3.914040    0.824500
  7     Sun Feb 14 09:53:25 CET 2016    EN: 3.573 GAM: 0.504  GM3: 0.0000
     2s    -25.722000    2.064844
     2p    -18.684912    1.801692
     3sp    -4.344791    0.921400
  8     Sun Feb 14 09:53:25 CET 2016    EN: 3.700 GAM: 0.587  GM3: 0.0000
     2s    -33.859000    2.418661
     2p    -22.175911    1.973969
     3sp    -4.259392    1.013700
  9     Sun Feb 21 12:20:01 CET 2016    EN: 3.394 GAM: 0.600  GM3: 0.0000
     2s    -26.548112    1.943768
     2p    -23.081168    2.552035
     3sp    -1.937199    1.103200
 
 Nbf   :          568
 T(el) :     0.0
 calculating S/T integrals ...
 cpu time for ints    2.86320700000000     
 Nao   :          568
 making H0...
 making H1...
 cpu time for H      5.733999999999906E-003
 solving ...
 cpu time for diag   0.129690000000000     
 
 gap (eV)           :   7.037
 Koopmans IP (eV)   :  14.058
 Eel (Eh)           :  -218.223990

          eigenvalues
 #    :         113        114        115        116        117        118        119        120
 occ. :        2.000      2.000      2.000      2.000      2.000      2.000      2.000      2.000
 eps  :       -17.140    -17.008    -16.914    -16.750    -16.522    -16.122    -15.935    -15.911
 #    :         121        122        123        124        125        126        127        128
 occ. :        2.000      2.000      2.000      2.000      2.000      0.000      0.000      0.000
 eps  :       -15.304    -15.199    -14.811    -14.202    -14.060     -7.022     -6.806     -6.668
 #    :         129        130        131        132        133        134        135        136
 occ. :        0.000      0.000      0.000      0.000      0.000      0.000      0.000      0.000
 eps  :        -6.413     -6.335     -6.091     -5.660     -5.514     -5.401     -5.244     -5.169
                            1  SCC done.
 writing mo output ...
 molden style : F
 
speedup  6.94
cpu  time for all    4.08 s
wall time for all    0.59 s
