 
        ______________________________________
       |                                      |
       |          ===================         |
       |             xTB for sTDA             |
       |          ===================         |
       |               S. Grimme              |
       |        Universitaet Bonn, MCTC       |
       |         2015-19, Version 1.0         |
       |     Wed Apr  3 09:14:55 CEST 2019    |
       |______________________________________|
 
        This code comes without any warranty
        for non-commercial, academia use only.
        Preliminary test version.
        Cite this work as:
        S. Grimme  &  C. Bannwarth, JCP 145 (2016) 054103
        if GBSA is used additionally:
        P. Shushkov, F. März, C. Bannwarth, S. Grimme, unpublished.
 
        with help from
        P. Shushkov, G. Brandenburg, S. Dohm, J. Pisarek,
        F. März, M. Checinski, S. Ehrlich, S. Spicher, 
        P. Pracht, E. Caldeweyher, S. Ehlert, and C. Bannwarth.
 
        usage        :
        xtb4stda <coord_file> [options]
        where <coord_file> is a valid file of TM)
        (*coord, Bohr) or xmol (*xyz, Angstroem)
        format.

        options:
        -chrg <int>   : molecular charge
        -uhf  <int>   : # of unpaired electrons(=2*S)
        -nox          : skip second, extended part in sTDA-xTB
        -pop          : do population analysis
                      : (default for -nox)
        -mowr <real>  : cut MO write above (def.3 Eh)
        -molden       : write formatted molden file
        -parx <file>  : read parameters for sTDA-xTB
                        calc (def:~/.param_stda2.xtb)
        -parv <file>  : read parameters for vTB part in
                        sTDA-xTB (def: ~/.param_stda1.xtb)
        -xtemp <real> : el. temp for xTB (def. 0 K)
        -etemp <real> : el. temp for GFN (def. 300 K)
        -fod          : calculate the FOD and write
                        molden.input file with
                        appropriate occupations
                        for plotting. Def. T=12500 K
 
        -acc <real>   : xTB accuracy (def. 1.0)
        -gbsa [string1] [string2]
                        use GBSA implicit solvent
                        for solvent [string1] and
                        solvation state [string2]=
                        reference, bar1M (default=1M)
        additional GFN/opt/MD/siman options read from
        $XTB4STDAHOME/.xtb4stdarc or $set in input
 
       spin and charge state information can be on:
       <.CHRG> (charge) and <.UHF> (=nalpha-nbeta)
       -uhf and -chrg override the file info.
       useful machine settings:
       setenv MKL_NUM_THREADS <NCORE_ON_YOUR_MACHINE>
       setenv OMP_STACKSIZE 500m
       limit stacksize unlimited
 
       total energies in Eh, gaps/HL energies in eV
       please read REVISION and HOWTO files carefully
 =============================
  # OMP threads =          16
 =============================
 
 xtb4stdahome directory:/home/tchapet/xtb4stda/
 
 argument            1 :gbsa
 argument            2 :toluene
 
 name of molecule           :
 comment line               :
 number of atoms            :    73
 number of electrons        :   214
 charge                     :  0
 spin                       : 0.0
 first test random number   :  0.6509
 
 -----------------------------------------
      charge density (VTB) calculation
 -----------------------------------------
 
      method parameters     
 k(s)        :  1.8000
 k(p)        :  2.8350
 k(d)        :  2.0860
 k(f)        :  2.0000
 Tscal       :  0.3300
 Gscal       :  0.3910
 fpol        :  1.0000
 Zcnf        :  0.6500
 Zqf         :  0.0000
 kcn         :  0.3000
 kEN1        : -0.5900
 wllscal     :  2.6000
 
     -------------------------
     ! NO SOLVENT MODEL USED !
     -------------------------
 
 doing EN charges ...
 sum q : -0.1332268D-14
 point charge moment (au)
     X       Y       Z   
   0.2460   0.2837   0.0210  total (Debye):    0.956
 
            Z      q(EN)   CN      Cart. coordinates
     1  C   4.0  -0.074   3.144   -19.25329    -2.23259    -0.16537
     2  C   4.0  -0.072   3.144   -17.97257    -1.74320    -2.39540
     3  C   4.0  -0.073   3.187   -15.40069    -1.27365    -2.35744
     4  C   4.0  -0.005   3.239   -14.07749    -1.29569    -0.08499
     5  C   4.0  -0.003   3.285   -11.32541    -0.79566    -0.04103
     6  C   4.0  -0.004   3.279    -9.62956    -2.78798     0.37471
     7  C   4.0  -0.072   3.182   -10.47667    -5.31203     0.71499
     8  C   4.0  -0.072   3.135    -8.81926    -7.22874     1.15414
     9  C   4.0  -0.072   3.135    -6.20476    -6.73687     1.29184
    10  C   4.0  -0.072   3.182    -5.31309    -4.34986     0.94382
    11  C   4.0  -0.004   3.279    -6.97223    -2.30090     0.44039
    12  C   4.0  -0.003   3.284    -6.07413     0.16047     0.04196
    13  C   4.0  -0.005   3.238    -3.32402     0.65792     0.08236
    14  C   4.0  -0.072   3.188    -2.23557     2.00898     2.06022
    15  C   4.0  -0.068   3.184     0.33548     2.46100     2.11080
    16  C   4.0   0.088   3.244     1.86376     1.58131     0.16055
    17  N   5.0  -0.325   3.318     4.47857     2.05027     0.19787
    18  C   4.0   0.089   3.473     5.60117     4.39178     0.43688
    19  C   4.0  -0.063   3.154     4.49834     6.76327     0.63369
    20  C   4.0  -0.073   3.151     6.08230     8.83180     0.80357
    21  C   4.0  -0.073   3.146     8.70363     8.56655     0.76508
    22  C   4.0  -0.068   3.155     9.81430     6.21779     0.53528
    23  C   4.0  -0.001   3.378     8.25818     4.10920     0.36194
    24  C   4.0  -0.005   3.430     8.73156     1.45852     0.07976
    25  C   4.0  -0.084   3.275    10.88821    -0.03000    -0.07355
    26  S   6.0   0.212   2.481    14.02410     1.00593    -0.00436
    27  C   4.0  -0.089   3.270    15.10322    -2.11432    -0.27440
    28  C   4.0  -0.078   3.200    17.60898    -2.86299    -0.34614
    29  C   4.0  -0.073   3.150    18.13960    -5.41182    -0.55916
    30  C   4.0  -0.073   3.143    16.19532    -7.17720    -0.70259
    31  C   4.0  -0.069   3.167    13.69947    -6.42458    -0.63296
    32  C   4.0  -0.019   3.406    13.11339    -3.86760    -0.41563
    33  C   4.0  -0.017   3.402    10.67574    -2.66376    -0.29799
    34  C   4.0  -0.069   3.172     8.28491    -3.79642    -0.35505
    35  C   4.0  -0.063   3.154     6.11838    -2.36420    -0.21514
    36  C   4.0   0.091   3.472     6.34726     0.25395    -0.02220
    37  C   4.0  -0.068   3.184     0.78951     0.24086    -1.83031
    38  C   4.0  -0.072   3.188    -1.77948    -0.22306    -1.85681
    39  C   4.0  -0.004   3.278    -7.76894     2.14958    -0.39797
    40  C   4.0  -0.072   3.182    -6.92317     4.65305    -0.86865
    41  C   4.0  -0.072   3.135    -8.58760     6.57418    -1.25993
    42  C   4.0  -0.072   3.135   -11.21070     6.11330    -1.20039
    43  C   4.0  -0.072   3.182   -12.09945     3.73436    -0.79479
    44  C   4.0  -0.004   3.279   -10.42821     1.66865    -0.41556
    45  C   4.0  -0.073   3.187   -15.37653    -1.79309     2.14648
    46  C   4.0  -0.072   3.144   -17.95009    -2.25382     2.10478
    47  H   1.0   0.074   1.004   -21.26217    -2.59541    -0.19656
    48  H   1.0   0.074   1.004   -18.98094    -1.72571    -4.17115
    49  H   1.0   0.075   1.005   -14.39709    -0.89307    -4.09558
    50  H   1.0   0.076   1.007   -12.48083    -5.68522     0.61644
    51  H   1.0   0.074   1.004    -9.49313    -9.13922     1.40810
    52  H   1.0   0.074   1.004    -4.91673    -8.27473     1.67313
    53  H   1.0   0.076   1.007    -3.30976    -3.97635     1.05247
    54  H   1.0   0.075   1.005    -3.41766     2.68586     3.58081
    55  H   1.0   0.075   1.005     1.17492     3.47892     3.66760
    56  H   1.0   0.075   1.005     2.47085     6.98861     0.64065
    57  H   1.0   0.074   1.004     5.27185    10.69862     0.96363
    58  H   1.0   0.074   1.004     9.87658    10.23105     0.90467
    59  H   1.0   0.074   1.006    11.84317     6.00711     0.48017
    60  H   1.0   0.075   1.005    19.10286    -1.47833    -0.23405
    61  H   1.0   0.074   1.004    20.08178    -6.03511    -0.61589
    62  H   1.0   0.074   1.004    16.64965    -9.16014    -0.86941
    63  H   1.0   0.075   1.005    12.19912    -7.80257    -0.74507
    64  H   1.0   0.075   1.005     8.15339    -5.82612    -0.50266
    65  H   1.0   0.075   1.005     4.28142    -3.24907    -0.23395
    66  H   1.0   0.075   1.005     1.97325    -0.41494    -3.35803
    67  H   1.0   0.075   1.005    -2.61054    -1.25849    -3.40755
    68  H   1.0   0.076   1.007    -4.91428     5.00917    -0.91746
    69  H   1.0   0.074   1.004    -7.91275     8.46799    -1.61647
    70  H   1.0   0.074   1.004   -12.50659     7.66498    -1.48628
    71  H   1.0   0.076   1.007   -14.10873     3.37823    -0.75407
    72  H   1.0   0.075   1.005   -14.35627    -1.80691     3.91619
    73  H   1.0   0.074   1.004   -18.94100    -2.63353     3.84957
 
  Z AO/shell   Hii/eV     exponent
  1     Sat Feb 20 21:38:01 CET 2016    EN: 2.327 GAM: 0.473  GM3: 0.0000
     1s    -13.751157    1.051071
  6     Sat Feb 20 21:38:01 CET 2016    EN: 2.731 GAM: 0.422  GM3: 0.0000
     2s    -19.378245    2.021003
     2p    -11.993376    1.497917
  7     Sat Feb 20 21:38:01 CET 2016    EN: 3.573 GAM: 0.504  GM3: 0.0000
     2s    -21.576984    2.275442
     2p    -16.125120    2.056788
 16     Sat Feb 20 23:13:41 CET 2016    EN: 1.915 GAM: 0.389  GM3: 0.0000
     3s    -22.000000    2.671470
     3p    -15.834192    1.836978
     3d     -2.593599    1.836978
 
 dipole moment of classical point charges (au)
     X       Y       Z   
   0.2460   0.2837   0.0210  total (Debye):    0.956

 
 Nbf   :          217
 T(el) :   300.0
 calculating S/T integrals ...
 cpu time for ints   0.281207000000000     
 Nao   :          216
 making H0...
 making H1...
 cpu time for H      2.592400000000000E-002
 solving ...
 cpu time for diag   7.428399999999996E-002
 
 gap (eV)           :   4.388
 Koopmans IP (eV)   :  13.071
 Eel (Eh)           :  -168.175343
 T,E(Fermi),NFOD :    300.000   -10.877  0.000000
 T,E(Fermi),NFOD :    300.000   -10.877  0.000000
 Nfod               :  0.0000
 Nfod/Nel           :  0.0000

          eigenvalues
 #    :          95         96         97         98         99        100        101        102
 occ. :        2.000      2.000      2.000      2.000      2.000      2.000      2.000      2.000
 eps  :       -16.502    -15.941    -15.633    -15.566    -15.519    -15.344    -15.292    -15.129
 #    :         103        104        105        106        107        108        109        110
 occ. :        2.000      2.000      2.000      2.000      2.000      0.000      0.000      0.000
 eps  :       -14.893    -14.532    -13.600    -13.224    -13.072     -8.683     -7.732     -7.058
 #    :         111        112        113        114        115        116        117        118
 occ. :        0.000      0.000      0.000      0.000      0.000      0.000      0.000      0.000
 eps  :        -6.705     -6.637     -6.384     -5.896     -5.731     -5.690     -5.556     -5.445
                            1  SCC done.
 making H1...
 cpu time for H      9.385399999999999E-002
 solving ...
 cpu time for diag   3.962199999999999E-002
 
 gap (eV)           :   4.404
 Koopmans IP (eV)   :  13.012
 Eel (Eh)           :  -167.779958
 T,E(Fermi),NFOD :    300.000   -10.810  0.000000
 T,E(Fermi),NFOD :    300.000   -10.810  0.000000
 Nfod               :  0.0000
 Nfod/Nel           :  0.0000

          eigenvalues
 #    :          95         96         97         98         99        100        101        102
 occ. :        2.000      2.000      2.000      2.000      2.000      2.000      2.000      2.000
 eps  :       -16.390    -15.885    -15.598    -15.527    -15.456    -15.312    -15.247    -15.070
 #    :         103        104        105        106        107        108        109        110
 occ. :        2.000      2.000      2.000      2.000      2.000      0.000      0.000      0.000
 eps  :       -14.894    -14.396    -13.401    -13.179    -13.013     -8.608     -7.371     -6.997
 #    :         111        112        113        114        115        116        117        118
 occ. :        0.000      0.000      0.000      0.000      0.000      0.000      0.000      0.000
 eps  :        -6.625     -6.462     -6.237     -5.837     -5.693     -5.564     -5.505     -5.420
                            2  SCC done.
 
 
 Mulliken/CM5 charges    n(s)   n(p)   n(d)   
    1 C  -0.0371 -0.0935   1.136  2.901  0.000
    2 C  -0.0348 -0.0911   1.137  2.898  0.000
    3 C  -0.0384 -0.0924   1.142  2.896  0.000
    4 C   0.0022 -0.0082   1.169  2.828  0.000
    5 C  -0.0123 -0.0160   1.179  2.833  0.000
    6 C  -0.0032 -0.0074   1.170  2.833  0.000
    7 C  -0.0388 -0.0920   1.142  2.897  0.000
    8 C  -0.0354 -0.0917   1.136  2.899  0.000
    9 C  -0.0349 -0.0911   1.136  2.899  0.000
   10 C  -0.0413 -0.0946   1.142  2.900  0.000
   11 C  -0.0030 -0.0072   1.170  2.833  0.000
   12 C  -0.0143 -0.0180   1.178  2.836  0.000
   13 C   0.0008 -0.0094   1.168  2.832  0.000
   14 C  -0.0321 -0.0859   1.142  2.891  0.000
   15 C  -0.0331 -0.0818   1.138  2.895  0.000
   16 C   0.0594  0.1143   1.171  2.770  0.000
   17 N  -0.0902 -0.3357   1.234  3.857  0.000
   18 C   0.0351  0.0985   1.182  2.783  0.000
   19 C  -0.0447 -0.0939   1.135  2.910  0.000
   20 C  -0.0401 -0.0960   1.134  2.906  0.000
   21 C  -0.0480 -0.1041   1.132  2.916  0.000
   22 C  -0.0349 -0.0873   1.138  2.897  0.000
   23 C  -0.0263 -0.0227   1.166  2.861  0.000
   24 C  -0.0313 -0.0237   1.159  2.872  0.000
   25 C  -0.0127  0.0003   1.174  2.839  0.000
   26 S   0.0568  0.0226   1.890  4.016  0.037
   27 C  -0.0135 -0.0044   1.172  2.842  0.000
   28 C  -0.0364 -0.0882   1.132  2.904  0.000
   29 C  -0.0408 -0.0969   1.136  2.904  0.000
   30 C  -0.0425 -0.0987   1.133  2.910  0.000
   31 C  -0.0388 -0.0920   1.139  2.900  0.000
   32 C  -0.0260 -0.0291   1.166  2.860  0.000
   33 C  -0.0395 -0.0423   1.163  2.876  0.000
   34 C  -0.0391 -0.0919   1.137  2.902  0.000
   35 C  -0.0468 -0.0958   1.130  2.916  0.000
   36 C   0.0329  0.0971   1.184  2.783  0.000
   37 C  -0.0339 -0.0825   1.138  2.896  0.000
   38 C  -0.0324 -0.0862   1.142  2.891  0.000
   39 C  -0.0028 -0.0070   1.170  2.833  0.000
   40 C  -0.0411 -0.0943   1.142  2.899  0.000
   41 C  -0.0346 -0.0909   1.136  2.899  0.000
   42 C  -0.0353 -0.0915   1.136  2.899  0.000
   43 C  -0.0389 -0.0921   1.142  2.897  0.000
   44 C  -0.0031 -0.0073   1.170  2.833  0.000
   45 C  -0.0384 -0.0924   1.142  2.896  0.000
   46 C  -0.0348 -0.0911   1.137  2.898  0.000
   47 H   0.0380  0.0944   0.962  0.000  0.000
   48 H   0.0387  0.0951   0.961  0.000  0.000
   49 H   0.0369  0.0948   0.963  0.000  0.000
   50 H   0.0422  0.1025   0.958  0.000  0.000
   51 H   0.0408  0.0972   0.959  0.000  0.000
   52 H   0.0406  0.0970   0.959  0.000  0.000
   53 H   0.0413  0.1017   0.959  0.000  0.000
   54 H   0.0441  0.1022   0.956  0.000  0.000
   55 H   0.0426  0.1034   0.957  0.000  0.000
   56 H   0.0403  0.1002   0.960  0.000  0.000
   57 H   0.0430  0.0996   0.957  0.000  0.000
   58 H   0.0404  0.0969   0.960  0.000  0.000
   59 H   0.0434  0.1020   0.957  0.000  0.000
   60 H   0.0417  0.0992   0.958  0.000  0.000
   61 H   0.0417  0.0982   0.958  0.000  0.000
   62 H   0.0409  0.0975   0.959  0.000  0.000
   63 H   0.0399  0.0975   0.960  0.000  0.000
   64 H   0.0490  0.1068   0.951  0.000  0.000
   65 H   0.0459  0.1060   0.954  0.000  0.000
   66 H   0.0423  0.1031   0.958  0.000  0.000
   67 H   0.0440  0.1022   0.956  0.000  0.000
   68 H   0.0414  0.1017   0.959  0.000  0.000
   69 H   0.0407  0.0971   0.959  0.000  0.000
   70 H   0.0408  0.0972   0.959  0.000  0.000
   71 H   0.0422  0.1025   0.958  0.000  0.000
   72 H   0.0369  0.0948   0.963  0.000  0.000
   73 H   0.0387  0.0951   0.961  0.000  0.000
 Hirshfeld charges for QMDFF written to <charges>
 
 Loewdin charges    n(s)   n(p)   n(d)
    1 C  -0.0299   1.081  2.949  0.000
    2 C  -0.0268   1.082  2.945  0.000
    3 C  -0.0337   1.089  2.944  0.000
    4 C   0.0088   1.125  2.866  0.000
    5 C  -0.0118   1.138  2.873  0.000
    6 C  -0.0006   1.127  2.873  0.000
    7 C  -0.0341   1.089  2.945  0.000
    8 C  -0.0277   1.081  2.946  0.000
    9 C  -0.0271   1.081  2.946  0.000
   10 C  -0.0366   1.089  2.948  0.000
   11 C  -0.0004   1.128  2.873  0.000
   12 C  -0.0134   1.137  2.876  0.000
   13 C   0.0064   1.124  2.870  0.000
   14 C  -0.0262   1.088  2.938  0.000
   15 C  -0.0299   1.085  2.945  0.000
   16 C   0.0563   1.134  2.810  0.000
   17 N  -0.0477   1.191  3.857  0.000
   18 C   0.0288   1.147  2.824  0.000
   19 C  -0.0425   1.083  2.960  0.000
   20 C  -0.0319   1.080  2.952  0.000
   21 C  -0.0418   1.078  2.964  0.000
   22 C  -0.0295   1.085  2.945  0.000
   23 C  -0.0262   1.124  2.902  0.000
   24 C  -0.0360   1.120  2.916  0.000
   25 C   0.0108   1.128  2.861  0.000
   26 S   0.0188   1.877  4.015  0.089
   27 C   0.0115   1.125  2.863  0.000
   28 C  -0.0330   1.080  2.953  0.000
   29 C  -0.0331   1.082  2.951  0.000
   30 C  -0.0358   1.078  2.957  0.000
   31 C  -0.0337   1.086  2.948  0.000
   32 C  -0.0238   1.125  2.899  0.000
   33 C  -0.0395   1.122  2.917  0.000
   34 C  -0.0325   1.083  2.949  0.000
   35 C  -0.0453   1.078  2.967  0.000
   36 C   0.0270   1.149  2.824  0.000
   37 C  -0.0306   1.085  2.945  0.000
   38 C  -0.0265   1.088  2.938  0.000
   39 C  -0.0003   1.128  2.873  0.000
   40 C  -0.0364   1.089  2.948  0.000
   41 C  -0.0269   1.081  2.946  0.000
   42 C  -0.0275   1.081  2.946  0.000
   43 C  -0.0342   1.089  2.946  0.000
   44 C  -0.0005   1.127  2.873  0.000
   45 C  -0.0337   1.089  2.944  0.000
   46 C  -0.0268   1.082  2.945  0.000
   47 H   0.0306   0.969  0.000  0.000
   48 H   0.0311   0.969  0.000  0.000
   49 H   0.0291   0.971  0.000  0.000
   50 H   0.0340   0.966  0.000  0.000
   51 H   0.0331   0.967  0.000  0.000
   52 H   0.0329   0.967  0.000  0.000
   53 H   0.0333   0.967  0.000  0.000
   54 H   0.0356   0.964  0.000  0.000
   55 H   0.0343   0.966  0.000  0.000
   56 H   0.0326   0.967  0.000  0.000
   57 H   0.0354   0.965  0.000  0.000
   58 H   0.0332   0.967  0.000  0.000
   59 H   0.0354   0.965  0.000  0.000
   60 H   0.0334   0.967  0.000  0.000
   61 H   0.0340   0.966  0.000  0.000
   62 H   0.0335   0.966  0.000  0.000
   63 H   0.0322   0.968  0.000  0.000
   64 H   0.0408   0.959  0.000  0.000
   65 H   0.0380   0.962  0.000  0.000
   66 H   0.0340   0.966  0.000  0.000
   67 H   0.0356   0.964  0.000  0.000
   68 H   0.0334   0.967  0.000  0.000
   69 H   0.0330   0.967  0.000  0.000
   70 H   0.0331   0.967  0.000  0.000
   71 H   0.0340   0.966  0.000  0.000
   72 H   0.0291   0.971  0.000  0.000
   73 H   0.0311   0.969  0.000  0.000
 
 Wiberg/Mayer (AO) data. WBOs > 0.1 written file <wbo>
 largest (>0.05) Wiberg bond orders for each atom
           total WBO             WBO to atom ...
     1  C   3.973    C   46 1.429    C    2 1.429    H   47 0.947    C    4 0.111
     2  C   3.972    C    3 1.436    C    1 1.429    H   48 0.946    C   45 0.110
     3  C   3.971    C    2 1.436    C    4 1.384    H   49 0.947    C   46 0.110
     4  C   3.954    C   45 1.384    C    3 1.384    C    5 0.968    C    1 0.111
     5  C   3.949    C   44 1.312    C    6 1.312    C    4 0.968    C   12 0.126    C   42 0.051    C    8 0.051
     6  C   3.954    C    5 1.312    C    7 1.216    C   11 1.175
     7  C   3.963    C    8 1.597    C    6 1.216    H   50 0.941    C   10 0.117
     8  C   3.962    C    7 1.597    C    9 1.265    H   51 0.946    C    5 0.051
     9  C   3.962    C   10 1.597    C    8 1.265    H   52 0.946    C   12 0.051
    10  C   3.964    C    9 1.597    C   11 1.216    H   53 0.941    C    7 0.117
    11  C   3.953    C   12 1.311    C   10 1.216    C    6 1.175
    12  C   3.947    C   39 1.311    C   11 1.311    C   13 0.971    C    5 0.126    C   41 0.051    C    9 0.051
    13  C   3.952    C   14 1.379    C   38 1.378    C   12 0.971    C   16 0.106
    14  C   3.968    C   15 1.442    C   13 1.379    H   54 0.944    C   37 0.106
    15  C   3.967    C   14 1.442    C   16 1.384    H   55 0.945    C   38 0.106
    16  C   3.928    C   15 1.384    C   37 1.383    N   17 0.968    C   13 0.106
    17  N   3.445    C   36 1.068    C   18 1.057    C   16 0.968
    18  C   3.927    C   19 1.369    C   23 1.260    N   17 1.057    C   21 0.090
    19  C   3.967    C   20 1.453    C   18 1.369    H   56 0.944    C   22 0.102
    20  C   3.953    C   19 1.453    C   21 1.391    H   57 0.945    C   23 0.089
    21  C   3.968    C   22 1.463    C   20 1.391    H   58 0.945    C   18 0.090
    22  C   3.960    C   21 1.463    C   23 1.348    H   59 0.943    C   19 0.102
    23  C   3.952    C   22 1.348    C   18 1.260    C   24 1.096    C   20 0.089
    24  C   3.951    C   25 1.310    C   36 1.270    C   23 1.096    C   34 0.081
    25  C   3.937    C   24 1.310    C   33 1.306    S   26 1.067    C   35 0.078
    26  S   2.419    C   25 1.067    C   27 1.056
    27  C   3.945    C   28 1.382    C   32 1.290    S   26 1.056    C   30 0.089
    28  C   3.971    C   29 1.451    C   27 1.382    H   60 0.946    C   31 0.105
    29  C   3.964    C   28 1.451    C   30 1.393    H   61 0.946    C   32 0.091
    30  C   3.971    C   31 1.467    C   29 1.393    H   62 0.945    C   27 0.089
    31  C   3.969    C   30 1.467    C   32 1.342    H   63 0.945    C   28 0.105
    32  C   3.955    C   31 1.342    C   27 1.290    C   33 1.086    C   29 0.091
    33  C   3.950    C   34 1.313    C   25 1.306    C   32 1.086    C   36 0.073
    34  C   3.951    C   35 1.488    C   33 1.313    H   64 0.941    C   24 0.081
    35  C   3.964    C   34 1.488    C   36 1.334    H   65 0.941    C   25 0.078
    36  C   3.919    C   35 1.334    C   24 1.270    N   17 1.068    C   33 0.073
    37  C   3.967    C   38 1.442    C   16 1.383    H   66 0.945    C   14 0.106
    38  C   3.968    C   37 1.442    C   13 1.378    H   67 0.944    C   15 0.106
    39  C   3.953    C   12 1.311    C   40 1.216    C   44 1.174
    40  C   3.964    C   41 1.597    C   39 1.216    H   68 0.941    C   43 0.117
    41  C   3.962    C   40 1.597    C   42 1.265    H   69 0.946    C   12 0.051
    42  C   3.962    C   43 1.597    C   41 1.265    H   70 0.946    C    5 0.051
    43  C   3.963    C   42 1.597    C   44 1.216    H   71 0.941    C   40 0.117
    44  C   3.954    C    5 1.312    C   43 1.216    C   39 1.174
    45  C   3.971    C   46 1.436    C    4 1.384    H   72 0.947    C    2 0.110
    46  C   3.972    C   45 1.436    C    1 1.429    H   73 0.946    C    3 0.110
    47  H   0.996    C    1 0.947
    48  H   0.997    C    2 0.946
    49  H   0.999    C    3 0.947
    50  H   0.996    C    7 0.941
    51  H   0.995    C    8 0.946
    52  H   0.996    C    9 0.946
    53  H   0.996    C   10 0.941
    54  H   0.997    C   14 0.944
    55  H   0.996    C   15 0.945
    56  H   0.997    C   19 0.944
    57  H   0.997    C   20 0.945
    58  H   0.997    C   21 0.945
    59  H   0.997    C   22 0.943
    60  H   0.997    C   28 0.946
    61  H   0.998    C   29 0.946
    62  H   0.995    C   30 0.945
    63  H   0.998    C   31 0.945
    64  H   0.997    C   34 0.941
    65  H   0.993    C   35 0.941
    66  H   0.996    C   37 0.945
    67  H   0.997    C   38 0.944
    68  H   0.996    C   40 0.941
    69  H   0.996    C   41 0.946
    70  H   0.995    C   42 0.946
    71  H   0.996    C   43 0.941
    72  H   0.999    C   45 0.947
    73  H   0.997    C   46 0.946
 
 --------------------------------------------
          xTB calculation for sTDA...
 --------------------------------------------
 
 reading parameter file /home/tchapet/xtb4stda/.param_stda2.xtb
 
      method parameters     
 k(s)        :  1.6000
 k(p)        :  2.1800
 k(d)        :  1.9500
 k(f)        :  2.0000
 k(R-V)      :  2.2750
 k(R-R)      :  1.7650
 Tscal       :  0.2580
 Gscal       :  1.0000
 fpol        :  1.0000
 Zcnf        :  0.3430
 Zqf         :  0.0000
 kcn         :  2.7000
 Ryd Hsplit  :  0.7000
 lshift(virt):  3.1000
 lshift(OS)  :  0.2000
 wllscaling  :  2.6000
 
 mowrcut     : 3.000
 
  Z AO/shell   Hii/eV     exponent
  1     Sun Feb 14 09:53:25 CET 2016    EN: 2.327 GAM: 0.473  GM3: 0.0000
     1s    -14.339618    1.220000
     2sp    -3.348946    0.600000
  6     Sun Feb 14 09:53:25 CET 2016    EN: 2.731 GAM: 0.422  GM3: 0.0000
     2s    -22.009312    1.565095
     2p    -13.020408    1.596905
     3sp    -3.914040    0.824500
  7     Sun Feb 14 09:53:25 CET 2016    EN: 3.573 GAM: 0.504  GM3: 0.0000
     2s    -25.722000    2.064844
     2p    -18.684912    1.801692
     3sp    -4.344791    0.921400
 16     Sun Feb 21 16:35:57 CET 2016    EN: 1.915 GAM: 0.200  GM3: 0.0000
     3s    -17.898811    2.619580
     3p    -15.317401    1.798798
     4sp    -4.455139    0.843200
 
 Nbf   :          503
 T(el) :     0.0
 calculating S/T integrals ...
 cpu time for ints    2.94174400000000     
 Nao   :          503
 making H0...
 making H1...
 cpu time for H      4.249999999999865E-003
 solving ...
 cpu time for diag   9.611300000000034E-002
 
 gap (eV)           :   6.132
 Koopmans IP (eV)   :  14.072
 Eel (Eh)           :  -183.503046

          eigenvalues
 #    :          95         96         97         98         99        100        101        102
 occ. :        2.000      2.000      2.000      2.000      2.000      2.000      2.000      2.000
 eps  :       -17.109    -16.588    -16.457    -16.325    -16.260    -16.249    -16.112    -16.029
 #    :         103        104        105        106        107        108        109        110
 occ. :        2.000      2.000      2.000      2.000      2.000      0.000      0.000      0.000
 eps  :       -15.742    -15.380    -14.485    -14.364    -14.073     -7.941     -6.681     -6.328
 #    :         111        112        113        114        115        116        117        118
 occ. :        0.000      0.000      0.000      0.000      0.000      0.000      0.000      0.000
 eps  :        -6.167     -6.119     -6.066     -5.927     -5.904     -5.752     -5.481     -5.403
                            1  SCC done.
 writing mo output ...
 molden style : F
 
speedup  8.63
cpu  time for all    3.72 s
wall time for all    0.43 s
