 
        ______________________________________
       |                                      |
       |          ===================         |
       |             xTB for sTDA             |
       |          ===================         |
       |               S. Grimme              |
       |        Universitaet Bonn, MCTC       |
       |         2015-19, Version 1.0         |
       |     Wed Apr  3 09:14:55 CEST 2019    |
       |______________________________________|
 
        This code comes without any warranty
        for non-commercial, academia use only.
        Preliminary test version.
        Cite this work as:
        S. Grimme  &  C. Bannwarth, JCP 145 (2016) 054103
        if GBSA is used additionally:
        P. Shushkov, F. März, C. Bannwarth, S. Grimme, unpublished.
 
        with help from
        P. Shushkov, G. Brandenburg, S. Dohm, J. Pisarek,
        F. März, M. Checinski, S. Ehrlich, S. Spicher, 
        P. Pracht, E. Caldeweyher, S. Ehlert, and C. Bannwarth.
 
        usage        :
        xtb4stda <coord_file> [options]
        where <coord_file> is a valid file of TM)
        (*coord, Bohr) or xmol (*xyz, Angstroem)
        format.

        options:
        -chrg <int>   : molecular charge
        -uhf  <int>   : # of unpaired electrons(=2*S)
        -nox          : skip second, extended part in sTDA-xTB
        -pop          : do population analysis
                      : (default for -nox)
        -mowr <real>  : cut MO write above (def.3 Eh)
        -molden       : write formatted molden file
        -parx <file>  : read parameters for sTDA-xTB
                        calc (def:~/.param_stda2.xtb)
        -parv <file>  : read parameters for vTB part in
                        sTDA-xTB (def: ~/.param_stda1.xtb)
        -xtemp <real> : el. temp for xTB (def. 0 K)
        -etemp <real> : el. temp for GFN (def. 300 K)
        -fod          : calculate the FOD and write
                        molden.input file with
                        appropriate occupations
                        for plotting. Def. T=12500 K
 
        -acc <real>   : xTB accuracy (def. 1.0)
        -gbsa [string1] [string2]
                        use GBSA implicit solvent
                        for solvent [string1] and
                        solvation state [string2]=
                        reference, bar1M (default=1M)
        additional GFN/opt/MD/siman options read from
        $XTB4STDAHOME/.xtb4stdarc or $set in input
 
       spin and charge state information can be on:
       <.CHRG> (charge) and <.UHF> (=nalpha-nbeta)
       -uhf and -chrg override the file info.
       useful machine settings:
       setenv MKL_NUM_THREADS <NCORE_ON_YOUR_MACHINE>
       setenv OMP_STACKSIZE 500m
       limit stacksize unlimited
 
       total energies in Eh, gaps/HL energies in eV
       please read REVISION and HOWTO files carefully
 =============================
  # OMP threads =          16
 =============================
 
 xtb4stdahome directory:/home/tchapet/xtb4stda/
 
 argument            1 :gbsa
 argument            2 :toluene
 
 name of molecule           :
 comment line               :
 number of atoms            :    91
 number of electrons        :   270
 charge                     :  0
 spin                       : 0.0
 first test random number   :  0.4062
 
 -----------------------------------------
      charge density (VTB) calculation
 -----------------------------------------
 
      method parameters     
 k(s)        :  1.8000
 k(p)        :  2.8350
 k(d)        :  2.0860
 k(f)        :  2.0000
 Tscal       :  0.3300
 Gscal       :  0.3910
 fpol        :  1.0000
 Zcnf        :  0.6500
 Zqf         :  0.0000
 kcn         :  0.3000
 kEN1        : -0.5900
 wllscal     :  2.6000
 
     -------------------------
     ! NO SOLVENT MODEL USED !
     -------------------------
 
 doing EN charges ...
 sum q : -0.1443290D-14
 point charge moment (au)
     X       Y       Z   
   0.0550  -0.1071  -0.0490  total (Debye):    0.330
 
            Z      q(EN)   CN      Cart. coordinates
     1  N   5.0  -0.216   1.028   -18.83960     4.84222     1.50309
     2  C   4.0   0.242   2.123   -17.09601     3.68936     0.90502
     3  C   4.0  -0.015   3.219   -14.88905     2.35028     0.30183
     4  C   4.0   0.098   3.330   -12.99386     3.39914    -1.25937
     5  C   4.0  -0.000   3.238   -13.35901     5.76036    -2.66240
     6  C   4.0  -0.073   3.192   -11.33444     7.42827    -2.91290
     7  C   4.0  -0.072   3.142   -11.63267     9.67244    -4.21273
     8  C   4.0  -0.074   3.145   -13.94028    10.26071    -5.30400
     9  C   4.0  -0.073   3.144   -15.94588     8.58956    -5.10286
    10  C   4.0  -0.073   3.189   -15.66445     6.34834    -3.78899
    11  N   5.0  -0.216   2.224   -10.76934     2.28339    -1.49308
    12  C   4.0   0.193   3.345   -10.35598     0.12886    -0.25944
    13  C   4.0   0.003   3.242    -7.86494    -1.02133    -0.48145
    14  C   4.0  -0.071   3.189    -6.00023     0.11004    -1.96790
    15  C   4.0  -0.068   3.184    -3.64314    -0.97360    -2.17850
    16  C   4.0   0.093   3.242    -3.09361    -3.21792    -0.90329
    17  N   5.0  -0.323   3.312    -0.71015    -4.32148    -1.12334
    18  C   4.0   0.087   3.465    -0.23052    -6.83958    -1.64941
    19  C   4.0  -0.063   3.155    -1.90608    -8.78665    -2.17538
    20  C   4.0  -0.073   3.151    -0.91142   -11.14136    -2.71653
    21  C   4.0  -0.073   3.145     1.68699   -11.56047    -2.75617
    22  C   4.0  -0.067   3.152     3.36506    -9.61631    -2.29000
    23  C   4.0  -0.000   3.373     2.40937    -7.23447    -1.74305
    24  C   4.0   0.001   3.369     3.57105    -4.83074    -1.23618
    25  C   4.0  -0.067   3.197     6.06520    -4.05286    -1.04279
    26  C   4.0  -0.004   3.224     6.58773    -1.54680    -0.45817
    27  C   4.0  -0.004   3.224     9.21704    -0.66759    -0.23776
    28  C   4.0  -0.073   3.194    11.03131    -1.46334    -1.99724
    29  C   4.0  -0.062   3.152    13.51675    -0.68492    -1.87687
    30  C   4.0   0.089   3.469    14.20730     0.94195     0.06157
    31  C   4.0   0.001   3.370    12.41793     1.72955     1.88347
    32  C   4.0  -0.067   3.197     9.92686     0.93272     1.71810
    33  C   4.0  -0.000   3.374    13.75745     3.29913     3.64784
    34  C   4.0  -0.067   3.152    13.03703     4.62504     5.79565
    35  C   4.0  -0.073   3.145    14.83928     6.01582     7.07095
    36  C   4.0  -0.073   3.151    17.32696     6.11815     6.21225
    37  C   4.0  -0.063   3.154    18.08881     4.81768     4.07954
    38  C   4.0   0.088   3.469    16.29658     3.37856     2.81573
    39  N   5.0  -0.323   3.313    16.54074     1.94853     0.64711
    40  C   4.0   0.089   3.242    18.78188     1.57457    -0.72447
    41  C   4.0  -0.070   3.185    20.96270     0.76419     0.50262
    42  C   4.0  -0.072   3.145    23.16736     0.40762    -0.85516
    43  C   4.0  -0.074   3.143    23.21173     0.83366    -3.43787
    44  C   4.0  -0.072   3.145    21.03962     1.62986    -4.66320
    45  C   4.0  -0.070   3.186    18.83191     2.01235    -3.31769
    46  C   4.0  -0.073   3.195     4.58683     0.13957    -0.05020
    47  C   4.0  -0.062   3.152     2.09031    -0.59264    -0.24321
    48  C   4.0   0.087   3.464     1.58249    -3.08612    -0.87593
    49  C   4.0  -0.068   3.183    -4.95386    -4.35235     0.58571
    50  C   4.0  -0.071   3.189    -7.31130    -3.26748     0.78916
    51  N   5.0  -0.216   2.223   -12.07952    -1.05690     1.14028
    52  C   4.0   0.098   3.330   -14.32834    -0.00460     1.42824
    53  C   4.0  -0.000   3.238   -16.16355    -1.38488     2.97914
    54  C   4.0  -0.073   3.189   -18.71692    -1.45894     2.34359
    55  C   4.0  -0.073   3.144   -20.40030    -2.78586     3.83824
    56  C   4.0  -0.074   3.145   -19.55833    -4.04253     5.97543
    57  C   4.0  -0.072   3.142   -17.01555    -3.99788     6.60295
    58  C   4.0  -0.073   3.192   -15.32155    -2.69129     5.10677
    59  H   1.0   0.076   1.006    -9.55081     6.94534    -2.04909
    60  H   1.0   0.074   1.004   -10.06293    10.96541    -4.37810
    61  H   1.0   0.074   1.004   -14.17357    12.01462    -6.31997
    62  H   1.0   0.074   1.004   -17.73814     9.02686    -5.97432
    63  H   1.0   0.075   1.006   -17.22482     5.03642    -3.67476
    64  H   1.0   0.076   1.006    -6.45006     1.82820    -2.96819
    65  H   1.0   0.076   1.006    -2.22136    -0.11955    -3.36567
    66  H   1.0   0.075   1.005    -3.92214    -8.47800    -2.19158
    67  H   1.0   0.074   1.004    -2.17949   -12.68809    -3.12507
    68  H   1.0   0.074   1.004     2.39103   -13.42873    -3.18041
    69  H   1.0   0.074   1.004     5.37977    -9.93137    -2.35723
    70  H   1.0   0.076   1.005     7.58210    -5.39412    -1.29145
    71  H   1.0   0.075   1.006    10.45219    -2.70088    -3.51396
    72  H   1.0   0.075   1.005    14.87944    -1.33738    -3.24779
    73  H   1.0   0.076   1.005     8.56797     1.51020     3.12663
    74  H   1.0   0.074   1.004    11.10311     4.56839     6.44504
    75  H   1.0   0.074   1.004    14.31944     7.05536     8.74939
    76  H   1.0   0.074   1.004    18.68918     7.24511     7.23355
    77  H   1.0   0.075   1.005    20.01342     4.93530     3.41260
    78  H   1.0   0.075   1.005    20.91022     0.39685     2.50958
    79  H   1.0   0.074   1.004    24.85455    -0.21966     0.10731
    80  H   1.0   0.074   1.004    24.93425     0.54546    -4.49285
    81  H   1.0   0.074   1.004    21.06686     1.97161    -6.67546
    82  H   1.0   0.075   1.005    17.14474     2.66980    -4.25929
    83  H   1.0   0.075   1.006     5.01668     2.08277     0.40346
    84  H   1.0   0.075   1.005     0.58829     0.74240     0.10649
    85  H   1.0   0.076   1.006    -4.51749    -6.06366     1.60654
    86  H   1.0   0.076   1.006    -8.75794    -4.12806     1.93845
    87  H   1.0   0.075   1.006   -19.38070    -0.51630     0.65832
    88  H   1.0   0.074   1.004   -22.37503    -2.83756     3.32790
    89  H   1.0   0.074   1.004   -20.88222    -5.06431     7.14418
    90  H   1.0   0.074   1.004   -16.35237    -4.98487     8.26109
    91  H   1.0   0.076   1.006   -13.33649    -2.63703     5.57271
 
  Z AO/shell   Hii/eV     exponent
  1     Sat Feb 20 21:38:01 CET 2016    EN: 2.327 GAM: 0.473  GM3: 0.0000
     1s    -13.751157    1.051071
  6     Sat Feb 20 21:38:01 CET 2016    EN: 2.731 GAM: 0.422  GM3: 0.0000
     2s    -19.378245    2.021003
     2p    -11.993376    1.497917
  7     Sat Feb 20 21:38:01 CET 2016    EN: 3.573 GAM: 0.504  GM3: 0.0000
     2s    -21.576984    2.275442
     2p    -16.125120    2.056788
 
 dipole moment of classical point charges (au)
     X       Y       Z   
   0.0550  -0.1071  -0.0490  total (Debye):    0.330

 
 Nbf   :          265
 T(el) :   300.0
 calculating S/T integrals ...
 cpu time for ints   0.525918000000000     
 Nao   :          265
 making H0...
 making H1...
 cpu time for H      3.478800000000004E-002
 solving ...
 cpu time for diag   0.157187000000000     
 
 gap (eV)           :   4.212
 Koopmans IP (eV)   :  13.109
 Eel (Eh)           :  -213.458579
 T,E(Fermi),NFOD :    300.000   -11.003  0.000000
 T,E(Fermi),NFOD :    300.000   -11.003  0.000000
 Nfod               :  0.0000
 Nfod/Nel           :  0.0000

          eigenvalues
 #    :         123        124        125        126        127        128        129        130
 occ. :        2.000      2.000      2.000      2.000      2.000      2.000      2.000      2.000
 eps  :       -15.621    -15.610    -15.602    -15.558    -15.459    -15.420    -15.405    -15.214
 #    :         131        132        133        134        135        136        137        138
 occ. :        2.000      2.000      2.000      2.000      2.000      0.000      0.000      0.000
 eps  :       -14.773    -14.224    -14.010    -13.578    -13.110     -8.898     -8.882     -6.930
 #    :         139        140        141        142        143        144        145        146
 occ. :        0.000      0.000      0.000      0.000      0.000      0.000      0.000      0.000
 eps  :        -6.911     -6.643     -6.376     -6.215     -6.020     -5.785     -5.470     -5.469
                            1  SCC done.
 making H1...
 cpu time for H      0.192540000000000     
 solving ...
 cpu time for diag   0.276839000000000     
 
 gap (eV)           :   4.242
 Koopmans IP (eV)   :  13.010
 Eel (Eh)           :  -212.448640
 T,E(Fermi),NFOD :    300.000   -10.888  0.000000
 T,E(Fermi),NFOD :    300.000   -10.888  0.000000
 Nfod               :  0.0000
 Nfod/Nel           :  0.0000

          eigenvalues
 #    :         123        124        125        126        127        128        129        130
 occ. :        2.000      2.000      2.000      2.000      2.000      2.000      2.000      2.000
 eps  :       -15.582    -15.578    -15.552    -15.431    -15.357    -15.142    -15.112    -14.596
 #    :         131        132        133        134        135        136        137        138
 occ. :        2.000      2.000      2.000      2.000      2.000      0.000      0.000      0.000
 eps  :       -14.495    -14.107    -13.902    -13.489    -13.011     -8.768     -8.658     -6.825
 #    :         139        140        141        142        143        144        145        146
 occ. :        0.000      0.000      0.000      0.000      0.000      0.000      0.000      0.000
 eps  :        -6.766     -6.524     -6.291     -6.176     -5.984     -5.756     -5.474     -5.407
                            2  SCC done.
 
 
 Mulliken/CM5 charges    n(s)   n(p)   n(d)   
    1 N  -0.2231 -0.3524   1.644  3.579  0.000
    2 C   0.0932  0.2105   1.175  2.732  0.000
    3 C  -0.0012  0.0126   1.151  2.850  0.000
    4 C   0.0745  0.1534   1.205  2.720  0.000
    5 C   0.0128  0.0114   1.160  2.828  0.000
    6 C  -0.0267 -0.0779   1.142  2.885  0.000
    7 C  -0.0267 -0.0829   1.135  2.892  0.000
    8 C  -0.0290 -0.0854   1.138  2.891  0.000
    9 C  -0.0247 -0.0810   1.135  2.890  0.000
   10 C  -0.0312 -0.0833   1.143  2.888  0.000
   11 N  -0.2034 -0.3920   1.480  3.723  0.000
   12 C   0.1069  0.2575   1.208  2.685  0.000
   13 C   0.0211  0.0248   1.151  2.828  0.000
   14 C  -0.0203 -0.0708   1.142  2.878  0.000
   15 C  -0.0274 -0.0759   1.135  2.892  0.000
   16 C   0.0665  0.1235   1.176  2.758  0.000
   17 N  -0.0917 -0.3364   1.234  3.858  0.000
   18 C   0.0358  0.0983   1.183  2.781  0.000
   19 C  -0.0436 -0.0930   1.135  2.908  0.000
   20 C  -0.0384 -0.0944   1.135  2.903  0.000
   21 C  -0.0466 -0.1027   1.132  2.915  0.000
   22 C  -0.0352 -0.0880   1.138  2.897  0.000
   23 C  -0.0256 -0.0228   1.166  2.860  0.000
   24 C  -0.0258 -0.0229   1.165  2.861  0.000
   25 C  -0.0405 -0.0905   1.142  2.899  0.000
   26 C  -0.0106 -0.0196   1.163  2.848  0.000
   27 C  -0.0132 -0.0221   1.162  2.851  0.000
   28 C  -0.0437 -0.0969   1.139  2.905  0.000
   29 C  -0.0430 -0.0922   1.135  2.908  0.000
   30 C   0.0346  0.0979   1.182  2.783  0.000
   31 C  -0.0275 -0.0245   1.165  2.862  0.000
   32 C  -0.0415 -0.0915   1.142  2.900  0.000
   33 C  -0.0276 -0.0248   1.166  2.862  0.000
   34 C  -0.0366 -0.0894   1.138  2.899  0.000
   35 C  -0.0489 -0.1050   1.132  2.917  0.000
   36 C  -0.0401 -0.0960   1.135  2.905  0.000
   37 C  -0.0444 -0.0937   1.135  2.909  0.000
   38 C   0.0356  0.0988   1.183  2.781  0.000
   39 N  -0.0940 -0.3388   1.234  3.860  0.000
   40 C   0.0610  0.1163   1.172  2.767  0.000
   41 C  -0.0354 -0.0841   1.138  2.898  0.000
   42 C  -0.0299 -0.0860   1.136  2.894  0.000
   43 C  -0.0379 -0.0943   1.134  2.904  0.000
   44 C  -0.0299 -0.0860   1.136  2.894  0.000
   45 C  -0.0355 -0.0842   1.138  2.898  0.000
   46 C  -0.0421 -0.0954   1.139  2.903  0.000
   47 C  -0.0423 -0.0917   1.135  2.907  0.000
   48 C   0.0342  0.0968   1.182  2.784  0.000
   49 C  -0.0274 -0.0759   1.135  2.892  0.000
   50 C  -0.0203 -0.0708   1.142  2.878  0.000
   51 N  -0.2035 -0.3919   1.481  3.723  0.000
   52 C   0.0745  0.1534   1.205  2.720  0.000
   53 C   0.0128  0.0114   1.160  2.828  0.000
   54 C  -0.0311 -0.0832   1.143  2.888  0.000
   55 C  -0.0248 -0.0811   1.135  2.890  0.000
   56 C  -0.0290 -0.0854   1.138  2.891  0.000
   57 C  -0.0268 -0.0830   1.135  2.892  0.000
   58 C  -0.0268 -0.0780   1.142  2.885  0.000
   59 H   0.0426  0.1043   0.957  0.000  0.000
   60 H   0.0406  0.0972   0.959  0.000  0.000
   61 H   0.0409  0.0974   0.959  0.000  0.000
   62 H   0.0418  0.0984   0.958  0.000  0.000
   63 H   0.0430  0.1043   0.957  0.000  0.000
   64 H   0.0520  0.1154   0.948  0.000  0.000
   65 H   0.0446  0.1057   0.955  0.000  0.000
   66 H   0.0413  0.1013   0.959  0.000  0.000
   67 H   0.0438  0.1004   0.956  0.000  0.000
   68 H   0.0407  0.0972   0.959  0.000  0.000
   69 H   0.0428  0.1000   0.957  0.000  0.000
   70 H   0.0430  0.1019   0.957  0.000  0.000
   71 H   0.0441  0.1025   0.956  0.000  0.000
   72 H   0.0430  0.1029   0.957  0.000  0.000
   73 H   0.0424  0.1013   0.958  0.000  0.000
   74 H   0.0421  0.0993   0.958  0.000  0.000
   75 H   0.0401  0.0966   0.960  0.000  0.000
   76 H   0.0431  0.0997   0.957  0.000  0.000
   77 H   0.0405  0.1003   0.960  0.000  0.000
   78 H   0.0398  0.1006   0.960  0.000  0.000
   79 H   0.0428  0.0993   0.957  0.000  0.000
   80 H   0.0398  0.0963   0.960  0.000  0.000
   81 H   0.0428  0.0993   0.957  0.000  0.000
   82 H   0.0397  0.1005   0.960  0.000  0.000
   83 H   0.0449  0.1033   0.955  0.000  0.000
   84 H   0.0436  0.1035   0.956  0.000  0.000
   85 H   0.0446  0.1057   0.955  0.000  0.000
   86 H   0.0519  0.1153   0.948  0.000  0.000
   87 H   0.0429  0.1040   0.957  0.000  0.000
   88 H   0.0418  0.0984   0.958  0.000  0.000
   89 H   0.0408  0.0973   0.959  0.000  0.000
   90 H   0.0407  0.0972   0.959  0.000  0.000
   91 H   0.0426  0.1041   0.957  0.000  0.000
 Hirshfeld charges for QMDFF written to <charges>
 
 Loewdin charges    n(s)   n(p)   n(d)
    1 N  -0.2115   1.606  3.605  0.000
    2 C   0.0870   1.141  2.772  0.000
    3 C  -0.0135   1.112  2.901  0.000
    4 C   0.0755   1.168  2.756  0.000
    5 C   0.0146   1.117  2.869  0.000
    6 C  -0.0211   1.088  2.933  0.000
    7 C  -0.0191   1.080  2.939  0.000
    8 C  -0.0206   1.083  2.937  0.000
    9 C  -0.0174   1.080  2.937  0.000
   10 C  -0.0254   1.089  2.936  0.000
   11 N  -0.1878   1.448  3.740  0.000
   12 C   0.0967   1.178  2.725  0.000
   13 C   0.0201   1.109  2.871  0.000
   14 C  -0.0123   1.088  2.925  0.000
   15 C  -0.0251   1.083  2.943  0.000
   16 C   0.0646   1.138  2.797  0.000
   17 N  -0.0492   1.191  3.858  0.000
   18 C   0.0299   1.148  2.822  0.000
   19 C  -0.0416   1.083  2.959  0.000
   20 C  -0.0301   1.080  2.950  0.000
   21 C  -0.0405   1.078  2.963  0.000
   22 C  -0.0295   1.084  2.945  0.000
   23 C  -0.0255   1.124  2.901  0.000
   24 C  -0.0252   1.124  2.902  0.000
   25 C  -0.0380   1.090  2.948  0.000
   26 C  -0.0059   1.119  2.887  0.000
   27 C  -0.0085   1.119  2.890  0.000
   28 C  -0.0385   1.086  2.952  0.000
   29 C  -0.0404   1.082  2.958  0.000
   30 C   0.0282   1.147  2.824  0.000
   31 C  -0.0270   1.124  2.903  0.000
   32 C  -0.0389   1.090  2.949  0.000
   33 C  -0.0276   1.124  2.903  0.000
   34 C  -0.0309   1.084  2.947  0.000
   35 C  -0.0429   1.078  2.965  0.000
   36 C  -0.0317   1.080  2.951  0.000
   37 C  -0.0424   1.083  2.960  0.000
   38 C   0.0295   1.148  2.822  0.000
   39 N  -0.0520   1.192  3.860  0.000
   40 C   0.0581   1.134  2.807  0.000
   41 C  -0.0328   1.085  2.948  0.000
   42 C  -0.0212   1.081  2.941  0.000
   43 C  -0.0314   1.080  2.952  0.000
   44 C  -0.0212   1.081  2.941  0.000
   45 C  -0.0329   1.085  2.948  0.000
   46 C  -0.0370   1.086  2.951  0.000
   47 C  -0.0397   1.082  2.957  0.000
   48 C   0.0280   1.147  2.825  0.000
   49 C  -0.0250   1.083  2.942  0.000
   50 C  -0.0123   1.088  2.925  0.000
   51 N  -0.1879   1.448  3.740  0.000
   52 C   0.0755   1.168  2.756  0.000
   53 C   0.0146   1.117  2.869  0.000
   54 C  -0.0254   1.089  2.936  0.000
   55 C  -0.0175   1.080  2.937  0.000
   56 C  -0.0207   1.083  2.937  0.000
   57 C  -0.0192   1.080  2.939  0.000
   58 C  -0.0212   1.088  2.933  0.000
   59 H   0.0337   0.966  0.000  0.000
   60 H   0.0327   0.967  0.000  0.000
   61 H   0.0329   0.967  0.000  0.000
   62 H   0.0337   0.966  0.000  0.000
   63 H   0.0344   0.966  0.000  0.000
   64 H   0.0419   0.958  0.000  0.000
   65 H   0.0361   0.964  0.000  0.000
   66 H   0.0336   0.966  0.000  0.000
   67 H   0.0361   0.964  0.000  0.000
   68 H   0.0334   0.967  0.000  0.000
   69 H   0.0347   0.965  0.000  0.000
   70 H   0.0350   0.965  0.000  0.000
   71 H   0.0365   0.964  0.000  0.000
   72 H   0.0351   0.965  0.000  0.000
   73 H   0.0346   0.965  0.000  0.000
   74 H   0.0341   0.966  0.000  0.000
   75 H   0.0329   0.967  0.000  0.000
   76 H   0.0354   0.965  0.000  0.000
   77 H   0.0328   0.967  0.000  0.000
   78 H   0.0318   0.968  0.000  0.000
   79 H   0.0347   0.965  0.000  0.000
   80 H   0.0324   0.968  0.000  0.000
   81 H   0.0347   0.965  0.000  0.000
   82 H   0.0317   0.968  0.000  0.000
   83 H   0.0372   0.963  0.000  0.000
   84 H   0.0357   0.964  0.000  0.000
   85 H   0.0362   0.964  0.000  0.000
   86 H   0.0419   0.958  0.000  0.000
   87 H   0.0343   0.966  0.000  0.000
   88 H   0.0337   0.966  0.000  0.000
   89 H   0.0328   0.967  0.000  0.000
   90 H   0.0327   0.967  0.000  0.000
   91 H   0.0336   0.966  0.000  0.000
 
 Wiberg/Mayer (AO) data. WBOs > 0.1 written file <wbo>
 largest (>0.05) Wiberg bond orders for each atom
           total WBO             WBO to atom ...
     1  N   3.071    C    2 2.787    C    3 0.077    C   52 0.068    C    4 0.068
     2  C   3.942    N    1 2.787    C    3 1.081
     3  C   3.950    C   52 1.264    C    4 1.264    C    2 1.081    N    1 0.077    C   12 0.069
     4  C   3.924    N   11 1.383    C    3 1.264    C    5 1.017    N   51 0.080    N    1 0.068
     5  C   3.956    C   10 1.368    C    6 1.363    C    4 1.017    C    8 0.104
     6  C   3.972    C    7 1.447    C    5 1.363    H   59 0.947    C    9 0.107
     7  C   3.973    C    6 1.447    C    8 1.422    H   60 0.946    C   10 0.106
     8  C   3.970    C    9 1.425    C    7 1.422    H   61 0.947    C    5 0.104
     9  C   3.974    C   10 1.443    C    8 1.425    H   62 0.946    C    6 0.107
    10  C   3.972    C    9 1.443    C    5 1.368    H   63 0.944    C    7 0.106
    11  N   3.090    C    4 1.383    C   12 1.336    C   52 0.080    N   51 0.069
    12  C   3.914    N   11 1.336    N   51 1.336    C   13 1.059    C    3 0.069
    13  C   3.954    C   50 1.344    C   14 1.344    C   12 1.059    C   16 0.095
    14  C   3.967    C   15 1.467    C   13 1.344    H   64 0.942    C   49 0.097
    15  C   3.968    C   14 1.467    C   16 1.364    H   65 0.944    C   50 0.097
    16  C   3.923    C   49 1.364    C   15 1.364    N   17 0.991    C   13 0.095
    17  N   3.443    C   48 1.051    C   18 1.049    C   16 0.991
    18  C   3.926    C   19 1.372    C   23 1.267    N   17 1.049    C   21 0.092
    19  C   3.967    C   20 1.449    C   18 1.372    H   66 0.943    C   22 0.103
    20  C   3.953    C   19 1.449    C   21 1.397    H   67 0.945    C   23 0.091
    21  C   3.968    C   22 1.458    C   20 1.397    H   68 0.945    C   18 0.092
    22  C   3.961    C   21 1.458    C   23 1.356    H   69 0.945    C   19 0.103
    23  C   3.951    C   22 1.356    C   18 1.267    C   24 1.083    C   20 0.091
    24  C   3.952    C   25 1.366    C   48 1.262    C   23 1.083    C   46 0.086
    25  C   3.955    C   26 1.398    C   24 1.366    H   70 0.943    C   47 0.097
    26  C   3.949    C   25 1.398    C   46 1.339    C   27 1.001    C   48 0.086
    27  C   3.950    C   32 1.400    C   28 1.337    C   26 1.001    C   30 0.085
    28  C   3.949    C   29 1.465    C   27 1.337    H   71 0.943    C   31 0.085
    29  C   3.966    C   28 1.465    C   30 1.362    H   72 0.942    C   32 0.097
    30  C   3.924    C   29 1.362    C   31 1.259    N   39 1.061    C   27 0.085
    31  C   3.953    C   32 1.364    C   30 1.259    C   33 1.086    C   28 0.085
    32  C   3.955    C   27 1.400    C   31 1.364    H   73 0.943    C   29 0.097
    33  C   3.952    C   34 1.354    C   38 1.264    C   31 1.086    C   36 0.090
    34  C   3.961    C   35 1.460    C   33 1.354    H   74 0.945    C   37 0.102
    35  C   3.969    C   34 1.460    C   36 1.394    H   75 0.945    C   38 0.091
    36  C   3.953    C   37 1.452    C   35 1.394    H   76 0.945    C   33 0.090
    37  C   3.968    C   36 1.452    C   38 1.369    H   77 0.944    C   34 0.102
    38  C   3.928    C   37 1.369    C   33 1.264    N   39 1.057    C   35 0.091
    39  N   3.447    C   30 1.061    C   38 1.057    C   40 0.971
    40  C   3.932    C   41 1.387    C   45 1.386    N   39 0.971    C   43 0.109
    41  C   3.970    C   42 1.436    C   40 1.387    H   78 0.947    C   44 0.110
    42  C   3.974    C   41 1.436    C   43 1.428    H   79 0.945    C   45 0.110
    43  C   3.973    C   42 1.428    C   44 1.428    H   80 0.946    C   40 0.109
    44  C   3.974    C   45 1.436    C   43 1.428    H   81 0.945    C   41 0.110
    45  C   3.970    C   44 1.436    C   40 1.386    H   82 0.947    C   42 0.110
    46  C   3.949    C   47 1.462    C   26 1.339    H   83 0.943    C   24 0.086
    47  C   3.965    C   46 1.462    C   48 1.366    H   84 0.942    C   25 0.097
    48  C   3.922    C   47 1.366    C   24 1.262    N   17 1.051    C   26 0.086
    49  C   3.968    C   50 1.466    C   16 1.364    H   85 0.944    C   14 0.097
    50  C   3.967    C   49 1.466    C   13 1.344    H   86 0.943    C   15 0.097
    51  N   3.090    C   52 1.384    C   12 1.336    C    4 0.080    N   11 0.069
    52  C   3.924    N   51 1.384    C    3 1.264    C   53 1.016    N   11 0.080    N    1 0.068
    53  C   3.956    C   54 1.368    C   58 1.363    C   52 1.016    C   56 0.104
    54  C   3.972    C   55 1.443    C   53 1.368    H   87 0.944    C   57 0.107
    55  C   3.974    C   54 1.443    C   56 1.425    H   88 0.946    C   58 0.107
    56  C   3.970    C   55 1.425    C   57 1.422    H   89 0.947    C   53 0.104
    57  C   3.973    C   58 1.447    C   56 1.422    H   90 0.946    C   54 0.107
    58  C   3.972    C   57 1.447    C   53 1.363    H   91 0.947    C   55 0.107
    59  H   0.998    C    6 0.947
    60  H   0.996    C    7 0.946
    61  H   0.996    C    8 0.947
    62  H   0.997    C    9 0.946
    63  H   0.998    C   10 0.944
    64  H   0.996    C   14 0.942
    65  H   0.997    C   15 0.944
    66  H   0.997    C   19 0.943
    67  H   0.997    C   20 0.945
    68  H   0.997    C   21 0.945
    69  H   0.997    C   22 0.945
    70  H   0.997    C   25 0.943
    71  H   0.997    C   28 0.943
    72  H   0.995    C   29 0.942
    73  H   0.997    C   32 0.943
    74  H   0.997    C   34 0.945
    75  H   0.997    C   35 0.945
    76  H   0.997    C   36 0.945
    77  H   0.997    C   37 0.944
    78  H   0.998    C   41 0.947
    79  H   0.997    C   42 0.945
    80  H   0.998    C   43 0.946
    81  H   0.997    C   44 0.945
    82  H   0.998    C   45 0.947
    83  H   0.997    C   46 0.943
    84  H   0.995    C   47 0.942
    85  H   0.997    C   49 0.944
    86  H   0.996    C   50 0.943
    87  H   0.998    C   54 0.944
    88  H   0.997    C   55 0.946
    89  H   0.996    C   56 0.947
    90  H   0.996    C   57 0.946
    91  H   0.998    C   58 0.947
 
 --------------------------------------------
          xTB calculation for sTDA...
 --------------------------------------------
 
 reading parameter file /home/tchapet/xtb4stda/.param_stda2.xtb
 
      method parameters     
 k(s)        :  1.6000
 k(p)        :  2.1800
 k(d)        :  1.9500
 k(f)        :  2.0000
 k(R-V)      :  2.2750
 k(R-R)      :  1.7650
 Tscal       :  0.2580
 Gscal       :  1.0000
 fpol        :  1.0000
 Zcnf        :  0.3430
 Zqf         :  0.0000
 kcn         :  2.7000
 Ryd Hsplit  :  0.7000
 lshift(virt):  3.1000
 lshift(OS)  :  0.2000
 wllscaling  :  2.6000
 
 mowrcut     : 3.000
 
  Z AO/shell   Hii/eV     exponent
  1     Sun Feb 14 09:53:25 CET 2016    EN: 2.327 GAM: 0.473  GM3: 0.0000
     1s    -14.339618    1.220000
     2sp    -3.348946    0.600000
  6     Sun Feb 14 09:53:25 CET 2016    EN: 2.731 GAM: 0.422  GM3: 0.0000
     2s    -22.009312    1.565095
     2p    -13.020408    1.596905
     3sp    -3.914040    0.824500
  7     Sun Feb 14 09:53:25 CET 2016    EN: 3.573 GAM: 0.504  GM3: 0.0000
     2s    -25.722000    2.064844
     2p    -18.684912    1.801692
     3sp    -4.344791    0.921400
 
 Nbf   :          629
 T(el) :     0.0
 calculating S/T integrals ...
 cpu time for ints    2.62358500000000     
 Nao   :          629
 making H0...
 making H1...
 cpu time for H      6.172000000000288E-003
 solving ...
 cpu time for diag   0.193824999999999     
 
 gap (eV)           :   5.916
 Koopmans IP (eV)   :  13.987
 Eel (Eh)           :  -234.643223

          eigenvalues
 #    :         123        124        125        126        127        128        129        130
 occ. :        2.000      2.000      2.000      2.000      2.000      2.000      2.000      2.000
 eps  :       -16.411    -16.400    -16.397    -16.379    -16.322    -16.316    -16.216    -16.020
 #    :         131        132        133        134        135        136        137        138
 occ. :        2.000      2.000      2.000      2.000      2.000      0.000      0.000      0.000
 eps  :       -15.870    -15.223    -15.064    -14.469    -13.989     -8.072     -7.475     -6.701
 #    :         139        140        141        142        143        144        145        146
 occ. :        0.000      0.000      0.000      0.000      0.000      0.000      0.000      0.000
 eps  :        -6.608     -6.498     -6.306     -6.122     -6.042     -5.992     -5.961     -5.961
                            1  SCC done.
 writing mo output ...
 molden style : F
 
speedup  7.60
cpu  time for all    4.44 s
wall time for all    0.58 s
