 
        ______________________________________
       |                                      |
       |          ===================         |
       |             xTB for sTDA             |
       |          ===================         |
       |               S. Grimme              |
       |        Universitaet Bonn, MCTC       |
       |         2015-19, Version 1.0         |
       |     Wed Apr  3 09:14:55 CEST 2019    |
       |______________________________________|
 
        This code comes without any warranty
        for non-commercial, academia use only.
        Preliminary test version.
        Cite this work as:
        S. Grimme  &  C. Bannwarth, JCP 145 (2016) 054103
        if GBSA is used additionally:
        P. Shushkov, F. März, C. Bannwarth, S. Grimme, unpublished.
 
        with help from
        P. Shushkov, G. Brandenburg, S. Dohm, J. Pisarek,
        F. März, M. Checinski, S. Ehrlich, S. Spicher, 
        P. Pracht, E. Caldeweyher, S. Ehlert, and C. Bannwarth.
 
        usage        :
        xtb4stda <coord_file> [options]
        where <coord_file> is a valid file of TM)
        (*coord, Bohr) or xmol (*xyz, Angstroem)
        format.

        options:
        -chrg <int>   : molecular charge
        -uhf  <int>   : # of unpaired electrons(=2*S)
        -nox          : skip second, extended part in sTDA-xTB
        -pop          : do population analysis
                      : (default for -nox)
        -mowr <real>  : cut MO write above (def.3 Eh)
        -molden       : write formatted molden file
        -parx <file>  : read parameters for sTDA-xTB
                        calc (def:~/.param_stda2.xtb)
        -parv <file>  : read parameters for vTB part in
                        sTDA-xTB (def: ~/.param_stda1.xtb)
        -xtemp <real> : el. temp for xTB (def. 0 K)
        -etemp <real> : el. temp for GFN (def. 300 K)
        -fod          : calculate the FOD and write
                        molden.input file with
                        appropriate occupations
                        for plotting. Def. T=12500 K
 
        -acc <real>   : xTB accuracy (def. 1.0)
        -gbsa [string1] [string2]
                        use GBSA implicit solvent
                        for solvent [string1] and
                        solvation state [string2]=
                        reference, bar1M (default=1M)
        additional GFN/opt/MD/siman options read from
        $XTB4STDAHOME/.xtb4stdarc or $set in input
 
       spin and charge state information can be on:
       <.CHRG> (charge) and <.UHF> (=nalpha-nbeta)
       -uhf and -chrg override the file info.
       useful machine settings:
       setenv MKL_NUM_THREADS <NCORE_ON_YOUR_MACHINE>
       setenv OMP_STACKSIZE 500m
       limit stacksize unlimited
 
       total energies in Eh, gaps/HL energies in eV
       please read REVISION and HOWTO files carefully
 =============================
  # OMP threads =          16
 =============================
 
 xtb4stdahome directory:/home/tchapet/xtb4stda/
 
 argument            1 :gbsa
 argument            2 :toluene
 
 name of molecule           :
 comment line               :
 number of atoms            :    85
 number of electrons        :   248
 charge                     :  0
 spin                       : 0.0
 first test random number   :  0.9858
 
 -----------------------------------------
      charge density (VTB) calculation
 -----------------------------------------
 
      method parameters     
 k(s)        :  1.8000
 k(p)        :  2.8350
 k(d)        :  2.0860
 k(f)        :  2.0000
 Tscal       :  0.3300
 Gscal       :  0.3910
 fpol        :  1.0000
 Zcnf        :  0.6500
 Zqf         :  0.0000
 kcn         :  0.3000
 kEN1        : -0.5900
 wllscal     :  2.6000
 
     -------------------------
     ! NO SOLVENT MODEL USED !
     -------------------------
 
 doing EN charges ...
 sum q : -0.2553513D-14
 point charge moment (au)
     X       Y       Z   
   0.1653   0.4596   0.0565  total (Debye):    1.250
 
            Z      q(EN)   CN      Cart. coordinates
     1  C   4.0  -0.238   4.022    13.06779     2.63652     4.85430
     2  C   4.0  -0.092   4.071    12.19869     2.38467     2.11127
     3  N   5.0  -0.297   3.262    10.40066     0.36628     1.80391
     4  C   4.0   0.089   3.502    10.92890    -2.11801     1.26951
     5  C   4.0  -0.062   3.151    13.24262    -3.25130     0.75666
     6  C   4.0  -0.073   3.147    13.28957    -5.81475     0.29060
     7  C   4.0  -0.073   3.144    11.08229    -7.26105     0.33984
     8  C   4.0  -0.067   3.147     8.76978    -6.17593     0.83694
     9  C   4.0   0.008   3.360     8.65521    -3.58169     1.29189
    10  C   4.0   0.094   3.599     6.72423    -1.81958     1.87367
    11  C   4.0   0.099   3.609     7.85125     0.53101     2.22473
    12  C   4.0   0.008   3.357     5.94103     2.28500     2.92176
    13  C   4.0  -0.067   3.151     5.87722     4.86066     3.45608
    14  C   4.0  -0.073   3.146     3.58397     5.97755     3.98282
    15  C   4.0  -0.073   3.152     1.35341     4.57804     3.94686
    16  C   4.0  -0.063   3.160     1.36218     2.01822     3.44063
    17  C   4.0   0.084   3.497     3.66215     0.84950     2.97647
    18  N   5.0  -0.320   3.299     4.15992    -1.65189     2.36359
    19  C   4.0   0.096   3.242     2.36622    -3.53511     2.01370
    20  C   4.0  -0.068   3.191     0.41697    -3.86785     3.76636
    21  C   4.0  -0.081   3.248    -1.49720    -5.56992     3.27797
    22  C   4.0  -0.050   3.192    -1.44454    -6.98454     1.07774
    23  S   6.0   0.563   4.403    -4.33424    -8.43835     0.07669
    24  O   6.0  -0.224   1.024    -3.87590   -10.09292    -2.05104
    25  O   6.0  -0.224   1.024    -5.69691    -9.48784     2.20208
    26  C   4.0  -0.050   3.192    -5.76590    -5.53585    -0.91885
    27  C   4.0  -0.080   3.233    -7.29515    -4.20385     0.72963
    28  C   4.0  -0.068   3.185    -7.75293    -1.66611     0.30995
    29  C   4.0   0.095   3.243    -6.61940    -0.45520    -1.74161
    30  N   5.0  -0.321   3.301    -6.73853     2.15343    -2.03066
    31  C   4.0   0.086   3.486    -8.82284     3.72311    -1.86934
    32  C   4.0  -0.062   3.152   -11.34073     3.09422    -1.49808
    33  C   4.0  -0.073   3.149   -13.10138     5.02128    -1.45534
    34  C   4.0  -0.073   3.144   -12.39003     7.53589    -1.79481
    35  C   4.0  -0.067   3.148    -9.90311     8.18633    -2.22270
    36  C   4.0   0.008   3.354    -8.08458     6.28459    -2.28059
    37  C   4.0   0.100   3.603    -5.42977     6.18827    -2.68315
    38  C   4.0   0.093   3.610    -4.66874     3.67525    -2.53204
    39  C   4.0   0.008   3.361    -2.00137     3.59770    -2.76283
    40  C   4.0  -0.067   3.153    -0.14801     1.72515    -2.66862
    41  C   4.0  -0.073   3.151     2.34386     2.41351    -2.95689
    42  C   4.0  -0.073   3.151     3.03307     4.93235    -3.32707
    43  C   4.0  -0.062   3.153     1.24961     6.82944    -3.40580
    44  C   4.0   0.089   3.504    -1.27869     6.17815    -3.11772
    45  N   5.0  -0.297   3.262    -3.37453     7.70960    -3.09737
    46  C   4.0  -0.092   4.070    -3.39895    10.42468    -3.26996
    47  C   4.0  -0.238   4.021    -3.12759    11.67127    -0.67847
    48  C   4.0  -0.068   3.197    -5.20327    -1.86042    -3.47449
    49  C   4.0  -0.081   3.253    -4.76578    -4.39292    -3.05102
    50  C   4.0  -0.080   3.234     0.54948    -6.78113    -0.60169
    51  C   4.0  -0.068   3.192     2.46570    -5.07355    -0.13054
    52  H   1.0   0.081   0.999    14.41522     4.17645     5.02853
    53  H   1.0   0.081   0.999    13.96377     0.89569     5.47989
    54  H   1.0   0.082   0.999    11.45986     3.01824     6.07621
    55  H   1.0   0.082   1.003    11.30246     4.13882     1.48815
    56  H   1.0   0.082   1.003    13.81752     2.01311     0.88401
    57  H   1.0   0.075   1.005    14.97126    -2.16790     0.73876
    58  H   1.0   0.074   1.004    15.07060    -6.73085    -0.10594
    59  H   1.0   0.074   1.004    11.20059    -9.26896    -0.01164
    60  H   1.0   0.075   1.005     7.07752    -7.31587     0.89630
    61  H   1.0   0.075   1.005     7.59102     5.96724     3.44730
    62  H   1.0   0.074   1.004     3.50580     7.97295     4.40582
    63  H   1.0   0.074   1.005    -0.42272     5.51240     4.31757
    64  H   1.0   0.076   1.006    -0.38795     0.97451     3.37185
    65  H   1.0   0.076   1.006     0.40912    -2.77380     5.48592
    66  H   1.0   0.077   1.008    -3.05304    -5.81829     4.57119
    67  H   1.0   0.076   1.007    -8.05160    -5.16360     2.36170
    68  H   1.0   0.076   1.005    -8.87684    -0.59248     1.62928
    69  H   1.0   0.075   1.005   -11.91689     1.15077    -1.26887
    70  H   1.0   0.074   1.004   -15.06996     4.57129    -1.15753
    71  H   1.0   0.074   1.004   -13.82008     8.99149    -1.73812
    72  H   1.0   0.075   1.004    -9.37922    10.13706    -2.50937
    73  H   1.0   0.075   1.006    -0.65793    -0.22592    -2.35267
    74  H   1.0   0.075   1.005     3.80108     0.98655    -2.88991
    75  H   1.0   0.074   1.005     5.00808     5.40065    -3.54174
    76  H   1.0   0.075   1.005     1.81761     8.77132    -3.66615
    77  H   1.0   0.082   1.003    -1.85350    11.01657    -4.50662
    78  H   1.0   0.082   1.003    -5.18111    10.99189    -4.14643
    79  H   1.0   0.082   0.999    -4.66241    11.08523     0.55649
    80  H   1.0   0.081   0.999    -3.17606    13.71521    -0.87284
    81  H   1.0   0.082   0.999    -1.34584    11.12759     0.18876
    82  H   1.0   0.076   1.006    -4.41187    -0.92645    -5.10496
    83  H   1.0   0.077   1.008    -3.62670    -5.50306    -4.32541
    84  H   1.0   0.076   1.007     0.54184    -7.93254    -2.28439
    85  H   1.0   0.076   1.006     3.99626    -4.84847    -1.45833
 
  Z AO/shell   Hii/eV     exponent
  1     Sat Feb 20 21:38:01 CET 2016    EN: 2.327 GAM: 0.473  GM3: 0.0000
     1s    -13.751157    1.051071
  6     Sat Feb 20 21:38:01 CET 2016    EN: 2.731 GAM: 0.422  GM3: 0.0000
     2s    -19.378245    2.021003
     2p    -11.993376    1.497917
  7     Sat Feb 20 21:38:01 CET 2016    EN: 3.573 GAM: 0.504  GM3: 0.0000
     2s    -21.576984    2.275442
     2p    -16.125120    2.056788
  8     Sat Feb 20 21:38:01 CET 2016    EN: 3.700 GAM: 0.587  GM3: 0.0000
     2s    -21.648843    2.110798
     2p    -17.239740    2.329048
 16     Sat Feb 20 23:13:41 CET 2016    EN: 1.915 GAM: 0.389  GM3: 0.0000
     3s    -22.000000    2.671470
     3p    -15.834192    1.836978
     3d     -2.593599    1.836978
 
 dipole moment of classical point charges (au)
     X       Y       Z   
   0.1653   0.4596   0.0565  total (Debye):    1.250

 
 Nbf   :          244
 T(el) :   300.0
 calculating S/T integrals ...
 cpu time for ints   0.600176000000000     
 Nao   :          243
 making H0...
 making H1...
 cpu time for H      4.542400000000002E-002
 solving ...
 cpu time for diag   9.854900000000000E-002
 
 gap (eV)           :   1.599
 Koopmans IP (eV)   :  12.681
 Eel (Eh)           :  -194.032589
 T,E(Fermi),NFOD :    300.000   -11.874  0.000000
 T,E(Fermi),NFOD :    300.000   -11.874  0.000000
 Nfod               :  0.0000
 Nfod/Nel           :  0.0000

          eigenvalues
 #    :         112        113        114        115        116        117        118        119
 occ. :        2.000      2.000      2.000      2.000      2.000      2.000      2.000      2.000
 eps  :       -15.973    -15.888    -15.864    -15.646    -15.573    -15.522    -15.251    -14.528
 #    :         120        121        122        123        124        125        126        127
 occ. :        2.000      2.000      2.000      2.000      2.000      0.000      0.000      0.000
 eps  :       -14.390    -13.529    -13.514    -12.696    -12.682    -11.083     -7.643     -7.317
 #    :         128        129        130        131        132        133        134        135
 occ. :        0.000      0.000      0.000      0.000      0.000      0.000      0.000      0.000
 eps  :        -7.233     -6.868     -6.760     -6.422     -6.308     -5.939     -5.755     -5.415
                            1  SCC done.
 making H1...
 cpu time for H      0.126470000000000     
 solving ...
 cpu time for diag   6.170000000000009E-002
 
 gap (eV)           :   1.660
 Koopmans IP (eV)   :  12.524
 Eel (Eh)           :  -193.213530
 T,E(Fermi),NFOD :    300.000   -11.694  0.000000
 T,E(Fermi),NFOD :    300.000   -11.694  0.000000
 Nfod               :  0.0000
 Nfod/Nel           :  0.0000

          eigenvalues
 #    :         112        113        114        115        116        117        118        119
 occ. :        2.000      2.000      2.000      2.000      2.000      2.000      2.000      2.000
 eps  :       -15.721    -15.681    -15.566    -15.401    -15.278    -15.065    -14.887    -14.436
 #    :         120        121        122        123        124        125        126        127
 occ. :        2.000      2.000      2.000      2.000      2.000      0.000      0.000      0.000
 eps  :       -14.309    -13.433    -13.419    -12.550    -12.525    -10.865     -7.640     -7.176
 #    :         128        129        130        131        132        133        134        135
 occ. :        0.000      0.000      0.000      0.000      0.000      0.000      0.000      0.000
 eps  :        -7.104     -6.807     -6.684     -6.378     -6.296     -5.928     -5.683     -5.542
                            2  SCC done.
 
 
 Mulliken/CM5 charges    n(s)   n(p)   n(d)   
    1 C  -0.0837 -0.2303   1.094  2.990  0.000
    2 C   0.0307 -0.0167   1.142  2.827  0.000
    3 N  -0.0752 -0.3355   1.249  3.826  0.000
    4 C   0.0251  0.0890   1.183  2.792  0.000
    5 C  -0.0482 -0.0977   1.135  2.913  0.000
    6 C  -0.0494 -0.1054   1.133  2.916  0.000
    7 C  -0.0517 -0.1078   1.132  2.920  0.000
    8 C  -0.0456 -0.0984   1.138  2.908  0.000
    9 C  -0.0196 -0.0141   1.167  2.853  0.000
   10 C  -0.0244  0.0487   1.174  2.850  0.000
   11 C  -0.0229  0.0517   1.175  2.847  0.000
   12 C  -0.0129 -0.0077   1.165  2.847  0.000
   13 C  -0.0430 -0.0958   1.137  2.906  0.000
   14 C  -0.0471 -0.1033   1.132  2.915  0.000
   15 C  -0.0443 -0.1004   1.133  2.911  0.000
   16 C  -0.0428 -0.0925   1.136  2.906  0.000
   17 C   0.0328  0.0946   1.183  2.784  0.000
   18 N  -0.0790 -0.3232   1.238  3.841  0.000
   19 C   0.0770  0.1350   1.170  2.753  0.000
   20 C  -0.0279 -0.0767   1.139  2.889  0.000
   21 C  -0.0139 -0.0654   1.137  2.877  0.000
   22 C  -0.0124 -0.0066   1.218  2.794  0.000
   23 S   0.4120  0.4617   1.533  3.195  0.860
   24 O  -0.3338 -0.3840   1.678  4.656  0.000
   25 O  -0.3349 -0.3851   1.678  4.657  0.000
   26 C  -0.0127 -0.0069   1.219  2.793  0.000
   27 C  -0.0090 -0.0604   1.137  2.872  0.000
   28 C  -0.0265 -0.0750   1.140  2.887  0.000
   29 C   0.0764  0.1343   1.170  2.753  0.000
   30 N  -0.0814 -0.3246   1.236  3.846  0.000
   31 C   0.0333  0.0963   1.183  2.784  0.000
   32 C  -0.0443 -0.0935   1.136  2.909  0.000
   33 C  -0.0459 -0.1019   1.133  2.913  0.000
   34 C  -0.0483 -0.1045   1.132  2.916  0.000
   35 C  -0.0427 -0.0954   1.137  2.906  0.000
   36 C  -0.0142 -0.0086   1.166  2.848  0.000
   37 C  -0.0217  0.0529   1.175  2.847  0.000
   38 C  -0.0270  0.0462   1.176  2.851  0.000
   39 C  -0.0205 -0.0151   1.167  2.854  0.000
   40 C  -0.0484 -0.1012   1.139  2.910  0.000
   41 C  -0.0501 -0.1062   1.132  2.918  0.000
   42 C  -0.0478 -0.1039   1.133  2.915  0.000
   43 C  -0.0476 -0.0972   1.135  2.913  0.000
   44 C   0.0252  0.0889   1.183  2.792  0.000
   45 N  -0.0751 -0.3352   1.248  3.827  0.000
   46 C   0.0308 -0.0165   1.142  2.827  0.000
   47 C  -0.0837 -0.2303   1.094  2.990  0.000
   48 C  -0.0254 -0.0738   1.140  2.886  0.000
   49 C  -0.0134 -0.0650   1.138  2.876  0.000
   50 C  -0.0099 -0.0616   1.137  2.873  0.000
   51 C  -0.0266 -0.0752   1.140  2.886  0.000
   52 H   0.0399  0.0921   0.960  0.000  0.000
   53 H   0.0316  0.0862   0.968  0.000  0.000
   54 H   0.0323  0.0872   0.968  0.000  0.000
   55 H   0.0486  0.1150   0.951  0.000  0.000
   56 H   0.0495  0.1157   0.950  0.000  0.000
   57 H   0.0398  0.0989   0.960  0.000  0.000
   58 H   0.0421  0.0986   0.958  0.000  0.000
   59 H   0.0409  0.0974   0.959  0.000  0.000
   60 H   0.0428  0.1011   0.957  0.000  0.000
   61 H   0.0417  0.0995   0.958  0.000  0.000
   62 H   0.0406  0.0971   0.959  0.000  0.000
   63 H   0.0439  0.1007   0.956  0.000  0.000
   64 H   0.0423  0.1032   0.958  0.000  0.000
   65 H   0.0506  0.1117   0.949  0.000  0.000
   66 H   0.0538  0.1151   0.946  0.000  0.000
   67 H   0.0554  0.1166   0.945  0.000  0.000
   68 H   0.0497  0.1105   0.950  0.000  0.000
   69 H   0.0415  0.1013   0.958  0.000  0.000
   70 H   0.0433  0.0999   0.957  0.000  0.000
   71 H   0.0412  0.0977   0.959  0.000  0.000
   72 H   0.0423  0.1000   0.958  0.000  0.000
   73 H   0.0416  0.1018   0.958  0.000  0.000
   74 H   0.0426  0.1015   0.957  0.000  0.000
   75 H   0.0422  0.0990   0.958  0.000  0.000
   76 H   0.0392  0.0984   0.961  0.000  0.000
   77 H   0.0492  0.1154   0.951  0.000  0.000
   78 H   0.0491  0.1156   0.951  0.000  0.000
   79 H   0.0319  0.0867   0.968  0.000  0.000
   80 H   0.0402  0.0923   0.960  0.000  0.000
   81 H   0.0313  0.0860   0.969  0.000  0.000
   82 H   0.0510  0.1129   0.949  0.000  0.000
   83 H   0.0540  0.1154   0.946  0.000  0.000
   84 H   0.0549  0.1162   0.945  0.000  0.000
   85 H   0.0507  0.1125   0.949  0.000  0.000
 Hirshfeld charges for QMDFF written to <charges>
 
 Loewdin charges    n(s)   n(p)   n(d)
    1 C  -0.0858   1.021  3.065  0.000
    2 C   0.0317   1.085  2.883  0.000
    3 N  -0.0330   1.207  3.826  0.000
    4 C   0.0178   1.149  2.834  0.000
    5 C  -0.0456   1.083  2.963  0.000
    6 C  -0.0420   1.079  2.963  0.000
    7 C  -0.0453   1.078  2.968  0.000
    8 C  -0.0411   1.085  2.956  0.000
    9 C  -0.0200   1.126  2.894  0.000
   10 C  -0.0375   1.144  2.894  0.000
   11 C  -0.0358   1.144  2.891  0.000
   12 C  -0.0133   1.124  2.889  0.000
   13 C  -0.0384   1.084  2.955  0.000
   14 C  -0.0406   1.078  2.963  0.000
   15 C  -0.0370   1.078  2.959  0.000
   16 C  -0.0407   1.084  2.957  0.000
   17 C   0.0259   1.149  2.825  0.000
   18 N  -0.0348   1.194  3.840  0.000
   19 C   0.0730   1.133  2.794  0.000
   20 C  -0.0245   1.086  2.939  0.000
   21 C  -0.0080   1.083  2.925  0.000
   22 C   0.0059   1.174  2.820  0.000
   23 S   0.3134   1.505  3.190  0.992
   24 O  -0.2930   1.649  4.644  0.000
   25 O  -0.2940   1.649  4.645  0.000
   26 C   0.0056   1.175  2.819  0.000
   27 C  -0.0033   1.083  2.920  0.000
   28 C  -0.0231   1.087  2.936  0.000
   29 C   0.0723   1.133  2.794  0.000
   30 N  -0.0370   1.192  3.845  0.000
   31 C   0.0261   1.148  2.825  0.000
   32 C  -0.0418   1.083  2.959  0.000
   33 C  -0.0384   1.079  2.960  0.000
   34 C  -0.0418   1.078  2.964  0.000
   35 C  -0.0381   1.084  2.954  0.000
   36 C  -0.0145   1.125  2.890  0.000
   37 C  -0.0347   1.144  2.891  0.000
   38 C  -0.0398   1.145  2.895  0.000
   39 C  -0.0209   1.126  2.895  0.000
   40 C  -0.0441   1.085  2.959  0.000
   41 C  -0.0440   1.078  2.966  0.000
   42 C  -0.0405   1.078  2.962  0.000
   43 C  -0.0451   1.082  2.963  0.000
   44 C   0.0178   1.149  2.834  0.000
   45 N  -0.0330   1.207  3.826  0.000
   46 C   0.0319   1.085  2.883  0.000
   47 C  -0.0858   1.021  3.065  0.000
   48 C  -0.0220   1.087  2.935  0.000
   49 C  -0.0074   1.084  2.924  0.000
   50 C  -0.0041   1.083  2.921  0.000
   51 C  -0.0234   1.087  2.936  0.000
   52 H   0.0398   0.960  0.000  0.000
   53 H   0.0309   0.969  0.000  0.000
   54 H   0.0316   0.968  0.000  0.000
   55 H   0.0429   0.957  0.000  0.000
   56 H   0.0440   0.956  0.000  0.000
   57 H   0.0327   0.967  0.000  0.000
   58 H   0.0347   0.965  0.000  0.000
   59 H   0.0337   0.966  0.000  0.000
   60 H   0.0351   0.965  0.000  0.000
   61 H   0.0343   0.966  0.000  0.000
   62 H   0.0334   0.967  0.000  0.000
   63 H   0.0362   0.964  0.000  0.000
   64 H   0.0349   0.965  0.000  0.000
   65 H   0.0417   0.958  0.000  0.000
   66 H   0.0439   0.956  0.000  0.000
   67 H   0.0452   0.955  0.000  0.000
   68 H   0.0408   0.959  0.000  0.000
   69 H   0.0338   0.966  0.000  0.000
   70 H   0.0358   0.964  0.000  0.000
   71 H   0.0339   0.966  0.000  0.000
   72 H   0.0348   0.965  0.000  0.000
   73 H   0.0344   0.966  0.000  0.000
   74 H   0.0352   0.965  0.000  0.000
   75 H   0.0348   0.965  0.000  0.000
   76 H   0.0322   0.968  0.000  0.000
   77 H   0.0437   0.956  0.000  0.000
   78 H   0.0433   0.957  0.000  0.000
   79 H   0.0312   0.969  0.000  0.000
   80 H   0.0400   0.960  0.000  0.000
   81 H   0.0307   0.969  0.000  0.000
   82 H   0.0417   0.958  0.000  0.000
   83 H   0.0442   0.956  0.000  0.000
   84 H   0.0448   0.955  0.000  0.000
   85 H   0.0416   0.958  0.000  0.000
 
 Wiberg/Mayer (AO) data. WBOs > 0.1 written file <wbo>
 largest (>0.05) Wiberg bond orders for each atom
           total WBO             WBO to atom ...
     1  C   3.983    C    2 1.001    H   53 0.984    H   54 0.984    H   52 0.976
     2  C   3.939    C    1 1.001    H   55 0.970    H   56 0.969    N    3 0.959
     3  N   3.459    C    4 1.097    C   11 1.081    C    2 0.959    C   10 0.059
     4  C   3.922    C    5 1.361    C    9 1.220    N    3 1.097    C    7 0.085
     5  C   3.968    C    6 1.463    C    4 1.361    H   57 0.943    C    8 0.100
     6  C   3.958    C    5 1.463    C    7 1.374    H   58 0.945    C    9 0.080
     7  C   3.971    C    8 1.479    C    6 1.374    H   59 0.944    C    4 0.085
     8  C   3.961    C    7 1.479    C    9 1.323    H   60 0.942    C    5 0.100
     9  C   3.948    C    8 1.323    C    4 1.220    C   10 1.155    C    6 0.080
    10  C   3.915    C   11 1.430    C    9 1.155    N   18 1.042    N    3 0.059
    11  C   3.922    C   10 1.430    C   12 1.137    N    3 1.081
    12  C   3.948    C   13 1.331    C   17 1.234    C   11 1.137    C   15 0.083
    13  C   3.960    C   14 1.470    C   12 1.331    H   61 0.943    C   16 0.100
    14  C   3.970    C   13 1.470    C   15 1.385    H   62 0.944    C   17 0.088
    15  C   3.956    C   16 1.450    C   14 1.385    H   63 0.944    C   12 0.083
    16  C   3.967    C   15 1.450    C   17 1.375    H   64 0.941    C   13 0.100
    17  C   3.917    C   16 1.375    C   12 1.234    N   18 1.057    C   14 0.088
    18  N   3.451    C   17 1.057    C   10 1.042    C   19 0.997
    19  C   3.932    C   51 1.372    C   20 1.368    N   18 0.997    C   22 0.104
    20  C   3.967    C   21 1.439    C   19 1.368    H   65 0.940    C   50 0.103
    21  C   3.970    C   20 1.439    C   22 1.396    H   66 0.943    C   51 0.105
    22  C   3.903    C   50 1.400    C   21 1.396    S   23 0.750    C   19 0.104    O   25 0.069    O   24 0.069
    23  S   5.157    O   24 1.754    O   25 1.753    C   22 0.750    C   26 0.750
    24  O   2.069    S   23 1.754    O   25 0.121    C   26 0.070    C   22 0.069
    25  O   2.068    S   23 1.753    O   24 0.121    C   22 0.069    C   26 0.069
    26  C   3.903    C   27 1.404    C   49 1.392    S   23 0.750    C   29 0.105    O   24 0.070    O   25 0.069
    27  C   3.970    C   28 1.431    C   26 1.404    H   67 0.942    C   48 0.103
    28  C   3.967    C   27 1.431    C   29 1.378    H   68 0.940    C   49 0.105
    29  C   3.931    C   28 1.378    C   48 1.366    N   30 0.992    C   26 0.105
    30  N   3.451    C   31 1.063    C   38 1.040    C   29 0.992
    31  C   3.917    C   32 1.374    C   36 1.231    N   30 1.063    C   34 0.087
    32  C   3.967    C   33 1.451    C   31 1.374    H   69 0.943    C   35 0.100
    33  C   3.957    C   32 1.451    C   34 1.385    H   70 0.944    C   36 0.083
    34  C   3.970    C   35 1.470    C   33 1.385    H   71 0.944    C   31 0.087
    35  C   3.961    C   34 1.470    C   36 1.332    H   72 0.943    C   32 0.100
    36  C   3.948    C   35 1.332    C   31 1.231    C   37 1.138    C   33 0.083
    37  C   3.922    C   38 1.430    C   36 1.138    N   45 1.081
    38  C   3.914    C   37 1.430    C   39 1.154    N   30 1.040    N   45 0.059
    39  C   3.948    C   40 1.322    C   44 1.221    C   38 1.154    C   42 0.080
    40  C   3.961    C   41 1.479    C   39 1.322    H   73 0.941    C   43 0.100
    41  C   3.971    C   40 1.479    C   42 1.375    H   74 0.943    C   44 0.085
    42  C   3.958    C   43 1.463    C   41 1.375    H   75 0.945    C   39 0.080
    43  C   3.968    C   42 1.463    C   44 1.361    H   76 0.944    C   40 0.100
    44  C   3.922    C   43 1.361    C   39 1.221    N   45 1.096    C   41 0.085
    45  N   3.458    C   44 1.096    C   37 1.081    C   46 0.959    C   38 0.059
    46  C   3.939    C   47 1.002    H   78 0.970    H   77 0.969    N   45 0.959
    47  C   3.983    C   46 1.002    H   81 0.984    H   79 0.984    H   80 0.975
    48  C   3.968    C   49 1.443    C   29 1.366    H   82 0.940    C   27 0.103
    49  C   3.970    C   48 1.443    C   26 1.392    H   83 0.943    C   28 0.105
    50  C   3.970    C   51 1.435    C   22 1.400    H   84 0.942    C   20 0.103
    51  C   3.967    C   50 1.435    C   19 1.372    H   85 0.940    C   21 0.105
    52  H   0.997    C    1 0.976
    53  H   0.999    C    1 0.984
    54  H   0.999    C    1 0.984
    55  H   0.997    C    2 0.970
    56  H   0.997    C    2 0.969
    57  H   0.997    C    5 0.943
    58  H   0.997    C    6 0.945
    59  H   0.996    C    7 0.944
    60  H   0.997    C    8 0.942
    61  H   0.997    C   13 0.943
    62  H   0.996    C   14 0.944
    63  H   0.997    C   15 0.944
    64  H   0.996    C   16 0.941
    65  H   0.995    C   20 0.940
    66  H   0.996    C   21 0.943
    67  H   0.996    C   27 0.942
    68  H   0.995    C   28 0.940
    69  H   0.996    C   32 0.943
    70  H   0.997    C   33 0.944
    71  H   0.996    C   34 0.944
    72  H   0.997    C   35 0.943
    73  H   0.997    C   40 0.941
    74  H   0.996    C   41 0.943
    75  H   0.997    C   42 0.945
    76  H   0.997    C   43 0.944
    77  H   0.997    C   46 0.969
    78  H   0.997    C   46 0.970
    79  H   0.999    C   47 0.984
    80  H   0.997    C   47 0.975
    81  H   0.999    C   47 0.984
    82  H   0.995    C   48 0.940
    83  H   0.996    C   49 0.943
    84  H   0.996    C   50 0.942
    85  H   0.995    C   51 0.940
 
 --------------------------------------------
          xTB calculation for sTDA...
 --------------------------------------------
 
 reading parameter file /home/tchapet/xtb4stda/.param_stda2.xtb
 
      method parameters     
 k(s)        :  1.6000
 k(p)        :  2.1800
 k(d)        :  1.9500
 k(f)        :  2.0000
 k(R-V)      :  2.2750
 k(R-R)      :  1.7650
 Tscal       :  0.2580
 Gscal       :  1.0000
 fpol        :  1.0000
 Zcnf        :  0.3430
 Zqf         :  0.0000
 kcn         :  2.7000
 Ryd Hsplit  :  0.7000
 lshift(virt):  3.1000
 lshift(OS)  :  0.2000
 wllscaling  :  2.6000
 
 mowrcut     : 3.000
 
  Z AO/shell   Hii/eV     exponent
  1     Sun Feb 14 09:53:25 CET 2016    EN: 2.327 GAM: 0.473  GM3: 0.0000
     1s    -14.339618    1.220000
     2sp    -3.348946    0.600000
  6     Sun Feb 14 09:53:25 CET 2016    EN: 2.731 GAM: 0.422  GM3: 0.0000
     2s    -22.009312    1.565095
     2p    -13.020408    1.596905
     3sp    -3.914040    0.824500
  7     Sun Feb 14 09:53:25 CET 2016    EN: 3.573 GAM: 0.504  GM3: 0.0000
     2s    -25.722000    2.064844
     2p    -18.684912    1.801692
     3sp    -4.344791    0.921400
  8     Sun Feb 14 09:53:25 CET 2016    EN: 3.700 GAM: 0.587  GM3: 0.0000
     2s    -33.859000    2.418661
     2p    -22.175911    1.973969
     3sp    -4.259392    1.013700
 16     Sun Feb 21 16:35:57 CET 2016    EN: 1.915 GAM: 0.200  GM3: 0.0000
     3s    -17.898811    2.619580
     3p    -15.317401    1.798798
     4sp    -4.455139    0.843200
 
 Nbf   :          578
 T(el) :     0.0
 calculating S/T integrals ...
 cpu time for ints    2.84175500000000     
 Nao   :          578
 making H0...
 making H1...
 cpu time for H      6.009000000000153E-003
 solving ...
 cpu time for diag   0.123024999999999     
 
 gap (eV)           :   6.654
 Koopmans IP (eV)   :  13.504
 Eel (Eh)           :  -214.482381

          eigenvalues
 #    :         112        113        114        115        116        117        118        119
 occ. :        2.000      2.000      2.000      2.000      2.000      2.000      2.000      2.000
 eps  :       -16.596    -16.499    -16.451    -16.429    -16.284    -16.211    -15.758    -15.370
 #    :         120        121        122        123        124        125        126        127
 occ. :        2.000      2.000      2.000      2.000      2.000      0.000      0.000      0.000
 eps  :       -15.257    -14.546    -14.525    -13.520    -13.505     -6.850     -6.600     -6.364
 #    :         128        129        130        131        132        133        134        135
 occ. :        0.000      0.000      0.000      0.000      0.000      0.000      0.000      0.000
 eps  :        -6.207     -6.068     -5.982     -5.467     -5.406     -5.370     -5.301     -5.215
                            1  SCC done.
 writing mo output ...
 molden style : F
 
speedup  7.09
cpu  time for all    4.14 s
wall time for all    0.58 s
