 
        ______________________________________
       |                                      |
       |          ===================         |
       |             xTB for sTDA             |
       |          ===================         |
       |               S. Grimme              |
       |        Universitaet Bonn, MCTC       |
       |         2015-19, Version 1.0         |
       |     Wed Apr  3 09:14:55 CEST 2019    |
       |______________________________________|
 
        This code comes without any warranty
        for non-commercial, academia use only.
        Preliminary test version.
        Cite this work as:
        S. Grimme  &  C. Bannwarth, JCP 145 (2016) 054103
        if GBSA is used additionally:
        P. Shushkov, F. März, C. Bannwarth, S. Grimme, unpublished.
 
        with help from
        P. Shushkov, G. Brandenburg, S. Dohm, J. Pisarek,
        F. März, M. Checinski, S. Ehrlich, S. Spicher, 
        P. Pracht, E. Caldeweyher, S. Ehlert, and C. Bannwarth.
 
        usage        :
        xtb4stda <coord_file> [options]
        where <coord_file> is a valid file of TM)
        (*coord, Bohr) or xmol (*xyz, Angstroem)
        format.

        options:
        -chrg <int>   : molecular charge
        -uhf  <int>   : # of unpaired electrons(=2*S)
        -nox          : skip second, extended part in sTDA-xTB
        -pop          : do population analysis
                      : (default for -nox)
        -mowr <real>  : cut MO write above (def.3 Eh)
        -molden       : write formatted molden file
        -parx <file>  : read parameters for sTDA-xTB
                        calc (def:~/.param_stda2.xtb)
        -parv <file>  : read parameters for vTB part in
                        sTDA-xTB (def: ~/.param_stda1.xtb)
        -xtemp <real> : el. temp for xTB (def. 0 K)
        -etemp <real> : el. temp for GFN (def. 300 K)
        -fod          : calculate the FOD and write
                        molden.input file with
                        appropriate occupations
                        for plotting. Def. T=12500 K
 
        -acc <real>   : xTB accuracy (def. 1.0)
        -gbsa [string1] [string2]
                        use GBSA implicit solvent
                        for solvent [string1] and
                        solvation state [string2]=
                        reference, bar1M (default=1M)
        additional GFN/opt/MD/siman options read from
        $XTB4STDAHOME/.xtb4stdarc or $set in input
 
       spin and charge state information can be on:
       <.CHRG> (charge) and <.UHF> (=nalpha-nbeta)
       -uhf and -chrg override the file info.
       useful machine settings:
       setenv MKL_NUM_THREADS <NCORE_ON_YOUR_MACHINE>
       setenv OMP_STACKSIZE 500m
       limit stacksize unlimited
 
       total energies in Eh, gaps/HL energies in eV
       please read REVISION and HOWTO files carefully
 =============================
  # OMP threads =          16
 =============================
 
 xtb4stdahome directory:/home/tchapet/xtb4stda/
 
 argument            1 :gbsa
 argument            2 :toluene
 
 name of molecule           :
 comment line               :
 number of atoms            :    45
 number of electrons        :   136
 charge                     :  0
 spin                       : 0.0
 first test random number   :  0.4328
 
 -----------------------------------------
      charge density (VTB) calculation
 -----------------------------------------
 
      method parameters     
 k(s)        :  1.8000
 k(p)        :  2.8350
 k(d)        :  2.0860
 k(f)        :  2.0000
 Tscal       :  0.3300
 Gscal       :  0.3910
 fpol        :  1.0000
 Zcnf        :  0.6500
 Zqf         :  0.0000
 kcn         :  0.3000
 kEN1        : -0.5900
 wllscal     :  2.6000
 
     -------------------------
     ! NO SOLVENT MODEL USED !
     -------------------------
 
 doing EN charges ...
 sum q :  0.5551115D-15
 point charge moment (au)
     X       Y       Z   
  -0.3533   0.3674  -0.3691  total (Debye):    1.600
 
            Z      q(EN)   CN      Cart. coordinates
     1  C   4.0  -0.074   3.146     7.27552     5.71767    -1.38694
     2  C   4.0  -0.072   3.148     6.30656     5.40186     1.02658
     3  C   4.0  -0.081   3.231     5.89635     2.98993     1.96135
     4  C   4.0  -0.050   3.183     6.47555     0.93242     0.46281
     5  C   4.0  -0.082   3.238     7.44231     1.22120    -1.94638
     6  C   4.0  -0.072   3.148     7.84966     3.63554    -2.87243
     7  S   6.0   0.561   4.386     5.83788    -2.20476     1.58357
     8  O   6.0  -0.224   1.026     7.84137    -3.88328     0.77698
     9  O   6.0  -0.224   1.026     5.31577    -2.10050     4.26761
    10  C   4.0  -0.048   3.182     2.98018    -3.03813    -0.05352
    11  C   4.0  -0.080   3.222     2.95138    -4.98890    -1.78551
    12  C   4.0  -0.071   3.148     0.71799    -5.51482    -3.05364
    13  C   4.0  -0.070   3.186    -1.42116    -4.07966    -2.60978
    14  C   4.0   0.095   3.244    -1.37409    -2.11106    -0.85340
    15  C   4.0  -0.079   3.292     0.86199    -1.60371     0.44363
    16  N   5.0  -0.323   3.312    -3.52000    -0.64317    -0.41132
    17  C   4.0   0.087   3.465    -3.57999     1.97190    -0.32862
    18  C   4.0  -0.063   3.155    -1.66355     3.70382    -0.77983
    19  C   4.0  -0.073   3.151    -2.25887     6.24436    -0.64539
    20  C   4.0  -0.073   3.145    -4.70088     7.05749    -0.09174
    21  C   4.0  -0.067   3.152    -6.62635     5.34228     0.30984
    22  C   4.0  -0.000   3.372    -6.07385     2.77925     0.18254
    23  C   4.0  -0.000   3.372    -7.57973     0.53271     0.43811
    24  C   4.0  -0.067   3.152   -10.11565     0.11574     0.97257
    25  C   4.0  -0.073   3.145   -10.97244    -2.34434     1.12917
    26  C   4.0  -0.073   3.151    -9.32767    -4.37251     0.79467
    27  C   4.0  -0.063   3.154    -6.79627    -4.00383     0.26292
    28  C   4.0   0.087   3.462    -5.93563    -1.53617     0.05246
    29  H   1.0   0.074   1.004     7.59171     7.59750    -2.11397
    30  H   1.0   0.074   1.004     5.86522     7.02518     2.17965
    31  H   1.0   0.076   1.007     5.16048     2.66814     3.83581
    32  H   1.0   0.076   1.007     7.88386    -0.43970    -3.04270
    33  H   1.0   0.074   1.004     8.61125     3.89055    -4.74700
    34  H   1.0   0.076   1.007     4.65826    -6.05600    -2.10143
    35  H   1.0   0.074   1.004     0.65498    -7.03269    -4.41384
    36  H   1.0   0.076   1.005    -3.13830    -4.45260    -3.64492
    37  H   1.0   0.078   1.009     0.94751    -0.13894     1.85744
    38  H   1.0   0.075   1.005     0.22835     3.09941    -1.24548
    39  H   1.0   0.074   1.005    -0.79809     7.62793    -0.98664
    40  H   1.0   0.074   1.004    -5.09006     9.05879     0.00199
    41  H   1.0   0.074   1.004    -8.52654     5.97124     0.70448
    42  H   1.0   0.074   1.004   -11.38210     1.68789     1.26683
    43  H   1.0   0.074   1.004   -12.93838    -2.71016     1.53784
    44  H   1.0   0.074   1.004   -10.04343    -6.27680     0.96230
    45  H   1.0   0.075   1.005    -5.53351    -5.59109     0.05004
 
  Z AO/shell   Hii/eV     exponent
  1     Sat Feb 20 21:38:01 CET 2016    EN: 2.327 GAM: 0.473  GM3: 0.0000
     1s    -13.751157    1.051071
  6     Sat Feb 20 21:38:01 CET 2016    EN: 2.731 GAM: 0.422  GM3: 0.0000
     2s    -19.378245    2.021003
     2p    -11.993376    1.497917
  7     Sat Feb 20 21:38:01 CET 2016    EN: 3.573 GAM: 0.504  GM3: 0.0000
     2s    -21.576984    2.275442
     2p    -16.125120    2.056788
  8     Sat Feb 20 21:38:01 CET 2016    EN: 3.700 GAM: 0.587  GM3: 0.0000
     2s    -21.648843    2.110798
     2p    -17.239740    2.329048
 16     Sat Feb 20 23:13:41 CET 2016    EN: 1.915 GAM: 0.389  GM3: 0.0000
     3s    -22.000000    2.671470
     3p    -15.834192    1.836978
     3d     -2.593599    1.836978
 
 dipole moment of classical point charges (au)
     X       Y       Z   
  -0.3533   0.3674  -0.3691  total (Debye):    1.600

 
 Nbf   :          135
 T(el) :   300.0
 calculating S/T integrals ...
 cpu time for ints   0.259308000000000     
 Nao   :          134
 making H0...
 making H1...
 cpu time for H      1.547599999999999E-002
 solving ...
 cpu time for diag   5.434400000000000E-002
 
 gap (eV)           :   2.561
 Koopmans IP (eV)   :  13.422
 Eel (Eh)           :  -106.647648
 T,E(Fermi),NFOD :    300.000   -12.142  0.000000
 T,E(Fermi),NFOD :    300.000   -12.142  0.000000
 Nfod               :  0.0000
 Nfod/Nel           :  0.0000

          eigenvalues
 #    :          56         57         58         59         60         61         62         63
 occ. :        2.000      2.000      2.000      2.000      2.000      2.000      2.000      2.000
 eps  :       -17.444    -17.068    -17.000    -16.810    -16.548    -15.916    -15.705    -15.570
 #    :          64         65         66         67         68         69         70         71
 occ. :        2.000      2.000      2.000      2.000      2.000      0.000      0.000      0.000
 eps  :       -15.550    -15.454    -15.422    -14.113    -13.423    -10.862     -7.330     -6.896
 #    :          72         73         74         75         76         77         78         79
 occ. :        0.000      0.000      0.000      0.000      0.000      0.000      0.000      0.000
 eps  :        -6.385     -6.035     -5.716     -5.466     -5.385     -5.058     -4.898     -4.494
                            1  SCC done.
 making H1...
 cpu time for H      6.341700000000000E-002
 solving ...
 cpu time for diag   8.637200000000000E-002
 
 gap (eV)           :   2.752
 Koopmans IP (eV)   :  13.435
 Eel (Eh)           :  -106.133000
 T,E(Fermi),NFOD :    300.000   -12.059  0.000000
 T,E(Fermi),NFOD :    300.000   -12.059  0.000000
 Nfod               :  0.0000
 Nfod/Nel           :  0.0000

          eigenvalues
 #    :          56         57         58         59         60         61         62         63
 occ. :        2.000      2.000      2.000      2.000      2.000      2.000      2.000      2.000
 eps  :       -17.128    -16.472    -15.985    -15.748    -15.718    -15.626    -15.540    -15.498
 #    :          64         65         66         67         68         69         70         71
 occ. :        2.000      2.000      2.000      2.000      2.000      0.000      0.000      0.000
 eps  :       -15.197    -14.985    -14.802    -14.070    -13.436    -10.684     -7.322     -6.842
 #    :          72         73         74         75         76         77         78         79
 occ. :        0.000      0.000      0.000      0.000      0.000      0.000      0.000      0.000
 eps  :        -6.357     -6.022     -5.880     -5.639     -5.333     -4.942     -4.837     -4.489
                            2  SCC done.
 
 
 Mulliken/CM5 charges    n(s)   n(p)   n(d)   
    1 C  -0.0219 -0.0783   1.137  2.885  0.000
    2 C  -0.0210 -0.0773   1.138  2.883  0.000
    3 C  -0.0103 -0.0622   1.138  2.872  0.000
    4 C   0.0045  0.0101   1.214  2.781  0.000
    5 C  -0.0143 -0.0659   1.138  2.877  0.000
    6 C  -0.0221 -0.0783   1.139  2.884  0.000
    7 S   0.4024  0.4522   1.543  3.198  0.856
    8 O  -0.3435 -0.3942   1.675  4.668  0.000
    9 O  -0.3440 -0.3943   1.675  4.669  0.000
   10 C   0.0027  0.0087   1.216  2.781  0.000
   11 C  -0.0136 -0.0652   1.136  2.878  0.000
   12 C  -0.0165 -0.0724   1.137  2.879  0.000
   13 C  -0.0253 -0.0741   1.138  2.887  0.000
   14 C   0.0702  0.1272   1.173  2.757  0.000
   15 C  -0.0233 -0.0672   1.140  2.884  0.000
   16 N  -0.0941 -0.3384   1.235  3.859  0.000
   17 C   0.0354  0.0979   1.183  2.781  0.000
   18 C  -0.0455 -0.0949   1.135  2.910  0.000
   19 C  -0.0393 -0.0953   1.135  2.904  0.000
   20 C  -0.0464 -0.1025   1.132  2.915  0.000
   21 C  -0.0344 -0.0872   1.138  2.896  0.000
   22 C  -0.0259 -0.0231   1.166  2.860  0.000
   23 C  -0.0265 -0.0237   1.166  2.861  0.000
   24 C  -0.0347 -0.0875   1.138  2.897  0.000
   25 C  -0.0460 -0.1021   1.132  2.914  0.000
   26 C  -0.0374 -0.0934   1.135  2.902  0.000
   27 C  -0.0434 -0.0928   1.135  2.908  0.000
   28 C   0.0362  0.0987   1.183  2.781  0.000
   29 H   0.0449  0.1015   0.955  0.000  0.000
   30 H   0.0477  0.1042   0.952  0.000  0.000
   31 H   0.0506  0.1123   0.949  0.000  0.000
   32 H   0.0477  0.1084   0.952  0.000  0.000
   33 H   0.0470  0.1036   0.953  0.000  0.000
   34 H   0.0535  0.1149   0.947  0.000  0.000
   35 H   0.0553  0.1119   0.945  0.000  0.000
   36 H   0.0479  0.1089   0.952  0.000  0.000
   37 H   0.0493  0.1144   0.951  0.000  0.000
   38 H   0.0397  0.1002   0.960  0.000  0.000
   39 H   0.0430  0.0997   0.957  0.000  0.000
   40 H   0.0406  0.0972   0.959  0.000  0.000
   41 H   0.0429  0.1001   0.957  0.000  0.000
   42 H   0.0426  0.0999   0.957  0.000  0.000
   43 H   0.0408  0.0973   0.959  0.000  0.000
   44 H   0.0439  0.1005   0.956  0.000  0.000
   45 H   0.0408  0.1007   0.959  0.000  0.000
 Hirshfeld charges for QMDFF written to <charges>
 
 Loewdin charges    n(s)   n(p)   n(d)
    1 C  -0.0143   1.082  2.932  0.000
    2 C  -0.0124   1.084  2.929  0.000
    3 C  -0.0061   1.085  2.921  0.000
    4 C   0.0241   1.169  2.806  0.000
    5 C  -0.0097   1.084  2.926  0.000
    6 C  -0.0136   1.084  2.930  0.000
    7 S   0.3046   1.516  3.193  0.986
    8 O  -0.3027   1.647  4.656  0.000
    9 O  -0.3035   1.647  4.657  0.000
   10 C   0.0229   1.171  2.806  0.000
   11 C  -0.0105   1.082  2.928  0.000
   12 C  -0.0065   1.082  2.925  0.000
   13 C  -0.0227   1.085  2.937  0.000
   14 C   0.0672   1.136  2.797  0.000
   15 C  -0.0240   1.088  2.936  0.000
   16 N  -0.0519   1.192  3.860  0.000
   17 C   0.0294   1.148  2.822  0.000
   18 C  -0.0436   1.083  2.960  0.000
   19 C  -0.0310   1.080  2.951  0.000
   20 C  -0.0404   1.078  2.963  0.000
   21 C  -0.0287   1.084  2.945  0.000
   22 C  -0.0259   1.124  2.902  0.000
   23 C  -0.0264   1.124  2.902  0.000
   24 C  -0.0290   1.084  2.945  0.000
   25 C  -0.0399   1.078  2.962  0.000
   26 C  -0.0291   1.080  2.949  0.000
   27 C  -0.0414   1.083  2.959  0.000
   28 C   0.0302   1.148  2.822  0.000
   29 H   0.0368   0.963  0.000  0.000
   30 H   0.0390   0.961  0.000  0.000
   31 H   0.0407   0.959  0.000  0.000
   32 H   0.0381   0.962  0.000  0.000
   33 H   0.0384   0.962  0.000  0.000
   34 H   0.0435   0.957  0.000  0.000
   35 H   0.0460   0.954  0.000  0.000
   36 H   0.0394   0.961  0.000  0.000
   37 H   0.0399   0.960  0.000  0.000
   38 H   0.0323   0.968  0.000  0.000
   39 H   0.0354   0.965  0.000  0.000
   40 H   0.0334   0.967  0.000  0.000
   41 H   0.0348   0.965  0.000  0.000
   42 H   0.0346   0.965  0.000  0.000
   43 H   0.0335   0.966  0.000  0.000
   44 H   0.0361   0.964  0.000  0.000
   45 H   0.0331   0.967  0.000  0.000
 
 Wiberg/Mayer (AO) data. WBOs > 0.1 written file <wbo>
 largest (>0.05) Wiberg bond orders for each atom
           total WBO             WBO to atom ...
     1  C   3.975    C    2 1.434    C    6 1.430    H   29 0.943    C    4 0.108
     2  C   3.971    C    1 1.434    C    3 1.415    H   30 0.942    C    5 0.113
     3  C   3.971    C    2 1.415    C    4 1.414    H   31 0.945    C    6 0.113
     4  C   3.909    C    3 1.414    C    5 1.412    S    7 0.745    C    1 0.108    O    9 0.066    O    8 0.065
     5  C   3.972    C    6 1.419    C    4 1.412    H   32 0.946    C    2 0.113
     6  C   3.972    C    1 1.430    C    5 1.419    H   33 0.943    C    3 0.113
     7  S   5.134    O    8 1.751    O    9 1.750    C    4 0.745    C   10 0.740
     8  O   2.059    S    7 1.751    O    9 0.119    C   10 0.067    C    4 0.065
     9  O   2.057    S    7 1.750    O    8 0.119    C   10 0.066    C    4 0.066
    10  C   3.910    C   15 1.420    C   11 1.411    S    7 0.740    C   13 0.103    O    8 0.067    O    9 0.066
    11  C   3.967    C   10 1.411    C   12 1.409    H   34 0.944    C   14 0.108
    12  C   3.970    C   13 1.444    C   11 1.409    H   35 0.938    C   15 0.109
    13  C   3.969    C   12 1.444    C   14 1.377    H   36 0.942    C   10 0.103
    14  C   3.931    C   13 1.377    C   15 1.368    N   16 0.985    C   11 0.108
    15  C   3.968    C   10 1.420    C   14 1.368    H   37 0.944    C   12 0.109
    16  N   3.445    C   17 1.049    C   28 1.049    C   14 0.985
    17  C   3.927    C   18 1.372    C   22 1.267    N   16 1.049    C   20 0.091
    18  C   3.968    C   19 1.450    C   17 1.372    H   38 0.943    C   21 0.103
    19  C   3.953    C   18 1.450    C   20 1.396    H   39 0.945    C   22 0.091
    20  C   3.969    C   21 1.459    C   19 1.396    H   40 0.945    C   17 0.091
    21  C   3.961    C   20 1.459    C   22 1.354    H   41 0.945    C   18 0.103
    22  C   3.954    C   21 1.354    C   17 1.267    C   23 1.085    C   19 0.091
    23  C   3.954    C   24 1.354    C   28 1.267    C   22 1.085    C   26 0.091
    24  C   3.961    C   25 1.459    C   23 1.354    H   42 0.945    C   27 0.103
    25  C   3.968    C   24 1.459    C   26 1.396    H   43 0.945    C   28 0.091
    26  C   3.953    C   27 1.450    C   25 1.396    H   44 0.945    C   23 0.091
    27  C   3.967    C   26 1.450    C   28 1.372    H   45 0.944    C   24 0.103
    28  C   3.926    C   27 1.372    C   23 1.267    N   16 1.049    C   25 0.091
    29  H   0.992    C    1 0.943
    30  H   0.994    C    2 0.942
    31  H   0.997    C    3 0.945
    32  H   0.998    C    5 0.946
    33  H   0.994    C    6 0.943
    34  H   0.997    C   11 0.944
    35  H   0.991    C   12 0.938
    36  H   0.992    C   13 0.942
    37  H   0.998    C   15 0.944
    38  H   0.997    C   18 0.943
    39  H   0.997    C   19 0.945
    40  H   0.997    C   20 0.945
    41  H   0.997    C   21 0.945
    42  H   0.997    C   24 0.945
    43  H   0.997    C   25 0.945
    44  H   0.997    C   26 0.945
    45  H   0.997    C   27 0.944
 
 --------------------------------------------
          xTB calculation for sTDA...
 --------------------------------------------
 
 reading parameter file /home/tchapet/xtb4stda/.param_stda2.xtb
 
      method parameters     
 k(s)        :  1.6000
 k(p)        :  2.1800
 k(d)        :  1.9500
 k(f)        :  2.0000
 k(R-V)      :  2.2750
 k(R-R)      :  1.7650
 Tscal       :  0.2580
 Gscal       :  1.0000
 fpol        :  1.0000
 Zcnf        :  0.3430
 Zqf         :  0.0000
 kcn         :  2.7000
 Ryd Hsplit  :  0.7000
 lshift(virt):  3.1000
 lshift(OS)  :  0.2000
 wllscaling  :  2.6000
 
 mowrcut     : 3.000
 
  Z AO/shell   Hii/eV     exponent
  1     Sun Feb 14 09:53:25 CET 2016    EN: 2.327 GAM: 0.473  GM3: 0.0000
     1s    -14.339618    1.220000
     2sp    -3.348946    0.600000
  6     Sun Feb 14 09:53:25 CET 2016    EN: 2.731 GAM: 0.422  GM3: 0.0000
     2s    -22.009312    1.565095
     2p    -13.020408    1.596905
     3sp    -3.914040    0.824500
  7     Sun Feb 14 09:53:25 CET 2016    EN: 3.573 GAM: 0.504  GM3: 0.0000
     2s    -25.722000    2.064844
     2p    -18.684912    1.801692
     3sp    -4.344791    0.921400
  8     Sun Feb 14 09:53:25 CET 2016    EN: 3.700 GAM: 0.587  GM3: 0.0000
     2s    -33.859000    2.418661
     2p    -22.175911    1.973969
     3sp    -4.259392    1.013700
 16     Sun Feb 21 16:35:57 CET 2016    EN: 1.915 GAM: 0.200  GM3: 0.0000
     3s    -17.898811    2.619580
     3p    -15.317401    1.798798
     4sp    -4.455139    0.843200
 
 Nbf   :          309
 T(el) :     0.0
 calculating S/T integrals ...
 cpu time for ints    2.78607700000000     
 Nao   :          309
 making H0...
 making H1...
 cpu time for H      3.191000000000166E-003
 solving ...
 cpu time for diag   4.347199999999996E-002
 
 gap (eV)           :   7.602
 Koopmans IP (eV)   :  14.315
 Eel (Eh)           :  -117.505515

          eigenvalues
 #    :          56         57         58         59         60         61         62         63
 occ. :        2.000      2.000      2.000      2.000      2.000      2.000      2.000      2.000
 eps  :       -18.424    -17.713    -17.197    -17.093    -17.023    -16.552    -16.512    -16.456
 #    :          64         65         66         67         68         69         70         71
 occ. :        2.000      2.000      2.000      2.000      2.000      0.000      0.000      0.000
 eps  :       -16.367    -16.305    -15.744    -15.191    -14.317     -6.715     -6.298     -6.249
 #    :          72         73         74         75         76         77         78         79
 occ. :        0.000      0.000      0.000      0.000      0.000      0.000      0.000      0.000
 eps  :        -6.176     -6.073     -5.865     -5.396     -5.043     -4.990     -4.723     -4.716
                            1  SCC done.
 writing mo output ...
 molden style : F
 
speedup 12.13
cpu  time for all    3.44 s
wall time for all    0.28 s
