 
        ______________________________________
       |                                      |
       |          ===================         |
       |             xTB for sTDA             |
       |          ===================         |
       |               S. Grimme              |
       |        Universitaet Bonn, MCTC       |
       |         2015-19, Version 1.0         |
       |     Wed Apr  3 09:14:55 CEST 2019    |
       |______________________________________|
 
        This code comes without any warranty
        for non-commercial, academia use only.
        Preliminary test version.
        Cite this work as:
        S. Grimme  &  C. Bannwarth, JCP 145 (2016) 054103
        if GBSA is used additionally:
        P. Shushkov, F. März, C. Bannwarth, S. Grimme, unpublished.
 
        with help from
        P. Shushkov, G. Brandenburg, S. Dohm, J. Pisarek,
        F. März, M. Checinski, S. Ehrlich, S. Spicher, 
        P. Pracht, E. Caldeweyher, S. Ehlert, and C. Bannwarth.
 
        usage        :
        xtb4stda <coord_file> [options]
        where <coord_file> is a valid file of TM)
        (*coord, Bohr) or xmol (*xyz, Angstroem)
        format.

        options:
        -chrg <int>   : molecular charge
        -uhf  <int>   : # of unpaired electrons(=2*S)
        -nox          : skip second, extended part in sTDA-xTB
        -pop          : do population analysis
                      : (default for -nox)
        -mowr <real>  : cut MO write above (def.3 Eh)
        -molden       : write formatted molden file
        -parx <file>  : read parameters for sTDA-xTB
                        calc (def:~/.param_stda2.xtb)
        -parv <file>  : read parameters for vTB part in
                        sTDA-xTB (def: ~/.param_stda1.xtb)
        -xtemp <real> : el. temp for xTB (def. 0 K)
        -etemp <real> : el. temp for GFN (def. 300 K)
        -fod          : calculate the FOD and write
                        molden.input file with
                        appropriate occupations
                        for plotting. Def. T=12500 K
 
        -acc <real>   : xTB accuracy (def. 1.0)
        -gbsa [string1] [string2]
                        use GBSA implicit solvent
                        for solvent [string1] and
                        solvation state [string2]=
                        reference, bar1M (default=1M)
        additional GFN/opt/MD/siman options read from
        $XTB4STDAHOME/.xtb4stdarc or $set in input
 
       spin and charge state information can be on:
       <.CHRG> (charge) and <.UHF> (=nalpha-nbeta)
       -uhf and -chrg override the file info.
       useful machine settings:
       setenv MKL_NUM_THREADS <NCORE_ON_YOUR_MACHINE>
       setenv OMP_STACKSIZE 500m
       limit stacksize unlimited
 
       total energies in Eh, gaps/HL energies in eV
       please read REVISION and HOWTO files carefully
 =============================
  # OMP threads =          16
 =============================
 
 xtb4stdahome directory:/home/tchapet/xtb4stda/
 
 argument            1 :gbsa
 argument            2 :toluene
 
 name of molecule           :
 comment line               :
 number of atoms            :    86
 number of electrons        :   230
 charge                     :  0
 spin                       : 0.0
 first test random number   :  0.8708
 
 -----------------------------------------
      charge density (VTB) calculation
 -----------------------------------------
 
      method parameters     
 k(s)        :  1.8000
 k(p)        :  2.8350
 k(d)        :  2.0860
 k(f)        :  2.0000
 Tscal       :  0.3300
 Gscal       :  0.3910
 fpol        :  1.0000
 Zcnf        :  0.6500
 Zqf         :  0.0000
 kcn         :  0.3000
 kEN1        : -0.5900
 wllscal     :  2.6000
 
     -------------------------
     ! NO SOLVENT MODEL USED !
     -------------------------
 
 doing EN charges ...
 sum q : -0.1554312D-14
 point charge moment (au)
     X       Y       Z   
  -0.0018   0.2642  -0.0841  total (Debye):    0.705
 
            Z      q(EN)   CN      Cart. coordinates
     1  C   4.0  -0.241   4.019     0.94050    -2.76637    -8.03774
     2  C   4.0  -0.161   4.030     1.98764    -5.01361    -6.57126
     3  C   4.0  -0.162   4.063     0.05872    -6.05640    -4.69489
     4  C   4.0  -0.162   4.093     1.09429    -8.31495    -3.22098
     5  C   4.0  -0.084   4.091    -0.72965    -9.28000    -1.17510
     6  C   4.0  -0.162   4.063    -0.65843   -12.17117    -0.94103
     7  C   4.0  -0.241   4.018    -2.02879   -13.50027    -3.09938
     8  C   4.0  -0.093   4.140    -0.12127    -8.12188     1.42859
     9  N   5.0  -0.303   3.276    -0.05730    -5.40512     1.41759
    10  C   4.0   0.092   3.468     2.06061    -3.90940     1.32834
    11  C   4.0  -0.062   3.154     4.60328    -4.56283     1.43017
    12  C   4.0  -0.069   3.191     6.37780    -2.65979     1.29280
    13  C   4.0   0.089   3.242     5.66581    -0.11855     1.08954
    14  N   5.0  -0.323   3.316     7.55045     1.75444     0.95110
    15  C   4.0   0.089   3.471     9.50983     2.07341     2.63747
    16  C   4.0  -0.063   3.154    10.04430     0.75799     4.84378
    17  C   4.0  -0.073   3.151    12.13250     1.49347     6.22711
    18  C   4.0  -0.073   3.145    13.65742     3.49812     5.45512
    19  C   4.0  -0.067   3.152    13.11414     4.83853     3.28346
    20  C   4.0  -0.000   3.373    11.02331     4.13619     1.85936
    21  C   4.0  -0.000   3.373     9.90259     5.09364    -0.41873
    22  C   4.0  -0.067   3.152    10.52099     7.04848    -2.05883
    23  C   4.0  -0.073   3.145     9.01686     7.44913    -4.15276
    24  C   4.0  -0.073   3.151     6.92864     5.91693    -4.63417
    25  C   4.0  -0.063   3.154     6.27477     3.96205    -3.03242
    26  C   4.0   0.089   3.471     7.75967     3.57007    -0.90551
    27  C   4.0  -0.063   3.193     3.13695     0.55797     1.02097
    28  C   4.0   0.001   3.380     1.33007    -1.33929     1.13165
    29  C   4.0   0.001   3.377    -1.37943    -1.31836     1.09720
    30  C   4.0  -0.063   3.193    -3.16213     0.59835     0.93869
    31  C   4.0   0.089   3.243    -5.69914    -0.05351     0.93234
    32  N   5.0  -0.323   3.316    -7.55591     1.84229     0.73924
    33  C   4.0   0.089   3.471    -7.67764     3.66979    -1.11358
    34  C   4.0  -0.063   3.154    -6.12117     4.04807    -3.19145
    35  C   4.0  -0.073   3.151    -6.69210     6.02232    -4.80122
    36  C   4.0  -0.073   3.145    -8.76920     7.58607    -4.37666
    37  C   4.0  -0.067   3.152   -10.34494     7.19862    -2.33356
    38  C   4.0  -0.000   3.373    -9.81037     5.22520    -0.68633
    39  C   4.0  -0.000   3.373   -11.01769     4.27469     1.55005
    40  C   4.0  -0.067   3.152   -13.14115     5.00351     2.91119
    41  C   4.0  -0.073   3.145   -13.77410     3.66153     5.05741
    42  C   4.0  -0.073   3.150   -12.30618     1.62919     5.86671
    43  C   4.0  -0.063   3.154   -10.18687     0.86749     4.54634
    44  C   4.0   0.089   3.471    -9.56228     2.18447     2.36476
    45  C   4.0  -0.069   3.191    -6.44653    -2.58702     1.10865
    46  C   4.0  -0.062   3.154    -4.69770    -4.51035     1.29534
    47  C   4.0   0.091   3.476    -2.14905    -3.87668     1.27474
    48  H   1.0   0.081   0.999     0.38132    -1.26511    -6.74800
    49  H   1.0   0.081   0.999    -0.71041    -3.32114    -9.13173
    50  H   1.0   0.081   0.998     2.35475    -2.01923    -9.32959
    51  H   1.0   0.080   1.003     2.53697    -6.50021    -7.89552
    52  H   1.0   0.080   1.003     3.68395    -4.42866    -5.54791
    53  H   1.0   0.084   1.006    -0.48255    -4.54686    -3.40012
    54  H   1.0   0.081   1.003    -1.64154    -6.63280    -5.71721
    55  H   1.0   0.082   1.004     1.48734    -9.83105    -4.56239
    56  H   1.0   0.083   1.005     2.89275    -7.79038    -2.35849
    57  H   1.0   0.083   1.009    -2.65060    -8.71939    -1.69858
    58  H   1.0   0.081   1.003     1.30682   -12.79876    -0.87443
    59  H   1.0   0.081   1.003    -1.54937   -12.72663     0.83730
    60  H   1.0   0.081   0.999    -4.01191   -12.95777    -3.13349
    61  H   1.0   0.081   0.998    -1.91996   -15.53940    -2.86256
    62  H   1.0   0.081   0.999    -1.20065   -13.02172    -4.91762
    63  H   1.0   0.084   1.005     1.71535    -8.81043     2.06876
    64  H   1.0   0.082   1.003    -1.54536    -8.73583     2.79940
    65  H   1.0   0.075   1.005     5.20889    -6.50334     1.59626
    66  H   1.0   0.076   1.006     8.36544    -3.12070     1.32337
    67  H   1.0   0.075   1.005     8.85682    -0.77897     5.46936
    68  H   1.0   0.074   1.004    12.59161     0.49757     7.94956
    69  H   1.0   0.074   1.004    15.27715     4.01251     6.58663
    70  H   1.0   0.074   1.004    14.28307     6.40677     2.70044
    71  H   1.0   0.074   1.004    12.15170     8.22232    -1.69979
    72  H   1.0   0.074   1.004     9.46378     8.96247    -5.44825
    73  H   1.0   0.074   1.004     5.80012     6.26374    -6.30026
    74  H   1.0   0.075   1.005     4.66820     2.76967    -3.43085
    75  H   1.0   0.076   1.005     2.59297     2.52004     0.89968
    76  H   1.0   0.076   1.005    -2.59599     2.55519     0.83559
    77  H   1.0   0.075   1.005    -4.52321     2.83043    -3.54804
    78  H   1.0   0.074   1.004    -5.50634     6.35918    -6.42914
    79  H   1.0   0.074   1.004    -9.15045     9.11346    -5.67659
    80  H   1.0   0.074   1.004   -11.96713     8.39676    -2.01920
    81  H   1.0   0.074   1.004   -14.26575     6.59343     2.30022
    82  H   1.0   0.074   1.004   -15.42072     4.19626     6.13957
    83  H   1.0   0.074   1.004   -12.83509     0.63235     7.56848
    84  H   1.0   0.075   1.005    -9.04370    -0.69045     5.20135
    85  H   1.0   0.076   1.006    -8.43936    -3.02418     1.07676
    86  H   1.0   0.075   1.005    -5.31423    -6.44791     1.43696
 
  Z AO/shell   Hii/eV     exponent
  1     Sat Feb 20 21:38:01 CET 2016    EN: 2.327 GAM: 0.473  GM3: 0.0000
     1s    -13.751157    1.051071
  6     Sat Feb 20 21:38:01 CET 2016    EN: 2.731 GAM: 0.422  GM3: 0.0000
     2s    -19.378245    2.021003
     2p    -11.993376    1.497917
  7     Sat Feb 20 21:38:01 CET 2016    EN: 3.573 GAM: 0.504  GM3: 0.0000
     2s    -21.576984    2.275442
     2p    -16.125120    2.056788
 
 dipole moment of classical point charges (au)
     X       Y       Z   
  -0.0018   0.2642  -0.0841  total (Debye):    0.705

 
 Nbf   :          227
 T(el) :   300.0
 calculating S/T integrals ...
 cpu time for ints   0.382333000000000     
 Nao   :          227
 making H0...
 making H1...
 cpu time for H      3.831899999999999E-002
 solving ...
 cpu time for diag   0.261507000000000     
 
 gap (eV)           :   5.668
 Koopmans IP (eV)   :  13.013
 Eel (Eh)           :  -179.473482
 T,E(Fermi),NFOD :    300.000   -10.179  0.000000
 T,E(Fermi),NFOD :    300.000   -10.179  0.000000
 Nfod               :  0.0000
 Nfod/Nel           :  0.0000

          eigenvalues
 #    :         103        104        105        106        107        108        109        110
 occ. :        2.000      2.000      2.000      2.000      2.000      2.000      2.000      2.000
 eps  :       -16.698    -16.555    -16.541    -16.465    -15.558    -15.555    -15.466    -14.178
 #    :         111        112        113        114        115        116        117        118
 occ. :        2.000      2.000      2.000      2.000      2.000      0.000      0.000      0.000
 eps  :       -14.103    -14.102    -13.951    -13.376    -13.014     -7.345     -6.907     -6.888
 #    :         119        120        121        122        123        124        125        126
 occ. :        0.000      0.000      0.000      0.000      0.000      0.000      0.000      0.000
 eps  :        -6.862     -6.849     -6.039     -5.662     -5.380     -5.371     -5.317     -5.096
                            1  SCC done.
 making H1...
 cpu time for H      0.298230000000000     
 solving ...
 cpu time for diag   0.309987000000000     
 
 gap (eV)           :   5.399
 Koopmans IP (eV)   :  12.876
 Eel (Eh)           :  -178.893560
 T,E(Fermi),NFOD :    300.000   -10.177  0.000000
 T,E(Fermi),NFOD :    300.000   -10.177  0.000000
 Nfod               :  0.0000
 Nfod/Nel           :  0.0000

          eigenvalues
 #    :         103        104        105        106        107        108        109        110
 occ. :        2.000      2.000      2.000      2.000      2.000      2.000      2.000      2.000
 eps  :       -16.622    -16.427    -16.358    -16.317    -15.417    -15.389    -15.384    -14.091
 #    :         111        112        113        114        115        116        117        118
 occ. :        2.000      2.000      2.000      2.000      2.000      0.000      0.000      0.000
 eps  :       -13.941    -13.941    -13.803    -13.235    -12.878     -7.478     -6.802     -6.790
 #    :         119        120        121        122        123        124        125        126
 occ. :        0.000      0.000      0.000      0.000      0.000      0.000      0.000      0.000
 eps  :        -6.711     -6.705     -5.991     -5.604     -5.300     -5.216     -5.202     -5.060
                            2  SCC done.
 
 
 Mulliken/CM5 charges    n(s)   n(p)   n(d)   
    1 C  -0.0892 -0.2418   1.091  2.998  0.000
    2 C  -0.0479 -0.1615   1.135  2.912  0.000
    3 C  -0.0610 -0.1725   1.144  2.917  0.000
    4 C  -0.0664 -0.1748   1.147  2.919  0.000
    5 C  -0.0201 -0.0865   1.203  2.817  0.000
    6 C  -0.0489 -0.1608   1.140  2.909  0.000
    7 C  -0.0878 -0.2408   1.091  2.997  0.000
    8 C   0.0116 -0.0325   1.157  2.832  0.000
    9 N  -0.0816 -0.3487   1.243  3.838  0.000
   10 C   0.0312  0.0939   1.180  2.788  0.000
   11 C  -0.0413 -0.0914   1.132  2.909  0.000
   12 C  -0.0394 -0.0878   1.135  2.904  0.000
   13 C   0.0460  0.1009   1.166  2.788  0.000
   14 N  -0.0935 -0.3387   1.233  3.860  0.000
   15 C   0.0351  0.0987   1.183  2.782  0.000
   16 C  -0.0452 -0.0944   1.135  2.910  0.000
   17 C  -0.0409 -0.0968   1.135  2.906  0.000
   18 C  -0.0502 -0.1063   1.132  2.918  0.000
   19 C  -0.0373 -0.0900   1.138  2.899  0.000
   20 C  -0.0295 -0.0266   1.166  2.864  0.000
   21 C  -0.0299 -0.0270   1.166  2.864  0.000
   22 C  -0.0374 -0.0902   1.138  2.899  0.000
   23 C  -0.0501 -0.1062   1.132  2.918  0.000
   24 C  -0.0405 -0.0964   1.135  2.906  0.000
   25 C  -0.0446 -0.0938   1.135  2.910  0.000
   26 C   0.0354  0.0990   1.183  2.781  0.000
   27 C  -0.0363 -0.0813   1.138  2.898  0.000
   28 C  -0.0227 -0.0198   1.162  2.860  0.000
   29 C  -0.0228 -0.0200   1.162  2.860  0.000
   30 C  -0.0365 -0.0814   1.138  2.899  0.000
   31 C   0.0460  0.1010   1.166  2.788  0.000
   32 N  -0.0935 -0.3386   1.233  3.860  0.000
   33 C   0.0354  0.0989   1.183  2.781  0.000
   34 C  -0.0446 -0.0938   1.135  2.910  0.000
   35 C  -0.0405 -0.0964   1.135  2.905  0.000
   36 C  -0.0501 -0.1062   1.132  2.918  0.000
   37 C  -0.0374 -0.0902   1.138  2.899  0.000
   38 C  -0.0299 -0.0270   1.166  2.864  0.000
   39 C  -0.0295 -0.0266   1.166  2.864  0.000
   40 C  -0.0373 -0.0900   1.138  2.899  0.000
   41 C  -0.0502 -0.1062   1.132  2.918  0.000
   42 C  -0.0409 -0.0969   1.135  2.906  0.000
   43 C  -0.0453 -0.0944   1.135  2.910  0.000
   44 C   0.0352  0.0987   1.183  2.782  0.000
   45 C  -0.0394 -0.0878   1.135  2.904  0.000
   46 C  -0.0417 -0.0914   1.132  2.909  0.000
   47 C   0.0296  0.0923   1.181  2.790  0.000
   48 H   0.0288  0.0810   0.971  0.000  0.000
   49 H   0.0278  0.0799   0.972  0.000  0.000
   50 H   0.0362  0.0877   0.964  0.000  0.000
   51 H   0.0246  0.0797   0.975  0.000  0.000
   52 H   0.0267  0.0822   0.973  0.000  0.000
   53 H   0.0289  0.0918   0.971  0.000  0.000
   54 H   0.0229  0.0790   0.977  0.000  0.000
   55 H   0.0309  0.0886   0.969  0.000  0.000
   56 H   0.0280  0.0884   0.972  0.000  0.000
   57 H   0.0301  0.0934   0.970  0.000  0.000
   58 H   0.0282  0.0842   0.972  0.000  0.000
   59 H   0.0327  0.0886   0.967  0.000  0.000
   60 H   0.0290  0.0812   0.971  0.000  0.000
   61 H   0.0373  0.0889   0.963  0.000  0.000
   62 H   0.0320  0.0847   0.968  0.000  0.000
   63 H   0.0465  0.1148   0.954  0.000  0.000
   64 H   0.0504  0.1171   0.950  0.000  0.000
   65 H   0.0469  0.1060   0.953  0.000  0.000
   66 H   0.0467  0.1079   0.953  0.000  0.000
   67 H   0.0400  0.0998   0.960  0.000  0.000
   68 H   0.0427  0.0993   0.957  0.000  0.000
   69 H   0.0397  0.0962   0.960  0.000  0.000
   70 H   0.0418  0.0989   0.958  0.000  0.000
   71 H   0.0417  0.0988   0.958  0.000  0.000
   72 H   0.0397  0.0962   0.960  0.000  0.000
   73 H   0.0428  0.0993   0.957  0.000  0.000
   74 H   0.0404  0.1003   0.960  0.000  0.000
   75 H   0.0454  0.1068   0.955  0.000  0.000
   76 H   0.0454  0.1069   0.955  0.000  0.000
   77 H   0.0404  0.1002   0.960  0.000  0.000
   78 H   0.0428  0.0994   0.957  0.000  0.000
   79 H   0.0397  0.0962   0.960  0.000  0.000
   80 H   0.0417  0.0988   0.958  0.000  0.000
   81 H   0.0418  0.0989   0.958  0.000  0.000
   82 H   0.0398  0.0962   0.960  0.000  0.000
   83 H   0.0427  0.0993   0.957  0.000  0.000
   84 H   0.0400  0.0998   0.960  0.000  0.000
   85 H   0.0465  0.1077   0.953  0.000  0.000
   86 H   0.0464  0.1059   0.954  0.000  0.000
 Hirshfeld charges for QMDFF written to <charges>
 
 Loewdin charges    n(s)   n(p)   n(d)
    1 C  -0.0904   1.018  3.073  0.000
    2 C  -0.0411   1.075  2.966  0.000
    3 C  -0.0571   1.085  2.972  0.000
    4 C  -0.0647   1.089  2.975  0.000
    5 C  -0.0126   1.156  2.857  0.000
    6 C  -0.0427   1.080  2.963  0.000
    7 C  -0.0894   1.018  3.071  0.000
    8 C   0.0090   1.102  2.889  0.000
    9 N  -0.0406   1.202  3.839  0.000
   10 C   0.0243   1.146  2.830  0.000
   11 C  -0.0382   1.080  2.958  0.000
   12 C  -0.0357   1.083  2.953  0.000
   13 C   0.0416   1.130  2.829  0.000
   14 N  -0.0513   1.191  3.861  0.000
   15 C   0.0289   1.148  2.823  0.000
   16 C  -0.0431   1.083  2.961  0.000
   17 C  -0.0325   1.080  2.952  0.000
   18 C  -0.0442   1.078  2.966  0.000
   19 C  -0.0315   1.084  2.947  0.000
   20 C  -0.0295   1.124  2.905  0.000
   21 C  -0.0298   1.124  2.905  0.000
   22 C  -0.0316   1.084  2.947  0.000
   23 C  -0.0441   1.078  2.966  0.000
   24 C  -0.0321   1.080  2.952  0.000
   25 C  -0.0425   1.082  2.960  0.000
   26 C   0.0291   1.148  2.822  0.000
   27 C  -0.0355   1.086  2.949  0.000
   28 C  -0.0217   1.121  2.901  0.000
   29 C  -0.0217   1.121  2.901  0.000
   30 C  -0.0357   1.086  2.949  0.000
   31 C   0.0417   1.130  2.829  0.000
   32 N  -0.0513   1.191  3.860  0.000
   33 C   0.0291   1.148  2.822  0.000
   34 C  -0.0425   1.083  2.960  0.000
   35 C  -0.0321   1.080  2.952  0.000
   36 C  -0.0441   1.078  2.966  0.000
   37 C  -0.0316   1.084  2.947  0.000
   38 C  -0.0298   1.124  2.905  0.000
   39 C  -0.0294   1.124  2.905  0.000
   40 C  -0.0315   1.084  2.947  0.000
   41 C  -0.0442   1.078  2.966  0.000
   42 C  -0.0325   1.080  2.952  0.000
   43 C  -0.0431   1.083  2.961  0.000
   44 C   0.0289   1.148  2.823  0.000
   45 C  -0.0357   1.083  2.953  0.000
   46 C  -0.0384   1.080  2.959  0.000
   47 C   0.0228   1.146  2.831  0.000
   48 H   0.0288   0.971  0.000  0.000
   49 H   0.0280   0.972  0.000  0.000
   50 H   0.0359   0.964  0.000  0.000
   51 H   0.0221   0.978  0.000  0.000
   52 H   0.0240   0.976  0.000  0.000
   53 H   0.0258   0.974  0.000  0.000
   54 H   0.0208   0.979  0.000  0.000
   55 H   0.0291   0.971  0.000  0.000
   56 H   0.0259   0.974  0.000  0.000
   57 H   0.0248   0.975  0.000  0.000
   58 H   0.0254   0.975  0.000  0.000
   59 H   0.0301   0.970  0.000  0.000
   60 H   0.0291   0.971  0.000  0.000
   61 H   0.0369   0.963  0.000  0.000
   62 H   0.0322   0.968  0.000  0.000
   63 H   0.0416   0.958  0.000  0.000
   64 H   0.0450   0.955  0.000  0.000
   65 H   0.0396   0.960  0.000  0.000
   66 H   0.0384   0.962  0.000  0.000
   67 H   0.0323   0.968  0.000  0.000
   68 H   0.0351   0.965  0.000  0.000
   69 H   0.0326   0.967  0.000  0.000
   70 H   0.0338   0.966  0.000  0.000
   71 H   0.0337   0.966  0.000  0.000
   72 H   0.0326   0.967  0.000  0.000
   73 H   0.0352   0.965  0.000  0.000
   74 H   0.0326   0.967  0.000  0.000
   75 H   0.0368   0.963  0.000  0.000
   76 H   0.0368   0.963  0.000  0.000
   77 H   0.0326   0.967  0.000  0.000
   78 H   0.0352   0.965  0.000  0.000
   79 H   0.0326   0.967  0.000  0.000
   80 H   0.0337   0.966  0.000  0.000
   81 H   0.0338   0.966  0.000  0.000
   82 H   0.0326   0.967  0.000  0.000
   83 H   0.0351   0.965  0.000  0.000
   84 H   0.0323   0.968  0.000  0.000
   85 H   0.0383   0.962  0.000  0.000
   86 H   0.0388   0.961  0.000  0.000
 
 Wiberg/Mayer (AO) data. WBOs > 0.1 written file <wbo>
 largest (>0.05) Wiberg bond orders for each atom
           total WBO             WBO to atom ...
     1  C   3.984    C    2 1.006    H   49 0.985    H   48 0.985    H   50 0.979
     2  C   3.971    C    1 1.006    C    3 0.990    H   51 0.971    H   52 0.971
     3  C   3.969    C    2 0.990    C    4 0.988    H   54 0.970    H   53 0.967
     4  C   3.967    C    3 0.988    C    5 0.971    H   56 0.964    H   55 0.964
     5  C   3.938    C    4 0.971    C    6 0.970    C    8 0.959    H   57 0.950
     6  C   3.967    C    7 1.005    C    5 0.970    H   58 0.970    H   59 0.966
     7  C   3.984    C    6 1.005    H   60 0.984    H   62 0.983    H   61 0.978
     8  C   3.934    H   63 0.967    H   64 0.963    N    9 0.961    C    5 0.959
     9  N   3.443    C   10 1.082    C   47 1.080    C    8 0.961
    10  C   3.930    C   11 1.357    C   28 1.253    N    9 1.082    C   13 0.086
    11  C   3.966    C   12 1.463    C   10 1.357    H   65 0.940    C   27 0.098
    12  C   3.949    C   11 1.463    C   13 1.347    H   66 0.943    C   28 0.086
    13  C   3.925    C   27 1.419    C   12 1.347    N   14 0.966    C   10 0.086
    14  N   3.446    C   15 1.062    C   26 1.061    C   13 0.966
    15  C   3.928    C   16 1.367    C   20 1.262    N   14 1.062    C   18 0.090
    16  C   3.968    C   17 1.454    C   15 1.367    H   67 0.944    C   19 0.102
    17  C   3.953    C   16 1.454    C   18 1.392    H   68 0.945    C   20 0.089
    18  C   3.969    C   19 1.462    C   17 1.392    H   69 0.945    C   15 0.090
    19  C   3.961    C   18 1.462    C   20 1.353    H   70 0.945    C   16 0.102
    20  C   3.955    C   19 1.353    C   15 1.262    C   21 1.090    C   17 0.089
    21  C   3.955    C   22 1.352    C   26 1.262    C   20 1.090    C   24 0.089
    22  C   3.961    C   23 1.462    C   21 1.352    H   71 0.945    C   25 0.102
    23  C   3.969    C   22 1.462    C   24 1.392    H   72 0.945    C   26 0.090
    24  C   3.953    C   25 1.454    C   23 1.392    H   73 0.945    C   21 0.089
    25  C   3.968    C   24 1.454    C   26 1.367    H   74 0.944    C   22 0.102
    26  C   3.928    C   25 1.367    C   21 1.262    N   14 1.061    C   23 0.090
    27  C   3.956    C   13 1.419    C   28 1.356    H   75 0.943    C   11 0.098
    28  C   3.953    C   27 1.356    C   10 1.253    C   29 1.092    C   12 0.086
    29  C   3.953    C   30 1.355    C   47 1.253    C   28 1.092    C   45 0.086
    30  C   3.956    C   31 1.419    C   29 1.355    H   76 0.943    C   46 0.099
    31  C   3.925    C   30 1.419    C   45 1.347    N   32 0.966    C   47 0.086
    32  N   3.447    C   44 1.062    C   33 1.061    C   31 0.966
    33  C   3.928    C   34 1.367    C   38 1.262    N   32 1.061    C   36 0.090
    34  C   3.968    C   35 1.454    C   33 1.367    H   77 0.944    C   37 0.102
    35  C   3.953    C   34 1.454    C   36 1.392    H   78 0.945    C   38 0.089
    36  C   3.969    C   37 1.462    C   35 1.392    H   79 0.945    C   33 0.090
    37  C   3.961    C   36 1.462    C   38 1.352    H   80 0.945    C   34 0.102
    38  C   3.955    C   37 1.352    C   33 1.262    C   39 1.090    C   35 0.089
    39  C   3.955    C   40 1.353    C   44 1.262    C   38 1.090    C   42 0.089
    40  C   3.961    C   41 1.462    C   39 1.353    H   81 0.945    C   43 0.102
    41  C   3.969    C   40 1.462    C   42 1.392    H   82 0.945    C   44 0.090
    42  C   3.953    C   43 1.454    C   41 1.392    H   83 0.945    C   39 0.089
    43  C   3.968    C   42 1.454    C   44 1.367    H   84 0.944    C   40 0.102
    44  C   3.928    C   43 1.367    C   39 1.262    N   32 1.062    C   41 0.090
    45  C   3.949    C   46 1.463    C   31 1.347    H   85 0.943    C   29 0.086
    46  C   3.966    C   45 1.463    C   47 1.358    H   86 0.941    C   30 0.099
    47  C   3.930    C   46 1.358    C   29 1.253    N    9 1.080    C   31 0.086
    48  H   0.999    C    1 0.985
    49  H   0.999    C    1 0.985
    50  H   0.997    C    1 0.979
    51  H   0.999    C    2 0.971
    52  H   0.999    C    2 0.971
    53  H   0.999    C    3 0.967
    54  H   0.999    C    3 0.970
    55  H   0.999    C    4 0.964
    56  H   0.999    C    4 0.964
    57  H   0.999    C    5 0.950
    58  H   0.999    C    6 0.970
    59  H   0.998    C    6 0.966
    60  H   0.999    C    7 0.984
    61  H   0.997    C    7 0.978
    62  H   0.999    C    7 0.983
    63  H   0.997    C    8 0.967
    64  H   0.996    C    8 0.963
    65  H   0.995    C   11 0.940
    66  H   0.997    C   12 0.943
    67  H   0.997    C   16 0.944
    68  H   0.997    C   17 0.945
    69  H   0.997    C   18 0.945
    70  H   0.997    C   19 0.945
    71  H   0.997    C   22 0.945
    72  H   0.997    C   23 0.945
    73  H   0.997    C   24 0.945
    74  H   0.997    C   25 0.944
    75  H   0.997    C   27 0.943
    76  H   0.997    C   30 0.943
    77  H   0.997    C   34 0.944
    78  H   0.997    C   35 0.945
    79  H   0.997    C   36 0.945
    80  H   0.997    C   37 0.945
    81  H   0.997    C   40 0.945
    82  H   0.997    C   41 0.945
    83  H   0.997    C   42 0.945
    84  H   0.997    C   43 0.944
    85  H   0.997    C   45 0.943
    86  H   0.995    C   46 0.941
 
 --------------------------------------------
          xTB calculation for sTDA...
 --------------------------------------------
 
 reading parameter file /home/tchapet/xtb4stda/.param_stda2.xtb
 
      method parameters     
 k(s)        :  1.6000
 k(p)        :  2.1800
 k(d)        :  1.9500
 k(f)        :  2.0000
 k(R-V)      :  2.2750
 k(R-R)      :  1.7650
 Tscal       :  0.2580
 Gscal       :  1.0000
 fpol        :  1.0000
 Zcnf        :  0.3430
 Zqf         :  0.0000
 kcn         :  2.7000
 Ryd Hsplit  :  0.7000
 lshift(virt):  3.1000
 lshift(OS)  :  0.2000
 wllscaling  :  2.6000
 
 mowrcut     : 3.000
 
  Z AO/shell   Hii/eV     exponent
  1     Sun Feb 14 09:53:25 CET 2016    EN: 2.327 GAM: 0.473  GM3: 0.0000
     1s    -14.339618    1.220000
     2sp    -3.348946    0.600000
  6     Sun Feb 14 09:53:25 CET 2016    EN: 2.731 GAM: 0.422  GM3: 0.0000
     2s    -22.009312    1.565095
     2p    -13.020408    1.596905
     3sp    -3.914040    0.824500
  7     Sun Feb 14 09:53:25 CET 2016    EN: 3.573 GAM: 0.504  GM3: 0.0000
     2s    -25.722000    2.064844
     2p    -18.684912    1.801692
     3sp    -4.344791    0.921400
 
 Nbf   :          571
 T(el) :     0.0
 calculating S/T integrals ...
 cpu time for ints    2.12845600000000     
 Nao   :          571
 making H0...
 making H1...
 cpu time for H      6.932999999999634E-003
 solving ...
 cpu time for diag   0.177915000000000     
 
 gap (eV)           :   7.066
 Koopmans IP (eV)   :  13.802
 Eel (Eh)           :  -197.655418

          eigenvalues
 #    :         103        104        105        106        107        108        109        110
 occ. :        2.000      2.000      2.000      2.000      2.000      2.000      2.000      2.000
 eps  :       -17.674    -17.157    -16.935    -16.922    -16.346    -16.154    -16.153    -15.283
 #    :         111        112        113        114        115        116        117        118
 occ. :        2.000      2.000      2.000      2.000      2.000      0.000      0.000      0.000
 eps  :       -15.024    -15.024    -14.837    -14.154    -13.804     -6.737     -6.530     -6.503
 #    :         119        120        121        122        123        124        125        126
 occ. :        0.000      0.000      0.000      0.000      0.000      0.000      0.000      0.000
 eps  :        -6.014     -5.713     -5.712     -5.360     -5.223     -5.014     -4.974     -4.881
                            1  SCC done.
 writing mo output ...
 molden style : F
 
speedup  5.73
cpu  time for all    3.96 s
wall time for all    0.69 s
