 
        ______________________________________
       |                                      |
       |          ===================         |
       |             xTB for sTDA             |
       |          ===================         |
       |               S. Grimme              |
       |        Universitaet Bonn, MCTC       |
       |         2015-19, Version 1.0         |
       |     Wed Apr  3 09:14:55 CEST 2019    |
       |______________________________________|
 
        This code comes without any warranty
        for non-commercial, academia use only.
        Preliminary test version.
        Cite this work as:
        S. Grimme  &  C. Bannwarth, JCP 145 (2016) 054103
        if GBSA is used additionally:
        P. Shushkov, F. März, C. Bannwarth, S. Grimme, unpublished.
 
        with help from
        P. Shushkov, G. Brandenburg, S. Dohm, J. Pisarek,
        F. März, M. Checinski, S. Ehrlich, S. Spicher, 
        P. Pracht, E. Caldeweyher, S. Ehlert, and C. Bannwarth.
 
        usage        :
        xtb4stda <coord_file> [options]
        where <coord_file> is a valid file of TM)
        (*coord, Bohr) or xmol (*xyz, Angstroem)
        format.

        options:
        -chrg <int>   : molecular charge
        -uhf  <int>   : # of unpaired electrons(=2*S)
        -nox          : skip second, extended part in sTDA-xTB
        -pop          : do population analysis
                      : (default for -nox)
        -mowr <real>  : cut MO write above (def.3 Eh)
        -molden       : write formatted molden file
        -parx <file>  : read parameters for sTDA-xTB
                        calc (def:~/.param_stda2.xtb)
        -parv <file>  : read parameters for vTB part in
                        sTDA-xTB (def: ~/.param_stda1.xtb)
        -xtemp <real> : el. temp for xTB (def. 0 K)
        -etemp <real> : el. temp for GFN (def. 300 K)
        -fod          : calculate the FOD and write
                        molden.input file with
                        appropriate occupations
                        for plotting. Def. T=12500 K
 
        -acc <real>   : xTB accuracy (def. 1.0)
        -gbsa [string1] [string2]
                        use GBSA implicit solvent
                        for solvent [string1] and
                        solvation state [string2]=
                        reference, bar1M (default=1M)
        additional GFN/opt/MD/siman options read from
        $XTB4STDAHOME/.xtb4stdarc or $set in input
 
       spin and charge state information can be on:
       <.CHRG> (charge) and <.UHF> (=nalpha-nbeta)
       -uhf and -chrg override the file info.
       useful machine settings:
       setenv MKL_NUM_THREADS <NCORE_ON_YOUR_MACHINE>
       setenv OMP_STACKSIZE 500m
       limit stacksize unlimited
 
       total energies in Eh, gaps/HL energies in eV
       please read REVISION and HOWTO files carefully
 =============================
  # OMP threads =          16
 =============================
 
 xtb4stdahome directory:/home/tchapet/xtb4stda/
 
 argument            1 :gbsa
 argument            2 :toluene
 
 name of molecule           :
 comment line               :
 number of atoms            :    55
 number of electrons        :   168
 charge                     :  0
 spin                       : 0.0
 first test random number   :  0.8528
 
 -----------------------------------------
      charge density (VTB) calculation
 -----------------------------------------
 
      method parameters     
 k(s)        :  1.8000
 k(p)        :  2.8350
 k(d)        :  2.0860
 k(f)        :  2.0000
 Tscal       :  0.3300
 Gscal       :  0.3910
 fpol        :  1.0000
 Zcnf        :  0.6500
 Zqf         :  0.0000
 kcn         :  0.3000
 kEN1        : -0.5900
 wllscal     :  2.6000
 
     -------------------------
     ! NO SOLVENT MODEL USED !
     -------------------------
 
 doing EN charges ...
 sum q :  0.1665335D-14
 point charge moment (au)
     X       Y       Z   
  -0.0008  -0.5871   0.5156  total (Debye):    1.986
 
            Z      q(EN)   CN      Cart. coordinates
     1  C   4.0  -0.253   4.067     0.00334    -1.27527     1.65710
     2  C   4.0   0.009   3.217    -0.00010    -3.44913    -0.16564
     3  C   4.0  -0.005   3.257     2.27280    -4.52386    -0.98037
     4  C   4.0  -0.004   3.231     4.75164    -3.48084    -0.23192
     5  C   4.0  -0.072   3.187     6.52223    -5.00249     0.97932
     6  C   4.0  -0.084   3.249     8.85962    -4.04026     1.62833
     7  C   4.0  -0.077   3.175     9.49096    -1.55504     1.07294
     8  C   4.0   0.058   3.288     7.74996    -0.02073    -0.16204
     9  C   4.0  -0.069   3.222     5.39936    -1.00063    -0.79977
    10  O   6.0  -0.153   2.104     8.12652     2.45099    -0.83892
    11  C   4.0   0.057   3.288    10.40652     3.63371    -0.52040
    12  C   4.0  -0.069   3.178    10.54612     6.07220    -1.49460
    13  C   4.0  -0.073   3.143    12.74127     7.47365    -1.28541
    14  C   4.0  -0.072   3.144    14.83662     6.44751    -0.10127
    15  C   4.0  -0.085   3.253    14.71648     4.02423     0.86926
    16  C   4.0  -0.077   3.176    12.51466     2.61148     0.67260
    17  S   6.0   0.196   2.391    12.52337    -0.46713     2.00535
    18  C   4.0  -0.073   3.192     2.25200    -6.64750    -2.53215
    19  C   4.0  -0.071   3.138    -0.00477    -7.70945    -3.30528
    20  C   4.0  -0.073   3.192    -2.25907    -6.64401    -2.52995
    21  C   4.0  -0.005   3.257    -2.27550    -4.52023    -0.97808
    22  C   4.0  -0.004   3.230    -4.75252    -3.47428    -0.22816
    23  C   4.0  -0.072   3.187    -6.52699    -4.99646     0.97685
    24  C   4.0  -0.084   3.249    -8.86314    -4.03213     1.62703
    25  C   4.0  -0.077   3.175    -9.48966    -1.54408     1.07881
    26  C   4.0   0.058   3.288    -7.74511    -0.00931    -0.15055
    27  C   4.0  -0.069   3.222    -5.39555    -0.99123    -0.78905
    28  O   6.0  -0.153   2.104    -8.11726     2.46498    -0.82066
    29  C   4.0   0.057   3.289   -10.39800     3.64776    -0.50750
    30  C   4.0  -0.069   3.178   -10.53562     6.08605    -1.48245
    31  C   4.0  -0.073   3.143   -12.73081     7.48798    -1.27685
    32  C   4.0  -0.072   3.144   -14.82826     6.46244    -0.09589
    33  C   4.0  -0.085   3.253   -14.71035     4.03906     0.87465
    34  C   4.0  -0.077   3.176   -12.50849     2.62587     0.68163
    35  S   6.0   0.196   2.391   -12.51993    -0.45282     2.01415
    36  H   1.0   0.081   0.999     0.00815     0.52633     0.66182
    37  H   1.0   0.082   1.001    -1.67126    -1.33198     2.84749
    38  H   1.0   0.082   1.001     1.67638    -1.33946     2.84940
    39  H   1.0   0.075   1.005     6.05693    -6.93434     1.43771
    40  H   1.0   0.075   1.007    10.23491    -5.20477     2.58464
    41  H   1.0   0.077   1.006     4.09661     0.22237    -1.77989
    42  H   1.0   0.075   1.005     8.88627     6.82544    -2.40842
    43  H   1.0   0.074   1.004    12.80752     9.36284    -2.04914
    44  H   1.0   0.074   1.004    16.56042     7.52188     0.07157
    45  H   1.0   0.075   1.007    16.32807     3.19005     1.80159
    46  H   1.0   0.075   1.005     4.02849    -7.44846    -3.14089
    47  H   1.0   0.074   1.004    -0.00668    -9.35780    -4.50867
    48  H   1.0   0.075   1.005    -4.03730    -7.44174    -3.13781
    49  H   1.0   0.075   1.005    -6.06579    -6.93070     1.42922
    50  H   1.0   0.075   1.007   -10.24140    -5.19731     2.57821
    51  H   1.0   0.077   1.006    -4.08989     0.23262    -1.76420
    52  H   1.0   0.075   1.005    -8.87421     6.83881    -2.39385
    53  H   1.0   0.074   1.004   -12.79569     9.37684    -2.04149
    54  H   1.0   0.074   1.004   -16.55207     7.53723     0.07413
    55  H   1.0   0.075   1.007   -16.32364     3.20526     1.80437
 
  Z AO/shell   Hii/eV     exponent
  1     Sat Feb 20 21:38:01 CET 2016    EN: 2.327 GAM: 0.473  GM3: 0.0000
     1s    -13.751157    1.051071
  6     Sat Feb 20 21:38:01 CET 2016    EN: 2.731 GAM: 0.422  GM3: 0.0000
     2s    -19.378245    2.021003
     2p    -11.993376    1.497917
  8     Sat Feb 20 21:38:01 CET 2016    EN: 3.700 GAM: 0.587  GM3: 0.0000
     2s    -21.648843    2.110798
     2p    -17.239740    2.329048
 16     Sat Feb 20 23:13:41 CET 2016    EN: 1.915 GAM: 0.389  GM3: 0.0000
     3s    -22.000000    2.671470
     3p    -15.834192    1.836978
     3d     -2.593599    1.836978
 
 dipole moment of classical point charges (au)
     X       Y       Z   
  -0.0008  -0.5871   0.5156  total (Debye):    1.986

 
 Nbf   :          172
 T(el) :   300.0
 calculating S/T integrals ...
 cpu time for ints   0.353993000000000     
 Nao   :          170
 making H0...
 making H1...
 cpu time for H      2.364900000000003E-002
 solving ...
 cpu time for diag   6.492400000000004E-002
 
 gap (eV)           :   5.496
 Koopmans IP (eV)   :  12.865
 Eel (Eh)           :  -131.270830
 T,E(Fermi),NFOD :    300.000   -10.117  0.000000
 T,E(Fermi),NFOD :    300.000   -10.117  0.000000
 Nfod               :  0.0000
 Nfod/Nel           :  0.0000

          eigenvalues
 #    :          72         73         74         75         76         77         78         79
 occ. :        2.000      2.000      2.000      2.000      2.000      2.000      2.000      2.000
 eps  :       -17.416    -16.718    -16.699    -15.840    -15.586    -15.459    -15.458    -14.996
 #    :          80         81         82         83         84         85         86         87
 occ. :        2.000      2.000      2.000      2.000      2.000      0.000      0.000      0.000
 eps  :       -14.936    -14.559    -14.489    -12.891    -12.866     -7.370     -7.328     -6.881
 #    :          88         89         90         91         92         93         94         95
 occ. :        0.000      0.000      0.000      0.000      0.000      0.000      0.000      0.000
 eps  :        -6.699     -6.659     -6.442     -5.714     -5.650     -5.466     -5.361     -5.354
                            1  SCC done.
 making H1...
 cpu time for H      7.818900000000006E-002
 solving ...
 cpu time for diag   3.156499999999995E-002
 
 gap (eV)           :   5.711
 Koopmans IP (eV)   :  12.691
 Eel (Eh)           :  -131.126730
 T,E(Fermi),NFOD :    300.000    -9.836  0.000000
 T,E(Fermi),NFOD :    300.000    -9.836  0.000000
 Nfod               :  0.0000
 Nfod/Nel           :  0.0000

          eigenvalues
 #    :          72         73         74         75         76         77         78         79
 occ. :        2.000      2.000      2.000      2.000      2.000      2.000      2.000      2.000
 eps  :       -17.199    -16.600    -16.584    -15.881    -15.672    -15.512    -15.508    -14.946
 #    :          80         81         82         83         84         85         86         87
 occ. :        2.000      2.000      2.000      2.000      2.000      0.000      0.000      0.000
 eps  :       -14.863    -14.463    -14.405    -12.717    -12.692     -6.981     -6.889     -6.621
 #    :          88         89         90         91         92         93         94         95
 occ. :        0.000      0.000      0.000      0.000      0.000      0.000      0.000      0.000
 eps  :        -6.613     -6.411     -6.386     -5.643     -5.569     -5.413     -5.391     -5.271
                            2  SCC done.
 
 
 Mulliken/CM5 charges    n(s)   n(p)   n(d)   
    1 C  -0.0900 -0.2350   1.081  3.009  0.000
    2 C   0.0006 -0.0112   1.189  2.811  0.000
    3 C  -0.0119 -0.0190   1.170  2.842  0.000
    4 C  -0.0070 -0.0165   1.166  2.841  0.000
    5 C  -0.0470 -0.1005   1.140  2.907  0.000
    6 C  -0.0397 -0.0911   1.133  2.907  0.000
    7 C  -0.0045  0.0054   1.165  2.840  0.000
    8 C   0.0776  0.0990   1.149  2.773  0.000
    9 C  -0.0524 -0.1007   1.140  2.913  0.000
   10 O  -0.1319 -0.1978   1.438  4.694  0.000
   11 C   0.0770  0.0985   1.149  2.774  0.000
   12 C  -0.0481 -0.0987   1.135  2.913  0.000
   13 C  -0.0407 -0.0969   1.133  2.908  0.000
   14 C  -0.0430 -0.0992   1.134  2.909  0.000
   15 C  -0.0408 -0.0923   1.133  2.908  0.000
   16 C  -0.0037  0.0062   1.165  2.838  0.000
   17 S   0.0004 -0.0319   1.887  4.079  0.033
   18 C  -0.0407 -0.0940   1.143  2.898  0.000
   19 C  -0.0389 -0.0951   1.135  2.904  0.000
   20 C  -0.0407 -0.0940   1.143  2.898  0.000
   21 C  -0.0119 -0.0190   1.170  2.842  0.000
   22 C  -0.0070 -0.0165   1.166  2.841  0.000
   23 C  -0.0470 -0.1005   1.140  2.907  0.000
   24 C  -0.0396 -0.0911   1.133  2.907  0.000
   25 C  -0.0046  0.0054   1.165  2.840  0.000
   26 C   0.0776  0.0990   1.149  2.773  0.000
   27 C  -0.0524 -0.1007   1.140  2.913  0.000
   28 O  -0.1320 -0.1978   1.438  4.694  0.000
   29 C   0.0770  0.0984   1.149  2.774  0.000
   30 C  -0.0481 -0.0987   1.135  2.913  0.000
   31 C  -0.0407 -0.0968   1.133  2.908  0.000
   32 C  -0.0430 -0.0992   1.134  2.909  0.000
   33 C  -0.0408 -0.0923   1.133  2.908  0.000
   34 C  -0.0037  0.0062   1.165  2.838  0.000
   35 S   0.0004 -0.0320   1.887  4.079  0.033
   36 H   0.0436  0.0969   0.956  0.000  0.000
   37 H   0.0413  0.0965   0.959  0.000  0.000
   38 H   0.0413  0.0965   0.959  0.000  0.000
   39 H   0.0429  0.1010   0.957  0.000  0.000
   40 H   0.0471  0.1056   0.953  0.000  0.000
   41 H   0.0390  0.1015   0.961  0.000  0.000
   42 H   0.0384  0.0989   0.962  0.000  0.000
   43 H   0.0425  0.0992   0.957  0.000  0.000
   44 H   0.0428  0.0995   0.957  0.000  0.000
   45 H   0.0444  0.1028   0.956  0.000  0.000
   46 H   0.0396  0.0978   0.960  0.000  0.000
   47 H   0.0416  0.0980   0.958  0.000  0.000
   48 H   0.0396  0.0978   0.960  0.000  0.000
   49 H   0.0429  0.1010   0.957  0.000  0.000
   50 H   0.0471  0.1056   0.953  0.000  0.000
   51 H   0.0391  0.1015   0.961  0.000  0.000
   52 H   0.0384  0.0989   0.962  0.000  0.000
   53 H   0.0425  0.0992   0.957  0.000  0.000
   54 H   0.0428  0.0995   0.957  0.000  0.000
   55 H   0.0444  0.1028   0.956  0.000  0.000
 Hirshfeld charges for QMDFF written to <charges>
 
 Loewdin charges    n(s)   n(p)   n(d)
    1 C  -0.0931   1.008  3.085  0.000
    2 C   0.0051   1.147  2.848  0.000
    3 C  -0.0092   1.127  2.882  0.000
    4 C  -0.0009   1.122  2.879  0.000
    5 C  -0.0429   1.087  2.956  0.000
    6 C  -0.0348   1.080  2.955  0.000
    7 C   0.0179   1.119  2.863  0.000
    8 C   0.0647   1.115  2.820  0.000
    9 C  -0.0529   1.089  2.964  0.000
   10 O  -0.0917   1.399  4.693  0.000
   11 C   0.0637   1.115  2.821  0.000
   12 C  -0.0456   1.082  2.963  0.000
   13 C  -0.0331   1.078  2.955  0.000
   14 C  -0.0361   1.080  2.956  0.000
   15 C  -0.0363   1.080  2.956  0.000
   16 C   0.0189   1.119  2.862  0.000
   17 S  -0.0378   1.875  4.079  0.084
   18 C  -0.0357   1.089  2.946  0.000
   19 C  -0.0314   1.080  2.951  0.000
   20 C  -0.0357   1.089  2.946  0.000
   21 C  -0.0092   1.127  2.882  0.000
   22 C  -0.0009   1.122  2.879  0.000
   23 C  -0.0429   1.087  2.956  0.000
   24 C  -0.0348   1.080  2.955  0.000
   25 C   0.0179   1.119  2.863  0.000
   26 C   0.0647   1.115  2.820  0.000
   27 C  -0.0529   1.089  2.964  0.000
   28 O  -0.0918   1.399  4.693  0.000
   29 C   0.0637   1.115  2.821  0.000
   30 C  -0.0455   1.082  2.963  0.000
   31 C  -0.0331   1.078  2.955  0.000
   32 C  -0.0361   1.080  2.956  0.000
   33 C  -0.0363   1.080  2.956  0.000
   34 C   0.0189   1.119  2.862  0.000
   35 S  -0.0378   1.875  4.079  0.084
   36 H   0.0431   0.957  0.000  0.000
   37 H   0.0403   0.960  0.000  0.000
   38 H   0.0403   0.960  0.000  0.000
   39 H   0.0350   0.965  0.000  0.000
   40 H   0.0386   0.961  0.000  0.000
   41 H   0.0309   0.969  0.000  0.000
   42 H   0.0302   0.970  0.000  0.000
   43 H   0.0347   0.965  0.000  0.000
   44 H   0.0351   0.965  0.000  0.000
   45 H   0.0361   0.964  0.000  0.000
   46 H   0.0319   0.968  0.000  0.000
   47 H   0.0340   0.966  0.000  0.000
   48 H   0.0319   0.968  0.000  0.000
   49 H   0.0350   0.965  0.000  0.000
   50 H   0.0386   0.961  0.000  0.000
   51 H   0.0309   0.969  0.000  0.000
   52 H   0.0302   0.970  0.000  0.000
   53 H   0.0347   0.965  0.000  0.000
   54 H   0.0351   0.965  0.000  0.000
   55 H   0.0361   0.964  0.000  0.000
 
 Wiberg/Mayer (AO) data. WBOs > 0.1 written file <wbo>
 largest (>0.05) Wiberg bond orders for each atom
           total WBO             WBO to atom ...
     1  C   3.987    C    2 0.994    H   37 0.974    H   38 0.974    H   36 0.968
     2  C   3.943    C   21 1.354    C    3 1.354    C    1 0.994    C   19 0.103
     3  C   3.952    C   18 1.381    C    2 1.354    C    4 0.980    C   20 0.103
     4  C   3.953    C    9 1.382    C    5 1.372    C    3 0.980    C    7 0.096
     5  C   3.969    C    6 1.441    C    4 1.372    H   39 0.944    C    8 0.097
     6  C   3.967    C    5 1.441    C    7 1.388    H   40 0.942    C    9 0.098
     7  C   3.948    C    6 1.388    C    8 1.334    S   17 1.011    C    4 0.096
     8  C   3.932    C    9 1.393    C    7 1.334    O   10 1.010    C    5 0.097
     9  C   3.967    C    8 1.393    C    4 1.382    H   41 0.945    C    6 0.098
    10  O   2.301    C   11 1.011    C    8 1.010
    11  C   3.934    C   12 1.385    C   16 1.339    O   10 1.011    C   14 0.101
    12  C   3.971    C   13 1.434    C   11 1.385    H   42 0.947    C   15 0.103
    13  C   3.973    C   12 1.434    C   14 1.423    H   43 0.945    C   16 0.100
    14  C   3.972    C   15 1.433    C   13 1.423    H   44 0.944    C   11 0.101
    15  C   3.970    C   14 1.433    C   16 1.393    H   45 0.944    C   12 0.103
    16  C   3.951    C   15 1.393    C   11 1.339    S   17 1.009    C   13 0.100
    17  S   2.305    C    7 1.011    C   16 1.009
    18  C   3.967    C   19 1.432    C    3 1.381    H   46 0.944    C   21 0.103
    19  C   3.970    C   20 1.433    C   18 1.432    H   47 0.943    C    2 0.103
    20  C   3.967    C   19 1.433    C   21 1.380    H   48 0.944    C    3 0.103
    21  C   3.952    C   20 1.380    C    2 1.354    C   22 0.981    C   18 0.103
    22  C   3.953    C   27 1.382    C   23 1.372    C   21 0.981    C   25 0.096
    23  C   3.969    C   24 1.441    C   22 1.372    H   49 0.944    C   26 0.097
    24  C   3.967    C   23 1.441    C   25 1.388    H   50 0.942    C   27 0.098
    25  C   3.948    C   24 1.388    C   26 1.334    S   35 1.011    C   22 0.096
    26  C   3.932    C   27 1.393    C   25 1.334    O   28 1.010    C   23 0.097
    27  C   3.967    C   26 1.393    C   22 1.382    H   51 0.945    C   24 0.098
    28  O   2.300    C   29 1.011    C   26 1.010
    29  C   3.934    C   30 1.385    C   34 1.339    O   28 1.011    C   32 0.101
    30  C   3.971    C   31 1.434    C   29 1.385    H   52 0.947    C   33 0.103
    31  C   3.973    C   30 1.434    C   32 1.423    H   53 0.945    C   34 0.100
    32  C   3.972    C   33 1.433    C   31 1.423    H   54 0.944    C   29 0.101
    33  C   3.970    C   32 1.433    C   34 1.393    H   55 0.944    C   30 0.103
    34  C   3.951    C   33 1.393    C   29 1.339    S   35 1.009    C   31 0.100
    35  S   2.305    C   25 1.011    C   34 1.009
    36  H   0.998    C    1 0.968
    37  H   0.997    C    1 0.974
    38  H   0.997    C    1 0.974
    39  H   0.997    C    5 0.944
    40  H   0.996    C    6 0.942
    41  H   0.998    C    9 0.945
    42  H   0.998    C   12 0.947
    43  H   0.995    C   13 0.945
    44  H   0.997    C   14 0.944
    45  H   0.998    C   15 0.944
    46  H   0.995    C   18 0.944
    47  H   0.992    C   19 0.943
    48  H   0.995    C   20 0.944
    49  H   0.997    C   23 0.944
    50  H   0.996    C   24 0.942
    51  H   0.998    C   27 0.945
    52  H   0.998    C   30 0.947
    53  H   0.995    C   31 0.945
    54  H   0.997    C   32 0.944
    55  H   0.998    C   33 0.944
 
 --------------------------------------------
          xTB calculation for sTDA...
 --------------------------------------------
 
 reading parameter file /home/tchapet/xtb4stda/.param_stda2.xtb
 
      method parameters     
 k(s)        :  1.6000
 k(p)        :  2.1800
 k(d)        :  1.9500
 k(f)        :  2.0000
 k(R-V)      :  2.2750
 k(R-R)      :  1.7650
 Tscal       :  0.2580
 Gscal       :  1.0000
 fpol        :  1.0000
 Zcnf        :  0.3430
 Zqf         :  0.0000
 kcn         :  2.7000
 Ryd Hsplit  :  0.7000
 lshift(virt):  3.1000
 lshift(OS)  :  0.2000
 wllscaling  :  2.6000
 
 mowrcut     : 3.000
 
  Z AO/shell   Hii/eV     exponent
  1     Sun Feb 14 09:53:25 CET 2016    EN: 2.327 GAM: 0.473  GM3: 0.0000
     1s    -14.339618    1.220000
     2sp    -3.348946    0.600000
  6     Sun Feb 14 09:53:25 CET 2016    EN: 2.731 GAM: 0.422  GM3: 0.0000
     2s    -22.009312    1.565095
     2p    -13.020408    1.596905
     3sp    -3.914040    0.824500
  8     Sun Feb 14 09:53:25 CET 2016    EN: 3.700 GAM: 0.587  GM3: 0.0000
     2s    -33.859000    2.418661
     2p    -22.175911    1.973969
     3sp    -4.259392    1.013700
 16     Sun Feb 21 16:35:57 CET 2016    EN: 1.915 GAM: 0.200  GM3: 0.0000
     3s    -17.898811    2.619580
     3p    -15.317401    1.798798
     4sp    -4.455139    0.843200
 
 Nbf   :          380
 T(el) :     0.0
 calculating S/T integrals ...
 cpu time for ints    2.86456700000000     
 Nao   :          380
 making H0...
 making H1...
 cpu time for H      2.583000000000002E-003
 solving ...
 cpu time for diag   6.503500000000040E-002
 
 gap (eV)           :   7.343
 Koopmans IP (eV)   :  13.784
 Eel (Eh)           :  -145.052061

          eigenvalues
 #    :          72         73         74         75         76         77         78         79
 occ. :        2.000      2.000      2.000      2.000      2.000      2.000      2.000      2.000
 eps  :       -17.703    -17.516    -17.504    -16.623    -16.480    -16.417    -16.400    -15.822
 #    :          80         81         82         83         84         85         86         87
 occ. :        2.000      2.000      2.000      2.000      2.000      0.000      0.000      0.000
 eps  :       -15.821    -15.491    -15.432    -13.797    -13.785     -6.442     -6.316     -6.029
 #    :          88         89         90         91         92         93         94         95
 occ. :        0.000      0.000      0.000      0.000      0.000      0.000      0.000      0.000
 eps  :        -6.018     -5.769     -5.766     -5.562     -5.440     -5.138     -5.094     -5.001
                            1  SCC done.
 writing mo output ...
 molden style : F
 
speedup 11.28
cpu  time for all    3.63 s
wall time for all    0.32 s
