   -125.556706567247   -125.556706567247         0.82969E-03
   -125.556842936170   -125.556842936170         0.65778E-03
   -125.556700017797   -125.556700017797         0.23685E-03
   -125.556503966740   -125.556503966740         0.83683E-03
   -125.556964448571   -125.556964448571         0.54752E-03
   -125.556945333685   -125.556945333685         0.39436E-03
   -125.556944515519   -125.556944515519         0.79524E-03
   -125.556934715837   -125.556934715837         0.39142E-03
   -125.556804416640   -125.556804416640         0.68617E-03
   -125.556655879587   -125.556655879587         0.41545E-03
   -125.556900827300   -125.556900827300         0.76453E-03
   -125.556785674507   -125.556785674507         0.87725E-03
   -125.556787826754   -125.556787826754         0.57794E-03
   -125.556820446613   -125.556820446613         0.46875E-03
   -125.556562137114   -125.556562137114         0.40594E-03
   -125.556691820838   -125.556691820838         0.59935E-03
   -125.556748831731   -125.556748831731         0.61988E-03
   -125.556235599675   -125.556235599675         0.79987E-03
   -125.556416946057   -125.556416946057         0.53148E-03
   -125.555987477478   -125.555987477478         0.34221E-03
   -125.556115350236   -125.556115350236         0.41498E-03
   -125.555782734534   -125.555782734534         0.66830E-03
   -125.556945244957   -125.556945244957         0.61711E-03
   -125.556833853679   -125.556833853679         0.82275E-03
   -125.555974135029   -125.555974135029         0.44633E-03
   -125.555830019620   -125.555830019620         0.67233E-03
   -125.556257829047   -125.556257829047         0.34878E-03
   -125.555923844636   -125.555923844636         0.53355E-03
   -125.555779124453   -125.555779124453         0.44484E-03
   -125.556904403882   -125.556904403882         0.38579E-03
   -125.556823738648   -125.556823738648         0.29930E-03
   -125.556790099452   -125.556790099452         0.47089E-03
   -125.556620828128   -125.556620828128         0.85631E-03
   -125.555965409471   -125.555965409471         0.46181E-03
   -125.555202361705   -125.555202361705         0.86637E-03
   -125.556877390470   -125.556877390470         0.56822E-03
   -125.555635694609   -125.555635694609         0.35808E-03
   -125.555705008507   -125.555705008507         0.43786E-03
   -125.555198351141   -125.555198351141         0.85778E-03
   -125.555623206378   -125.555623206378         0.67917E-03
   -125.555965959655   -125.555965959655         0.44879E-03
   -125.555635072155   -125.555635072155         0.68958E-03
   -125.555796103207   -125.555796103207         0.78449E-03
   -125.556260930470   -125.556260930470         0.50582E-03
   -125.555876108987   -125.555876108987         0.49900E-03
   -125.555449571376   -125.555449571376         0.34866E-03
   -125.555576234964   -125.555576234964         0.55711E-03
   -125.556450316240   -125.556450316240         0.86371E-03
   -125.555843727805   -125.555843727805         0.35056E-03
   -125.556178453625   -125.556178453625         0.75769E-03
   -125.555606802783   -125.555606802783         0.69898E-03
   -125.555398062155   -125.555398062155         0.30254E-03
   -125.555288225657   -125.555288225657         0.50246E-03
   -125.555677926122   -125.555677926122         0.42271E-03
   -125.555346470639   -125.555346470639         0.52862E-03
   -125.556787213453   -125.556787213453         0.56795E-03
   -125.555230661942   -125.555230661942         0.66922E-03
   -125.556302550669   -125.556302550669         0.36095E-03
   -125.554249048982   -125.554249048982         0.76106E-03
   -125.556338680012   -125.556338680012         0.32713E-03
   -125.554939665738   -125.554939665738         0.61156E-03
   -125.555128613250   -125.555128613250         0.44272E-03
   -125.554980747196   -125.554980747196         0.93616E-03
   -125.557285151872   -125.557285151872         0.30816E-03
   -125.556702340108   -125.556702340108         0.32813E-03
   -125.554673330873   -125.554673330873         0.58995E-03
   -125.555057180129   -125.555057180129         0.57435E-03
   -125.555200197264   -125.555200197264         0.34561E-03
   -125.554249429973   -125.554249429973         0.40565E-03
   -125.555537820001   -125.555537820001         0.99981E-03
   -125.555050485598   -125.555050485598         0.46508E-03
   -125.554184167188   -125.554184167188         0.39051E-03
   -125.555039410480   -125.555039410480         0.57385E-03
   -125.556284756213   -125.556284756213         0.45961E-03
   -125.555680230449   -125.555680230449         0.48701E-03
   -125.555025516445   -125.555025516445         0.39764E-03
   -125.553656902825   -125.553656902825         0.44447E-03
   -125.553248369608   -125.553248369608         0.71946E-03
   -125.553703064261   -125.553703064261         0.57318E-03
   -125.556553738544   -125.556553738544         0.43828E-03
   -125.555206292552   -125.555206292552         0.58663E-03
   -125.554053747602   -125.554053747602         0.54801E-03
   -125.553471955273   -125.553471955273         0.55486E-03
   -125.556724023151   -125.556724023151         0.66398E-03
   -125.554941086400   -125.554941086400         0.70014E-03
   -125.555226776153   -125.555226776153         0.35390E-03
   -125.555028738399   -125.555028738399         0.91785E-03
   -125.555250991514   -125.555250991514         0.46119E-03
