 
        ______________________________________
       |                                      |
       |          ===================         |
       |             xTB for sTDA             |
       |          ===================         |
       |               S. Grimme              |
       |        Universitaet Bonn, MCTC       |
       |         2015-19, Version 1.0         |
       |     Wed Apr  3 09:14:55 CEST 2019    |
       |______________________________________|
 
        This code comes without any warranty
        for non-commercial, academia use only.
        Preliminary test version.
        Cite this work as:
        S. Grimme  &  C. Bannwarth, JCP 145 (2016) 054103
        if GBSA is used additionally:
        P. Shushkov, F. März, C. Bannwarth, S. Grimme, unpublished.
 
        with help from
        P. Shushkov, G. Brandenburg, S. Dohm, J. Pisarek,
        F. März, M. Checinski, S. Ehrlich, S. Spicher, 
        P. Pracht, E. Caldeweyher, S. Ehlert, and C. Bannwarth.
 
        usage        :
        xtb4stda <coord_file> [options]
        where <coord_file> is a valid file of TM)
        (*coord, Bohr) or xmol (*xyz, Angstroem)
        format.

        options:
        -chrg <int>   : molecular charge
        -uhf  <int>   : # of unpaired electrons(=2*S)
        -nox          : skip second, extended part in sTDA-xTB
        -pop          : do population analysis
                      : (default for -nox)
        -mowr <real>  : cut MO write above (def.3 Eh)
        -molden       : write formatted molden file
        -parx <file>  : read parameters for sTDA-xTB
                        calc (def:~/.param_stda2.xtb)
        -parv <file>  : read parameters for vTB part in
                        sTDA-xTB (def: ~/.param_stda1.xtb)
        -xtemp <real> : el. temp for xTB (def. 0 K)
        -etemp <real> : el. temp for GFN (def. 300 K)
        -fod          : calculate the FOD and write
                        molden.input file with
                        appropriate occupations
                        for plotting. Def. T=12500 K
 
        -acc <real>   : xTB accuracy (def. 1.0)
        -gbsa [string1] [string2]
                        use GBSA implicit solvent
                        for solvent [string1] and
                        solvation state [string2]=
                        reference, bar1M (default=1M)
        additional GFN/opt/MD/siman options read from
        $XTB4STDAHOME/.xtb4stdarc or $set in input
 
       spin and charge state information can be on:
       <.CHRG> (charge) and <.UHF> (=nalpha-nbeta)
       -uhf and -chrg override the file info.
       useful machine settings:
       setenv MKL_NUM_THREADS <NCORE_ON_YOUR_MACHINE>
       setenv OMP_STACKSIZE 500m
       limit stacksize unlimited
 
       total energies in Eh, gaps/HL energies in eV
       please read REVISION and HOWTO files carefully
 =============================
  # OMP threads =          16
 =============================
 
 xtb4stdahome directory:/home/tchapet/xtb4stda/
 
 argument            1 :gbsa
 argument            2 :toluene
 
 name of molecule           :
 comment line               :
 number of atoms            :    84
 number of electrons        :   230
 charge                     :  0
 spin                       : 0.0
 first test random number   :  0.9634
 
 -----------------------------------------
      charge density (VTB) calculation
 -----------------------------------------
 
      method parameters     
 k(s)        :  1.8000
 k(p)        :  2.8350
 k(d)        :  2.0860
 k(f)        :  2.0000
 Tscal       :  0.3300
 Gscal       :  0.3910
 fpol        :  1.0000
 Zcnf        :  0.6500
 Zqf         :  0.0000
 kcn         :  0.3000
 kEN1        : -0.5900
 wllscal     :  2.6000
 
     -------------------------
     ! NO SOLVENT MODEL USED !
     -------------------------
 
 doing EN charges ...
 sum q :  0.1776357D-14
 point charge moment (au)
     X       Y       Z   
   0.0010  -0.0063  -0.0736  total (Debye):    0.188
 
            Z      q(EN)   CN      Cart. coordinates
     1  C   4.0  -0.252   4.061    -1.83361     2.85396    -3.85655
     2  C   4.0   0.010   3.189    -2.94315     0.98522    -2.03858
     3  C   4.0  -0.069   3.232    -5.52347     0.55665    -1.98888
     4  C   4.0   0.088   3.272    -6.59583    -1.17757    -0.32097
     5  N   5.0  -0.310   3.249    -9.21907    -1.49711    -0.23674
     6  C   4.0   0.088   3.272   -10.28846    -3.88049     0.15161
     7  C   4.0  -0.069   3.193   -12.58866    -4.09227     1.42556
     8  C   4.0  -0.072   3.144   -13.66868    -6.43546     1.81820
     9  C   4.0  -0.074   3.142   -12.47630    -8.60595     0.96596
    10  C   4.0  -0.072   3.145   -10.19274    -8.40781    -0.29955
    11  C   4.0  -0.069   3.189    -9.10506    -6.07103    -0.71615
    12  C   4.0   0.086   3.301   -10.81241     0.53788    -0.85500
    13  C   4.0  -0.068   3.189   -12.68350     0.20533    -2.63505
    14  C   4.0  -0.071   3.135   -14.27685     2.19611    -3.32876
    15  C   4.0  -0.072   3.174   -13.98134     4.53427    -2.26990
    16  C   4.0  -0.005   3.255   -12.11411     4.95090    -0.41342
    17  C   4.0  -0.072   3.178   -11.81775     7.33872     0.73781
    18  C   4.0  -0.072   3.136   -10.06918     7.71120     2.60045
    19  C   4.0  -0.072   3.140    -8.55759     5.69368     3.41776
    20  C   4.0  -0.071   3.183    -8.77659     3.36322     2.32187
    21  C   4.0  -0.001   3.283   -10.52055     2.92854     0.35278
    22  C   4.0  -0.068   3.188    -5.01867    -2.53738     1.29285
    23  C   4.0  -0.071   3.188    -2.44305    -2.13034     1.23458
    24  C   4.0  -0.006   3.265    -1.38011    -0.36923    -0.39681
    25  C   4.0  -0.006   3.264     1.38694     0.05755    -0.36509
    26  C   4.0  -0.071   3.186     2.94932    -1.30072    -1.97630
    27  C   4.0  -0.068   3.190     5.53382    -0.93772    -1.97827
    28  C   4.0   0.089   3.271     6.61282     0.80133    -0.32240
    29  N   5.0  -0.310   3.249     9.23133     1.16139    -0.26215
    30  C   4.0   0.088   3.273    10.26185     3.56541     0.11035
    31  C   4.0  -0.069   3.189     9.02964     5.73378    -0.74533
    32  C   4.0  -0.072   3.145    10.07818     8.09025    -0.34001
    33  C   4.0  -0.074   3.142    12.37088     8.33039     0.90155
    34  C   4.0  -0.072   3.144    13.61300     6.18218     1.73885
    35  C   4.0  -0.069   3.193    12.57235     3.81922     1.35723
    36  C   4.0   0.086   3.300    10.85570    -0.83539    -0.92343
    37  C   4.0  -0.068   3.189    12.67927    -0.45496    -2.74264
    38  C   4.0  -0.071   3.135    14.30302    -2.40631    -3.47630
    39  C   4.0  -0.072   3.174    14.08949    -4.75148    -2.41327
    40  C   4.0  -0.005   3.254    12.27690    -5.21439    -0.51408
    41  C   4.0  -0.072   3.178    12.06895    -7.60717     0.64611
    42  C   4.0  -0.072   3.136    10.37292    -8.02154     2.54808
    43  C   4.0  -0.072   3.140     8.82503    -6.04389     3.39437
    44  C   4.0  -0.071   3.182     8.95776    -3.71050     2.29102
    45  C   4.0  -0.001   3.283    10.64868    -3.23324     0.28621
    46  C   4.0  -0.069   3.229     5.04394     2.15118     1.31076
    47  C   4.0   0.010   3.189     2.45172     1.80838     1.30421
    48  C   4.0  -0.252   4.062     0.80378     3.26494     3.09172
    49  H   1.0   0.082   1.000    -3.30996     3.97316    -4.74540
    50  H   1.0   0.082   1.000    -0.52213     4.11422    -2.89564
    51  H   1.0   0.081   0.999    -0.77747     1.87197    -5.32765
    52  H   1.0   0.077   1.007    -6.74150     1.59561    -3.25760
    53  H   1.0   0.076   1.006   -13.51562    -2.40338     2.10254
    54  H   1.0   0.074   1.004   -15.44802    -6.56908     2.81089
    55  H   1.0   0.074   1.004   -13.32199   -10.43582     1.28158
    56  H   1.0   0.074   1.004    -9.25634   -10.08731    -0.98698
    57  H   1.0   0.076   1.006    -7.33772    -5.92683    -1.72792
    58  H   1.0   0.075   1.006   -12.90746    -1.62338    -3.51691
    59  H   1.0   0.074   1.004   -15.71866     1.86943    -4.73669
    60  H   1.0   0.074   1.005   -15.18177     6.09005    -2.82339
    61  H   1.0   0.074   1.005   -13.01931     8.87026     0.11851
    62  H   1.0   0.074   1.004    -9.85797     9.54630     3.47048
    63  H   1.0   0.074   1.004    -7.21813     5.98846     4.93016
    64  H   1.0   0.077   1.008    -7.61480     1.82498     2.98599
    65  H   1.0   0.076   1.006    -5.82117    -3.88371     2.60082
    66  H   1.0   0.075   1.005    -1.22542    -3.18057     2.49488
    67  H   1.0   0.075   1.005     2.11964    -2.65692    -3.25915
    68  H   1.0   0.076   1.006     6.72268    -2.00033    -3.25245
    69  H   1.0   0.076   1.006     7.25517     5.55666    -1.73898
    70  H   1.0   0.074   1.004     9.10393     9.75223    -1.01724
    71  H   1.0   0.074   1.004    13.18561    10.17554     1.20958
    72  H   1.0   0.074   1.004    15.40094     6.34856     2.71089
    73  H   1.0   0.076   1.006    13.53831     2.14739     2.02191
    74  H   1.0   0.075   1.006    12.84126     1.38014    -3.62483
    75  H   1.0   0.074   1.004    15.70264    -2.04384    -4.91762
    76  H   1.0   0.074   1.005    15.31469    -6.27693    -2.99605
    77  H   1.0   0.074   1.005    13.29544    -9.10839     0.00200
    78  H   1.0   0.074   1.004    10.22958    -9.85975     3.42541
    79  H   1.0   0.074   1.004     7.52544    -6.37257     4.93431
    80  H   1.0   0.077   1.008     7.76726    -2.20288     2.97467
    81  H   1.0   0.076   1.007     5.88254     3.47833     2.61838
    82  H   1.0   0.082   1.000     1.89051     4.69954     4.08333
    83  H   1.0   0.082   1.000    -0.74174     4.17297     2.08095
    84  H   1.0   0.081   1.000    -0.03358     1.99577     4.48088
 
  Z AO/shell   Hii/eV     exponent
  1     Sat Feb 20 21:38:01 CET 2016    EN: 2.327 GAM: 0.473  GM3: 0.0000
     1s    -13.751157    1.051071
  6     Sat Feb 20 21:38:01 CET 2016    EN: 2.731 GAM: 0.422  GM3: 0.0000
     2s    -19.378245    2.021003
     2p    -11.993376    1.497917
  7     Sat Feb 20 21:38:01 CET 2016    EN: 3.573 GAM: 0.504  GM3: 0.0000
     2s    -21.576984    2.275442
     2p    -16.125120    2.056788
 
 dipole moment of classical point charges (au)
     X       Y       Z   
   0.0010  -0.0063  -0.0736  total (Debye):    0.188

 
 Nbf   :          228
 T(el) :   300.0
 calculating S/T integrals ...
 cpu time for ints   0.507454000000000     
 Nao   :          228
 making H0...
 making H1...
 cpu time for H      2.840700000000007E-002
 solving ...
 cpu time for diag   9.130600000000000E-002
 
 gap (eV)           :   5.560
 Koopmans IP (eV)   :  12.990
 Eel (Eh)           :  -180.228944
 T,E(Fermi),NFOD :    300.000   -10.210  0.000000
 T,E(Fermi),NFOD :    300.000   -10.210  0.000000
 Nfod               :  0.0000
 Nfod/Nel           :  0.0000

          eigenvalues
 #    :         103        104        105        106        107        108        109        110
 occ. :        2.000      2.000      2.000      2.000      2.000      2.000      2.000      2.000
 eps  :       -16.292    -15.586    -15.578    -15.420    -15.380    -15.268    -15.233    -15.131
 #    :         111        112        113        114        115        116        117        118
 occ. :        2.000      2.000      2.000      2.000      2.000      0.000      0.000      0.000
 eps  :       -15.071    -14.303    -14.282    -12.998    -12.991     -7.430     -7.429     -6.834
 #    :         119        120        121        122        123        124        125        126
 occ. :        0.000      0.000      0.000      0.000      0.000      0.000      0.000      0.000
 eps  :        -6.391     -5.876     -5.797     -5.711     -5.684     -5.376     -5.349     -5.302
                            1  SCC done.
 making H1...
 cpu time for H      0.116775000000000     
 solving ...
 cpu time for diag   5.109100000000000E-002
 
 gap (eV)           :   5.382
 Koopmans IP (eV)   :  12.717
 Eel (Eh)           :  -179.368380
 T,E(Fermi),NFOD :    300.000   -10.026  0.000000
 T,E(Fermi),NFOD :    300.000   -10.026  0.000000
 Nfod               :  0.0000
 Nfod/Nel           :  0.0000

          eigenvalues
 #    :         103        104        105        106        107        108        109        110
 occ. :        2.000      2.000      2.000      2.000      2.000      2.000      2.000      2.000
 eps  :       -16.157    -15.463    -15.453    -15.290    -15.242    -15.162    -15.132    -14.992
 #    :         111        112        113        114        115        116        117        118
 occ. :        2.000      2.000      2.000      2.000      2.000      0.000      0.000      0.000
 eps  :       -14.927    -14.183    -14.161    -12.725    -12.718     -7.335     -7.327     -6.709
 #    :         119        120        121        122        123        124        125        126
 occ. :        0.000      0.000      0.000      0.000      0.000      0.000      0.000      0.000
 eps  :        -6.275     -5.763     -5.688     -5.612     -5.580     -5.238     -5.220     -5.173
                            2  SCC done.
 
 
 Mulliken/CM5 charges    n(s)   n(p)   n(d)   
    1 C  -0.0834 -0.2285   1.080  3.003  0.000
    2 C   0.0024 -0.0126   1.184  2.814  0.000
    3 C  -0.0615 -0.1078   1.139  2.922  0.000
    4 C   0.0533  0.1077   1.177  2.770  0.000
    5 N  -0.1264 -0.3730   1.225  3.901  0.000
    6 C   0.0535  0.1090   1.177  2.770  0.000
    7 C  -0.0464 -0.0947   1.136  2.910  0.000
    8 C  -0.0350 -0.0910   1.136  2.899  0.000
    9 C  -0.0485 -0.1048   1.133  2.915  0.000
   10 C  -0.0351 -0.0912   1.136  2.899  0.000
   11 C  -0.0468 -0.0958   1.137  2.910  0.000
   12 C   0.0489  0.1052   1.185  2.766  0.000
   13 C  -0.0459 -0.0940   1.137  2.909  0.000
   14 C  -0.0319 -0.0879   1.135  2.897  0.000
   15 C  -0.0491 -0.1028   1.139  2.910  0.000
   16 C  -0.0022 -0.0097   1.166  2.836  0.000
   17 C  -0.0401 -0.0938   1.140  2.900  0.000
   18 C  -0.0358 -0.0920   1.136  2.900  0.000
   19 C  -0.0371 -0.0934   1.136  2.901  0.000
   20 C  -0.0401 -0.0919   1.142  2.898  0.000
   21 C  -0.0022 -0.0025   1.169  2.834  0.000
   22 C  -0.0516 -0.1009   1.135  2.916  0.000
   23 C  -0.0401 -0.0932   1.142  2.898  0.000
   24 C  -0.0266 -0.0342   1.167  2.859  0.000
   25 C  -0.0265 -0.0341   1.167  2.859  0.000
   26 C  -0.0392 -0.0922   1.142  2.897  0.000
   27 C  -0.0525 -0.1009   1.135  2.917  0.000
   28 C   0.0532  0.1077   1.177  2.770  0.000
   29 N  -0.1270 -0.3735   1.226  3.901  0.000
   30 C   0.0536  0.1089   1.177  2.769  0.000
   31 C  -0.0469 -0.0959   1.137  2.910  0.000
   32 C  -0.0355 -0.0916   1.136  2.899  0.000
   33 C  -0.0485 -0.1048   1.133  2.915  0.000
   34 C  -0.0349 -0.0910   1.136  2.899  0.000
   35 C  -0.0461 -0.0944   1.136  2.910  0.000
   36 C   0.0486  0.1050   1.185  2.766  0.000
   37 C  -0.0461 -0.0941   1.137  2.909  0.000
   38 C  -0.0321 -0.0880   1.135  2.897  0.000
   39 C  -0.0489 -0.1026   1.139  2.910  0.000
   40 C  -0.0021 -0.0096   1.166  2.836  0.000
   41 C  -0.0401 -0.0938   1.140  2.900  0.000
   42 C  -0.0355 -0.0917   1.136  2.899  0.000
   43 C  -0.0365 -0.0927   1.136  2.901  0.000
   44 C  -0.0398 -0.0916   1.142  2.897  0.000
   45 C  -0.0022 -0.0024   1.169  2.834  0.000
   46 C  -0.0607 -0.1079   1.139  2.922  0.000
   47 C   0.0014 -0.0137   1.184  2.815  0.000
   48 C  -0.0835 -0.2286   1.080  3.003  0.000
   49 H   0.0387  0.0917   0.961  0.000  0.000
   50 H   0.0437  0.0980   0.956  0.000  0.000
   51 H   0.0430  0.0960   0.957  0.000  0.000
   52 H   0.0367  0.0998   0.963  0.000  0.000
   53 H   0.0374  0.0990   0.963  0.000  0.000
   54 H   0.0414  0.0979   0.959  0.000  0.000
   55 H   0.0381  0.0946   0.962  0.000  0.000
   56 H   0.0413  0.0978   0.959  0.000  0.000
   57 H   0.0382  0.0998   0.962  0.000  0.000
   58 H   0.0403  0.1020   0.960  0.000  0.000
   59 H   0.0450  0.1016   0.955  0.000  0.000
   60 H   0.0390  0.0964   0.961  0.000  0.000
   61 H   0.0380  0.0953   0.962  0.000  0.000
   62 H   0.0395  0.0959   0.961  0.000  0.000
   63 H   0.0394  0.0959   0.961  0.000  0.000
   64 H   0.0437  0.1081   0.956  0.000  0.000
   65 H   0.0409  0.1023   0.959  0.000  0.000
   66 H   0.0438  0.1017   0.956  0.000  0.000
   67 H   0.0438  0.1016   0.956  0.000  0.000
   68 H   0.0408  0.1027   0.959  0.000  0.000
   69 H   0.0380  0.0997   0.962  0.000  0.000
   70 H   0.0411  0.0976   0.959  0.000  0.000
   71 H   0.0381  0.0945   0.962  0.000  0.000
   72 H   0.0414  0.0979   0.959  0.000  0.000
   73 H   0.0375  0.0991   0.963  0.000  0.000
   74 H   0.0401  0.1018   0.960  0.000  0.000
   75 H   0.0450  0.1015   0.955  0.000  0.000
   76 H   0.0390  0.0964   0.961  0.000  0.000
   77 H   0.0379  0.0953   0.962  0.000  0.000
   78 H   0.0396  0.0960   0.960  0.000  0.000
   79 H   0.0396  0.0961   0.960  0.000  0.000
   80 H   0.0436  0.1079   0.956  0.000  0.000
   81 H   0.0367  0.0993   0.963  0.000  0.000
   82 H   0.0382  0.0913   0.962  0.000  0.000
   83 H   0.0440  0.0982   0.956  0.000  0.000
   84 H   0.0432  0.0964   0.957  0.000  0.000
 Hirshfeld charges for QMDFF written to <charges>
 
 Loewdin charges    n(s)   n(p)   n(d)
    1 C  -0.0859   1.006  3.080  0.000
    2 C   0.0112   1.140  2.849  0.000
    3 C  -0.0634   1.089  2.975  0.000
    4 C   0.0521   1.140  2.808  0.000
    5 N  -0.0892   1.185  3.904  0.000
    6 C   0.0516   1.140  2.809  0.000
    7 C  -0.0444   1.084  2.960  0.000
    8 C  -0.0259   1.081  2.945  0.000
    9 C  -0.0427   1.079  2.964  0.000
   10 C  -0.0261   1.081  2.945  0.000
   11 C  -0.0450   1.085  2.960  0.000
   12 C   0.0448   1.149  2.806  0.000
   13 C  -0.0441   1.085  2.959  0.000
   14 C  -0.0225   1.080  2.943  0.000
   15 C  -0.0455   1.086  2.959  0.000
   16 C   0.0034   1.122  2.875  0.000
   17 C  -0.0353   1.087  2.948  0.000
   18 C  -0.0280   1.081  2.947  0.000
   19 C  -0.0295   1.081  2.948  0.000
   20 C  -0.0355   1.089  2.946  0.000
   21 C  -0.0018   1.127  2.875  0.000
   22 C  -0.0498   1.083  2.967  0.000
   23 C  -0.0332   1.088  2.945  0.000
   24 C  -0.0252   1.125  2.900  0.000
   25 C  -0.0250   1.125  2.900  0.000
   26 C  -0.0322   1.088  2.944  0.000
   27 C  -0.0511   1.083  2.968  0.000
   28 C   0.0520   1.140  2.808  0.000
   29 N  -0.0898   1.185  3.904  0.000
   30 C   0.0516   1.140  2.808  0.000
   31 C  -0.0451   1.085  2.960  0.000
   32 C  -0.0264   1.081  2.945  0.000
   33 C  -0.0427   1.079  2.964  0.000
   34 C  -0.0259   1.081  2.945  0.000
   35 C  -0.0440   1.084  2.960  0.000
   36 C   0.0445   1.149  2.806  0.000
   37 C  -0.0442   1.085  2.959  0.000
   38 C  -0.0226   1.080  2.943  0.000
   39 C  -0.0453   1.086  2.959  0.000
   40 C   0.0034   1.122  2.875  0.000
   41 C  -0.0353   1.087  2.948  0.000
   42 C  -0.0277   1.081  2.946  0.000
   43 C  -0.0289   1.081  2.948  0.000
   44 C  -0.0352   1.089  2.946  0.000
   45 C  -0.0017   1.127  2.875  0.000
   46 C  -0.0623   1.089  2.974  0.000
   47 C   0.0102   1.140  2.850  0.000
   48 C  -0.0860   1.006  3.080  0.000
   49 H   0.0381   0.962  0.000  0.000
   50 H   0.0427   0.957  0.000  0.000
   51 H   0.0419   0.958  0.000  0.000
   52 H   0.0295   0.971  0.000  0.000
   53 H   0.0296   0.970  0.000  0.000
   54 H   0.0336   0.966  0.000  0.000
   55 H   0.0310   0.969  0.000  0.000
   56 H   0.0335   0.967  0.000  0.000
   57 H   0.0305   0.970  0.000  0.000
   58 H   0.0323   0.968  0.000  0.000
   59 H   0.0370   0.963  0.000  0.000
   60 H   0.0318   0.968  0.000  0.000
   61 H   0.0306   0.969  0.000  0.000
   62 H   0.0319   0.968  0.000  0.000
   63 H   0.0319   0.968  0.000  0.000
   64 H   0.0353   0.965  0.000  0.000
   65 H   0.0333   0.967  0.000  0.000
   66 H   0.0356   0.964  0.000  0.000
   67 H   0.0356   0.964  0.000  0.000
   68 H   0.0330   0.967  0.000  0.000
   69 H   0.0304   0.970  0.000  0.000
   70 H   0.0333   0.967  0.000  0.000
   71 H   0.0310   0.969  0.000  0.000
   72 H   0.0336   0.966  0.000  0.000
   73 H   0.0296   0.970  0.000  0.000
   74 H   0.0322   0.968  0.000  0.000
   75 H   0.0370   0.963  0.000  0.000
   76 H   0.0318   0.968  0.000  0.000
   77 H   0.0305   0.969  0.000  0.000
   78 H   0.0320   0.968  0.000  0.000
   79 H   0.0321   0.968  0.000  0.000
   80 H   0.0352   0.965  0.000  0.000
   81 H   0.0297   0.970  0.000  0.000
   82 H   0.0377   0.962  0.000  0.000
   83 H   0.0430   0.957  0.000  0.000
   84 H   0.0421   0.958  0.000  0.000
 
 Wiberg/Mayer (AO) data. WBOs > 0.1 written file <wbo>
 largest (>0.05) Wiberg bond orders for each atom
           total WBO             WBO to atom ...
     1  C   3.986    C    2 0.991    H   49 0.979    H   50 0.972    H   51 0.970
     2  C   3.948    C    3 1.418    C   24 1.344    C    1 0.991    C   22 0.102
     3  C   3.966    C    2 1.418    C    4 1.365    H   52 0.942    C   23 0.101
     4  C   3.933    C    3 1.365    C   22 1.365    N    5 1.000    C   24 0.102
     5  N   3.341    C    6 1.001    C    4 1.000    C   12 0.985
     6  C   3.934    C   11 1.370    C    7 1.369    N    5 1.001    C    9 0.106
     7  C   3.971    C    8 1.446    C    6 1.369    H   53 0.946    C   10 0.107
     8  C   3.974    C    7 1.446    C    9 1.423    H   54 0.945    C   11 0.106
     9  C   3.972    C   10 1.425    C    8 1.423    H   55 0.947    C    6 0.106
    10  C   3.974    C   11 1.443    C    9 1.425    H   56 0.945    C    7 0.107
    11  C   3.970    C   10 1.443    C    6 1.370    H   57 0.946    C    8 0.106
    12  C   3.929    C   13 1.492    C   21 1.206    N    5 0.985    C   15 0.112
    13  C   3.969    C   12 1.492    C   14 1.320    H   58 0.944    C   16 0.061
    14  C   3.972    C   15 1.545    C   13 1.320    H   59 0.943    C   21 0.060
    15  C   3.970    C   14 1.545    C   16 1.255    H   60 0.943    C   12 0.112
    16  C   3.959    C   15 1.255    C   17 1.254    C   21 1.225    C   19 0.065    C   13 0.061
    17  C   3.973    C   18 1.556    C   16 1.254    H   61 0.944    C   20 0.117
    18  C   3.974    C   17 1.556    C   19 1.308    H   62 0.946    C   21 0.066
    19  C   3.973    C   20 1.551    C   18 1.308    H   63 0.946    C   16 0.065
    20  C   3.972    C   19 1.551    C   21 1.265    H   64 0.940    C   17 0.117
    21  C   3.956    C   20 1.265    C   16 1.225    C   12 1.206    C   18 0.066    C   14 0.060
    22  C   3.967    C   23 1.443    C    4 1.365    H   65 0.943    C    2 0.102
    23  C   3.969    C   22 1.443    C   24 1.390    H   66 0.942    C    3 0.101
    24  C   3.951    C   23 1.390    C    2 1.344    C   25 0.961    C    4 0.102
    25  C   3.951    C   26 1.395    C   47 1.339    C   24 0.961    C   28 0.102
    26  C   3.969    C   27 1.439    C   25 1.395    H   67 0.942    C   46 0.101
    27  C   3.967    C   26 1.439    C   28 1.370    H   68 0.943    C   47 0.101
    28  C   3.933    C   27 1.370    C   46 1.360    N   29 1.000    C   25 0.102
    29  N   3.340    C   28 1.000    C   30 1.000    C   36 0.984
    30  C   3.934    C   35 1.370    C   31 1.369    N   29 1.000    C   33 0.106
    31  C   3.970    C   32 1.443    C   30 1.369    H   69 0.946    C   34 0.106
    32  C   3.974    C   31 1.443    C   33 1.425    H   70 0.945    C   35 0.107
    33  C   3.972    C   32 1.425    C   34 1.423    H   71 0.947    C   30 0.106
    34  C   3.974    C   35 1.446    C   33 1.423    H   72 0.945    C   31 0.106
    35  C   3.971    C   34 1.446    C   30 1.370    H   73 0.946    C   32 0.107
    36  C   3.929    C   37 1.492    C   45 1.206    N   29 0.984    C   39 0.112
    37  C   3.969    C   36 1.492    C   38 1.320    H   74 0.945    C   40 0.061
    38  C   3.972    C   39 1.545    C   37 1.320    H   75 0.943    C   45 0.060
    39  C   3.970    C   38 1.545    C   40 1.256    H   76 0.943    C   36 0.112
    40  C   3.959    C   39 1.256    C   41 1.255    C   45 1.224    C   43 0.065    C   37 0.061
    41  C   3.973    C   42 1.556    C   40 1.255    H   77 0.944    C   44 0.117
    42  C   3.974    C   41 1.556    C   43 1.308    H   78 0.946    C   45 0.066
    43  C   3.973    C   44 1.551    C   42 1.308    H   79 0.946    C   40 0.065
    44  C   3.972    C   43 1.551    C   45 1.265    H   80 0.941    C   41 0.117
    45  C   3.956    C   44 1.265    C   40 1.224    C   36 1.206    C   42 0.066    C   38 0.060
    46  C   3.966    C   47 1.423    C   28 1.360    H   81 0.942    C   26 0.101
    47  C   3.947    C   46 1.423    C   25 1.339    C   48 0.991    C   27 0.101
    48  C   3.986    C   47 0.991    H   82 0.979    H   83 0.972    H   84 0.970
    49  H   0.997    C    1 0.979
    50  H   0.997    C    1 0.972
    51  H   0.997    C    1 0.970
    52  H   0.996    C    3 0.942
    53  H   0.999    C    7 0.946
    54  H   0.997    C    8 0.945
    55  H   0.998    C    9 0.947
    56  H   0.997    C   10 0.945
    57  H   0.999    C   11 0.946
    58  H   0.996    C   13 0.944
    59  H   0.994    C   14 0.943
    60  H   0.997    C   15 0.943
    61  H   0.997    C   17 0.944
    62  H   0.995    C   18 0.946
    63  H   0.996    C   19 0.946
    64  H   0.997    C   20 0.940
    65  H   0.993    C   22 0.943
    66  H   0.996    C   23 0.942
    67  H   0.996    C   26 0.942
    68  H   0.993    C   27 0.943
    69  H   0.999    C   31 0.946
    70  H   0.997    C   32 0.945
    71  H   0.998    C   33 0.947
    72  H   0.997    C   34 0.945
    73  H   0.999    C   35 0.946
    74  H   0.996    C   37 0.945
    75  H   0.994    C   38 0.943
    76  H   0.997    C   39 0.943
    77  H   0.997    C   41 0.944
    78  H   0.995    C   42 0.946
    79  H   0.996    C   43 0.946
    80  H   0.997    C   44 0.941
    81  H   0.996    C   46 0.942
    82  H   0.997    C   48 0.979
    83  H   0.997    C   48 0.972
    84  H   0.997    C   48 0.970
 
 --------------------------------------------
          xTB calculation for sTDA...
 --------------------------------------------
 
 reading parameter file /home/tchapet/xtb4stda/.param_stda2.xtb
 
      method parameters     
 k(s)        :  1.6000
 k(p)        :  2.1800
 k(d)        :  1.9500
 k(f)        :  2.0000
 k(R-V)      :  2.2750
 k(R-R)      :  1.7650
 Tscal       :  0.2580
 Gscal       :  1.0000
 fpol        :  1.0000
 Zcnf        :  0.3430
 Zqf         :  0.0000
 kcn         :  2.7000
 Ryd Hsplit  :  0.7000
 lshift(virt):  3.1000
 lshift(OS)  :  0.2000
 wllscaling  :  2.6000
 
 mowrcut     : 3.000
 
  Z AO/shell   Hii/eV     exponent
  1     Sun Feb 14 09:53:25 CET 2016    EN: 2.327 GAM: 0.473  GM3: 0.0000
     1s    -14.339618    1.220000
     2sp    -3.348946    0.600000
  6     Sun Feb 14 09:53:25 CET 2016    EN: 2.731 GAM: 0.422  GM3: 0.0000
     2s    -22.009312    1.565095
     2p    -13.020408    1.596905
     3sp    -3.914040    0.824500
  7     Sun Feb 14 09:53:25 CET 2016    EN: 3.573 GAM: 0.504  GM3: 0.0000
     2s    -25.722000    2.064844
     2p    -18.684912    1.801692
     3sp    -4.344791    0.921400
 
 Nbf   :          564
 T(el) :     0.0
 calculating S/T integrals ...
 cpu time for ints    3.00157900000000     
 Nao   :          564
 making H0...
 making H1...
 cpu time for H      5.078999999999834E-003
 solving ...
 cpu time for diag   0.119677000000000     
 
 gap (eV)           :   6.554
 Koopmans IP (eV)   :  13.601
 Eel (Eh)           :  -196.940903

          eigenvalues
 #    :         103        104        105        106        107        108        109        110
 occ. :        2.000      2.000      2.000      2.000      2.000      2.000      2.000      2.000
 eps  :       -16.895    -16.176    -16.163    -16.085    -16.044    -15.993    -15.966    -15.876
 #    :         111        112        113        114        115        116        117        118
 occ. :        2.000      2.000      2.000      2.000      2.000      0.000      0.000      0.000
 eps  :       -15.835    -15.179    -15.162    -13.617    -13.602     -7.048     -7.032     -5.992
 #    :         119        120        121        122        123        124        125        126
 occ. :        0.000      0.000      0.000      0.000      0.000      0.000      0.000      0.000
 eps  :        -5.974     -5.937     -5.893     -5.761     -5.752     -5.631     -5.625     -5.240
                            1  SCC done.
 writing mo output ...
 molden style : F
 
speedup  7.83
cpu  time for all    4.13 s
wall time for all    0.53 s
