 
        ______________________________________
       |                                      |
       |          ===================         |
       |             xTB for sTDA             |
       |          ===================         |
       |               S. Grimme              |
       |        Universitaet Bonn, MCTC       |
       |         2015-19, Version 1.0         |
       |     Wed Apr  3 09:14:55 CEST 2019    |
       |______________________________________|
 
        This code comes without any warranty
        for non-commercial, academia use only.
        Preliminary test version.
        Cite this work as:
        S. Grimme  &  C. Bannwarth, JCP 145 (2016) 054103
        if GBSA is used additionally:
        P. Shushkov, F. März, C. Bannwarth, S. Grimme, unpublished.
 
        with help from
        P. Shushkov, G. Brandenburg, S. Dohm, J. Pisarek,
        F. März, M. Checinski, S. Ehrlich, S. Spicher, 
        P. Pracht, E. Caldeweyher, S. Ehlert, and C. Bannwarth.
 
        usage        :
        xtb4stda <coord_file> [options]
        where <coord_file> is a valid file of TM)
        (*coord, Bohr) or xmol (*xyz, Angstroem)
        format.

        options:
        -chrg <int>   : molecular charge
        -uhf  <int>   : # of unpaired electrons(=2*S)
        -nox          : skip second, extended part in sTDA-xTB
        -pop          : do population analysis
                      : (default for -nox)
        -mowr <real>  : cut MO write above (def.3 Eh)
        -molden       : write formatted molden file
        -parx <file>  : read parameters for sTDA-xTB
                        calc (def:~/.param_stda2.xtb)
        -parv <file>  : read parameters for vTB part in
                        sTDA-xTB (def: ~/.param_stda1.xtb)
        -xtemp <real> : el. temp for xTB (def. 0 K)
        -etemp <real> : el. temp for GFN (def. 300 K)
        -fod          : calculate the FOD and write
                        molden.input file with
                        appropriate occupations
                        for plotting. Def. T=12500 K
 
        -acc <real>   : xTB accuracy (def. 1.0)
        -gbsa [string1] [string2]
                        use GBSA implicit solvent
                        for solvent [string1] and
                        solvation state [string2]=
                        reference, bar1M (default=1M)
        additional GFN/opt/MD/siman options read from
        $XTB4STDAHOME/.xtb4stdarc or $set in input
 
       spin and charge state information can be on:
       <.CHRG> (charge) and <.UHF> (=nalpha-nbeta)
       -uhf and -chrg override the file info.
       useful machine settings:
       setenv MKL_NUM_THREADS <NCORE_ON_YOUR_MACHINE>
       setenv OMP_STACKSIZE 500m
       limit stacksize unlimited
 
       total energies in Eh, gaps/HL energies in eV
       please read REVISION and HOWTO files carefully
 =============================
  # OMP threads =          16
 =============================
 
 xtb4stdahome directory:/home/tchapet/xtb4stda/
 
 argument            1 :gbsa
 argument            2 :toluene
 
 name of molecule           :
 comment line               :
 number of atoms            :   101
 number of electrons        :   296
 charge                     :  0
 spin                       : 0.0
 first test random number   :  0.6987
 
 -----------------------------------------
      charge density (VTB) calculation
 -----------------------------------------
 
      method parameters     
 k(s)        :  1.8000
 k(p)        :  2.8350
 k(d)        :  2.0860
 k(f)        :  2.0000
 Tscal       :  0.3300
 Gscal       :  0.3910
 fpol        :  1.0000
 Zcnf        :  0.6500
 Zqf         :  0.0000
 kcn         :  0.3000
 kEN1        : -0.5900
 wllscal     :  2.6000
 
     -------------------------
     ! NO SOLVENT MODEL USED !
     -------------------------
 
 doing EN charges ...
 sum q : -0.1110223D-15
 point charge moment (au)
     X       Y       Z   
  -0.4577   0.3060   0.0252  total (Debye):    1.401
 
            Z      q(EN)   CN      Cart. coordinates
     1  C   4.0  -0.064   3.192    -0.73407    -1.46967    -0.28847
     2  C   4.0   0.086   3.228     1.27540     0.02846    -0.72820
     3  C   4.0   0.001   3.220     1.30560     2.76723    -0.40619
     4  C   4.0  -0.073   3.189     3.56216     4.02254     0.13140
     5  C   4.0  -0.071   3.143     3.56829     6.60600     0.51357
     6  C   4.0  -0.070   3.184     1.34860     7.98118     0.36478
     7  C   4.0   0.092   3.239    -0.90595     6.75923    -0.23495
     8  N   5.0  -0.322   3.314    -3.16571     8.12393    -0.44361
     9  C   4.0   0.088   3.467    -5.45623     7.44783     0.61663
    10  C   4.0  -0.063   3.156    -6.04459     5.44022     2.19958
    11  C   4.0  -0.073   3.152    -8.51370     5.20753     3.01772
    12  C   4.0  -0.073   3.145   -10.36318     6.94437     2.31428
    13  C   4.0  -0.067   3.152    -9.77754     8.98386     0.79597
    14  C   4.0  -0.000   3.373    -7.31000     9.24868    -0.06048
    15  C   4.0  -0.000   3.373    -6.06307    11.09334    -1.61344
    16  C   4.0  -0.067   3.152    -6.88339    13.25992    -2.84796
    17  C   4.0  -0.073   3.145    -5.16577    14.61782    -4.26707
    18  C   4.0  -0.073   3.151    -2.66658    13.81913    -4.48996
    19  C   4.0  -0.063   3.154    -1.80672    11.67050    -3.27931
    20  C   4.0   0.088   3.465    -3.51004    10.32731    -1.80478
    21  C   4.0  -0.070   3.234    -0.91449     4.16496    -0.63328
    22  N   5.0  -0.259   3.182     3.59725    -1.08432    -1.51513
    23  N   5.0  -0.155   3.260     3.79183    -3.64602    -0.71357
    24  C   4.0   0.107   3.258     6.13248    -4.49969     0.04729
    25  C   4.0  -0.068   3.189     6.41949    -6.96837     0.94582
    26  C   4.0  -0.071   3.146     8.77495    -7.81559     1.67164
    27  C   4.0  -0.069   3.182    10.86528    -6.24160     1.56707
    28  C   4.0   0.091   3.243    10.58410    -3.78261     0.67722
    29  N   5.0  -0.323   3.316    12.67080    -2.14620     0.57323
    30  C   4.0   0.089   3.468    14.97787    -2.66866    -0.52527
    31  C   4.0  -0.063   3.154    15.76228    -4.80441    -1.83079
    32  C   4.0  -0.073   3.151    18.18966    -4.82373    -2.79317
    33  C   4.0  -0.073   3.145    19.80754    -2.76788    -2.48670
    34  C   4.0  -0.067   3.152    19.02417    -0.62120    -1.22744
    35  C   4.0  -0.000   3.373    16.59156    -0.55636    -0.24225
    36  C   4.0  -0.000   3.373    15.17192     1.32218     1.10770
    37  C   4.0  -0.067   3.152    15.72916     3.74115     1.96291
    38  C   4.0  -0.073   3.145    13.89844     5.05672     3.27665
    39  C   4.0  -0.073   3.151    11.54581     3.97867     3.76633
    40  C   4.0  -0.063   3.155    10.94526     1.57862     2.93077
    41  C   4.0   0.089   3.470    12.76179     0.26273     1.57036
    42  C   4.0  -0.064   3.236     8.23538    -2.92033    -0.11088
    43  N   5.0  -0.109   2.235     1.80440    -5.16199    -0.59365
    44  C   4.0   0.120   3.255    -0.44758    -4.19105    -0.50916
    45  C   4.0   0.001   3.225    -2.59009    -5.92731    -0.43658
    46  C   4.0  -0.073   3.194    -2.17277    -8.53169    -0.60817
    47  C   4.0  -0.071   3.142    -4.16818   -10.20772    -0.51083
    48  C   4.0  -0.070   3.182    -6.62304    -9.34315    -0.22701
    49  C   4.0   0.090   3.241    -7.06956    -6.75668    -0.08151
    50  N   5.0  -0.323   3.316    -9.53804    -5.82820     0.21780
    51  C   4.0   0.089   3.468   -11.60201    -6.43827    -1.25605
    52  C   4.0  -0.063   3.154   -11.75051    -8.00032    -3.35787
    53  C   4.0  -0.073   3.151   -14.07163    -8.25390    -4.52720
    54  C   4.0  -0.073   3.145   -16.20170    -6.97855    -3.64766
    55  C   4.0  -0.067   3.152   -16.05668    -5.38966    -1.58303
    56  C   4.0  -0.000   3.373   -13.74337    -5.10248    -0.37552
    57  C   4.0  -0.000   3.372   -12.91309    -3.62678     1.74612
    58  C   4.0  -0.067   3.152   -14.13023    -1.98588     3.39489
    59  C   4.0  -0.073   3.145   -12.75053    -0.89630     5.32281
    60  C   4.0  -0.073   3.152   -10.19260    -1.44257     5.63208
    61  C   4.0  -0.063   3.155    -8.93740    -3.05907     4.01009
    62  C   4.0   0.088   3.470   -10.30492    -4.12947     2.04395
    63  C   4.0  -0.070   3.231    -5.06762    -5.06344    -0.21184
    64  H   1.0   0.078   1.007    -2.46408    -0.69605     0.44029
    65  H   1.0   0.077   1.006     5.28723     2.94953     0.28385
    66  H   1.0   0.074   1.005     5.31687     7.56071     0.95272
    67  H   1.0   0.076   1.005     1.34613     9.98821     0.72513
    68  H   1.0   0.075   1.005    -4.61827     4.11104     2.80089
    69  H   1.0   0.075   1.005    -9.02224     3.64473     4.22711
    70  H   1.0   0.074   1.004   -12.27368     6.69122     2.98632
    71  H   1.0   0.074   1.004   -11.20134    10.35169     0.28058
    72  H   1.0   0.074   1.004    -8.82890    13.85780    -2.70102
    73  H   1.0   0.074   1.004    -5.76303    16.31213    -5.23612
    74  H   1.0   0.074   1.004    -1.37250    14.89944    -5.64166
    75  H   1.0   0.075   1.005     0.12473    11.05277    -3.49951
    76  H   1.0   0.077   1.007    -2.65250     3.24847    -1.17803
    77  H   1.0   0.161   1.012     3.83224    -0.95748    -3.43066
    78  H   1.0   0.077   1.006     4.78456    -8.17572     1.05760
    79  H   1.0   0.074   1.005     8.98700    -9.72263     2.36517
    80  H   1.0   0.076   1.005    12.69215    -6.89175     2.19584
    81  H   1.0   0.075   1.005    14.51305    -6.39411    -2.10247
    82  H   1.0   0.074   1.004    18.84705    -6.46746    -3.81032
    83  H   1.0   0.074   1.004    21.69359    -2.85820    -3.26260
    84  H   1.0   0.074   1.004    20.26891     0.98188    -1.01385
    85  H   1.0   0.074   1.004    17.56317     4.56430     1.61190
    86  H   1.0   0.074   1.004    14.29398     6.94060     3.95638
    87  H   1.0   0.074   1.004    10.16512     5.03745     4.83438
    88  H   1.0   0.075   1.005     9.12996     0.74658     3.34915
    89  H   1.0   0.079   1.007     8.04133    -1.02663    -0.83442
    90  H   1.0   0.077   1.006    -0.25985    -9.19999    -0.81416
    91  H   1.0   0.074   1.004    -3.81590   -12.21402    -0.63481
    92  H   1.0   0.076   1.005    -8.18276   -10.65111    -0.09754
    93  H   1.0   0.075   1.005   -10.10542    -8.97497    -4.06946
    94  H   1.0   0.074   1.004   -14.23788    -9.46364    -6.16351
    95  H   1.0   0.074   1.004   -17.98418    -7.23154    -4.60991
    96  H   1.0   0.074   1.004   -17.70190    -4.38172    -0.91830
    97  H   1.0   0.074   1.004   -16.11926    -1.58672     3.17495
    98  H   1.0   0.074   1.004   -13.66197     0.38461     6.62546
    99  H   1.0   0.074   1.004    -9.16910    -0.59325     7.18237
   100  H   1.0   0.075   1.005    -6.96301    -3.49490     4.28697
   101  H   1.0   0.078   1.007    -5.49227    -3.07099    -0.14907
 
  Z AO/shell   Hii/eV     exponent
  1     Sat Feb 20 21:38:01 CET 2016    EN: 2.327 GAM: 0.473  GM3: 0.0000
     1s    -13.751157    1.051071
  6     Sat Feb 20 21:38:01 CET 2016    EN: 2.731 GAM: 0.422  GM3: 0.0000
     2s    -19.378245    2.021003
     2p    -11.993376    1.497917
  7     Sat Feb 20 21:38:01 CET 2016    EN: 3.573 GAM: 0.504  GM3: 0.0000
     2s    -21.576984    2.275442
     2p    -16.125120    2.056788
 
 dipole moment of classical point charges (au)
     X       Y       Z   
  -0.4577   0.3060   0.0252  total (Debye):    1.401

 
 Nbf   :          290
 T(el) :   300.0
 calculating S/T integrals ...
 cpu time for ints   0.694926000000000     
 Nao   :          290
 making H0...
 making H1...
 cpu time for H      8.104000000000000E-002
 solving ...
 cpu time for diag   0.201979000000000     
 
 gap (eV)           :   3.431
 Koopmans IP (eV)   :  12.719
 Eel (Eh)           :  -232.960398
 T,E(Fermi),NFOD :    300.000   -11.003  0.000000
 T,E(Fermi),NFOD :    300.000   -11.003  0.000000
 Nfod               :  0.0000
 Nfod/Nel           :  0.0000

          eigenvalues
 #    :         136        137        138        139        140        141        142        143
 occ. :        2.000      2.000      2.000      2.000      2.000      2.000      2.000      2.000
 eps  :       -15.535    -15.515    -15.479    -15.470    -15.387    -14.720    -14.119    -14.109
 #    :         144        145        146        147        148        149        150        151
 occ. :        2.000      2.000      2.000      2.000      2.000      0.000      0.000      0.000
 eps  :       -14.092    -13.464    -13.442    -13.417    -12.720     -9.289     -7.459     -6.913
 #    :         152        153        154        155        156        157        158        159
 occ. :        0.000      0.000      0.000      0.000      0.000      0.000      0.000      0.000
 eps  :        -6.897     -6.880     -6.423     -6.294     -6.170     -5.678     -5.636     -5.616
                            1  SCC done.
 making H1...
 cpu time for H      0.233051000000000     
 solving ...
 cpu time for diag   9.399400000000013E-002
 
 gap (eV)           :   3.346
 Koopmans IP (eV)   :  12.267
 Eel (Eh)           :  -231.918897
 T,E(Fermi),NFOD :    300.000   -10.594  0.000000
 T,E(Fermi),NFOD :    300.000   -10.594  0.000000
 Nfod               :  0.0000
 Nfod/Nel           :  0.0000

          eigenvalues
 #    :         136        137        138        139        140        141        142        143
 occ. :        2.000      2.000      2.000      2.000      2.000      2.000      2.000      2.000
 eps  :       -15.458    -15.393    -15.344    -15.209    -14.991    -14.568    -14.027    -14.021
 #    :         144        145        146        147        148        149        150        151
 occ. :        2.000      2.000      2.000      2.000      2.000      0.000      0.000      0.000
 eps  :       -13.947    -13.391    -13.367    -13.269    -12.269     -8.922     -7.127     -6.809
 #    :         152        153        154        155        156        157        158        159
 occ. :        0.000      0.000      0.000      0.000      0.000      0.000      0.000      0.000
 eps  :        -6.796     -6.719     -6.464     -6.278     -6.179     -5.711     -5.681     -5.493
                            2  SCC done.
 
 
 Mulliken/CM5 charges    n(s)   n(p)   n(d)   
    1 C  -0.0508 -0.0887   1.139  2.912  0.000
    2 C   0.0304  0.0889   1.200  2.770  0.000
    3 C   0.0148  0.0114   1.160  2.825  0.000
    4 C  -0.0392 -0.0908   1.139  2.900  0.000
    5 C  -0.0225 -0.0785   1.135  2.888  0.000
    6 C  -0.0373 -0.0862   1.139  2.898  0.000
    7 C   0.0674  0.1232   1.169  2.763  0.000
    8 N  -0.0951 -0.3396   1.235  3.861  0.000
    9 C   0.0343  0.0971   1.183  2.782  0.000
   10 C  -0.0462 -0.0957   1.135  2.911  0.000
   11 C  -0.0402 -0.0964   1.136  2.905  0.000
   12 C  -0.0475 -0.1036   1.132  2.916  0.000
   13 C  -0.0358 -0.0886   1.138  2.898  0.000
   14 C  -0.0280 -0.0251   1.166  2.862  0.000
   15 C  -0.0278 -0.0249   1.166  2.862  0.000
   16 C  -0.0358 -0.0886   1.138  2.898  0.000
   17 C  -0.0477 -0.1038   1.132  2.916  0.000
   18 C  -0.0393 -0.0953   1.135  2.904  0.000
   19 C  -0.0450 -0.0944   1.135  2.910  0.000
   20 C   0.0350  0.0979   1.183  2.782  0.000
   21 C  -0.0445 -0.0903   1.142  2.902  0.000
   22 N  -0.1298 -0.4028   1.385  3.745  0.000
   23 N  -0.0488 -0.1678   1.275  3.773  0.000
   24 C   0.0748  0.1468   1.166  2.759  0.000
   25 C  -0.0440 -0.0895   1.129  2.915  0.000
   26 C  -0.0313 -0.0869   1.135  2.897  0.000
   27 C  -0.0549 -0.1037   1.133  2.922  0.000
   28 C   0.0583  0.1140   1.170  2.771  0.000
   29 N  -0.0923 -0.3373   1.234  3.859  0.000
   30 C   0.0363  0.0996   1.183  2.781  0.000
   31 C  -0.0436 -0.0929   1.135  2.909  0.000
   32 C  -0.0402 -0.0962   1.135  2.905  0.000
   33 C  -0.0498 -0.1059   1.132  2.918  0.000
   34 C  -0.0376 -0.0903   1.138  2.900  0.000
   35 C  -0.0297 -0.0268   1.166  2.864  0.000
   36 C  -0.0295 -0.0266   1.166  2.864  0.000
   37 C  -0.0377 -0.0904   1.138  2.900  0.000
   38 C  -0.0506 -0.1067   1.132  2.919  0.000
   39 C  -0.0420 -0.0980   1.135  2.907  0.000
   40 C  -0.0443 -0.0938   1.136  2.909  0.000
   41 C   0.0360  0.0992   1.183  2.781  0.000
   42 C  -0.0559 -0.0936   1.131  2.925  0.000
   43 N  -0.1118 -0.2346   1.529  3.583  0.000
   44 C   0.0189  0.1064   1.195  2.786  0.000
   45 C   0.0276  0.0261   1.155  2.817  0.000
   46 C  -0.0336 -0.0845   1.140  2.893  0.000
   47 C  -0.0206 -0.0764   1.134  2.886  0.000
   48 C  -0.0397 -0.0884   1.141  2.899  0.000
   49 C   0.0677  0.1229   1.169  2.764  0.000
   50 N  -0.0968 -0.3419   1.234  3.863  0.000
   51 C   0.0349  0.0982   1.183  2.782  0.000
   52 C  -0.0448 -0.0940   1.135  2.910  0.000
   53 C  -0.0391 -0.0950   1.135  2.904  0.000
   54 C  -0.0482 -0.1043   1.132  2.916  0.000
   55 C  -0.0359 -0.0887   1.138  2.898  0.000
   56 C  -0.0284 -0.0255   1.166  2.863  0.000
   57 C  -0.0281 -0.0253   1.166  2.862  0.000
   58 C  -0.0359 -0.0887   1.138  2.898  0.000
   59 C  -0.0485 -0.1048   1.132  2.917  0.000
   60 C  -0.0400 -0.0965   1.135  2.905  0.000
   61 C  -0.0457 -0.0951   1.135  2.910  0.000
   62 C   0.0343  0.0974   1.183  2.782  0.000
   63 C  -0.0493 -0.0951   1.144  2.906  0.000
   64 H   0.0515  0.1129   0.949  0.000  0.000
   65 H   0.0472  0.1102   0.953  0.000  0.000
   66 H   0.0481  0.1048   0.952  0.000  0.000
   67 H   0.0444  0.1053   0.956  0.000  0.000
   68 H   0.0397  0.0998   0.960  0.000  0.000
   69 H   0.0447  0.1024   0.955  0.000  0.000
   70 H   0.0404  0.0970   0.960  0.000  0.000
   71 H   0.0423  0.0995   0.958  0.000  0.000
   72 H   0.0424  0.0996   0.958  0.000  0.000
   73 H   0.0404  0.0969   0.960  0.000  0.000
   74 H   0.0434  0.1000   0.957  0.000  0.000
   75 H   0.0405  0.1004   0.960  0.000  0.000
   76 H   0.0434  0.1068   0.957  0.000  0.000
   77 H   0.1284  0.3298   0.872  0.000  0.000
   78 H   0.0436  0.1098   0.956  0.000  0.000
   79 H   0.0494  0.1061   0.951  0.000  0.000
   80 H   0.0402  0.1011   0.960  0.000  0.000
   81 H   0.0411  0.1009   0.959  0.000  0.000
   82 H   0.0430  0.0995   0.957  0.000  0.000
   83 H   0.0397  0.0962   0.960  0.000  0.000
   84 H   0.0416  0.0987   0.958  0.000  0.000
   85 H   0.0418  0.0989   0.958  0.000  0.000
   86 H   0.0395  0.0959   0.961  0.000  0.000
   87 H   0.0425  0.0991   0.958  0.000  0.000
   88 H   0.0422  0.1024   0.958  0.000  0.000
   89 H   0.0387  0.1098   0.961  0.000  0.000
   90 H   0.0499  0.1139   0.950  0.000  0.000
   91 H   0.0482  0.1049   0.952  0.000  0.000
   92 H   0.0449  0.1056   0.955  0.000  0.000
   93 H   0.0402  0.1000   0.960  0.000  0.000
   94 H   0.0435  0.1000   0.957  0.000  0.000
   95 H   0.0404  0.0969   0.960  0.000  0.000
   96 H   0.0423  0.0994   0.958  0.000  0.000
   97 H   0.0424  0.0996   0.958  0.000  0.000
   98 H   0.0403  0.0968   0.960  0.000  0.000
   99 H   0.0436  0.1001   0.956  0.000  0.000
  100 H   0.0403  0.1002   0.960  0.000  0.000
  101 H   0.0447  0.1083   0.955  0.000  0.000
 Hirshfeld charges for QMDFF written to <charges>
 
 Loewdin charges    n(s)   n(p)   n(d)
    1 C  -0.0580   1.090  2.968  0.000
    2 C   0.0326   1.162  2.805  0.000
    3 C   0.0198   1.116  2.864  0.000
    4 C  -0.0352   1.086  2.949  0.000
    5 C  -0.0134   1.079  2.934  0.000
    6 C  -0.0344   1.086  2.948  0.000
    7 C   0.0642   1.132  2.804  0.000
    8 N  -0.0532   1.192  3.861  0.000
    9 C   0.0284   1.149  2.823  0.000
   10 C  -0.0442   1.083  2.961  0.000
   11 C  -0.0323   1.081  2.951  0.000
   12 C  -0.0414   1.078  2.964  0.000
   13 C  -0.0301   1.084  2.946  0.000
   14 C  -0.0279   1.124  2.904  0.000
   15 C  -0.0277   1.124  2.903  0.000
   16 C  -0.0301   1.084  2.946  0.000
   17 C  -0.0417   1.078  2.964  0.000
   18 C  -0.0309   1.080  2.951  0.000
   19 C  -0.0430   1.083  2.960  0.000
   20 C   0.0290   1.148  2.823  0.000
   21 C  -0.0444   1.091  2.953  0.000
   22 N  -0.1052   1.346  3.759  0.000
   23 N  -0.0260   1.248  3.778  0.000
   24 C   0.0710   1.129  2.800  0.000
   25 C  -0.0438   1.077  2.966  0.000
   26 C  -0.0203   1.079  2.942  0.000
   27 C  -0.0548   1.081  2.974  0.000
   28 C   0.0572   1.132  2.810  0.000
   29 N  -0.0504   1.191  3.859  0.000
   30 C   0.0301   1.148  2.822  0.000
   31 C  -0.0416   1.083  2.959  0.000
   32 C  -0.0318   1.080  2.952  0.000
   33 C  -0.0438   1.078  2.966  0.000
   34 C  -0.0318   1.084  2.948  0.000
   35 C  -0.0296   1.124  2.905  0.000
   36 C  -0.0293   1.124  2.905  0.000
   37 C  -0.0319   1.084  2.948  0.000
   38 C  -0.0446   1.078  2.967  0.000
   39 C  -0.0335   1.080  2.953  0.000
   40 C  -0.0423   1.083  2.959  0.000
   41 C   0.0299   1.148  2.822  0.000
   42 C  -0.0598   1.082  2.978  0.000
   43 N  -0.1068   1.505  3.602  0.000
   44 C   0.0171   1.159  2.824  0.000
   45 C   0.0313   1.112  2.857  0.000
   46 C  -0.0289   1.087  2.942  0.000
   47 C  -0.0116   1.079  2.933  0.000
   48 C  -0.0359   1.088  2.948  0.000
   49 C   0.0646   1.132  2.804  0.000
   50 N  -0.0549   1.192  3.863  0.000
   51 C   0.0288   1.148  2.823  0.000
   52 C  -0.0427   1.083  2.960  0.000
   53 C  -0.0307   1.080  2.950  0.000
   54 C  -0.0421   1.078  2.964  0.000
   55 C  -0.0302   1.084  2.946  0.000
   56 C  -0.0283   1.124  2.904  0.000
   57 C  -0.0281   1.124  2.904  0.000
   58 C  -0.0302   1.084  2.946  0.000
   59 C  -0.0424   1.078  2.964  0.000
   60 C  -0.0317   1.081  2.951  0.000
   61 C  -0.0436   1.083  2.961  0.000
   62 C   0.0283   1.149  2.823  0.000
   63 C  -0.0488   1.092  2.956  0.000
   64 H   0.0456   0.954  0.000  0.000
   65 H   0.0385   0.961  0.000  0.000
   66 H   0.0395   0.960  0.000  0.000
   67 H   0.0361   0.964  0.000  0.000
   68 H   0.0323   0.968  0.000  0.000
   69 H   0.0371   0.963  0.000  0.000
   70 H   0.0332   0.967  0.000  0.000
   71 H   0.0342   0.966  0.000  0.000
   72 H   0.0343   0.966  0.000  0.000
   73 H   0.0332   0.967  0.000  0.000
   74 H   0.0357   0.964  0.000  0.000
   75 H   0.0329   0.967  0.000  0.000
   76 H   0.0354   0.965  0.000  0.000
   77 H   0.1092   0.891  0.000  0.000
   78 H   0.0353   0.965  0.000  0.000
   79 H   0.0411   0.959  0.000  0.000
   80 H   0.0329   0.967  0.000  0.000
   81 H   0.0332   0.967  0.000  0.000
   82 H   0.0353   0.965  0.000  0.000
   83 H   0.0326   0.967  0.000  0.000
   84 H   0.0337   0.966  0.000  0.000
   85 H   0.0338   0.966  0.000  0.000
   86 H   0.0324   0.968  0.000  0.000
   87 H   0.0349   0.965  0.000  0.000
   88 H   0.0344   0.966  0.000  0.000
   89 H   0.0312   0.969  0.000  0.000
   90 H   0.0403   0.960  0.000  0.000
   91 H   0.0397   0.960  0.000  0.000
   92 H   0.0363   0.964  0.000  0.000
   93 H   0.0325   0.968  0.000  0.000
   94 H   0.0357   0.964  0.000  0.000
   95 H   0.0331   0.967  0.000  0.000
   96 H   0.0342   0.966  0.000  0.000
   97 H   0.0343   0.966  0.000  0.000
   98 H   0.0331   0.967  0.000  0.000
   99 H   0.0361   0.964  0.000  0.000
  100 H   0.0326   0.967  0.000  0.000
  101 H   0.0370   0.963  0.000  0.000
 
 Wiberg/Mayer (AO) data. WBOs > 0.1 written file <wbo>
 largest (>0.05) Wiberg bond orders for each atom
           total WBO             WBO to atom ...
     1  C   3.966    C    2 1.700    C   44 1.082    H   64 0.934
     2  C   3.926    C    1 1.700    C    3 1.035    N   22 0.991    N   43 0.088
     3  C   3.955    C   21 1.357    C    4 1.352    C    2 1.035    C    6 0.097
     4  C   3.969    C    5 1.444    C    3 1.352    H   65 0.944    C    7 0.100
     5  C   3.971    C    4 1.444    C    6 1.427    H   66 0.943    C   21 0.101
     6  C   3.958    C    5 1.427    C    7 1.372    H   67 0.945    C    3 0.097
     7  C   3.932    C   21 1.401    C    6 1.372    N    8 0.978    C    4 0.100
     8  N   3.449    C    9 1.054    C   20 1.054    C    7 0.978
     9  C   3.928    C   10 1.369    C   14 1.266    N    8 1.054    C   12 0.091
    10  C   3.968    C   11 1.452    C    9 1.369    H   68 0.943    C   13 0.103
    11  C   3.953    C   10 1.452    C   12 1.394    H   69 0.943    C   14 0.090
    12  C   3.969    C   13 1.461    C   11 1.394    H   70 0.945    C    9 0.091
    13  C   3.961    C   12 1.461    C   14 1.353    H   71 0.945    C   10 0.103
    14  C   3.955    C   13 1.353    C    9 1.266    C   15 1.088    C   11 0.090
    15  C   3.955    C   16 1.353    C   20 1.265    C   14 1.088    C   18 0.090
    16  C   3.961    C   17 1.460    C   15 1.353    H   72 0.945    C   19 0.103
    17  C   3.969    C   16 1.460    C   18 1.394    H   73 0.945    C   20 0.091
    18  C   3.953    C   19 1.451    C   17 1.394    H   74 0.945    C   15 0.090
    19  C   3.968    C   18 1.451    C   20 1.370    H   75 0.943    C   16 0.103
    20  C   3.927    C   19 1.370    C   15 1.265    N    8 1.054    C   17 0.091
    21  C   3.966    C    7 1.401    C    3 1.357    H   76 0.944    C    5 0.101
    22  N   3.083    C    2 0.991    H   77 0.959    N   23 0.927    N   43 0.058
    23  N   3.343    N   43 1.075    C   24 1.050    N   22 0.927    C   44 0.064
    24  C   3.932    C   42 1.362    C   25 1.343    N   23 1.050    C   27 0.096
    25  C   3.966    C   26 1.454    C   24 1.343    H   78 0.944    C   28 0.100
    26  C   3.973    C   25 1.454    C   27 1.419    H   79 0.941    C   42 0.100
    27  C   3.958    C   26 1.419    C   28 1.380    H   80 0.946    C   24 0.096
    28  C   3.931    C   42 1.401    C   27 1.380    N   29 0.971    C   25 0.100
    29  N   3.452    C   30 1.059    C   41 1.059    C   28 0.971
    30  C   3.928    C   31 1.368    C   35 1.264    N   29 1.059    C   33 0.091
    31  C   3.968    C   32 1.453    C   30 1.368    H   81 0.944    C   34 0.103
    32  C   3.953    C   31 1.453    C   33 1.393    H   82 0.945    C   35 0.090
    33  C   3.969    C   34 1.461    C   32 1.393    H   83 0.945    C   30 0.091
    34  C   3.961    C   33 1.461    C   35 1.353    H   84 0.945    C   31 0.103
    35  C   3.955    C   34 1.353    C   30 1.264    C   36 1.089    C   32 0.090
    36  C   3.955    C   37 1.353    C   41 1.264    C   35 1.089    C   39 0.090
    37  C   3.961    C   38 1.461    C   36 1.353    H   85 0.945    C   40 0.103
    38  C   3.969    C   37 1.461    C   39 1.393    H   86 0.945    C   41 0.091
    39  C   3.953    C   40 1.453    C   38 1.393    H   87 0.945    C   36 0.090
    40  C   3.968    C   39 1.453    C   41 1.368    H   88 0.943    C   37 0.103
    41  C   3.928    C   40 1.368    C   36 1.264    N   29 1.059    C   38 0.091
    42  C   3.963    C   28 1.401    C   24 1.362    H   89 0.945    C   26 0.100
    43  N   3.083    C   44 1.626    N   23 1.075    C    2 0.088    N   22 0.058
    44  C   3.933    N   43 1.626    C    1 1.082    C   45 1.051    N   23 0.064
    45  C   3.955    C   63 1.360    C   46 1.342    C   44 1.051    C   48 0.096
    46  C   3.967    C   47 1.455    C   45 1.342    H   90 0.943    C   49 0.100
    47  C   3.971    C   46 1.455    C   48 1.418    H   91 0.943    C   63 0.100
    48  C   3.959    C   47 1.418    C   49 1.380    H   92 0.946    C   45 0.096
    49  C   3.932    C   63 1.401    C   48 1.380    N   50 0.971    C   46 0.100
    50  N   3.448    C   62 1.057    C   51 1.057    C   49 0.971
    51  C   3.928    C   52 1.369    C   56 1.264    N   50 1.057    C   54 0.091
    52  C   3.968    C   53 1.453    C   51 1.369    H   93 0.944    C   55 0.103
    53  C   3.953    C   52 1.453    C   54 1.394    H   94 0.945    C   56 0.090
    54  C   3.969    C   55 1.461    C   53 1.394    H   95 0.945    C   51 0.091
    55  C   3.961    C   54 1.461    C   56 1.353    H   96 0.945    C   52 0.103
    56  C   3.955    C   55 1.353    C   51 1.264    C   57 1.089    C   53 0.090
    57  C   3.955    C   58 1.353    C   62 1.264    C   56 1.089    C   60 0.090
    58  C   3.961    C   59 1.461    C   57 1.353    H   97 0.945    C   61 0.102
    59  C   3.969    C   58 1.461    C   60 1.393    H   98 0.945    C   62 0.091
    60  C   3.953    C   61 1.452    C   59 1.393    H   99 0.944    C   57 0.090
    61  C   3.968    C   60 1.452    C   62 1.369    H  100 0.944    C   58 0.102
    62  C   3.928    C   61 1.369    C   57 1.264    N   50 1.057    C   59 0.091
    63  C   3.965    C   49 1.401    C   45 1.360    H  101 0.943    C   47 0.100
    64  H   0.997    C    1 0.934
    65  H   0.997    C    4 0.944
    66  H   0.995    C    5 0.943
    67  H   0.996    C    6 0.945
    68  H   0.997    C   10 0.943
    69  H   0.997    C   11 0.943
    70  H   0.997    C   12 0.945
    71  H   0.997    C   13 0.945
    72  H   0.997    C   16 0.945
    73  H   0.997    C   17 0.945
    74  H   0.997    C   18 0.945
    75  H   0.997    C   19 0.943
    76  H   0.998    C   21 0.944
    77  H   0.983    N   22 0.959
    78  H   0.998    C   25 0.944
    79  H   0.995    C   26 0.941
    80  H   0.998    C   27 0.946
    81  H   0.997    C   31 0.944
    82  H   0.997    C   32 0.945
    83  H   0.997    C   33 0.945
    84  H   0.997    C   34 0.945
    85  H   0.997    C   37 0.945
    86  H   0.997    C   38 0.945
    87  H   0.997    C   39 0.945
    88  H   0.997    C   40 0.943
    89  H   0.998    C   42 0.945
    90  H   0.997    C   46 0.943
    91  H   0.995    C   47 0.943
    92  H   0.996    C   48 0.946
    93  H   0.997    C   52 0.944
    94  H   0.997    C   53 0.945
    95  H   0.997    C   54 0.945
    96  H   0.997    C   55 0.945
    97  H   0.997    C   58 0.945
    98  H   0.997    C   59 0.945
    99  H   0.997    C   60 0.944
   100  H   0.997    C   61 0.944
   101  H   0.998    C   63 0.943
 
 --------------------------------------------
          xTB calculation for sTDA...
 --------------------------------------------
 
 reading parameter file /home/tchapet/xtb4stda/.param_stda2.xtb
 
      method parameters     
 k(s)        :  1.6000
 k(p)        :  2.1800
 k(d)        :  1.9500
 k(f)        :  2.0000
 k(R-V)      :  2.2750
 k(R-R)      :  1.7650
 Tscal       :  0.2580
 Gscal       :  1.0000
 fpol        :  1.0000
 Zcnf        :  0.3430
 Zqf         :  0.0000
 kcn         :  2.7000
 Ryd Hsplit  :  0.7000
 lshift(virt):  3.1000
 lshift(OS)  :  0.2000
 wllscaling  :  2.6000
 
 mowrcut     : 3.000
 
  Z AO/shell   Hii/eV     exponent
  1     Sun Feb 14 09:53:25 CET 2016    EN: 2.327 GAM: 0.473  GM3: 0.0000
     1s    -14.339618    1.220000
     2sp    -3.348946    0.600000
  6     Sun Feb 14 09:53:25 CET 2016    EN: 2.731 GAM: 0.422  GM3: 0.0000
     2s    -22.009312    1.565095
     2p    -13.020408    1.596905
     3sp    -3.914040    0.824500
  7     Sun Feb 14 09:53:25 CET 2016    EN: 3.573 GAM: 0.504  GM3: 0.0000
     2s    -25.722000    2.064844
     2p    -18.684912    1.801692
     3sp    -4.344791    0.921400
 
 Nbf   :          694
 T(el) :     0.0
 calculating S/T integrals ...
 cpu time for ints    2.42692200000000     
 Nao   :          694
 making H0...
 making H1...
 cpu time for H      1.060099999999986E-002
 solving ...
 cpu time for diag   0.300846000000000     
 
 gap (eV)           :   5.732
 Koopmans IP (eV)   :  13.501
 Eel (Eh)           :  -256.894093

          eigenvalues
 #    :         136        137        138        139        140        141        142        143
 occ. :        2.000      2.000      2.000      2.000      2.000      2.000      2.000      2.000
 eps  :       -16.397    -16.277    -16.270    -16.246    -16.178    -15.770    -15.146    -15.122
 #    :         144        145        146        147        148        149        150        151
 occ. :        2.000      2.000      2.000      2.000      2.000      0.000      0.000      0.000
 eps  :       -15.053    -14.292    -14.261    -14.180    -13.502     -7.769     -6.717     -6.641
 #    :         152        153        154        155        156        157        158        159
 occ. :        0.000      0.000      0.000      0.000      0.000      0.000      0.000      0.000
 eps  :        -6.603     -6.552     -6.146     -6.126     -5.936     -5.834     -5.810     -5.743
                            1  SCC done.
 writing mo output ...
 molden style : F
 
speedup  5.34
cpu  time for all    4.30 s
wall time for all    0.81 s
