 
        ______________________________________
       |                                      |
       |          ===================         |
       |             xTB for sTDA             |
       |          ===================         |
       |               S. Grimme              |
       |        Universitaet Bonn, MCTC       |
       |         2015-19, Version 1.0         |
       |     Wed Apr  3 09:14:55 CEST 2019    |
       |______________________________________|
 
        This code comes without any warranty
        for non-commercial, academia use only.
        Preliminary test version.
        Cite this work as:
        S. Grimme  &  C. Bannwarth, JCP 145 (2016) 054103
        if GBSA is used additionally:
        P. Shushkov, F. März, C. Bannwarth, S. Grimme, unpublished.
 
        with help from
        P. Shushkov, G. Brandenburg, S. Dohm, J. Pisarek,
        F. März, M. Checinski, S. Ehrlich, S. Spicher, 
        P. Pracht, E. Caldeweyher, S. Ehlert, and C. Bannwarth.
 
        usage        :
        xtb4stda <coord_file> [options]
        where <coord_file> is a valid file of TM)
        (*coord, Bohr) or xmol (*xyz, Angstroem)
        format.

        options:
        -chrg <int>   : molecular charge
        -uhf  <int>   : # of unpaired electrons(=2*S)
        -nox          : skip second, extended part in sTDA-xTB
        -pop          : do population analysis
                      : (default for -nox)
        -mowr <real>  : cut MO write above (def.3 Eh)
        -molden       : write formatted molden file
        -parx <file>  : read parameters for sTDA-xTB
                        calc (def:~/.param_stda2.xtb)
        -parv <file>  : read parameters for vTB part in
                        sTDA-xTB (def: ~/.param_stda1.xtb)
        -xtemp <real> : el. temp for xTB (def. 0 K)
        -etemp <real> : el. temp for GFN (def. 300 K)
        -fod          : calculate the FOD and write
                        molden.input file with
                        appropriate occupations
                        for plotting. Def. T=12500 K
 
        -acc <real>   : xTB accuracy (def. 1.0)
        -gbsa [string1] [string2]
                        use GBSA implicit solvent
                        for solvent [string1] and
                        solvation state [string2]=
                        reference, bar1M (default=1M)
        additional GFN/opt/MD/siman options read from
        $XTB4STDAHOME/.xtb4stdarc or $set in input
 
       spin and charge state information can be on:
       <.CHRG> (charge) and <.UHF> (=nalpha-nbeta)
       -uhf and -chrg override the file info.
       useful machine settings:
       setenv MKL_NUM_THREADS <NCORE_ON_YOUR_MACHINE>
       setenv OMP_STACKSIZE 500m
       limit stacksize unlimited
 
       total energies in Eh, gaps/HL energies in eV
       please read REVISION and HOWTO files carefully
 =============================
  # OMP threads =          16
 =============================
 
 xtb4stdahome directory:/home/tchapet/xtb4stda/
 
 argument            1 :gbsa
 argument            2 :toluene
 
 name of molecule           :
 comment line               :
 number of atoms            :    42
 number of electrons        :   134
 charge                     :  0
 spin                       : 0.0
 first test random number   :  0.9261
 
 -----------------------------------------
      charge density (VTB) calculation
 -----------------------------------------
 
      method parameters     
 k(s)        :  1.8000
 k(p)        :  2.8350
 k(d)        :  2.0860
 k(f)        :  2.0000
 Tscal       :  0.3300
 Gscal       :  0.3910
 fpol        :  1.0000
 Zcnf        :  0.6500
 Zqf         :  0.0000
 kcn         :  0.3000
 kEN1        : -0.5900
 wllscal     :  2.6000
 
     -------------------------
     ! NO SOLVENT MODEL USED !
     -------------------------
 
 doing EN charges ...
 sum q :  0.1221245D-14
 point charge moment (au)
     X       Y       Z   
  -0.5402  -0.3126   0.0886  total (Debye):    1.602
 
            Z      q(EN)   CN      Cart. coordinates
     1  N   5.0  -0.216   1.025     9.88388     5.31749    -2.89151
     2  C   4.0   0.237   2.135    10.27832     3.51187    -1.75251
     3  C   4.0  -0.040   3.086    10.96637     1.34813    -0.35593
     4  C   4.0   0.236   2.152    13.59650     1.22629     0.11165
     5  N   5.0  -0.215   1.024    15.72940     1.12969     0.48895
     6  C   4.0  -0.074   3.194     9.43762    -0.52028     0.53308
     7  C   4.0  -0.002   3.192     6.75610    -0.79455     0.27574
     8  C   4.0  -0.074   3.184     5.17087     0.90703    -1.00414
     9  C   4.0  -0.073   3.182     2.60871     0.50481    -1.17441
    10  C   4.0  -0.005   3.233     1.47980    -1.62682    -0.08883
    11  C   4.0  -0.004   3.251    -1.23161    -2.11858    -0.36514
    12  C   4.0  -0.072   3.185    -1.97857    -4.47607    -1.28021
    13  C   4.0  -0.071   3.173    -4.47933    -5.01572    -1.76009
    14  C   4.0  -0.004   3.244    -6.35574    -3.21240    -1.31483
    15  C   4.0  -0.071   3.165    -8.95174    -3.69780    -1.83951
    16  C   4.0  -0.071   3.165   -10.74943    -1.93670    -1.38084
    17  C   4.0  -0.004   3.243   -10.11236     0.46412    -0.33628
    18  C   4.0  -0.072   3.177   -11.93766     2.30345     0.16288
    19  C   4.0  -0.071   3.134   -11.26514     4.61050     1.19206
    20  C   4.0  -0.072   3.176    -8.76702     5.13739     1.75040
    21  C   4.0  -0.004   3.243    -6.87769     3.35753     1.27370
    22  C   4.0  -0.071   3.166    -4.28974     3.81627     1.85586
    23  C   4.0  -0.071   3.171    -2.47890     2.08040     1.34911
    24  C   4.0  -0.003   3.271    -3.07649    -0.28214     0.19543
    25  C   4.0  -0.004   3.339    -5.65317    -0.83426    -0.30129
    26  C   4.0  -0.005   3.344    -7.54346     0.99310     0.20982
    27  C   4.0  -0.072   3.205     3.02061    -3.35896     1.17200
    28  C   4.0   0.020   3.204     5.57421    -2.92137     1.34666
    29  F   7.0  -0.025   1.069     7.00437    -4.62470     2.60935
    30  H   1.0   0.074   1.008    10.37656    -2.01584     1.57297
    31  H   1.0   0.077   1.008     5.98663     2.55534    -1.87937
    32  H   1.0   0.076   1.006     1.45208     1.82832    -2.20821
    33  H   1.0   0.075   1.006    -0.54734    -5.87263    -1.69188
    34  H   1.0   0.075   1.005    -5.00477    -6.84068    -2.50905
    35  H   1.0   0.074   1.005    -9.44879    -5.51875    -2.61954
    36  H   1.0   0.074   1.005   -12.71388    -2.31894    -1.78911
    37  H   1.0   0.074   1.005   -13.89439     1.90485    -0.26490
    38  H   1.0   0.074   1.004   -12.70390     6.01042     1.56582
    39  H   1.0   0.074   1.005    -8.25526     6.93928     2.56379
    40  H   1.0   0.074   1.005    -3.80020     5.59439     2.73374
    41  H   1.0   0.076   1.007    -0.53859     2.45840     1.85355
    42  H   1.0   0.076   1.006     2.22980    -5.02186     2.04780
 
  Z AO/shell   Hii/eV     exponent
  1     Sat Feb 20 21:38:01 CET 2016    EN: 2.327 GAM: 0.473  GM3: 0.0000
     1s    -13.751157    1.051071
  6     Sat Feb 20 21:38:01 CET 2016    EN: 2.731 GAM: 0.422  GM3: 0.0000
     2s    -19.378245    2.021003
     2p    -11.993376    1.497917
  7     Sat Feb 20 21:38:01 CET 2016    EN: 3.573 GAM: 0.504  GM3: 0.0000
     2s    -21.576984    2.275442
     2p    -16.125120    2.056788
  9     Sat Feb 20 21:51:24 CET 2016    EN: 3.394 GAM: 0.669  GM3: 0.0000
     2s    -19.384211    2.614957
     2p    -19.426034    2.777297
 
 dipole moment of classical point charges (au)
     X       Y       Z   
  -0.5402  -0.3126   0.0886  total (Debye):    1.602

 
 Nbf   :          129
 T(el) :   300.0
 calculating S/T integrals ...
 cpu time for ints   0.211411000000000     
 Nao   :          129
 making H0...
 making H1...
 cpu time for H      1.633600000000002E-002
 solving ...
 cpu time for diag   7.106300000000004E-002
 
 gap (eV)           :   3.970
 Koopmans IP (eV)   :  13.284
 Eel (Eh)           :  -106.435839
 T,E(Fermi),NFOD :    300.000   -11.299  0.000000
 T,E(Fermi),NFOD :    300.000   -11.299  0.000000
 Nfod               :  0.0000
 Nfod/Nel           :  0.0000

          eigenvalues
 #    :          55         56         57         58         59         60         61         62
 occ. :        2.000      2.000      2.000      2.000      2.000      2.000      2.000      2.000
 eps  :       -18.412    -18.008    -17.849    -17.720    -17.418    -17.215    -16.794    -16.123
 #    :          63         64         65         66         67         68         69         70
 occ. :        2.000      2.000      2.000      2.000      2.000      0.000      0.000      0.000
 eps  :       -15.568    -15.388    -14.827    -14.472    -13.285     -9.315     -8.317     -6.621
 #    :          71         72         73         74         75         76         77         78
 occ. :        0.000      0.000      0.000      0.000      0.000      0.000      0.000      0.000
 eps  :        -6.477     -5.511     -5.310     -5.140     -4.819     -4.427     -3.787     -3.026
                            1  SCC done.
 making H1...
 cpu time for H      7.988000000000001E-002
 solving ...
 cpu time for diag   3.224600000000000E-002
 
 gap (eV)           :   3.829
 Koopmans IP (eV)   :  13.309
 Eel (Eh)           :  -106.396949
 T,E(Fermi),NFOD :    300.000   -11.394  0.000000
 T,E(Fermi),NFOD :    300.000   -11.394  0.000000
 Nfod               :  0.0000
 Nfod/Nel           :  0.0000

          eigenvalues
 #    :          55         56         57         58         59         60         61         62
 occ. :        2.000      2.000      2.000      2.000      2.000      2.000      2.000      2.000
 eps  :       -18.116    -17.887    -17.540    -17.378    -17.321    -16.861    -16.773    -16.154
 #    :          63         64         65         66         67         68         69         70
 occ. :        2.000      2.000      2.000      2.000      2.000      0.000      0.000      0.000
 eps  :       -15.626    -15.557    -14.862    -14.548    -13.310     -9.480     -8.370     -6.730
 #    :          71         72         73         74         75         76         77         78
 occ. :        0.000      0.000      0.000      0.000      0.000      0.000      0.000      0.000
 eps  :        -6.519     -5.551     -5.428     -5.289     -4.947     -4.294     -3.900     -3.070
                            2  SCC done.
 
 
 Mulliken/CM5 charges    n(s)   n(p)   n(d)   
    1 N  -0.2019 -0.3307   1.642  3.559  0.000
    2 C   0.0982  0.2164   1.172  2.729  0.000
    3 C   0.0339  0.0364   1.111  2.855  0.000
    4 C   0.1006  0.2203   1.170  2.729  0.000
    5 N  -0.1988 -0.3244   1.641  3.557  0.000
    6 C  -0.0006 -0.0486   1.163  2.837  0.000
    7 C   0.0122  0.0063   1.153  2.835  0.000
    8 C  -0.0277 -0.0806   1.146  2.882  0.000
    9 C  -0.0263 -0.0806   1.138  2.888  0.000
   10 C   0.0185  0.0094   1.173  2.809  0.000
   11 C  -0.0067 -0.0131   1.169  2.838  0.000
   12 C  -0.0348 -0.0881   1.141  2.894  0.000
   13 C  -0.0376 -0.0911   1.140  2.897  0.000
   14 C   0.0015 -0.0058   1.165  2.833  0.000
   15 C  -0.0360 -0.0895   1.140  2.896  0.000
   16 C  -0.0320 -0.0856   1.141  2.891  0.000
   17 C  -0.0009 -0.0083   1.165  2.836  0.000
   18 C  -0.0369 -0.0905   1.141  2.896  0.000
   19 C  -0.0293 -0.0853   1.135  2.895  0.000
   20 C  -0.0370 -0.0906   1.141  2.896  0.000
   21 C  -0.0018 -0.0092   1.165  2.837  0.000
   22 C  -0.0325 -0.0862   1.141  2.892  0.000
   23 C  -0.0416 -0.0951   1.141  2.900  0.000
   24 C  -0.0008 -0.0051   1.170  2.831  0.000
   25 C  -0.0063 -0.0070   1.174  2.833  0.000
   26 C  -0.0081 -0.0089   1.173  2.835  0.000
   27 C  -0.0241 -0.0728   1.135  2.889  0.000
   28 C   0.0928  0.1058   1.178  2.729  0.000
   29 F  -0.1330 -0.1583   1.682  5.451  0.000
   30 H   0.0653  0.1271   0.935  0.000  0.000
   31 H   0.0596  0.1239   0.940  0.000  0.000
   32 H   0.0504  0.1093   0.950  0.000  0.000
   33 H   0.0427  0.1012   0.957  0.000  0.000
   34 H   0.0426  0.1000   0.957  0.000  0.000
   35 H   0.0416  0.0989   0.958  0.000  0.000
   36 H   0.0418  0.0992   0.958  0.000  0.000
   37 H   0.0395  0.0968   0.960  0.000  0.000
   38 H   0.0424  0.0989   0.958  0.000  0.000
   39 H   0.0395  0.0968   0.960  0.000  0.000
   40 H   0.0419  0.0993   0.958  0.000  0.000
   41 H   0.0438  0.1039   0.956  0.000  0.000
   42 H   0.0460  0.1054   0.954  0.000  0.000
 Hirshfeld charges for QMDFF written to <charges>
 
 Loewdin charges    n(s)   n(p)   n(d)
    1 N  -0.1906   1.604  3.586  0.000
    2 C   0.0913   1.139  2.770  0.000
    3 C   0.0259   1.068  2.906  0.000
    4 C   0.0936   1.137  2.769  0.000
    5 N  -0.1876   1.603  3.584  0.000
    6 C   0.0131   1.107  2.879  0.000
    7 C   0.0113   1.111  2.878  0.000
    8 C  -0.0203   1.092  2.929  0.000
    9 C  -0.0229   1.085  2.937  0.000
   10 C   0.0276   1.128  2.844  0.000
   11 C  -0.0040   1.127  2.877  0.000
   12 C  -0.0294   1.088  2.942  0.000
   13 C  -0.0326   1.087  2.946  0.000
   14 C   0.0064   1.121  2.872  0.000
   15 C  -0.0305   1.086  2.944  0.000
   16 C  -0.0265   1.087  2.939  0.000
   17 C   0.0040   1.121  2.875  0.000
   18 C  -0.0322   1.088  2.945  0.000
   19 C  -0.0210   1.080  2.941  0.000
   20 C  -0.0323   1.087  2.945  0.000
   21 C   0.0031   1.121  2.876  0.000
   22 C  -0.0271   1.087  2.940  0.000
   23 C  -0.0366   1.088  2.949  0.000
   24 C   0.0017   1.127  2.871  0.000
   25 C  -0.0066   1.132  2.874  0.000
   26 C  -0.0085   1.132  2.877  0.000
   27 C  -0.0262   1.084  2.942  0.000
   28 C   0.0872   1.143  2.770  0.000
   29 F  -0.1157   1.665  5.450  0.000
   30 H   0.0523   0.948  0.000  0.000
   31 H   0.0493   0.951  0.000  0.000
   32 H   0.0417   0.958  0.000  0.000
   33 H   0.0348   0.965  0.000  0.000
   34 H   0.0347   0.965  0.000  0.000
   35 H   0.0337   0.966  0.000  0.000
   36 H   0.0340   0.966  0.000  0.000
   37 H   0.0320   0.968  0.000  0.000
   38 H   0.0345   0.965  0.000  0.000
   39 H   0.0319   0.968  0.000  0.000
   40 H   0.0341   0.966  0.000  0.000
   41 H   0.0360   0.964  0.000  0.000
   42 H   0.0368   0.963  0.000  0.000
 
 Wiberg/Mayer (AO) data. WBOs > 0.1 written file <wbo>
 largest (>0.05) Wiberg bond orders for each atom
           total WBO             WBO to atom ...
     1  N   3.063    C    2 2.801    C    6 0.108    C    3 0.075
     2  C   3.943    N    1 2.801    C    3 1.053
     3  C   3.962    C    6 1.587    C    2 1.053    C    4 1.044    N    5 0.076    N    1 0.075
     4  C   3.942    N    5 2.818    C    3 1.044
     5  N   3.058    C    4 2.818    C    6 0.106    C    3 0.076
     6  C   3.957    C    3 1.587    C    7 1.136    H   30 0.939    N    1 0.108    N    5 0.106
     7  C   3.952    C    8 1.310    C   28 1.282    C    6 1.136    C   10 0.088
     8  C   3.957    C    9 1.485    C    7 1.310    H   31 0.933    C   27 0.093
     9  C   3.966    C    8 1.485    C   10 1.341    H   32 0.941    C   28 0.085
    10  C   3.933    C   27 1.353    C    9 1.341    C   11 1.009    C    7 0.088
    11  C   3.919    C   12 1.365    C   24 1.285    C   10 1.009    C   14 0.076
    12  C   3.959    C   13 1.458    C   11 1.365    H   33 0.943    C   25 0.058
    13  C   3.937    C   12 1.458    C   14 1.328    H   34 0.943    C   24 0.075    C   16 0.050
    14  C   3.952    C   13 1.328    C   25 1.222    C   15 1.176    C   11 0.076
    15  C   3.969    C   16 1.657    C   14 1.176    H   35 0.942    C   18 0.052
    16  C   3.963    C   15 1.657    C   17 1.173    H   36 0.942    C   13 0.050
    17  C   3.958    C   18 1.340    C   26 1.223    C   16 1.173    C   20 0.082
    18  C   3.935    C   19 1.435    C   17 1.340    H   37 0.945    C   21 0.081    C   15 0.052
    19  C   3.967    C   20 1.436    C   18 1.435    H   38 0.945    C   26 0.062
    20  C   3.935    C   19 1.436    C   21 1.338    H   39 0.945    C   17 0.082    C   23 0.051
    21  C   3.958    C   20 1.338    C   26 1.224    C   22 1.174    C   18 0.081
    22  C   3.964    C   23 1.655    C   21 1.174    H   40 0.942
    23  C   3.969    C   22 1.655    C   24 1.179    H   41 0.939    C   20 0.051
    24  C   3.951    C   11 1.285    C   25 1.228    C   23 1.179    C   13 0.075
    25  C   3.953    C   24 1.228    C   14 1.222    C   26 1.218    C   12 0.058
    26  C   3.956    C   21 1.224    C   17 1.223    C   25 1.218    C   19 0.062
    27  C   3.961    C   28 1.438    C   10 1.353    H   42 0.943    C    8 0.093
    28  C   3.888    C   27 1.438    C    7 1.282    F   29 0.967    C    9 0.085
    29  F   1.100    C   28 0.967
    30  H   0.994    C    6 0.939
    31  H   0.995    C    8 0.933
    32  H   0.996    C    9 0.941
    33  H   0.995    C   12 0.943
    34  H   0.993    C   13 0.943
    35  H   0.993    C   15 0.942
    36  H   0.993    C   16 0.942
    37  H   0.995    C   18 0.945
    38  H   0.993    C   19 0.945
    39  H   0.995    C   20 0.945
    40  H   0.993    C   22 0.942
    41  H   0.993    C   23 0.939
    42  H   0.996    C   27 0.943
 
 --------------------------------------------
          xTB calculation for sTDA...
 --------------------------------------------
 
 reading parameter file /home/tchapet/xtb4stda/.param_stda2.xtb
 
      method parameters     
 k(s)        :  1.6000
 k(p)        :  2.1800
 k(d)        :  1.9500
 k(f)        :  2.0000
 k(R-V)      :  2.2750
 k(R-R)      :  1.7650
 Tscal       :  0.2580
 Gscal       :  1.0000
 fpol        :  1.0000
 Zcnf        :  0.3430
 Zqf         :  0.0000
 kcn         :  2.7000
 Ryd Hsplit  :  0.7000
 lshift(virt):  3.1000
 lshift(OS)  :  0.2000
 wllscaling  :  2.6000
 
 mowrcut     : 3.000
 
  Z AO/shell   Hii/eV     exponent
  1     Sun Feb 14 09:53:25 CET 2016    EN: 2.327 GAM: 0.473  GM3: 0.0000
     1s    -14.339618    1.220000
     2sp    -3.348946    0.600000
  6     Sun Feb 14 09:53:25 CET 2016    EN: 2.731 GAM: 0.422  GM3: 0.0000
     2s    -22.009312    1.565095
     2p    -13.020408    1.596905
     3sp    -3.914040    0.824500
  7     Sun Feb 14 09:53:25 CET 2016    EN: 3.573 GAM: 0.504  GM3: 0.0000
     2s    -25.722000    2.064844
     2p    -18.684912    1.801692
     3sp    -4.344791    0.921400
  9     Sun Feb 21 12:20:01 CET 2016    EN: 3.394 GAM: 0.600  GM3: 0.0000
     2s    -26.548112    1.943768
     2p    -23.081168    2.552035
     3sp    -1.937199    1.103200
 
 Nbf   :          297
 T(el) :     0.0
 calculating S/T integrals ...
 cpu time for ints    2.81069400000000     
 Nao   :          297
 making H0...
 making H1...
 cpu time for H      1.459999999999795E-003
 solving ...
 cpu time for diag   4.850900000000014E-002
 
 gap (eV)           :   5.892
 Koopmans IP (eV)   :  14.723
 Eel (Eh)           :  -118.246944

          eigenvalues
 #    :          55         56         57         58         59         60         61         62
 occ. :        2.000      2.000      2.000      2.000      2.000      2.000      2.000      2.000
 eps  :       -19.398    -19.207    -18.903    -18.605    -18.330    -18.117    -17.627    -17.081
 #    :          63         64         65         66         67         68         69         70
 occ. :        2.000      2.000      2.000      2.000      2.000      0.000      0.000      0.000
 eps  :       -16.851    -16.526    -16.191    -15.856    -14.725     -8.832     -7.975     -6.750
 #    :          71         72         73         74         75         76         77         78
 occ. :        0.000      0.000      0.000      0.000      0.000      0.000      0.000      0.000
 eps  :        -6.416     -5.989     -5.852     -5.242     -5.183     -5.071     -4.902     -4.766
                            1  SCC done.
 writing mo output ...
 molden style : F
 
speedup 13.17
cpu  time for all    3.37 s
wall time for all    0.26 s
