 
        ______________________________________
       |                                      |
       |          ===================         |
       |             xTB for sTDA             |
       |          ===================         |
       |               S. Grimme              |
       |        Universitaet Bonn, MCTC       |
       |         2015-19, Version 1.0         |
       |     Wed Apr  3 09:14:55 CEST 2019    |
       |______________________________________|
 
        This code comes without any warranty
        for non-commercial, academia use only.
        Preliminary test version.
        Cite this work as:
        S. Grimme  &  C. Bannwarth, JCP 145 (2016) 054103
        if GBSA is used additionally:
        P. Shushkov, F. März, C. Bannwarth, S. Grimme, unpublished.
 
        with help from
        P. Shushkov, G. Brandenburg, S. Dohm, J. Pisarek,
        F. März, M. Checinski, S. Ehrlich, S. Spicher, 
        P. Pracht, E. Caldeweyher, S. Ehlert, and C. Bannwarth.
 
        usage        :
        xtb4stda <coord_file> [options]
        where <coord_file> is a valid file of TM)
        (*coord, Bohr) or xmol (*xyz, Angstroem)
        format.

        options:
        -chrg <int>   : molecular charge
        -uhf  <int>   : # of unpaired electrons(=2*S)
        -nox          : skip second, extended part in sTDA-xTB
        -pop          : do population analysis
                      : (default for -nox)
        -mowr <real>  : cut MO write above (def.3 Eh)
        -molden       : write formatted molden file
        -parx <file>  : read parameters for sTDA-xTB
                        calc (def:~/.param_stda2.xtb)
        -parv <file>  : read parameters for vTB part in
                        sTDA-xTB (def: ~/.param_stda1.xtb)
        -xtemp <real> : el. temp for xTB (def. 0 K)
        -etemp <real> : el. temp for GFN (def. 300 K)
        -fod          : calculate the FOD and write
                        molden.input file with
                        appropriate occupations
                        for plotting. Def. T=12500 K
 
        -acc <real>   : xTB accuracy (def. 1.0)
        -gbsa [string1] [string2]
                        use GBSA implicit solvent
                        for solvent [string1] and
                        solvation state [string2]=
                        reference, bar1M (default=1M)
        additional GFN/opt/MD/siman options read from
        $XTB4STDAHOME/.xtb4stdarc or $set in input
 
       spin and charge state information can be on:
       <.CHRG> (charge) and <.UHF> (=nalpha-nbeta)
       -uhf and -chrg override the file info.
       useful machine settings:
       setenv MKL_NUM_THREADS <NCORE_ON_YOUR_MACHINE>
       setenv OMP_STACKSIZE 500m
       limit stacksize unlimited
 
       total energies in Eh, gaps/HL energies in eV
       please read REVISION and HOWTO files carefully
 =============================
  # OMP threads =          16
 =============================
 
 xtb4stdahome directory:/home/tchapet/xtb4stda/
 
 argument            1 :gbsa
 argument            2 :toluene
 
 name of molecule           :
 comment line               :
 number of atoms            :   108
 number of electrons        :   312
 charge                     :  0
 spin                       : 0.0
 first test random number   :  0.5878
 
 -----------------------------------------
      charge density (VTB) calculation
 -----------------------------------------
 
      method parameters     
 k(s)        :  1.8000
 k(p)        :  2.8350
 k(d)        :  2.0860
 k(f)        :  2.0000
 Tscal       :  0.3300
 Gscal       :  0.3910
 fpol        :  1.0000
 Zcnf        :  0.6500
 Zqf         :  0.0000
 kcn         :  0.3000
 kEN1        : -0.5900
 wllscal     :  2.6000
 
     -------------------------
     ! NO SOLVENT MODEL USED !
     -------------------------
 
 doing EN charges ...
 sum q :  0.4107825D-14
 point charge moment (au)
     X       Y       Z   
   0.0222   0.0294  -0.0058  total (Debye):    0.095
 
            Z      q(EN)   CN      Cart. coordinates
     1  C   4.0  -0.252   4.060    -6.85533    -9.17729    -0.65587
     2  C   4.0   0.014   3.182    -4.15674    -8.36284    -0.40508
     3  C   4.0  -0.072   3.230    -3.53451    -5.82114    -0.32704
     4  C   4.0   0.005   3.238    -1.03203    -5.01478    -0.19499
     5  C   4.0   0.192   3.382    -0.44368    -2.31698    -0.11425
     6  N   5.0  -0.207   2.213     1.97747    -1.64119    -0.02750
     7  C   4.0   0.192   3.382     2.42799     0.83178     0.05746
     8  C   4.0   0.005   3.238     5.05891     1.67038     0.13628
     9  C   4.0  -0.071   3.187     5.63470     4.23773     0.27450
    10  C   4.0  -0.067   3.184     8.12353     5.00014     0.35440
    11  C   4.0   0.088   3.276    10.06743     3.22577     0.29546
    12  N   5.0  -0.324   3.322    12.58369     4.07244     0.39485
    13  C   4.0   0.089   3.473    14.29277     3.58715     2.30069
    14  C   4.0  -0.063   3.155    13.94555     2.28585     4.55067
    15  C   4.0  -0.073   3.151    15.97909     2.11060     6.18007
    16  C   4.0  -0.073   3.145    18.29846     3.21792     5.60474
    17  C   4.0  -0.067   3.152    18.63658     4.56173     3.39288
    18  C   4.0  -0.000   3.373    16.62034     4.76720     1.72420
    19  C   4.0  -0.000   3.372    16.26842     6.04439    -0.64662
    20  C   4.0  -0.067   3.152    17.82922     7.50134    -2.17435
    21  C   4.0  -0.073   3.145    16.85593     8.47126    -4.39332
    22  C   4.0  -0.073   3.151    14.36665     7.99265    -5.10944
    23  C   4.0  -0.062   3.154    12.77833     6.54321    -3.62725
    24  C   4.0   0.089   3.473    13.74021     5.58853    -1.38304
    25  C   4.0   0.014   3.182     9.52538     0.64101     0.09789
    26  C   4.0  -0.251   4.060    11.59352    -1.27886    -0.11505
    27  C   4.0  -0.072   3.230     7.01294    -0.09108     0.03905
    28  N   5.0  -0.207   2.213     0.63023     2.59039     0.07086
    29  C   4.0   0.192   3.382    -1.73687     1.74641    -0.02827
    30  C   4.0   0.005   3.238    -3.77570     3.60993    -0.02592
    31  C   4.0  -0.071   3.187    -3.22913     6.18113     0.15575
    32  C   4.0  -0.067   3.185    -5.17130     7.91548     0.17380
    33  C   4.0   0.088   3.276    -7.67613     7.12133     0.00554
    34  N   5.0  -0.324   3.321    -9.60531     8.94667     0.03684
    35  C   4.0   0.089   3.473    -9.92350    10.83632    -1.73197
    36  C   4.0  -0.062   3.154    -8.53265    11.33308    -3.89808
    37  C   4.0  -0.073   3.151    -9.29328    13.33117    -5.39793
    38  C   4.0  -0.073   3.145   -11.39285    14.79466    -4.77497
    39  C   4.0  -0.067   3.152   -12.79660    14.29212    -2.63275
    40  C   4.0  -0.000   3.372   -12.06776    12.29637    -1.09054
    41  C   4.0  -0.000   3.373   -13.05236    11.24550     1.21200
    42  C   4.0  -0.067   3.152   -15.06471    11.87316     2.77654
    43  C   4.0  -0.073   3.145   -15.45007    10.46966     4.94309
    44  C   4.0  -0.073   3.151   -13.83983     8.48509     5.57919
    45  C   4.0  -0.063   3.155   -11.82516     7.82378     4.05437
    46  C   4.0   0.089   3.472   -11.46674     9.18930     1.84456
    47  C   4.0   0.014   3.182    -8.25792     4.54903    -0.23871
    48  C   4.0  -0.252   4.060   -10.92699     3.66862    -0.57160
    49  C   4.0  -0.072   3.230    -6.28217     2.83164    -0.22996
    50  N   5.0  -0.207   2.213    -2.36020    -0.68830    -0.12807
    51  C   4.0  -0.071   3.187     0.90406    -6.80166    -0.15960
    52  C   4.0  -0.067   3.185     0.32024    -9.33875    -0.21512
    53  C   4.0   0.088   3.276    -2.18851   -10.13215    -0.30913
    54  N   5.0  -0.324   3.322    -2.70839   -12.73660    -0.35306
    55  C   4.0   0.089   3.472    -3.99634   -14.08145     1.46985
    56  C   4.0  -0.063   3.155    -4.98428   -13.25794     3.75512
    57  C   4.0  -0.073   3.151    -6.17349   -15.02088     5.27142
    58  C   4.0  -0.073   3.145    -6.35744   -17.54819     4.55378
    59  C   4.0  -0.067   3.152    -5.32286   -18.38847     2.30978
    60  C   4.0  -0.000   3.373    -4.12034   -16.65245     0.75042
    61  C   4.0  -0.000   3.372    -2.81812   -16.85040    -1.62458
    62  C   4.0  -0.067   3.152    -2.32667   -18.83887    -3.26696
    63  C   4.0  -0.073   3.145    -1.00480   -18.34988    -5.46371
    64  C   4.0  -0.073   3.151    -0.18452   -15.91474    -6.04314
    65  C   4.0  -0.062   3.154    -0.65045   -13.90481    -4.44196
    66  C   4.0   0.089   3.473    -1.95629   -14.39246    -2.22149
    67  H   1.0   0.082   1.000    -7.00570   -10.82590    -1.87671
    68  H   1.0   0.081   1.000    -7.64305    -9.68632     1.17694
    69  H   1.0   0.082   1.000    -7.98597    -7.65355    -1.44146
    70  H   1.0   0.077   1.007    -5.00331    -4.40827    -0.39533
    71  H   1.0   0.077   1.006     4.11623     5.59477     0.33089
    72  H   1.0   0.075   1.005     8.59692     6.98185     0.47889
    73  H   1.0   0.075   1.005    12.13759     1.46789     5.02724
    74  H   1.0   0.074   1.004    15.76314     1.10541     7.94398
    75  H   1.0   0.074   1.004    19.84351     3.03642     6.92628
    76  H   1.0   0.074   1.004    20.42384     5.45126     2.97072
    77  H   1.0   0.074   1.004    19.76302     7.86252    -1.63245
    78  H   1.0   0.074   1.004    18.03780     9.61384    -5.60353
    79  H   1.0   0.074   1.004    13.66520     8.76863    -6.86266
    80  H   1.0   0.075   1.005    10.85448     6.16433    -4.19391
    81  H   1.0   0.082   1.000    10.86802    -3.01713    -0.93313
    82  H   1.0   0.082   1.000    13.12350    -0.56762    -1.29216
    83  H   1.0   0.081   1.000    12.38441    -1.71543     1.73507
    84  H   1.0   0.077   1.007     6.52789    -2.06587    -0.11420
    85  H   1.0   0.076   1.006    -1.28566     6.77595     0.29613
    86  H   1.0   0.075   1.005    -4.77559     9.91154     0.33452
    87  H   1.0   0.075   1.005    -6.91326    10.19456    -4.39451
    88  H   1.0   0.074   1.004    -8.24093    13.76510    -7.09275
    89  H   1.0   0.074   1.004   -11.92757    16.33924    -5.99790
    90  H   1.0   0.074   1.004   -14.43116    15.41944    -2.16268
    91  H   1.0   0.074   1.004   -16.29094    13.43526     2.30791
    92  H   1.0   0.074   1.004   -17.00586    10.92670     6.18304
    93  H   1.0   0.074   1.004   -14.16673     7.44953     7.30814
    94  H   1.0   0.075   1.005   -10.55277     6.31811     4.58202
    95  H   1.0   0.082   1.000   -10.95767     1.82389    -1.47363
    96  H   1.0   0.081   1.000   -11.88243     3.51391     1.24554
    97  H   1.0   0.082   1.000   -11.99221     4.99865    -1.72356
    98  H   1.0   0.077   1.007    -6.66332     0.83689    -0.41431
    99  H   1.0   0.077   1.006     2.83856    -6.16889    -0.07314
   100  H   1.0   0.075   1.005     1.80027   -10.74378    -0.17026
   101  H   1.0   0.075   1.005    -4.80216   -11.31220     4.34311
   102  H   1.0   0.074   1.004    -6.96733   -14.43018     7.05732
   103  H   1.0   0.074   1.004    -7.30452   -18.86833     5.78946
   104  H   1.0   0.074   1.004    -5.43258   -20.35520     1.77731
   105  H   1.0   0.074   1.004    -2.97333   -20.72467    -2.83188
   106  H   1.0   0.074   1.004    -0.60199   -19.87189    -6.76298
   107  H   1.0   0.074   1.004     0.83332   -15.59148    -7.78312
   108  H   1.0   0.075   1.005    -0.02606   -12.01702    -4.90273
 
  Z AO/shell   Hii/eV     exponent
  1     Sat Feb 20 21:38:01 CET 2016    EN: 2.327 GAM: 0.473  GM3: 0.0000
     1s    -13.751157    1.051071
  6     Sat Feb 20 21:38:01 CET 2016    EN: 2.731 GAM: 0.422  GM3: 0.0000
     2s    -19.378245    2.021003
     2p    -11.993376    1.497917
  7     Sat Feb 20 21:38:01 CET 2016    EN: 3.573 GAM: 0.504  GM3: 0.0000
     2s    -21.576984    2.275442
     2p    -16.125120    2.056788
 
 dipole moment of classical point charges (au)
     X       Y       Z   
   0.0222   0.0294  -0.0058  total (Debye):    0.095

 
 Nbf   :          306
 T(el) :   300.0
 calculating S/T integrals ...
 cpu time for ints   0.664974000000000     
 Nao   :          306
 making H0...
 making H1...
 cpu time for H      4.047300000000009E-002
 solving ...
 cpu time for diag   0.137761000000000     
 
 gap (eV)           :   4.327
 Koopmans IP (eV)   :  13.492
 Eel (Eh)           :  -245.623582
 T,E(Fermi),NFOD :    300.000   -11.328  0.000000
 T,E(Fermi),NFOD :    300.000   -11.328  0.000000
 Nfod               :  0.0000
 Nfod/Nel           :  0.0000

          eigenvalues
 #    :         144        145        146        147        148        149        150        151
 occ. :        2.000      2.000      2.000      2.000      2.000      2.000      2.000      2.000
 eps  :       -15.544    -15.447    -15.432    -15.418    -15.094    -15.075    -15.053    -14.102
 #    :         152        153        154        155        156        157        158        159
 occ. :        2.000      2.000      2.000      2.000      2.000      0.000      0.000      0.000
 eps  :       -14.102    -14.102    -13.516    -13.512    -13.493     -9.166     -9.164     -7.009
 #    :         160        161        162        163        164        165        166        167
 occ. :        0.000      0.000      0.000      0.000      0.000      0.000      0.000      0.000
 eps  :        -6.887     -6.887     -6.835     -6.600     -6.211     -6.187     -5.397     -5.381
                            1  SCC done.
 making H1...
 cpu time for H      0.178775000000000     
 solving ...
 cpu time for diag   9.459699999999993E-002
 
 gap (eV)           :   4.584
 Koopmans IP (eV)   :  13.382
 Eel (Eh)           :  -244.170302
 T,E(Fermi),NFOD :    300.000   -11.090  0.000000
 T,E(Fermi),NFOD :    300.000   -11.090  0.000000
 Nfod               :  0.0000
 Nfod/Nel           :  0.0000

          eigenvalues
 #    :         144        145        146        147        148        149        150        151
 occ. :        2.000      2.000      2.000      2.000      2.000      2.000      2.000      2.000
 eps  :       -15.321    -15.302    -15.035    -14.808    -14.801    -14.627    -14.626    -13.996
 #    :         152        153        154        155        156        157        158        159
 occ. :        2.000      2.000      2.000      2.000      2.000      0.000      0.000      0.000
 eps  :       -13.994    -13.989    -13.390    -13.386    -13.383     -8.799     -8.798     -6.837
 #    :         160        161        162        163        164        165        166        167
 occ. :        0.000      0.000      0.000      0.000      0.000      0.000      0.000      0.000
 eps  :        -6.765     -6.759     -6.692     -6.547     -6.220     -6.193     -5.345     -5.336
                            2  SCC done.
 
 
 Mulliken/CM5 charges    n(s)   n(p)   n(d)   
    1 C  -0.0829 -0.2265   1.080  3.003  0.000
    2 C   0.0164  0.0064   1.181  2.803  0.000
    3 C  -0.0365 -0.0850   1.145  2.891  0.000
    4 C   0.0256  0.0293   1.153  2.821  0.000
    5 C   0.1119  0.2657   1.213  2.675  0.000
    6 N  -0.2176 -0.4007   1.499  3.719  0.000
    7 C   0.1121  0.2659   1.213  2.675  0.000
    8 C   0.0257  0.0293   1.153  2.821  0.000
    9 C  -0.0266 -0.0772   1.141  2.886  0.000
   10 C  -0.0238 -0.0716   1.137  2.886  0.000
   11 C   0.0499  0.1070   1.180  2.770  0.000
   12 N  -0.0987 -0.3471   1.233  3.866  0.000
   13 C   0.0344  0.0976   1.184  2.782  0.000
   14 C  -0.0442 -0.0938   1.135  2.909  0.000
   15 C  -0.0395 -0.0955   1.135  2.904  0.000
   16 C  -0.0490 -0.1051   1.132  2.917  0.000
   17 C  -0.0365 -0.0893   1.138  2.898  0.000
   18 C  -0.0291 -0.0262   1.166  2.863  0.000
   19 C  -0.0294 -0.0265   1.166  2.863  0.000
   20 C  -0.0366 -0.0894   1.138  2.898  0.000
   21 C  -0.0491 -0.1051   1.132  2.917  0.000
   22 C  -0.0392 -0.0951   1.135  2.904  0.000
   23 C  -0.0444 -0.0933   1.135  2.910  0.000
   24 C   0.0340  0.0973   1.184  2.782  0.000
   25 C   0.0166  0.0066   1.181  2.803  0.000
   26 C  -0.0828 -0.2263   1.080  3.003  0.000
   27 C  -0.0364 -0.0849   1.145  2.891  0.000
   28 N  -0.2175 -0.4004   1.499  3.718  0.000
   29 C   0.1120  0.2658   1.213  2.675  0.000
   30 C   0.0255  0.0292   1.153  2.821  0.000
   31 C  -0.0266 -0.0771   1.141  2.886  0.000
   32 C  -0.0239 -0.0718   1.137  2.887  0.000
   33 C   0.0499  0.1071   1.180  2.770  0.000
   34 N  -0.0985 -0.3467   1.233  3.866  0.000
   35 C   0.0340  0.0972   1.184  2.782  0.000
   36 C  -0.0443 -0.0933   1.135  2.910  0.000
   37 C  -0.0391 -0.0951   1.135  2.904  0.000
   38 C  -0.0489 -0.1050   1.132  2.917  0.000
   39 C  -0.0366 -0.0894   1.138  2.898  0.000
   40 C  -0.0293 -0.0264   1.166  2.863  0.000
   41 C  -0.0290 -0.0261   1.166  2.863  0.000
   42 C  -0.0364 -0.0892   1.138  2.898  0.000
   43 C  -0.0489 -0.1050   1.132  2.917  0.000
   44 C  -0.0395 -0.0955   1.135  2.904  0.000
   45 C  -0.0443 -0.0939   1.135  2.909  0.000
   46 C   0.0345  0.0976   1.184  2.782  0.000
   47 C   0.0162  0.0063   1.181  2.803  0.000
   48 C  -0.0829 -0.2266   1.080  3.003  0.000
   49 C  -0.0366 -0.0851   1.145  2.891  0.000
   50 N  -0.2177 -0.4010   1.499  3.719  0.000
   51 C  -0.0267 -0.0773   1.141  2.886  0.000
   52 C  -0.0240 -0.0719   1.137  2.887  0.000
   53 C   0.0499  0.1070   1.180  2.770  0.000
   54 N  -0.0986 -0.3469   1.233  3.866  0.000
   55 C   0.0345  0.0976   1.184  2.782  0.000
   56 C  -0.0443 -0.0939   1.135  2.909  0.000
   57 C  -0.0395 -0.0955   1.135  2.904  0.000
   58 C  -0.0489 -0.1051   1.132  2.917  0.000
   59 C  -0.0364 -0.0892   1.138  2.898  0.000
   60 C  -0.0290 -0.0262   1.166  2.863  0.000
   61 C  -0.0293 -0.0265   1.166  2.863  0.000
   62 C  -0.0366 -0.0894   1.138  2.898  0.000
   63 C  -0.0490 -0.1051   1.132  2.917  0.000
   64 C  -0.0391 -0.0951   1.135  2.904  0.000
   65 C  -0.0444 -0.0933   1.135  2.910  0.000
   66 C   0.0339  0.0972   1.184  2.782  0.000
   67 H   0.0445  0.1017   0.955  0.000  0.000
   68 H   0.0453  0.0997   0.955  0.000  0.000
   69 H   0.0410  0.0943   0.959  0.000  0.000
   70 H   0.0486  0.1131   0.951  0.000  0.000
   71 H   0.0532  0.1165   0.947  0.000  0.000
   72 H   0.0455  0.1064   0.955  0.000  0.000
   73 H   0.0411  0.1009   0.959  0.000  0.000
   74 H   0.0434  0.0999   0.957  0.000  0.000
   75 H   0.0401  0.0966   0.960  0.000  0.000
   76 H   0.0421  0.0992   0.958  0.000  0.000
   77 H   0.0420  0.0992   0.958  0.000  0.000
   78 H   0.0401  0.0966   0.960  0.000  0.000
   79 H   0.0434  0.0999   0.957  0.000  0.000
   80 H   0.0400  0.0997   0.960  0.000  0.000
   81 H   0.0409  0.0942   0.959  0.000  0.000
   82 H   0.0446  0.1015   0.955  0.000  0.000
   83 H   0.0454  0.0999   0.955  0.000  0.000
   84 H   0.0487  0.1131   0.951  0.000  0.000
   85 H   0.0532  0.1165   0.947  0.000  0.000
   86 H   0.0455  0.1065   0.954  0.000  0.000
   87 H   0.0401  0.0998   0.960  0.000  0.000
   88 H   0.0434  0.1000   0.957  0.000  0.000
   89 H   0.0401  0.0966   0.960  0.000  0.000
   90 H   0.0420  0.0992   0.958  0.000  0.000
   91 H   0.0421  0.0993   0.958  0.000  0.000
   92 H   0.0401  0.0966   0.960  0.000  0.000
   93 H   0.0433  0.0999   0.957  0.000  0.000
   94 H   0.0411  0.1009   0.959  0.000  0.000
   95 H   0.0410  0.0943   0.959  0.000  0.000
   96 H   0.0452  0.0996   0.955  0.000  0.000
   97 H   0.0445  0.1017   0.955  0.000  0.000
   98 H   0.0486  0.1130   0.951  0.000  0.000
   99 H   0.0532  0.1164   0.947  0.000  0.000
  100 H   0.0454  0.1064   0.955  0.000  0.000
  101 H   0.0411  0.1009   0.959  0.000  0.000
  102 H   0.0434  0.0999   0.957  0.000  0.000
  103 H   0.0401  0.0966   0.960  0.000  0.000
  104 H   0.0421  0.0993   0.958  0.000  0.000
  105 H   0.0420  0.0992   0.958  0.000  0.000
  106 H   0.0401  0.0966   0.960  0.000  0.000
  107 H   0.0434  0.1000   0.957  0.000  0.000
  108 H   0.0401  0.0998   0.960  0.000  0.000
 Hirshfeld charges for QMDFF written to <charges>
 
 Loewdin charges    n(s)   n(p)   n(d)
    1 C  -0.0856   1.005  3.080  0.000
    2 C   0.0218   1.138  2.840  0.000
    3 C  -0.0326   1.093  2.940  0.000
    4 C   0.0252   1.111  2.863  0.000
    5 C   0.1040   1.183  2.713  0.000
    6 N  -0.2043   1.468  3.737  0.000
    7 C   0.1042   1.183  2.713  0.000
    8 C   0.0253   1.111  2.863  0.000
    9 C  -0.0194   1.087  2.933  0.000
   10 C  -0.0202   1.084  2.936  0.000
   11 C   0.0452   1.144  2.810  0.000
   12 N  -0.0571   1.190  3.867  0.000
   13 C   0.0284   1.149  2.823  0.000
   14 C  -0.0419   1.082  2.959  0.000
   15 C  -0.0311   1.080  2.951  0.000
   16 C  -0.0430   1.078  2.965  0.000
   17 C  -0.0307   1.084  2.946  0.000
   18 C  -0.0290   1.125  2.904  0.000
   19 C  -0.0293   1.125  2.905  0.000
   20 C  -0.0308   1.084  2.946  0.000
   21 C  -0.0431   1.078  2.965  0.000
   22 C  -0.0308   1.080  2.951  0.000
   23 C  -0.0421   1.082  2.960  0.000
   24 C   0.0280   1.149  2.823  0.000
   25 C   0.0220   1.138  2.840  0.000
   26 C  -0.0855   1.005  3.080  0.000
   27 C  -0.0325   1.093  2.940  0.000
   28 N  -0.2042   1.468  3.737  0.000
   29 C   0.1042   1.183  2.713  0.000
   30 C   0.0251   1.111  2.864  0.000
   31 C  -0.0193   1.087  2.933  0.000
   32 C  -0.0204   1.084  2.936  0.000
   33 C   0.0452   1.144  2.810  0.000
   34 N  -0.0568   1.190  3.866  0.000
   35 C   0.0280   1.149  2.823  0.000
   36 C  -0.0420   1.082  2.960  0.000
   37 C  -0.0308   1.080  2.950  0.000
   38 C  -0.0429   1.078  2.965  0.000
   39 C  -0.0308   1.084  2.946  0.000
   40 C  -0.0292   1.125  2.905  0.000
   41 C  -0.0289   1.125  2.904  0.000
   42 C  -0.0306   1.084  2.946  0.000
   43 C  -0.0429   1.078  2.965  0.000
   44 C  -0.0311   1.080  2.951  0.000
   45 C  -0.0420   1.082  2.960  0.000
   46 C   0.0285   1.149  2.823  0.000
   47 C   0.0216   1.138  2.840  0.000
   48 C  -0.0856   1.006  3.080  0.000
   49 C  -0.0327   1.093  2.940  0.000
   50 N  -0.2044   1.468  3.737  0.000
   51 C  -0.0195   1.087  2.933  0.000
   52 C  -0.0204   1.084  2.936  0.000
   53 C   0.0452   1.144  2.810  0.000
   54 N  -0.0569   1.190  3.866  0.000
   55 C   0.0284   1.149  2.823  0.000
   56 C  -0.0420   1.082  2.960  0.000
   57 C  -0.0311   1.080  2.951  0.000
   58 C  -0.0429   1.078  2.965  0.000
   59 C  -0.0306   1.084  2.946  0.000
   60 C  -0.0289   1.125  2.904  0.000
   61 C  -0.0292   1.125  2.905  0.000
   62 C  -0.0308   1.084  2.946  0.000
   63 C  -0.0430   1.078  2.965  0.000
   64 C  -0.0308   1.080  2.950  0.000
   65 C  -0.0421   1.082  2.960  0.000
   66 C   0.0280   1.149  2.823  0.000
   67 H   0.0429   0.957  0.000  0.000
   68 H   0.0444   0.956  0.000  0.000
   69 H   0.0402   0.960  0.000  0.000
   70 H   0.0393   0.961  0.000  0.000
   71 H   0.0433   0.957  0.000  0.000
   72 H   0.0367   0.963  0.000  0.000
   73 H   0.0334   0.967  0.000  0.000
   74 H   0.0357   0.964  0.000  0.000
   75 H   0.0329   0.967  0.000  0.000
   76 H   0.0341   0.966  0.000  0.000
   77 H   0.0340   0.966  0.000  0.000
   78 H   0.0329   0.967  0.000  0.000
   79 H   0.0357   0.964  0.000  0.000
   80 H   0.0321   0.968  0.000  0.000
   81 H   0.0402   0.960  0.000  0.000
   82 H   0.0429   0.957  0.000  0.000
   83 H   0.0445   0.956  0.000  0.000
   84 H   0.0394   0.961  0.000  0.000
   85 H   0.0434   0.957  0.000  0.000
   86 H   0.0367   0.963  0.000  0.000
   87 H   0.0322   0.968  0.000  0.000
   88 H   0.0357   0.964  0.000  0.000
   89 H   0.0329   0.967  0.000  0.000
   90 H   0.0340   0.966  0.000  0.000
   91 H   0.0341   0.966  0.000  0.000
   92 H   0.0329   0.967  0.000  0.000
   93 H   0.0356   0.964  0.000  0.000
   94 H   0.0334   0.967  0.000  0.000
   95 H   0.0402   0.960  0.000  0.000
   96 H   0.0444   0.956  0.000  0.000
   97 H   0.0429   0.957  0.000  0.000
   98 H   0.0393   0.961  0.000  0.000
   99 H   0.0433   0.957  0.000  0.000
  100 H   0.0366   0.963  0.000  0.000
  101 H   0.0334   0.967  0.000  0.000
  102 H   0.0356   0.964  0.000  0.000
  103 H   0.0329   0.967  0.000  0.000
  104 H   0.0341   0.966  0.000  0.000
  105 H   0.0340   0.966  0.000  0.000
  106 H   0.0329   0.967  0.000  0.000
  107 H   0.0357   0.964  0.000  0.000
  108 H   0.0321   0.968  0.000  0.000
 
 Wiberg/Mayer (AO) data. WBOs > 0.1 written file <wbo>
 largest (>0.05) Wiberg bond orders for each atom
           total WBO             WBO to atom ...
     1  C   3.985    C    2 0.994    H   69 0.977    H   67 0.975    H   68 0.965
     2  C   3.946    C    3 1.422    C   53 1.339    C    1 0.994    C   51 0.098
     3  C   3.969    C    2 1.422    C    4 1.353    H   70 0.941    C   52 0.097
     4  C   3.956    C    3 1.353    C   51 1.348    C    5 1.048    C   53 0.095
     5  C   3.909    N   50 1.342    N    6 1.341    C    4 1.048    N   28 0.075
     6  N   3.065    C    7 1.341    C    5 1.341    C   29 0.075    N   50 0.072    N   28 0.071
     7  C   3.909    N   28 1.341    N    6 1.341    C    8 1.047    N   50 0.075
     8  C   3.956    C   27 1.353    C    9 1.348    C    7 1.047    C   11 0.095
     9  C   3.970    C   10 1.457    C    8 1.348    H   71 0.941    C   25 0.098
    10  C   3.969    C    9 1.457    C   11 1.380    H   72 0.943    C   27 0.097
    11  C   3.921    C   10 1.380    C   25 1.339    N   12 0.966    C    8 0.095
    12  N   3.438    C   13 1.059    C   24 1.057    C   11 0.966
    13  C   3.927    C   14 1.367    C   18 1.263    N   12 1.059    C   16 0.090
    14  C   3.968    C   15 1.451    C   13 1.367    H   73 0.944    C   17 0.102
    15  C   3.954    C   14 1.451    C   16 1.395    H   74 0.945    C   18 0.090
    16  C   3.969    C   17 1.460    C   15 1.395    H   75 0.945    C   13 0.090
    17  C   3.961    C   16 1.460    C   18 1.354    H   76 0.945    C   14 0.102
    18  C   3.955    C   17 1.354    C   13 1.263    C   19 1.088    C   15 0.090
    19  C   3.955    C   20 1.354    C   24 1.263    C   18 1.088    C   22 0.090
    20  C   3.961    C   21 1.460    C   19 1.354    H   77 0.945    C   23 0.103
    21  C   3.969    C   20 1.460    C   22 1.394    H   78 0.945    C   24 0.091
    22  C   3.954    C   23 1.452    C   21 1.394    H   79 0.945    C   19 0.090
    23  C   3.968    C   22 1.452    C   24 1.369    H   80 0.945    C   20 0.103
    24  C   3.927    C   23 1.369    C   19 1.263    N   12 1.057    C   21 0.091
    25  C   3.946    C   27 1.423    C   11 1.339    C   26 0.994    C    9 0.098
    26  C   3.985    C   25 0.994    H   81 0.977    H   82 0.974    H   83 0.965
    27  C   3.969    C   25 1.423    C    8 1.353    H   84 0.941    C   10 0.097
    28  N   3.065    C    7 1.341    C   29 1.341    C    5 0.075    N    6 0.071    N   50 0.071
    29  C   3.909    N   50 1.341    N   28 1.341    C   30 1.048    N    6 0.075
    30  C   3.956    C   49 1.353    C   31 1.347    C   29 1.048    C   33 0.095
    31  C   3.970    C   32 1.458    C   30 1.347    H   85 0.941    C   47 0.098
    32  C   3.969    C   31 1.458    C   33 1.379    H   86 0.943    C   49 0.097
    33  C   3.921    C   32 1.379    C   47 1.339    N   34 0.967    C   30 0.095
    34  N   3.439    C   46 1.059    C   35 1.057    C   33 0.967
    35  C   3.927    C   36 1.369    C   40 1.264    N   34 1.057    C   38 0.091
    36  C   3.968    C   37 1.452    C   35 1.369    H   87 0.945    C   39 0.103
    37  C   3.954    C   36 1.452    C   38 1.394    H   88 0.945    C   40 0.090
    38  C   3.969    C   39 1.460    C   37 1.394    H   89 0.945    C   35 0.091
    39  C   3.961    C   38 1.460    C   40 1.354    H   90 0.945    C   36 0.103
    40  C   3.955    C   39 1.354    C   35 1.264    C   41 1.088    C   37 0.090
    41  C   3.955    C   42 1.354    C   46 1.263    C   40 1.088    C   44 0.090
    42  C   3.961    C   43 1.460    C   41 1.354    H   91 0.945    C   45 0.102
    43  C   3.969    C   42 1.460    C   44 1.395    H   92 0.945    C   46 0.090
    44  C   3.954    C   45 1.451    C   43 1.395    H   93 0.945    C   41 0.090
    45  C   3.968    C   44 1.451    C   46 1.367    H   94 0.944    C   42 0.102
    46  C   3.927    C   45 1.367    C   41 1.263    N   34 1.059    C   43 0.090
    47  C   3.946    C   49 1.423    C   33 1.339    C   48 0.994    C   31 0.098
    48  C   3.985    C   47 0.994    H   95 0.977    H   97 0.975    H   96 0.965
    49  C   3.969    C   47 1.423    C   30 1.353    H   98 0.941    C   32 0.097
    50  N   3.065    C    5 1.342    C   29 1.341    C    7 0.075    N    6 0.072    N   28 0.071
    51  C   3.970    C   52 1.458    C    4 1.348    H   99 0.941    C    2 0.098
    52  C   3.969    C   51 1.458    C   53 1.380    H  100 0.943    C    3 0.097
    53  C   3.921    C   52 1.380    C    2 1.339    N   54 0.967    C    4 0.095
    54  N   3.439    C   55 1.059    C   66 1.057    C   53 0.967
    55  C   3.927    C   56 1.367    C   60 1.263    N   54 1.059    C   58 0.090
    56  C   3.968    C   57 1.451    C   55 1.367    H  101 0.944    C   59 0.102
    57  C   3.954    C   56 1.451    C   58 1.395    H  102 0.945    C   60 0.090
    58  C   3.969    C   59 1.460    C   57 1.395    H  103 0.945    C   55 0.090
    59  C   3.961    C   58 1.460    C   60 1.354    H  104 0.945    C   56 0.102
    60  C   3.955    C   59 1.354    C   55 1.263    C   61 1.088    C   57 0.090
    61  C   3.955    C   62 1.353    C   66 1.264    C   60 1.088    C   64 0.090
    62  C   3.961    C   63 1.460    C   61 1.353    H  105 0.945    C   65 0.103
    63  C   3.969    C   62 1.460    C   64 1.394    H  106 0.945    C   66 0.091
    64  C   3.954    C   65 1.452    C   63 1.394    H  107 0.945    C   61 0.090
    65  C   3.968    C   64 1.452    C   66 1.369    H  108 0.945    C   62 0.103
    66  C   3.927    C   65 1.369    C   61 1.264    N   54 1.057    C   63 0.091
    67  H   0.997    C    1 0.975
    68  H   0.997    C    1 0.965
    69  H   0.997    C    1 0.977
    70  H   0.997    C    3 0.941
    71  H   0.994    C    9 0.941
    72  H   0.995    C   10 0.943
    73  H   0.997    C   14 0.944
    74  H   0.997    C   15 0.945
    75  H   0.997    C   16 0.945
    76  H   0.997    C   17 0.945
    77  H   0.997    C   20 0.945
    78  H   0.997    C   21 0.945
    79  H   0.997    C   22 0.945
    80  H   0.997    C   23 0.945
    81  H   0.997    C   26 0.977
    82  H   0.997    C   26 0.974
    83  H   0.997    C   26 0.965
    84  H   0.997    C   27 0.941
    85  H   0.994    C   31 0.941
    86  H   0.995    C   32 0.943
    87  H   0.997    C   36 0.945
    88  H   0.997    C   37 0.945
    89  H   0.997    C   38 0.945
    90  H   0.997    C   39 0.945
    91  H   0.997    C   42 0.945
    92  H   0.997    C   43 0.945
    93  H   0.997    C   44 0.945
    94  H   0.997    C   45 0.944
    95  H   0.997    C   48 0.977
    96  H   0.997    C   48 0.965
    97  H   0.997    C   48 0.975
    98  H   0.997    C   49 0.941
    99  H   0.994    C   51 0.941
   100  H   0.996    C   52 0.943
   101  H   0.997    C   56 0.944
   102  H   0.997    C   57 0.945
   103  H   0.997    C   58 0.945
   104  H   0.997    C   59 0.945
   105  H   0.997    C   62 0.945
   106  H   0.997    C   63 0.945
   107  H   0.997    C   64 0.945
   108  H   0.997    C   65 0.945
 
 --------------------------------------------
          xTB calculation for sTDA...
 --------------------------------------------
 
 reading parameter file /home/tchapet/xtb4stda/.param_stda2.xtb
 
      method parameters     
 k(s)        :  1.6000
 k(p)        :  2.1800
 k(d)        :  1.9500
 k(f)        :  2.0000
 k(R-V)      :  2.2750
 k(R-R)      :  1.7650
 Tscal       :  0.2580
 Gscal       :  1.0000
 fpol        :  1.0000
 Zcnf        :  0.3430
 Zqf         :  0.0000
 kcn         :  2.7000
 Ryd Hsplit  :  0.7000
 lshift(virt):  3.1000
 lshift(OS)  :  0.2000
 wllscaling  :  2.6000
 
 mowrcut     : 3.000
 
  Z AO/shell   Hii/eV     exponent
  1     Sun Feb 14 09:53:25 CET 2016    EN: 2.327 GAM: 0.473  GM3: 0.0000
     1s    -14.339618    1.220000
     2sp    -3.348946    0.600000
  6     Sun Feb 14 09:53:25 CET 2016    EN: 2.731 GAM: 0.422  GM3: 0.0000
     2s    -22.009312    1.565095
     2p    -13.020408    1.596905
     3sp    -3.914040    0.824500
  7     Sun Feb 14 09:53:25 CET 2016    EN: 3.573 GAM: 0.504  GM3: 0.0000
     2s    -25.722000    2.064844
     2p    -18.684912    1.801692
     3sp    -4.344791    0.921400
 
 Nbf   :          738
 T(el) :     0.0
 calculating S/T integrals ...
 cpu time for ints    2.78207300000000     
 Nao   :          738
 making H0...
 making H1...
 cpu time for H      8.347999999999800E-003
 solving ...
 cpu time for diag   0.261677000000000     
 
 gap (eV)           :   6.524
 Koopmans IP (eV)   :  14.277
 Eel (Eh)           :  -270.235734

          eigenvalues
 #    :         144        145        146        147        148        149        150        151
 occ. :        2.000      2.000      2.000      2.000      2.000      2.000      2.000      2.000
 eps  :       -16.342    -16.237    -16.229    -16.220    -16.187    -16.143    -16.125    -15.113
 #    :         152        153        154        155        156        157        158        159
 occ. :        2.000      2.000      2.000      2.000      2.000      0.000      0.000      0.000
 eps  :       -15.106    -15.095    -14.297    -14.290    -14.278     -7.753     -7.749     -6.694
 #    :         160        161        162        163        164        165        166        167
 occ. :        0.000      0.000      0.000      0.000      0.000      0.000      0.000      0.000
 eps  :        -6.583     -6.574     -6.474     -6.064     -6.051     -6.035     -5.794     -5.788
                            1  SCC done.
 writing mo output ...
 molden style : F
 
speedup  6.77
cpu  time for all    4.49 s
wall time for all    0.66 s
