 
        ______________________________________
       |                                      |
       |          ===================         |
       |             xTB for sTDA             |
       |          ===================         |
       |               S. Grimme              |
       |        Universitaet Bonn, MCTC       |
       |         2015-19, Version 1.0         |
       |     Wed Apr  3 09:14:55 CEST 2019    |
       |______________________________________|
 
        This code comes without any warranty
        for non-commercial, academia use only.
        Preliminary test version.
        Cite this work as:
        S. Grimme  &  C. Bannwarth, JCP 145 (2016) 054103
        if GBSA is used additionally:
        P. Shushkov, F. März, C. Bannwarth, S. Grimme, unpublished.
 
        with help from
        P. Shushkov, G. Brandenburg, S. Dohm, J. Pisarek,
        F. März, M. Checinski, S. Ehrlich, S. Spicher, 
        P. Pracht, E. Caldeweyher, S. Ehlert, and C. Bannwarth.
 
        usage        :
        xtb4stda <coord_file> [options]
        where <coord_file> is a valid file of TM)
        (*coord, Bohr) or xmol (*xyz, Angstroem)
        format.

        options:
        -chrg <int>   : molecular charge
        -uhf  <int>   : # of unpaired electrons(=2*S)
        -nox          : skip second, extended part in sTDA-xTB
        -pop          : do population analysis
                      : (default for -nox)
        -mowr <real>  : cut MO write above (def.3 Eh)
        -molden       : write formatted molden file
        -parx <file>  : read parameters for sTDA-xTB
                        calc (def:~/.param_stda2.xtb)
        -parv <file>  : read parameters for vTB part in
                        sTDA-xTB (def: ~/.param_stda1.xtb)
        -xtemp <real> : el. temp for xTB (def. 0 K)
        -etemp <real> : el. temp for GFN (def. 300 K)
        -fod          : calculate the FOD and write
                        molden.input file with
                        appropriate occupations
                        for plotting. Def. T=12500 K
 
        -acc <real>   : xTB accuracy (def. 1.0)
        -gbsa [string1] [string2]
                        use GBSA implicit solvent
                        for solvent [string1] and
                        solvation state [string2]=
                        reference, bar1M (default=1M)
        additional GFN/opt/MD/siman options read from
        $XTB4STDAHOME/.xtb4stdarc or $set in input
 
       spin and charge state information can be on:
       <.CHRG> (charge) and <.UHF> (=nalpha-nbeta)
       -uhf and -chrg override the file info.
       useful machine settings:
       setenv MKL_NUM_THREADS <NCORE_ON_YOUR_MACHINE>
       setenv OMP_STACKSIZE 500m
       limit stacksize unlimited
 
       total energies in Eh, gaps/HL energies in eV
       please read REVISION and HOWTO files carefully
 =============================
  # OMP threads =          16
 =============================
 
 xtb4stdahome directory:/home/tchapet/xtb4stda/
 
 argument            1 :gbsa
 argument            2 :toluene
 
 name of molecule           :
 comment line               :
 number of atoms            :    85
 number of electrons        :   236
 charge                     :  0
 spin                       : 0.0
 first test random number   :  0.9220
 
 -----------------------------------------
      charge density (VTB) calculation
 -----------------------------------------
 
      method parameters     
 k(s)        :  1.8000
 k(p)        :  2.8350
 k(d)        :  2.0860
 k(f)        :  2.0000
 Tscal       :  0.3300
 Gscal       :  0.3910
 fpol        :  1.0000
 Zcnf        :  0.6500
 Zqf         :  0.0000
 kcn         :  0.3000
 kEN1        : -0.5900
 wllscal     :  2.6000
 
     -------------------------
     ! NO SOLVENT MODEL USED !
     -------------------------
 
 doing EN charges ...
 sum q : -0.4773959D-14
 point charge moment (au)
     X       Y       Z   
  -0.1172  -0.0394  -0.5339  total (Debye):    1.393
 
            Z      q(EN)   CN      Cart. coordinates
     1  C   4.0  -0.252   4.050   -13.90318    -9.22819     1.96514
     2  C   4.0   0.008   3.149   -12.56647    -6.79712     1.39058
     3  C   4.0  -0.073   3.180   -13.50371    -5.10213    -0.38102
     4  C   4.0  -0.069   3.188   -12.25969    -2.86952    -0.91248
     5  C   4.0   0.089   3.270   -10.03031    -2.25105     0.35017
     6  N   5.0  -0.311   3.253    -8.72750    -0.01315    -0.16046
     7  C   4.0   0.089   3.270    -9.96740     2.20189    -0.88505
     8  C   4.0  -0.069   3.188   -12.38687     2.77993    -0.01114
     9  C   4.0  -0.073   3.181   -13.55959     4.99438    -0.73886
    10  C   4.0   0.008   3.149   -12.36754     6.71119    -2.32931
    11  C   4.0  -0.252   4.050   -13.65769     9.09958    -3.14020
    12  C   4.0  -0.073   3.182    -9.94697     6.13672    -3.17441
    13  C   4.0  -0.068   3.194    -8.76048     3.92052    -2.47888
    14  C   4.0   0.084   3.338    -6.07128     0.01505     0.07526
    15  C   4.0   0.001   3.278    -4.59865    -1.61326    -1.42422
    16  C   4.0  -0.072   3.185    -5.68512    -3.23102    -3.26539
    17  C   4.0  -0.072   3.137    -4.23398    -4.82725    -4.66786
    18  C   4.0  -0.072   3.135    -1.60049    -4.92440    -4.29540
    19  C   4.0  -0.073   3.184    -0.47753    -3.35954    -2.59081
    20  C   4.0  -0.003   3.280    -1.91182    -1.61605    -1.13994
    21  C   4.0  -0.002   3.285    -0.75719     0.07087     0.54643
    22  C   4.0  -0.005   3.240     2.02646     0.09896     0.79707
    23  C   4.0  -0.071   3.189     3.53216     1.02663    -1.15330
    24  C   4.0  -0.079   3.253     6.13365     1.06262    -0.92608
    25  C   4.0  -0.021   3.169     7.26637     0.15923     1.26314
    26  P   5.0   0.253   4.860    10.67490     0.07107     1.73091
    27  O   6.0  -0.178   1.021    11.40793     0.25319     4.41544
    28  C   4.0  -0.021   3.170    11.96638     2.62224    -0.18974
    29  C   4.0  -0.081   3.256    12.43750     2.38003    -2.76074
    30  C   4.0  -0.071   3.146    13.40982     4.40754    -4.09579
    31  C   4.0  -0.074   3.146    13.91313     6.66929    -2.87394
    32  C   4.0  -0.070   3.144    13.45223     6.90934    -0.30695
    33  C   4.0  -0.083   3.305    12.47973     4.88629     1.03353
    34  C   4.0  -0.021   3.170    11.74448    -2.84518     0.24133
    35  C   4.0  -0.083   3.306    13.91899    -3.94465     1.21465
    36  C   4.0  -0.070   3.144    14.86292    -6.14170     0.15763
    37  C   4.0  -0.074   3.146    13.63035    -7.24301    -1.87401
    38  C   4.0  -0.071   3.146    11.45268    -6.15405    -2.84002
    39  C   4.0  -0.081   3.256    10.50371    -3.95624    -1.78732
    40  C   4.0  -0.082   3.306     5.77750    -0.76141     3.21905
    41  C   4.0  -0.069   3.188     3.17716    -0.78996     2.99186
    42  C   4.0  -0.004   3.280    -2.22518     1.72969     2.00131
    43  C   4.0  -0.072   3.184    -1.10467     3.49642     3.68220
    44  C   4.0  -0.072   3.135    -2.54307     5.02915     5.16471
    45  C   4.0  -0.072   3.137    -5.19846     4.87640     5.06784
    46  C   4.0  -0.072   3.185    -6.34670     3.25633     3.43143
    47  C   4.0   0.001   3.278    -4.91957     1.66981     1.80877
    48  C   4.0  -0.068   3.193    -9.07665    -3.95042     2.12746
    49  C   4.0  -0.073   3.182   -10.32728    -6.18353     2.62359
    50  H   1.0   0.082   0.999   -15.64862    -9.37924     0.89206
    51  H   1.0   0.080   0.999   -14.35073    -9.34681     3.97160
    52  H   1.0   0.080   0.999   -12.70279   -10.83445     1.49506
    53  H   1.0   0.074   1.005   -15.22955    -5.53809    -1.38361
    54  H   1.0   0.076   1.006   -13.00356    -1.60218    -2.33033
    55  H   1.0   0.076   1.006   -13.33343     1.49728     1.26507
    56  H   1.0   0.074   1.005   -15.43336     5.40390    -0.03521
    57  H   1.0   0.081   0.999   -15.18111     9.58570    -1.84939
    58  H   1.0   0.081   0.999   -12.32085    10.66047    -3.21429
    59  H   1.0   0.080   0.999   -14.46212     8.86596    -5.02410
    60  H   1.0   0.074   1.005    -8.97662     7.44214    -4.41034
    61  H   1.0   0.076   1.006    -6.88220     3.50585    -3.16387
    62  H   1.0   0.077   1.008    -7.70162    -3.17622    -3.55917
    63  H   1.0   0.074   1.004    -5.09604    -6.03672    -6.06803
    64  H   1.0   0.074   1.004    -0.48164    -6.24016    -5.38365
    65  H   1.0   0.076   1.007     1.54205    -3.42705    -2.30763
    66  H   1.0   0.075   1.005     2.64457     1.73571    -2.85022
    67  H   1.0   0.076   1.008     7.28653     1.80890    -2.43748
    68  H   1.0   0.076   1.008    12.06366     0.60652    -3.70202
    69  H   1.0   0.074   1.004    13.78170     4.22118    -6.09444
    70  H   1.0   0.074   1.004    14.67602     8.24459    -3.92379
    71  H   1.0   0.074   1.004    13.85286     8.66817     0.64859
    72  H   1.0   0.077   1.010    12.12328     5.01861     3.04168
    73  H   1.0   0.077   1.010    14.83533    -3.05825     2.81219
    74  H   1.0   0.074   1.004    16.55513    -6.99408     0.91709
    75  H   1.0   0.074   1.004    14.36343    -8.95910    -2.70079
    76  H   1.0   0.074   1.004    10.48798    -7.02300    -4.41555
    77  H   1.0   0.076   1.008     8.79641    -3.11081    -2.52322
    78  H   1.0   0.077   1.010     6.69371    -1.43261     4.91824
    79  H   1.0   0.075   1.005     2.01957    -1.50967     4.51231
    80  H   1.0   0.076   1.007     0.93162     3.60425     3.76553
    81  H   1.0   0.074   1.004    -1.65931     6.36068     6.43501
    82  H   1.0   0.074   1.004    -6.31802     6.06078     6.29670
    83  H   1.0   0.077   1.008    -8.38175     3.15802     3.36744
    84  H   1.0   0.076   1.006    -7.34658    -3.50318     3.11568
    85  H   1.0   0.074   1.005    -9.55861    -7.47268     4.00946
 
  Z AO/shell   Hii/eV     exponent
  1     Sat Feb 20 21:38:01 CET 2016    EN: 2.327 GAM: 0.473  GM3: 0.0000
     1s    -13.751157    1.051071
  6     Sat Feb 20 21:38:01 CET 2016    EN: 2.731 GAM: 0.422  GM3: 0.0000
     2s    -19.378245    2.021003
     2p    -11.993376    1.497917
  7     Sat Feb 20 21:38:01 CET 2016    EN: 3.573 GAM: 0.504  GM3: 0.0000
     2s    -21.576984    2.275442
     2p    -16.125120    2.056788
  8     Sat Feb 20 21:38:01 CET 2016    EN: 3.700 GAM: 0.587  GM3: 0.0000
     2s    -21.648843    2.110798
     2p    -17.239740    2.329048
 15     Sat Feb 20 23:13:41 CET 2016    EN: 2.235 GAM: 0.347  GM3: 0.0000
     3s    -16.887204    2.722003
     3p    -14.235194    1.529152
     3d      0.824249    1.529152
 
 dipole moment of classical point charges (au)
     X       Y       Z   
  -0.1172  -0.0394  -0.5339  total (Debye):    1.393

 
 Nbf   :          238
 T(el) :   300.0
 calculating S/T integrals ...
 cpu time for ints   0.573344000000000     
 Nao   :          237
 making H0...
 making H1...
 cpu time for H      4.768299999999992E-002
 solving ...
 cpu time for diag   0.259480000000000     
 
 gap (eV)           :   0.984
 Koopmans IP (eV)   :  12.688
 Eel (Eh)           :  -184.481719
 T,E(Fermi),NFOD :    300.000   -12.196  0.000000
 T,E(Fermi),NFOD :    300.000   -12.196  0.000000
 Nfod               :  0.0000
 Nfod/Nel           :  0.0000

          eigenvalues
 #    :         106        107        108        109        110        111        112        113
 occ. :        2.000      2.000      2.000      2.000      2.000      2.000      2.000      2.000
 eps  :       -15.642    -15.584    -15.559    -15.558    -15.536    -15.527    -15.448    -15.438
 #    :         114        115        116        117        118        119        120        121
 occ. :        2.000      2.000      2.000      2.000      2.000      0.000      0.000      0.000
 eps  :       -15.246    -15.141    -14.965    -13.547    -12.689    -11.705     -8.624     -6.995
 #    :         122        123        124        125        126        127        128        129
 occ. :        0.000      0.000      0.000      0.000      0.000      0.000      0.000      0.000
 eps  :        -6.521     -6.466     -5.953     -5.926     -5.772     -5.472     -5.458     -5.456
                            1  SCC done.
 making H1...
 cpu time for H      0.288181000000000     
 solving ...
 cpu time for diag   9.255000000000002E-002
 
 gap (eV)           :   1.072
 Koopmans IP (eV)   :  12.475
 Eel (Eh)           :  -183.362688
 T,E(Fermi),NFOD :    300.000   -11.939  0.000000
 T,E(Fermi),NFOD :    300.000   -11.939  0.000000
 Nfod               :  0.0000
 Nfod/Nel           :  0.0000

          eigenvalues
 #    :         106        107        108        109        110        111        112        113
 occ. :        2.000      2.000      2.000      2.000      2.000      2.000      2.000      2.000
 eps  :       -15.558    -15.509    -15.479    -15.451    -15.408    -15.355    -15.237    -15.060
 #    :         114        115        116        117        118        119        120        121
 occ. :        2.000      2.000      2.000      2.000      2.000      0.000      0.000      0.000
 eps  :       -14.850    -14.121    -14.113    -13.379    -12.476    -11.405     -8.537     -6.884
 #    :         122        123        124        125        126        127        128        129
 occ. :        0.000      0.000      0.000      0.000      0.000      0.000      0.000      0.000
 eps  :        -6.477     -6.428     -5.899     -5.844     -5.671     -5.456     -5.453     -5.436
                            2  SCC done.
 
 
 Mulliken/CM5 charges    n(s)   n(p)   n(d)   
    1 C  -0.0843 -0.2298   1.080  3.005  0.000
    2 C  -0.0089 -0.0270   1.176  2.833  0.000
    3 C  -0.0498 -0.1040   1.138  2.912  0.000
    4 C  -0.0480 -0.0977   1.137  2.911  0.000
    5 C   0.0482  0.1032   1.175  2.777  0.000
    6 N  -0.1260 -0.3757   1.221  3.905  0.000
    7 C   0.0485  0.1033   1.175  2.777  0.000
    8 C  -0.0472 -0.0969   1.137  2.910  0.000
    9 C  -0.0494 -0.1035   1.138  2.912  0.000
   10 C  -0.0088 -0.0268   1.176  2.833  0.000
   11 C  -0.0843 -0.2297   1.080  3.005  0.000
   12 C  -0.0483 -0.1023   1.137  2.911  0.000
   13 C  -0.0479 -0.0959   1.136  2.912  0.000
   14 C   0.0426  0.1009   1.192  2.765  0.000
   15 C  -0.0016 -0.0013   1.169  2.833  0.000
   16 C  -0.0374 -0.0890   1.142  2.896  0.000
   17 C  -0.0369 -0.0932   1.136  2.901  0.000
   18 C  -0.0363 -0.0925   1.136  2.900  0.000
   19 C  -0.0415 -0.0947   1.141  2.901  0.000
   20 C  -0.0030 -0.0071   1.170  2.833  0.000
   21 C  -0.0202 -0.0239   1.176  2.844  0.000
   22 C   0.0068 -0.0036   1.170  2.823  0.000
   23 C  -0.0335 -0.0874   1.145  2.888  0.000
   24 C  -0.0401 -0.0912   1.143  2.897  0.000
   25 C  -0.0516 -0.0268   1.213  2.838  0.000
   26 P   0.3546  0.2347   1.369  3.005  0.271
   27 O  -0.3895 -0.4094   1.619  4.770  0.000
   28 C  -0.0481 -0.0234   1.214  2.834  0.000
   29 C  -0.0400 -0.0910   1.142  2.898  0.000
   30 C  -0.0296 -0.0858   1.139  2.891  0.000
   31 C  -0.0304 -0.0868   1.137  2.894  0.000
   32 C  -0.0257 -0.0817   1.140  2.886  0.000
   33 C  -0.0258 -0.0750   1.143  2.883  0.000
   34 C  -0.0481 -0.0235   1.214  2.834  0.000
   35 C  -0.0260 -0.0751   1.143  2.883  0.000
   36 C  -0.0258 -0.0818   1.140  2.886  0.000
   37 C  -0.0306 -0.0869   1.137  2.894  0.000
   38 C  -0.0297 -0.0859   1.139  2.891  0.000
   39 C  -0.0399 -0.0910   1.142  2.898  0.000
   40 C  -0.0264 -0.0755   1.144  2.883  0.000
   41 C  -0.0293 -0.0830   1.146  2.883  0.000
   42 C  -0.0017 -0.0059   1.170  2.832  0.000
   43 C  -0.0398 -0.0931   1.141  2.899  0.000
   44 C  -0.0344 -0.0907   1.136  2.898  0.000
   45 C  -0.0357 -0.0919   1.136  2.900  0.000
   46 C  -0.0382 -0.0898   1.142  2.896  0.000
   47 C  -0.0012 -0.0008   1.169  2.832  0.000
   48 C  -0.0474 -0.0955   1.136  2.911  0.000
   49 C  -0.0479 -0.1019   1.137  2.911  0.000
   50 H   0.0388  0.0917   0.961  0.000  0.000
   51 H   0.0413  0.0936   0.959  0.000  0.000
   52 H   0.0413  0.0936   0.959  0.000  0.000
   53 H   0.0379  0.0952   0.962  0.000  0.000
   54 H   0.0400  0.1016   0.960  0.000  0.000
   55 H   0.0403  0.1019   0.960  0.000  0.000
   56 H   0.0379  0.0953   0.962  0.000  0.000
   57 H   0.0394  0.0923   0.961  0.000  0.000
   58 H   0.0404  0.0930   0.960  0.000  0.000
   59 H   0.0416  0.0937   0.958  0.000  0.000
   60 H   0.0377  0.0950   0.962  0.000  0.000
   61 H   0.0392  0.1014   0.961  0.000  0.000
   62 H   0.0448  0.1099   0.955  0.000  0.000
   63 H   0.0405  0.0970   0.960  0.000  0.000
   64 H   0.0402  0.0966   0.960  0.000  0.000
   65 H   0.0414  0.1018   0.959  0.000  0.000
   66 H   0.0416  0.0997   0.958  0.000  0.000
   67 H   0.0429  0.1028   0.957  0.000  0.000
   68 H   0.0407  0.1007   0.959  0.000  0.000
   69 H   0.0413  0.0978   0.959  0.000  0.000
   70 H   0.0415  0.0980   0.958  0.000  0.000
   71 H   0.0423  0.0987   0.958  0.000  0.000
   72 H   0.0484  0.1099   0.952  0.000  0.000
   73 H   0.0484  0.1098   0.952  0.000  0.000
   74 H   0.0423  0.0987   0.958  0.000  0.000
   75 H   0.0415  0.0980   0.959  0.000  0.000
   76 H   0.0412  0.0976   0.959  0.000  0.000
   77 H   0.0406  0.1006   0.959  0.000  0.000
   78 H   0.0506  0.1120   0.949  0.000  0.000
   79 H   0.0426  0.1007   0.957  0.000  0.000
   80 H   0.0430  0.1034   0.957  0.000  0.000
   81 H   0.0412  0.0977   0.959  0.000  0.000
   82 H   0.0405  0.0971   0.959  0.000  0.000
   83 H   0.0446  0.1096   0.955  0.000  0.000
   84 H   0.0397  0.1019   0.960  0.000  0.000
   85 H   0.0378  0.0952   0.962  0.000  0.000
 Hirshfeld charges for QMDFF written to <charges>
 
 Loewdin charges    n(s)   n(p)   n(d)
    1 C  -0.0860   1.005  3.081  0.000
    2 C  -0.0004   1.132  2.868  0.000
    3 C  -0.0448   1.085  2.960  0.000
    4 C  -0.0454   1.085  2.961  0.000
    5 C   0.0457   1.138  2.816  0.000
    6 N  -0.0885   1.181  3.908  0.000
    7 C   0.0459   1.138  2.816  0.000
    8 C  -0.0446   1.085  2.960  0.000
    9 C  -0.0442   1.084  2.960  0.000
   10 C  -0.0002   1.132  2.868  0.000
   11 C  -0.0860   1.005  3.081  0.000
   12 C  -0.0430   1.084  2.959  0.000
   13 C  -0.0454   1.084  2.962  0.000
   14 C   0.0358   1.158  2.806  0.000
   15 C  -0.0011   1.127  2.874  0.000
   16 C  -0.0327   1.089  2.944  0.000
   17 C  -0.0293   1.081  2.949  0.000
   18 C  -0.0284   1.081  2.947  0.000
   19 C  -0.0369   1.088  2.949  0.000
   20 C   0.0004   1.127  2.873  0.000
   21 C  -0.0205   1.136  2.885  0.000
   22 C   0.0136   1.126  2.860  0.000
   23 C  -0.0284   1.092  2.936  0.000
   24 C  -0.0337   1.090  2.944  0.000
   25 C  -0.0127   1.160  2.853  0.000
   26 P   0.1710   1.355  3.020  0.454
   27 O  -0.3094   1.570  4.740  0.000
   28 C  -0.0090   1.160  2.849  0.000
   29 C  -0.0341   1.089  2.945  0.000
   30 C  -0.0217   1.084  2.938  0.000
   31 C  -0.0228   1.082  2.941  0.000
   32 C  -0.0177   1.085  2.933  0.000
   33 C  -0.0194   1.090  2.930  0.000
   34 C  -0.0091   1.160  2.849  0.000
   35 C  -0.0196   1.090  2.930  0.000
   36 C  -0.0178   1.085  2.933  0.000
   37 C  -0.0229   1.082  2.941  0.000
   38 C  -0.0218   1.084  2.938  0.000
   39 C  -0.0341   1.089  2.945  0.000
   40 C  -0.0194   1.090  2.929  0.000
   41 C  -0.0241   1.093  2.931  0.000
   42 C   0.0017   1.127  2.871  0.000
   43 C  -0.0353   1.088  2.947  0.000
   44 C  -0.0266   1.081  2.945  0.000
   45 C  -0.0281   1.081  2.947  0.000
   46 C  -0.0335   1.089  2.945  0.000
   47 C  -0.0006   1.127  2.873  0.000
   48 C  -0.0449   1.084  2.961  0.000
   49 C  -0.0425   1.083  2.959  0.000
   50 H   0.0382   0.962  0.000  0.000
   51 H   0.0404   0.960  0.000  0.000
   52 H   0.0404   0.960  0.000  0.000
   53 H   0.0308   0.969  0.000  0.000
   54 H   0.0325   0.968  0.000  0.000
   55 H   0.0327   0.967  0.000  0.000
   56 H   0.0308   0.969  0.000  0.000
   57 H   0.0387   0.961  0.000  0.000
   58 H   0.0396   0.960  0.000  0.000
   59 H   0.0406   0.959  0.000  0.000
   60 H   0.0304   0.970  0.000  0.000
   61 H   0.0313   0.969  0.000  0.000
   62 H   0.0362   0.964  0.000  0.000
   63 H   0.0329   0.967  0.000  0.000
   64 H   0.0326   0.967  0.000  0.000
   65 H   0.0335   0.966  0.000  0.000
   66 H   0.0334   0.967  0.000  0.000
   67 H   0.0352   0.965  0.000  0.000
   68 H   0.0332   0.967  0.000  0.000
   69 H   0.0334   0.967  0.000  0.000
   70 H   0.0338   0.966  0.000  0.000
   71 H   0.0342   0.966  0.000  0.000
   72 H   0.0393   0.961  0.000  0.000
   73 H   0.0393   0.961  0.000  0.000
   74 H   0.0341   0.966  0.000  0.000
   75 H   0.0337   0.966  0.000  0.000
   76 H   0.0333   0.967  0.000  0.000
   77 H   0.0331   0.967  0.000  0.000
   78 H   0.0414   0.959  0.000  0.000
   79 H   0.0342   0.966  0.000  0.000
   80 H   0.0349   0.965  0.000  0.000
   81 H   0.0335   0.967  0.000  0.000
   82 H   0.0329   0.967  0.000  0.000
   83 H   0.0360   0.964  0.000  0.000
   84 H   0.0317   0.968  0.000  0.000
   85 H   0.0304   0.970  0.000  0.000
 
 Wiberg/Mayer (AO) data. WBOs > 0.1 written file <wbo>
 largest (>0.05) Wiberg bond orders for each atom
           total WBO             WBO to atom ...
     1  C   3.987    C    2 0.992    H   50 0.980    H   51 0.973    H   52 0.972
     2  C   3.950    C    3 1.394    C   49 1.385    C    1 0.992    C    5 0.102
     3  C   3.972    C    4 1.442    C    2 1.394    H   53 0.944    C   48 0.103
     4  C   3.969    C    3 1.442    C    5 1.367    H   54 0.944    C   49 0.106
     5  C   3.935    C    4 1.367    C   48 1.362    N    6 1.003    C    2 0.102
     6  N   3.329    C    5 1.003    C    7 1.002    C   14 0.977
     7  C   3.935    C   13 1.365    C    8 1.364    N    6 1.002    C   10 0.102
     8  C   3.969    C    9 1.445    C    7 1.364    H   55 0.944    C   12 0.105
     9  C   3.972    C    8 1.445    C   10 1.391    H   56 0.944    C   13 0.104
    10  C   3.950    C    9 1.391    C   12 1.388    C   11 0.992    C    7 0.102
    11  C   3.987    C   10 0.992    H   57 0.979    H   58 0.976    H   59 0.970
    12  C   3.973    C   13 1.449    C   10 1.388    H   60 0.945    C    8 0.105
    13  C   3.970    C   12 1.449    C    7 1.365    H   61 0.944    C    9 0.104
    14  C   3.921    C   15 1.302    C   47 1.302    N    6 0.977    C   21 0.124    C   45 0.051    C   17 0.051
    15  C   3.951    C   14 1.302    C   16 1.222    C   20 1.175    C   18 0.050
    16  C   3.963    C   17 1.591    C   15 1.222    H   62 0.940    C   19 0.117
    17  C   3.962    C   16 1.591    C   18 1.268    H   63 0.946    C   14 0.051
    18  C   3.962    C   19 1.594    C   17 1.268    H   64 0.945    C   15 0.050    C   21 0.050
    19  C   3.964    C   18 1.594    C   20 1.217    H   65 0.941    C   16 0.117
    20  C   3.953    C   21 1.309    C   19 1.217    C   15 1.175
    21  C   3.945    C   20 1.309    C   42 1.309    C   22 0.970    C   14 0.124    C   18 0.050    C   44 0.050
    22  C   3.947    C   41 1.380    C   23 1.380    C   21 0.970    C   25 0.107
    23  C   3.966    C   24 1.430    C   22 1.380    H   66 0.943    C   40 0.107
    24  C   3.969    C   23 1.430    C   25 1.407    H   67 0.943    C   41 0.107
    25  C   3.927    C   40 1.408    C   24 1.407    P   26 0.810    C   22 0.107    O   27 0.089
    26  P   4.333    O   27 1.713    C   25 0.810    C   28 0.809    C   34 0.809
    27  O   2.074    P   26 1.713    C   25 0.089    C   28 0.088    C   34 0.088
    28  C   3.931    C   33 1.413    C   29 1.411    P   26 0.809    C   31 0.110    O   27 0.088
    29  C   3.973    C   30 1.424    C   28 1.411    H   68 0.945    C   32 0.111
    30  C   3.972    C   31 1.429    C   29 1.424    H   69 0.944    C   33 0.112
    31  C   3.969    C   32 1.431    C   30 1.429    H   70 0.944    C   28 0.110
    32  C   3.971    C   31 1.431    C   33 1.423    H   71 0.944    C   29 0.111
    33  C   3.970    C   32 1.423    C   28 1.413    H   72 0.946    C   30 0.112
    34  C   3.931    C   35 1.413    C   39 1.411    P   26 0.809    C   37 0.110    O   27 0.088
    35  C   3.970    C   36 1.424    C   34 1.413    H   73 0.946    C   38 0.112
    36  C   3.971    C   37 1.431    C   35 1.424    H   74 0.944    C   39 0.111
    37  C   3.969    C   36 1.431    C   38 1.430    H   75 0.944    C   34 0.110
    38  C   3.972    C   37 1.430    C   39 1.424    H   76 0.944    C   35 0.112
    39  C   3.973    C   38 1.424    C   34 1.411    H   77 0.945    C   36 0.111
    40  C   3.967    C   41 1.431    C   25 1.408    H   78 0.944    C   23 0.107
    41  C   3.965    C   40 1.431    C   22 1.380    H   79 0.943    C   24 0.107
    42  C   3.953    C   21 1.309    C   43 1.216    C   47 1.175
    43  C   3.964    C   44 1.594    C   42 1.216    H   80 0.941    C   46 0.117
    44  C   3.962    C   43 1.594    C   45 1.268    H   81 0.945    C   47 0.050    C   21 0.050
    45  C   3.962    C   46 1.591    C   44 1.268    H   82 0.945    C   14 0.051
    46  C   3.963    C   45 1.591    C   47 1.222    H   83 0.940    C   43 0.117
    47  C   3.951    C   14 1.302    C   46 1.222    C   42 1.175    C   44 0.050
    48  C   3.970    C   49 1.453    C    5 1.362    H   84 0.944    C    3 0.103
    49  C   3.973    C   48 1.453    C    2 1.385    H   85 0.945    C    4 0.106
    50  H   0.997    C    1 0.980
    51  H   0.997    C    1 0.973
    52  H   0.998    C    1 0.972
    53  H   0.998    C    3 0.944
    54  H   0.998    C    4 0.944
    55  H   0.998    C    8 0.944
    56  H   0.998    C    9 0.944
    57  H   0.997    C   11 0.979
    58  H   0.997    C   11 0.976
    59  H   0.997    C   11 0.970
    60  H   0.998    C   12 0.945
    61  H   0.997    C   13 0.944
    62  H   0.996    C   16 0.940
    63  H   0.996    C   17 0.946
    64  H   0.994    C   18 0.945
    65  H   0.996    C   19 0.941
    66  H   0.995    C   23 0.943
    67  H   0.996    C   24 0.943
    68  H   0.998    C   29 0.945
    69  H   0.995    C   30 0.944
    70  H   0.992    C   31 0.944
    71  H   0.996    C   32 0.944
    72  H   0.998    C   33 0.946
    73  H   0.998    C   35 0.946
    74  H   0.996    C   36 0.944
    75  H   0.992    C   37 0.944
    76  H   0.995    C   38 0.944
    77  H   0.998    C   39 0.945
    78  H   0.995    C   40 0.944
    79  H   0.996    C   41 0.943
    80  H   0.996    C   43 0.941
    81  H   0.994    C   44 0.945
    82  H   0.996    C   45 0.945
    83  H   0.996    C   46 0.940
    84  H   0.997    C   48 0.944
    85  H   0.998    C   49 0.945
 
 --------------------------------------------
          xTB calculation for sTDA...
 --------------------------------------------
 
 reading parameter file /home/tchapet/xtb4stda/.param_stda2.xtb
 
      method parameters     
 k(s)        :  1.6000
 k(p)        :  2.1800
 k(d)        :  1.9500
 k(f)        :  2.0000
 k(R-V)      :  2.2750
 k(R-R)      :  1.7650
 Tscal       :  0.2580
 Gscal       :  1.0000
 fpol        :  1.0000
 Zcnf        :  0.3430
 Zqf         :  0.0000
 kcn         :  2.7000
 Ryd Hsplit  :  0.7000
 lshift(virt):  3.1000
 lshift(OS)  :  0.2000
 wllscaling  :  2.6000
 
 mowrcut     : 3.000
 
  Z AO/shell   Hii/eV     exponent
  1     Sun Feb 14 09:53:25 CET 2016    EN: 2.327 GAM: 0.473  GM3: 0.0000
     1s    -14.339618    1.220000
     2sp    -3.348946    0.600000
  6     Sun Feb 14 09:53:25 CET 2016    EN: 2.731 GAM: 0.422  GM3: 0.0000
     2s    -22.009312    1.565095
     2p    -13.020408    1.596905
     3sp    -3.914040    0.824500
  7     Sun Feb 14 09:53:25 CET 2016    EN: 3.573 GAM: 0.504  GM3: 0.0000
     2s    -25.722000    2.064844
     2p    -18.684912    1.801692
     3sp    -4.344791    0.921400
  8     Sun Feb 14 09:53:25 CET 2016    EN: 3.700 GAM: 0.587  GM3: 0.0000
     2s    -33.859000    2.418661
     2p    -22.175911    1.973969
     3sp    -4.259392    1.013700
 15     Sun Feb 21 16:40:31 CET 2016    EN: 2.235 GAM: 0.200  GM3: 0.0000
     3s    -20.712789    1.471896
     3p    -13.727605    1.794648
     4sp    -5.155360    0.764700
 
 Nbf   :          572
 T(el) :     0.0
 calculating S/T integrals ...
 cpu time for ints    2.71539400000000     
 Nao   :          572
 making H0...
 making H1...
 cpu time for H      5.694000000000088E-003
 solving ...
 cpu time for diag   0.124308000000000     
 
 gap (eV)           :   5.688
 Koopmans IP (eV)   :  13.496
 Eel (Eh)           :  -201.685074

          eigenvalues
 #    :         106        107        108        109        110        111        112        113
 occ. :        2.000      2.000      2.000      2.000      2.000      2.000      2.000      2.000
 eps  :       -16.277    -16.271    -16.269    -16.197    -16.107    -16.079    -16.024    -16.022
 #    :         114        115        116        117        118        119        120        121
 occ. :        2.000      2.000      2.000      2.000      2.000      0.000      0.000      0.000
 eps  :       -15.944    -15.932    -15.797    -14.488    -13.498     -7.809     -6.079     -5.974
 #    :         122        123        124        125        126        127        128        129
 occ. :        0.000      0.000      0.000      0.000      0.000      0.000      0.000      0.000
 eps  :        -5.959     -5.925     -5.910     -5.875     -5.872     -5.844     -5.702     -5.641
                            1  SCC done.
 writing mo output ...
 molden style : F
 
speedup  7.49
cpu  time for all    4.22 s
wall time for all    0.56 s
