 
        ______________________________________
       |                                      |
       |          ===================         |
       |             xTB for sTDA             |
       |          ===================         |
       |               S. Grimme              |
       |        Universitaet Bonn, MCTC       |
       |         2015-19, Version 1.0         |
       |     Wed Apr  3 09:14:55 CEST 2019    |
       |______________________________________|
 
        This code comes without any warranty
        for non-commercial, academia use only.
        Preliminary test version.
        Cite this work as:
        S. Grimme  &  C. Bannwarth, JCP 145 (2016) 054103
        if GBSA is used additionally:
        P. Shushkov, F. März, C. Bannwarth, S. Grimme, unpublished.
 
        with help from
        P. Shushkov, G. Brandenburg, S. Dohm, J. Pisarek,
        F. März, M. Checinski, S. Ehrlich, S. Spicher, 
        P. Pracht, E. Caldeweyher, S. Ehlert, and C. Bannwarth.
 
        usage        :
        xtb4stda <coord_file> [options]
        where <coord_file> is a valid file of TM)
        (*coord, Bohr) or xmol (*xyz, Angstroem)
        format.

        options:
        -chrg <int>   : molecular charge
        -uhf  <int>   : # of unpaired electrons(=2*S)
        -nox          : skip second, extended part in sTDA-xTB
        -pop          : do population analysis
                      : (default for -nox)
        -mowr <real>  : cut MO write above (def.3 Eh)
        -molden       : write formatted molden file
        -parx <file>  : read parameters for sTDA-xTB
                        calc (def:~/.param_stda2.xtb)
        -parv <file>  : read parameters for vTB part in
                        sTDA-xTB (def: ~/.param_stda1.xtb)
        -xtemp <real> : el. temp for xTB (def. 0 K)
        -etemp <real> : el. temp for GFN (def. 300 K)
        -fod          : calculate the FOD and write
                        molden.input file with
                        appropriate occupations
                        for plotting. Def. T=12500 K
 
        -acc <real>   : xTB accuracy (def. 1.0)
        -gbsa [string1] [string2]
                        use GBSA implicit solvent
                        for solvent [string1] and
                        solvation state [string2]=
                        reference, bar1M (default=1M)
        additional GFN/opt/MD/siman options read from
        $XTB4STDAHOME/.xtb4stdarc or $set in input
 
       spin and charge state information can be on:
       <.CHRG> (charge) and <.UHF> (=nalpha-nbeta)
       -uhf and -chrg override the file info.
       useful machine settings:
       setenv MKL_NUM_THREADS <NCORE_ON_YOUR_MACHINE>
       setenv OMP_STACKSIZE 500m
       limit stacksize unlimited
 
       total energies in Eh, gaps/HL energies in eV
       please read REVISION and HOWTO files carefully
 =============================
  # OMP threads =          16
 =============================
 
 xtb4stdahome directory:/home/tchapet/xtb4stda/
 
 argument            1 :gbsa
 argument            2 :toluene
 
 name of molecule           :
 comment line               :
 number of atoms            :    79
 number of electrons        :   230
 charge                     :  0
 spin                       : 0.0
 first test random number   :  0.6933
 
 -----------------------------------------
      charge density (VTB) calculation
 -----------------------------------------
 
      method parameters     
 k(s)        :  1.8000
 k(p)        :  2.8350
 k(d)        :  2.0860
 k(f)        :  2.0000
 Tscal       :  0.3300
 Gscal       :  0.3910
 fpol        :  1.0000
 Zcnf        :  0.6500
 Zqf         :  0.0000
 kcn         :  0.3000
 kEN1        : -0.5900
 wllscal     :  2.6000
 
     -------------------------
     ! NO SOLVENT MODEL USED !
     -------------------------
 
 doing EN charges ...
 sum q : -0.7771561D-15
 point charge moment (au)
     X       Y       Z   
  -0.1892   0.3558  -0.0437  total (Debye):    1.030
 
            Z      q(EN)   CN      Cart. coordinates
     1  C   4.0  -0.074   3.144    19.01301    -0.15983     0.21096
     2  C   4.0  -0.072   3.145    17.72752    -0.16662    -2.06978
     3  C   4.0  -0.069   3.184    15.11465    -0.26216    -2.10547
     4  C   4.0   0.078   3.281    13.77706    -0.36053     0.15352
     5  N   5.0  -0.306   3.250    11.09439    -0.45651     0.12419
     6  C   4.0   0.096   3.306     9.70879     1.68384     0.77593
     7  C   4.0  -0.069   3.196    10.90491     3.93100     1.40323
     8  C   4.0  -0.072   3.141     9.52350     6.04308     2.12487
     9  C   4.0  -0.072   3.142     6.92691     5.90913     2.24419
    10  C   4.0  -0.069   3.196     5.70157     3.68485     1.57639
    11  C   4.0   0.094   3.305     7.05114     1.58177     0.78599
    12  N   5.0  -0.305   3.247     5.82697    -0.64178     0.05879
    13  C   4.0   0.082   3.278     3.15837    -0.72567     0.01767
    14  C   4.0  -0.067   3.184     1.84632    -2.29245     1.67758
    15  C   4.0  -0.072   3.196    -0.75893    -2.34106     1.64859
    16  C   4.0   0.008   3.216    -2.11569    -0.80717    -0.01459
    17  C   4.0   0.193   3.598    -4.86075    -0.91262     0.06141
    18  N   5.0  -0.197   2.259    -6.12720    -3.00118     0.47605
    19  C   4.0   0.079   3.568    -8.61088    -2.34604     0.39844
    20  C   4.0   0.005   3.268   -10.74833    -3.95639     0.66732
    21  C   4.0  -0.071   3.182   -10.46857    -6.55925     1.04187
    22  C   4.0  -0.072   3.138   -12.55461    -8.08813     1.24387
    23  C   4.0  -0.072   3.142   -14.95799    -7.02476     1.06935
    24  C   4.0  -0.073   3.182   -15.25562    -4.46741     0.71108
    25  C   4.0  -0.003   3.264   -13.17064    -2.83943     0.50909
    26  C   4.0  -0.003   3.266   -13.42423    -0.12279     0.19358
    27  C   4.0  -0.074   3.185   -15.79773     1.05700     0.16968
    28  C   4.0  -0.072   3.139   -16.05647     3.63373    -0.04489
    29  C   4.0  -0.072   3.139   -13.92478     5.16333    -0.21994
    30  C   4.0  -0.072   3.182   -11.56571     4.08201    -0.22080
    31  C   4.0   0.005   3.250   -11.26116     1.45439    -0.05334
    32  C   4.0   0.102   3.479    -8.86037     0.23857    -0.04512
    33  N   5.0  -0.320   3.350    -6.42832     1.13488    -0.28400
    34  C   4.0   0.086   3.249    -5.59277     3.62671    -0.74788
    35  C   4.0  -0.069   3.187    -4.17014     4.87636     1.07196
    36  C   4.0  -0.073   3.146    -3.28834     7.29103     0.59154
    37  C   4.0  -0.074   3.145    -3.82072     8.45828    -1.69000
    38  C   4.0  -0.073   3.146    -5.23780     7.20798    -3.50365
    39  C   4.0  -0.069   3.184    -6.12110     4.79076    -3.04643
    40  C   4.0  -0.071   3.189    -0.79382     0.71792    -1.70889
    41  C   4.0  -0.068   3.187     1.81409     0.75582    -1.69094
    42  C   4.0   0.094   3.304     7.22129    -2.77378    -0.63638
    43  C   4.0  -0.069   3.195     6.04173    -4.96523    -1.45715
    44  C   4.0  -0.072   3.142     7.43660    -7.09700    -2.09294
    45  C   4.0  -0.072   3.141    10.03290    -7.04770    -1.91137
    46  C   4.0  -0.069   3.196    11.24468    -4.84476    -1.15746
    47  C   4.0   0.096   3.305     9.87818    -2.68867    -0.56041
    48  C   4.0  -0.069   3.184    15.06857    -0.36196     2.44119
    49  C   4.0  -0.072   3.145    17.68128    -0.25577     2.46295
    50  H   1.0   0.074   1.004    21.05193    -0.08047     0.23325
    51  H   1.0   0.074   1.004    18.76107    -0.09075    -3.82812
    52  H   1.0   0.075   1.005    14.09505    -0.26627    -3.87419
    53  H   1.0   0.077   1.007    12.93959     4.03761     1.33232
    54  H   1.0   0.074   1.004    10.50319     7.76696     2.60423
    55  H   1.0   0.074   1.004     5.82590     7.51809     2.84367
    56  H   1.0   0.077   1.007     3.66747     3.59662     1.67707
    57  H   1.0   0.075   1.005     2.88629    -3.45898     2.99022
    58  H   1.0   0.076   1.006    -1.79116    -3.54799     2.92762
    59  H   1.0   0.076   1.005    -8.57475    -7.30941     1.15146
    60  H   1.0   0.074   1.004   -12.34344   -10.09808     1.53048
    61  H   1.0   0.074   1.004   -16.60641    -8.22111     1.21588
    62  H   1.0   0.076   1.006   -17.15157    -3.73145     0.58266
    63  H   1.0   0.076   1.006   -17.48822    -0.06642     0.34122
    64  H   1.0   0.074   1.004   -17.91743     4.47244    -0.05482
    65  H   1.0   0.074   1.004   -14.12068     7.19095    -0.34659
    66  H   1.0   0.077   1.008    -9.91771     5.27517    -0.32565
    67  H   1.0   0.075   1.005    -3.76478     3.94661     2.84350
    68  H   1.0   0.074   1.004    -2.18409     8.25995     2.00690
    69  H   1.0   0.074   1.004    -3.12969    10.34174    -2.05775
    70  H   1.0   0.074   1.004    -5.65141     8.11084    -5.28576
    71  H   1.0   0.075   1.005    -7.22178     3.79445    -4.44861
    72  H   1.0   0.077   1.007    -1.79612     1.84490    -3.08072
    73  H   1.0   0.076   1.005     2.83044     1.93661    -3.00940
    74  H   1.0   0.077   1.007     4.00954    -5.02042    -1.60929
    75  H   1.0   0.074   1.004     6.46553    -8.77914    -2.71615
    76  H   1.0   0.074   1.004    11.14210    -8.69837    -2.36502
    77  H   1.0   0.077   1.007    13.27959    -4.80818    -1.03635
    78  H   1.0   0.075   1.005    14.01353    -0.43829     4.18730
    79  H   1.0   0.074   1.004    18.67887    -0.25512     4.24354
 
  Z AO/shell   Hii/eV     exponent
  1     Sat Feb 20 21:38:01 CET 2016    EN: 2.327 GAM: 0.473  GM3: 0.0000
     1s    -13.751157    1.051071
  6     Sat Feb 20 21:38:01 CET 2016    EN: 2.731 GAM: 0.422  GM3: 0.0000
     2s    -19.378245    2.021003
     2p    -11.993376    1.497917
  7     Sat Feb 20 21:38:01 CET 2016    EN: 3.573 GAM: 0.504  GM3: 0.0000
     2s    -21.576984    2.275442
     2p    -16.125120    2.056788
 
 dipole moment of classical point charges (au)
     X       Y       Z   
  -0.1892   0.3558  -0.0437  total (Debye):    1.030

 
 Nbf   :          226
 T(el) :   300.0
 calculating S/T integrals ...
 cpu time for ints   0.472456000000000     
 Nao   :          226
 making H0...
 making H1...
 cpu time for H      2.648600000000001E-002
 solving ...
 cpu time for diag   8.235800000000004E-002
 
 gap (eV)           :   4.020
 Koopmans IP (eV)   :  12.081
 Eel (Eh)           :  -181.050139
 T,E(Fermi),NFOD :    300.000   -10.071  0.000000
 T,E(Fermi),NFOD :    300.000   -10.071  0.000000
 Nfod               :  0.0000
 Nfod/Nel           :  0.0000

          eigenvalues
 #    :         103        104        105        106        107        108        109        110
 occ. :        2.000      2.000      2.000      2.000      2.000      2.000      2.000      2.000
 eps  :       -15.664    -15.586    -15.574    -15.532    -15.442    -15.379    -15.342    -15.308
 #    :         111        112        113        114        115        116        117        118
 occ. :        2.000      2.000      2.000      2.000      2.000      0.000      0.000      0.000
 eps  :       -14.960    -14.384    -14.180    -13.212    -12.082     -8.062     -7.242     -7.040
 #    :         119        120        121        122        123        124        125        126
 occ. :        0.000      0.000      0.000      0.000      0.000      0.000      0.000      0.000
 eps  :        -6.810     -6.755     -5.911     -5.646     -5.534     -5.485     -5.405     -5.314
                            1  SCC done.
 making H1...
 cpu time for H      0.104030000000000     
 solving ...
 cpu time for diag   4.357699999999998E-002
 
 gap (eV)           :   3.886
 Koopmans IP (eV)   :  11.807
 Eel (Eh)           :  -180.172371
 T,E(Fermi),NFOD :    300.000    -9.864  0.000000
 T,E(Fermi),NFOD :    300.000    -9.864  0.000000
 Nfod               :  0.0000
 Nfod/Nel           :  0.0000

          eigenvalues
 #    :         103        104        105        106        107        108        109        110
 occ. :        2.000      2.000      2.000      2.000      2.000      2.000      2.000      2.000
 eps  :       -15.696    -15.588    -15.542    -15.329    -15.322    -15.298    -15.294    -15.090
 #    :         111        112        113        114        115        116        117        118
 occ. :        2.000      2.000      2.000      2.000      2.000      0.000      0.000      0.000
 eps  :       -14.846    -14.133    -13.921    -13.019    -11.808     -7.922     -7.050     -6.880
 #    :         119        120        121        122        123        124        125        126
 occ. :        0.000      0.000      0.000      0.000      0.000      0.000      0.000      0.000
 eps  :        -6.665     -6.574     -5.925     -5.637     -5.581     -5.449     -5.378     -5.308
                            2  SCC done.
 
 
 Mulliken/CM5 charges    n(s)   n(p)   n(d)   
    1 C  -0.0355 -0.0919   1.135  2.900  0.000
    2 C  -0.0310 -0.0872   1.136  2.895  0.000
    3 C  -0.0308 -0.0800   1.140  2.891  0.000
    4 C   0.0579  0.1084   1.177  2.765  0.000
    5 N  -0.1331 -0.3709   1.224  3.909  0.000
    6 C   0.0477  0.1140   1.174  2.779  0.000
    7 C  -0.0602 -0.1080   1.133  2.927  0.000
    8 C  -0.0506 -0.1066   1.132  2.918  0.000
    9 C  -0.0526 -0.1087   1.132  2.921  0.000
   10 C  -0.0619 -0.1100   1.134  2.928  0.000
   11 C   0.0455  0.1111   1.174  2.780  0.000
   12 N  -0.1300 -0.3671   1.224  3.906  0.000
   13 C   0.0580  0.1099   1.178  2.764  0.000
   14 C  -0.0234 -0.0727   1.139  2.885  0.000
   15 C  -0.0193 -0.0706   1.140  2.879  0.000
   16 C   0.0223  0.0237   1.155  2.823  0.000
   17 C   0.0667  0.2130   1.222  2.711  0.000
   18 N  -0.2231 -0.4024   1.533  3.690  0.000
   19 C  -0.0106  0.0683   1.182  2.829  0.000
   20 C   0.0135  0.0140   1.164  2.822  0.000
   21 C  -0.0282 -0.0798   1.137  2.891  0.000
   22 C  -0.0356 -0.0917   1.136  2.900  0.000
   23 C  -0.0409 -0.0973   1.135  2.906  0.000
   24 C  -0.0443 -0.0984   1.140  2.904  0.000
   25 C  -0.0122 -0.0166   1.170  2.842  0.000
   26 C  -0.0033 -0.0076   1.170  2.833  0.000
   27 C  -0.0404 -0.0945   1.140  2.901  0.000
   28 C  -0.0410 -0.0974   1.135  2.906  0.000
   29 C  -0.0376 -0.0939   1.136  2.902  0.000
   30 C  -0.0492 -0.1016   1.141  2.908  0.000
   31 C   0.0047  0.0046   1.168  2.828  0.000
   32 C   0.0100  0.0846   1.190  2.800  0.000
   33 N  -0.0812 -0.3208   1.262  3.820  0.000
   34 C   0.0681  0.1205   1.172  2.759  0.000
   35 C  -0.0298 -0.0783   1.139  2.891  0.000
   36 C  -0.0258 -0.0821   1.136  2.890  0.000
   37 C  -0.0325 -0.0890   1.135  2.897  0.000
   38 C  -0.0264 -0.0829   1.136  2.891  0.000
   39 C  -0.0270 -0.0771   1.139  2.888  0.000
   40 C  -0.0369 -0.0888   1.142  2.895  0.000
   41 C  -0.0271 -0.0765   1.138  2.889  0.000
   42 C   0.0452  0.1107   1.174  2.781  0.000
   43 C  -0.0595 -0.1076   1.134  2.926  0.000
   44 C  -0.0504 -0.1065   1.132  2.918  0.000
   45 C  -0.0502 -0.1062   1.132  2.918  0.000
   46 C  -0.0603 -0.1081   1.133  2.927  0.000
   47 C   0.0465  0.1128   1.174  2.780  0.000
   48 C  -0.0307 -0.0799   1.140  2.891  0.000
   49 C  -0.0309 -0.0871   1.136  2.895  0.000
   50 H   0.0398  0.0963   0.960  0.000  0.000
   51 H   0.0424  0.0989   0.958  0.000  0.000
   52 H   0.0393  0.0997   0.961  0.000  0.000
   53 H   0.0422  0.1054   0.958  0.000  0.000
   54 H   0.0425  0.0990   0.958  0.000  0.000
   55 H   0.0418  0.0984   0.958  0.000  0.000
   56 H   0.0415  0.1048   0.959  0.000  0.000
   57 H   0.0452  0.1058   0.955  0.000  0.000
   58 H   0.0514  0.1126   0.949  0.000  0.000
   59 H   0.0440  0.1049   0.956  0.000  0.000
   60 H   0.0405  0.0969   0.960  0.000  0.000
   61 H   0.0390  0.0955   0.961  0.000  0.000
   62 H   0.0415  0.1002   0.959  0.000  0.000
   63 H   0.0444  0.1033   0.956  0.000  0.000
   64 H   0.0401  0.0966   0.960  0.000  0.000
   65 H   0.0403  0.0968   0.960  0.000  0.000
   66 H   0.0417  0.1052   0.958  0.000  0.000
   67 H   0.0418  0.1028   0.958  0.000  0.000
   68 H   0.0450  0.1016   0.955  0.000  0.000
   69 H   0.0419  0.0984   0.958  0.000  0.000
   70 H   0.0451  0.1017   0.955  0.000  0.000
   71 H   0.0424  0.1029   0.958  0.000  0.000
   72 H   0.0476  0.1098   0.952  0.000  0.000
   73 H   0.0437  0.1044   0.956  0.000  0.000
   74 H   0.0430  0.1062   0.957  0.000  0.000
   75 H   0.0430  0.0996   0.957  0.000  0.000
   76 H   0.0426  0.0991   0.957  0.000  0.000
   77 H   0.0419  0.1050   0.958  0.000  0.000
   78 H   0.0394  0.0997   0.961  0.000  0.000
   79 H   0.0425  0.0990   0.958  0.000  0.000
 Hirshfeld charges for QMDFF written to <charges>
 
 Loewdin charges    n(s)   n(p)   n(d)
    1 C  -0.0286   1.081  2.948  0.000
    2 C  -0.0224   1.081  2.941  0.000
    3 C  -0.0276   1.087  2.940  0.000
    4 C   0.0567   1.139  2.804  0.000
    5 N  -0.0961   1.184  3.912  0.000
    6 C   0.0403   1.139  2.821  0.000
    7 C  -0.0585   1.081  2.977  0.000
    8 C  -0.0432   1.077  2.966  0.000
    9 C  -0.0454   1.077  2.968  0.000
   10 C  -0.0602   1.082  2.978  0.000
   11 C   0.0382   1.139  2.823  0.000
   12 N  -0.0927   1.184  3.909  0.000
   13 C   0.0568   1.140  2.803  0.000
   14 C  -0.0199   1.086  2.934  0.000
   15 C  -0.0126   1.086  2.926  0.000
   16 C   0.0235   1.112  2.864  0.000
   17 C   0.0520   1.195  2.753  0.000
   18 N  -0.2092   1.502  3.707  0.000
   19 C  -0.0201   1.148  2.872  0.000
   20 C   0.0152   1.122  2.863  0.000
   21 C  -0.0235   1.084  2.940  0.000
   22 C  -0.0274   1.081  2.947  0.000
   23 C  -0.0336   1.080  2.953  0.000
   24 C  -0.0400   1.087  2.953  0.000
   25 C  -0.0098   1.128  2.882  0.000
   26 C  -0.0011   1.128  2.873  0.000
   27 C  -0.0362   1.087  2.950  0.000
   28 C  -0.0337   1.080  2.953  0.000
   29 C  -0.0296   1.081  2.949  0.000
   30 C  -0.0456   1.088  2.957  0.000
   31 C   0.0070   1.125  2.868  0.000
   32 C  -0.0025   1.158  2.845  0.000
   33 N  -0.0356   1.219  3.817  0.000
   34 C   0.0658   1.135  2.799  0.000
   35 C  -0.0266   1.086  2.941  0.000
   36 C  -0.0172   1.080  2.937  0.000
   37 C  -0.0256   1.080  2.945  0.000
   38 C  -0.0177   1.080  2.937  0.000
   39 C  -0.0235   1.086  2.937  0.000
   40 C  -0.0304   1.088  2.942  0.000
   41 C  -0.0238   1.086  2.938  0.000
   42 C   0.0380   1.139  2.823  0.000
   43 C  -0.0578   1.082  2.976  0.000
   44 C  -0.0432   1.077  2.966  0.000
   45 C  -0.0428   1.078  2.965  0.000
   46 C  -0.0585   1.081  2.977  0.000
   47 C   0.0392   1.139  2.822  0.000
   48 C  -0.0275   1.087  2.940  0.000
   49 C  -0.0223   1.081  2.941  0.000
   50 H   0.0323   0.968  0.000  0.000
   51 H   0.0344   0.966  0.000  0.000
   52 H   0.0310   0.969  0.000  0.000
   53 H   0.0346   0.965  0.000  0.000
   54 H   0.0352   0.965  0.000  0.000
   55 H   0.0346   0.965  0.000  0.000
   56 H   0.0341   0.966  0.000  0.000
   57 H   0.0364   0.964  0.000  0.000
   58 H   0.0414   0.959  0.000  0.000
   59 H   0.0351   0.965  0.000  0.000
   60 H   0.0329   0.967  0.000  0.000
   61 H   0.0317   0.968  0.000  0.000
   62 H   0.0350   0.965  0.000  0.000
   63 H   0.0375   0.962  0.000  0.000
   64 H   0.0326   0.967  0.000  0.000
   65 H   0.0327   0.967  0.000  0.000
   66 H   0.0340   0.966  0.000  0.000
   67 H   0.0330   0.967  0.000  0.000
   68 H   0.0366   0.963  0.000  0.000
   69 H   0.0340   0.966  0.000  0.000
   70 H   0.0367   0.963  0.000  0.000
   71 H   0.0338   0.966  0.000  0.000
   72 H   0.0387   0.961  0.000  0.000
   73 H   0.0351   0.965  0.000  0.000
   74 H   0.0353   0.965  0.000  0.000
   75 H   0.0356   0.964  0.000  0.000
   76 H   0.0352   0.965  0.000  0.000
   77 H   0.0343   0.966  0.000  0.000
   78 H   0.0311   0.969  0.000  0.000
   79 H   0.0345   0.966  0.000  0.000
 
 Wiberg/Mayer (AO) data. WBOs > 0.1 written file <wbo>
 largest (>0.05) Wiberg bond orders for each atom
           total WBO             WBO to atom ...
     1  C   3.975    C   49 1.430    C    2 1.430    H   50 0.946    C    4 0.111
     2  C   3.974    C    3 1.434    C    1 1.430    H   51 0.945    C   48 0.111
     3  C   3.971    C    2 1.434    C    4 1.392    H   52 0.947    C   49 0.111
     4  C   3.933    C   48 1.392    C    3 1.392    N    5 0.950    C    1 0.111
     5  N   3.349    C    6 1.016    C   47 1.014    C    4 0.950
     6  C   3.932    C    7 1.400    C   11 1.292    N    5 1.016    C    9 0.098
     7  C   3.965    C    8 1.404    C    6 1.400    H   53 0.941    C   10 0.095
     8  C   3.969    C    9 1.448    C    7 1.404    H   54 0.944    C   11 0.099
     9  C   3.969    C    8 1.448    C   10 1.403    H   55 0.944    C    6 0.098
    10  C   3.965    C   11 1.404    C    9 1.403    H   56 0.941    C    7 0.095
    11  C   3.931    C   10 1.404    C    6 1.292    N   12 1.009    C    8 0.099
    12  N   3.347    C   11 1.009    C   42 1.008    C   13 0.965
    13  C   3.925    C   41 1.378    C   14 1.375    N   12 0.965    C   16 0.100
    14  C   3.968    C   15 1.455    C   13 1.375    H   57 0.944    C   40 0.101
    15  C   3.964    C   14 1.455    C   16 1.353    H   58 0.943    C   41 0.101
    16  C   3.954    C   40 1.359    C   15 1.353    C   17 1.028    C   13 0.100
    17  C   3.894    N   18 1.551    N   33 1.121    C   16 1.028
    18  N   3.065    C   17 1.551    C   19 1.174    N   33 0.127
    19  C   3.939    C   32 1.386    N   18 1.174    C   20 1.132
    20  C   3.953    C   21 1.309    C   25 1.266    C   19 1.132    C   23 0.078
    21  C   3.965    C   22 1.499    C   20 1.309    H   59 0.945    C   24 0.109
    22  C   3.965    C   21 1.499    C   23 1.358    H   60 0.945    C   25 0.081
    23  C   3.963    C   24 1.496    C   22 1.358    H   61 0.946    C   20 0.078
    24  C   3.970    C   23 1.496    C   25 1.319    H   62 0.942    C   21 0.109
    25  C   3.954    C   24 1.319    C   20 1.266    C   26 1.108    C   22 0.081
    26  C   3.950    C   27 1.326    C   31 1.249    C   25 1.108    C   29 0.081
    27  C   3.970    C   28 1.491    C   26 1.326    H   63 0.941    C   30 0.108
    28  C   3.958    C   27 1.491    C   29 1.360    H   64 0.945    C   31 0.077
    29  C   3.966    C   30 1.498    C   28 1.360    H   65 0.945    C   26 0.081
    30  C   3.964    C   29 1.498    C   31 1.305    H   66 0.938    C   27 0.108
    31  C   3.952    C   30 1.305    C   26 1.249    C   32 1.153    C   28 0.077
    32  C   3.910    C   19 1.386    C   31 1.153    N   33 1.083
    33  N   3.525    C   17 1.121    C   32 1.083    C   34 0.949    N   18 0.127
    34  C   3.927    C   35 1.393    C   39 1.383    N   33 0.949    C   37 0.110
    35  C   3.971    C   36 1.432    C   34 1.393    H   67 0.947    C   38 0.110
    36  C   3.973    C   35 1.432    C   37 1.431    H   68 0.945    C   39 0.110
    37  C   3.973    C   36 1.431    C   38 1.427    H   69 0.946    C   34 0.110
    38  C   3.973    C   39 1.435    C   37 1.427    H   70 0.945    C   35 0.110
    39  C   3.970    C   38 1.435    C   34 1.383    H   71 0.947    C   36 0.110
    40  C   3.966    C   41 1.451    C   16 1.359    H   72 0.941    C   14 0.101
    41  C   3.969    C   40 1.451    C   13 1.378    H   73 0.945    C   15 0.101
    42  C   3.930    C   43 1.404    C   47 1.293    N   12 1.008    C   45 0.099
    43  C   3.965    C   42 1.404    C   44 1.403    H   74 0.941    C   46 0.095
    44  C   3.969    C   45 1.448    C   43 1.403    H   75 0.944    C   47 0.099
    45  C   3.969    C   44 1.448    C   46 1.404    H   76 0.944    C   42 0.099
    46  C   3.965    C   45 1.404    C   47 1.401    H   77 0.942    C   43 0.095
    47  C   3.932    C   46 1.401    C   42 1.293    N    5 1.014    C   44 0.099
    48  C   3.971    C   49 1.433    C    4 1.392    H   78 0.947    C    2 0.111
    49  C   3.974    C   48 1.433    C    1 1.430    H   79 0.945    C    3 0.111
    50  H   0.998    C    1 0.946
    51  H   0.997    C    2 0.945
    52  H   0.998    C    3 0.947
    53  H   0.997    C    7 0.941
    54  H   0.997    C    8 0.944
    55  H   0.997    C    9 0.944
    56  H   0.997    C   10 0.941
    57  H   0.996    C   14 0.944
    58  H   0.996    C   15 0.943
    59  H   0.997    C   21 0.945
    60  H   0.994    C   22 0.945
    61  H   0.996    C   23 0.946
    62  H   0.997    C   24 0.942
    63  H   0.996    C   27 0.941
    64  H   0.996    C   28 0.945
    65  H   0.994    C   29 0.945
    66  H   0.997    C   30 0.938
    67  H   0.998    C   35 0.947
    68  H   0.997    C   36 0.945
    69  H   0.998    C   37 0.946
    70  H   0.997    C   38 0.945
    71  H   0.998    C   39 0.947
    72  H   0.997    C   40 0.941
    73  H   0.996    C   41 0.945
    74  H   0.997    C   43 0.941
    75  H   0.997    C   44 0.944
    76  H   0.997    C   45 0.944
    77  H   0.997    C   46 0.942
    78  H   0.998    C   48 0.947
    79  H   0.997    C   49 0.945
 
 --------------------------------------------
          xTB calculation for sTDA...
 --------------------------------------------
 
 reading parameter file /home/tchapet/xtb4stda/.param_stda2.xtb
 
      method parameters     
 k(s)        :  1.6000
 k(p)        :  2.1800
 k(d)        :  1.9500
 k(f)        :  2.0000
 k(R-V)      :  2.2750
 k(R-R)      :  1.7650
 Tscal       :  0.2580
 Gscal       :  1.0000
 fpol        :  1.0000
 Zcnf        :  0.3430
 Zqf         :  0.0000
 kcn         :  2.7000
 Ryd Hsplit  :  0.7000
 lshift(virt):  3.1000
 lshift(OS)  :  0.2000
 wllscaling  :  2.6000
 
 mowrcut     : 3.000
 
  Z AO/shell   Hii/eV     exponent
  1     Sun Feb 14 09:53:25 CET 2016    EN: 2.327 GAM: 0.473  GM3: 0.0000
     1s    -14.339618    1.220000
     2sp    -3.348946    0.600000
  6     Sun Feb 14 09:53:25 CET 2016    EN: 2.731 GAM: 0.422  GM3: 0.0000
     2s    -22.009312    1.565095
     2p    -13.020408    1.596905
     3sp    -3.914040    0.824500
  7     Sun Feb 14 09:53:25 CET 2016    EN: 3.573 GAM: 0.504  GM3: 0.0000
     2s    -25.722000    2.064844
     2p    -18.684912    1.801692
     3sp    -4.344791    0.921400
 
 Nbf   :          542
 T(el) :     0.0
 calculating S/T integrals ...
 cpu time for ints    2.85917700000000     
 Nao   :          542
 making H0...
 making H1...
 cpu time for H      5.097999999999825E-003
 solving ...
 cpu time for diag   0.130087000000000     
 
 gap (eV)           :   5.434
 Koopmans IP (eV)   :  12.410
 Eel (Eh)           :  -198.865018

          eigenvalues
 #    :         103        104        105        106        107        108        109        110
 occ. :        2.000      2.000      2.000      2.000      2.000      2.000      2.000      2.000
 eps  :       -16.594    -16.451    -16.381    -16.370    -16.251    -16.143    -16.134    -16.052
 #    :         111        112        113        114        115        116        117        118
 occ. :        2.000      2.000      2.000      2.000      2.000      0.000      0.000      0.000
 eps  :       -15.878    -15.183    -14.840    -14.332    -12.411     -6.976     -6.673     -6.413
 #    :         119        120        121        122        123        124        125        126
 occ. :        0.000      0.000      0.000      0.000      0.000      0.000      0.000      0.000
 eps  :        -6.205     -6.189     -6.045     -5.995     -5.966     -5.850     -5.646     -5.395
                            1  SCC done.
 writing mo output ...
 molden style : F
 
speedup  8.02
cpu  time for all    3.94 s
wall time for all    0.49 s
