 
        ______________________________________
       |                                      |
       |          ===================         |
       |             xTB for sTDA             |
       |          ===================         |
       |               S. Grimme              |
       |        Universitaet Bonn, MCTC       |
       |         2015-19, Version 1.0         |
       |     Wed Apr  3 09:14:55 CEST 2019    |
       |______________________________________|
 
        This code comes without any warranty
        for non-commercial, academia use only.
        Preliminary test version.
        Cite this work as:
        S. Grimme  &  C. Bannwarth, JCP 145 (2016) 054103
        if GBSA is used additionally:
        P. Shushkov, F. März, C. Bannwarth, S. Grimme, unpublished.
 
        with help from
        P. Shushkov, G. Brandenburg, S. Dohm, J. Pisarek,
        F. März, M. Checinski, S. Ehrlich, S. Spicher, 
        P. Pracht, E. Caldeweyher, S. Ehlert, and C. Bannwarth.
 
        usage        :
        xtb4stda <coord_file> [options]
        where <coord_file> is a valid file of TM)
        (*coord, Bohr) or xmol (*xyz, Angstroem)
        format.

        options:
        -chrg <int>   : molecular charge
        -uhf  <int>   : # of unpaired electrons(=2*S)
        -nox          : skip second, extended part in sTDA-xTB
        -pop          : do population analysis
                      : (default for -nox)
        -mowr <real>  : cut MO write above (def.3 Eh)
        -molden       : write formatted molden file
        -parx <file>  : read parameters for sTDA-xTB
                        calc (def:~/.param_stda2.xtb)
        -parv <file>  : read parameters for vTB part in
                        sTDA-xTB (def: ~/.param_stda1.xtb)
        -xtemp <real> : el. temp for xTB (def. 0 K)
        -etemp <real> : el. temp for GFN (def. 300 K)
        -fod          : calculate the FOD and write
                        molden.input file with
                        appropriate occupations
                        for plotting. Def. T=12500 K
 
        -acc <real>   : xTB accuracy (def. 1.0)
        -gbsa [string1] [string2]
                        use GBSA implicit solvent
                        for solvent [string1] and
                        solvation state [string2]=
                        reference, bar1M (default=1M)
        additional GFN/opt/MD/siman options read from
        $XTB4STDAHOME/.xtb4stdarc or $set in input
 
       spin and charge state information can be on:
       <.CHRG> (charge) and <.UHF> (=nalpha-nbeta)
       -uhf and -chrg override the file info.
       useful machine settings:
       setenv MKL_NUM_THREADS <NCORE_ON_YOUR_MACHINE>
       setenv OMP_STACKSIZE 500m
       limit stacksize unlimited
 
       total energies in Eh, gaps/HL energies in eV
       please read REVISION and HOWTO files carefully
 =============================
  # OMP threads =          16
 =============================
 
 xtb4stdahome directory:/home/tchapet/xtb4stda/
 
 argument            1 :gbsa
 argument            2 :toluene
 
 name of molecule           :
 comment line               :
 number of atoms            :    93
 number of electrons        :   266
 charge                     :  0
 spin                       : 0.0
 first test random number   :  0.1528
 
 -----------------------------------------
      charge density (VTB) calculation
 -----------------------------------------
 
      method parameters     
 k(s)        :  1.8000
 k(p)        :  2.8350
 k(d)        :  2.0860
 k(f)        :  2.0000
 Tscal       :  0.3300
 Gscal       :  0.3910
 fpol        :  1.0000
 Zcnf        :  0.6500
 Zqf         :  0.0000
 kcn         :  0.3000
 kEN1        : -0.5900
 wllscal     :  2.6000
 
     -------------------------
     ! NO SOLVENT MODEL USED !
     -------------------------
 
 doing EN charges ...
 sum q : -0.7771561D-15
 point charge moment (au)
     X       Y       Z   
   0.0777   0.4464   0.1675  total (Debye):    1.228
 
            Z      q(EN)   CN      Cart. coordinates
     1  C   4.0  -0.243   4.108    10.26417     1.66573    -2.26367
     2  C   4.0  -0.031   4.146    12.39317     0.64913    -0.55045
     3  C   4.0  -0.244   4.099    14.70707     2.34379    -0.90119
     4  C   4.0   0.009   3.318    11.47282     0.59904     2.16982
     5  C   4.0  -0.071   3.181    12.23392     2.28875     4.02290
     6  C   4.0  -0.073   3.145    11.34153     2.08745     6.47554
     7  C   4.0  -0.072   3.144     9.72086     0.14347     7.13270
     8  C   4.0  -0.067   3.183     8.95171    -1.57290     5.31796
     9  C   4.0   0.081   3.351     9.76596    -1.30513     2.83672
    10  N   5.0  -0.313   3.261     9.05662    -3.06301     0.95282
    11  C   4.0   0.103   3.244     6.59720    -3.50949     0.26734
    12  C   4.0  -0.070   3.192     4.57683    -2.42852     1.61091
    13  C   4.0  -0.073   3.188     2.12064    -2.77405     0.84990
    14  C   4.0  -0.003   3.207     1.54043    -4.20960    -1.29146
    15  C   4.0   0.095   3.160    -1.05903    -4.54108    -2.17636
    16  O   6.0  -0.100   1.062    -1.74619    -6.35489    -3.44068
    17  C   4.0  -0.001   3.215    -2.86487    -2.48317    -1.49498
    18  C   4.0  -0.069   3.224    -5.29675    -3.09513    -0.72222
    19  C   4.0   0.094   3.239    -7.00314    -1.18789    -0.11609
    20  N   5.0  -0.323   3.315    -9.45223    -1.79488     0.67527
    21  C   4.0   0.087   3.466   -11.07640    -3.45041    -0.53163
    22  C   4.0  -0.063   3.154   -10.74303    -4.79745    -2.75687
    23  C   4.0  -0.073   3.151   -12.71882    -6.29235    -3.58459
    24  C   4.0  -0.073   3.145   -14.98428    -6.44134    -2.25095
    25  C   4.0  -0.067   3.152   -15.34252    -5.07088    -0.05958
    26  C   4.0  -0.000   3.373   -13.38408    -3.55453     0.80985
    27  C   4.0  -0.000   3.372   -13.11932    -1.88829     2.93767
    28  C   4.0  -0.067   3.152   -14.70499    -1.23665     4.92560
    29  C   4.0  -0.073   3.145   -13.82742     0.43120     6.73063
    30  C   4.0  -0.073   3.151   -11.39199     1.42078     6.58706
    31  C   4.0  -0.063   3.155    -9.78023     0.80029     4.62717
    32  C   4.0   0.088   3.465   -10.66849    -0.83664     2.78087
    33  C   4.0  -0.066   3.231    -6.26873     1.33070    -0.29667
    34  C   4.0   0.094   3.238    -3.84755     1.94788    -1.11956
    35  N   5.0  -0.322   3.313    -3.13584     4.48432    -1.35366
    36  C   4.0   0.087   3.464    -4.53208     6.35836    -2.52867
    37  C   4.0  -0.063   3.155    -6.81708     6.19513    -3.80536
    38  C   4.0  -0.073   3.151    -7.78136     8.37684    -4.87042
    39  C   4.0  -0.073   3.145    -6.50680    10.67368    -4.69426
    40  C   4.0  -0.067   3.152    -4.20716    10.83804    -3.47246
    41  C   4.0  -0.000   3.372    -3.20012     8.66975    -2.38879
    42  C   4.0  -0.000   3.373    -0.88791     8.15247    -1.06311
    43  C   4.0  -0.067   3.153     1.14432     9.64777    -0.33841
    44  C   4.0  -0.073   3.145     3.11257     8.53842     0.96728
    45  C   4.0  -0.073   3.151     3.05491     5.97826     1.57749
    46  C   4.0  -0.064   3.156     1.04904     4.45612     0.88234
    47  C   4.0   0.087   3.463    -0.91402     5.54733    -0.47166
    48  C   4.0  -0.070   3.230    -2.14661     0.03508    -1.72246
    49  C   4.0  -0.072   3.184     3.54291    -5.31904    -2.61261
    50  C   4.0  -0.070   3.190     6.00622    -4.95331    -1.88416
    51  C   4.0   0.081   3.352    11.15302    -3.89359    -0.47733
    52  C   4.0  -0.067   3.183    11.54181    -6.44747    -0.94193
    53  C   4.0  -0.072   3.144    13.65989    -7.22041    -2.26275
    54  C   4.0  -0.073   3.145    15.40062    -5.44603    -3.07513
    55  C   4.0  -0.071   3.180    15.04563    -2.90724    -2.54426
    56  C   4.0   0.009   3.318    12.92615    -2.08862    -1.23863
    57  H   1.0   0.082   0.999    10.86682     1.60993    -4.22877
    58  H   1.0   0.085   1.001     8.54151     0.56241    -2.08771
    59  H   1.0   0.083   0.999     9.83492     3.61295    -1.76248
    60  H   1.0   0.083   1.000    16.27152     1.71097     0.27229
    61  H   1.0   0.083   1.000    15.29569     2.33590    -2.86913
    62  H   1.0   0.083   1.000    14.24250     4.28428    -0.41353
    63  H   1.0   0.076   1.006    13.53599     3.78892     3.57458
    64  H   1.0   0.074   1.004    11.94457     3.43566     7.88366
    65  H   1.0   0.074   1.004     9.07369    -0.05641     9.05754
    66  H   1.0   0.075   1.005     7.74827    -3.14101     5.82499
    67  H   1.0   0.077   1.008     4.94682    -1.26356     3.23909
    68  H   1.0   0.076   1.007     0.60959    -1.96164     1.95573
    69  H   1.0   0.077   1.006    -5.83108    -5.05625    -0.55417
    70  H   1.0   0.075   1.005    -9.00580    -4.68324    -3.82082
    71  H   1.0   0.074   1.004   -12.49969    -7.36583    -5.30717
    72  H   1.0   0.074   1.004   -16.48103    -7.63587    -2.95740
    73  H   1.0   0.074   1.004   -17.10777    -5.16407     0.95939
    74  H   1.0   0.074   1.004   -16.58044    -2.02981     5.05361
    75  H   1.0   0.074   1.004   -15.03254     0.96687     8.28833
    76  H   1.0   0.074   1.004   -10.74506     2.69739     8.04277
    77  H   1.0   0.075   1.005    -7.88521     1.55242     4.55829
    78  H   1.0   0.078   1.007    -7.58798     2.80835     0.18626
    79  H   1.0   0.075   1.005    -7.80647     4.42120    -3.99518
    80  H   1.0   0.074   1.004    -9.55998     8.29473    -5.86904
    81  H   1.0   0.074   1.004    -7.32545    12.33771    -5.54667
    82  H   1.0   0.074   1.004    -3.19990    12.60929    -3.36779
    83  H   1.0   0.074   1.004     1.17283    11.63782    -0.78735
    84  H   1.0   0.074   1.004     4.71313     9.66732     1.54152
    85  H   1.0   0.074   1.005     4.60709     5.16539     2.62536
    86  H   1.0   0.076   1.006     1.01921     2.48450     1.39324
    87  H   1.0   0.078   1.007    -0.29288     0.50975    -2.42600
    88  H   1.0   0.075   1.005     3.11528    -6.42334    -4.27614
    89  H   1.0   0.077   1.008     7.50168    -5.74296    -3.02023
    90  H   1.0   0.075   1.005    10.20057    -7.81684    -0.24110
    91  H   1.0   0.074   1.004    13.95680    -9.20477    -2.63372
    92  H   1.0   0.074   1.004    17.05870    -6.03937    -4.10596
    93  H   1.0   0.076   1.006    16.45057    -1.57108    -3.16709
 
  Z AO/shell   Hii/eV     exponent
  1     Sat Feb 20 21:38:01 CET 2016    EN: 2.327 GAM: 0.473  GM3: 0.0000
     1s    -13.751157    1.051071
  6     Sat Feb 20 21:38:01 CET 2016    EN: 2.731 GAM: 0.422  GM3: 0.0000
     2s    -19.378245    2.021003
     2p    -11.993376    1.497917
  7     Sat Feb 20 21:38:01 CET 2016    EN: 3.573 GAM: 0.504  GM3: 0.0000
     2s    -21.576984    2.275442
     2p    -16.125120    2.056788
  8     Sat Feb 20 21:38:01 CET 2016    EN: 3.700 GAM: 0.587  GM3: 0.0000
     2s    -21.648843    2.110798
     2p    -17.239740    2.329048
 
 dipole moment of classical point charges (au)
     X       Y       Z   
   0.0777   0.4464   0.1675  total (Debye):    1.228

 
 Nbf   :          261
 T(el) :   300.0
 calculating S/T integrals ...
 cpu time for ints   0.525789000000000     
 Nao   :          261
 making H0...
 making H1...
 cpu time for H      2.881100000000003E-002
 solving ...
 cpu time for diag   0.108558000000000     
 
 gap (eV)           :   4.543
 Koopmans IP (eV)   :  13.331
 Eel (Eh)           :  -208.691252
 T,E(Fermi),NFOD :    300.000   -11.059  0.000000
 T,E(Fermi),NFOD :    300.000   -11.059  0.000000
 Nfod               :  0.0000
 Nfod/Nel           :  0.0000

          eigenvalues
 #    :         121        122        123        124        125        126        127        128
 occ. :        2.000      2.000      2.000      2.000      2.000      2.000      2.000      2.000
 eps  :       -15.552    -15.545    -15.489    -15.455    -15.413    -15.398    -15.339    -15.014
 #    :         129        130        131        132        133        134        135        136
 occ. :        2.000      2.000      2.000      2.000      2.000      0.000      0.000      0.000
 eps  :       -14.106    -14.106    -13.490    -13.384    -13.332     -8.788     -7.234     -6.913
 #    :         137        138        139        140        141        142        143        144
 occ. :        0.000      0.000      0.000      0.000      0.000      0.000      0.000      0.000
 eps  :        -6.887     -6.878     -6.142     -5.824     -5.770     -5.544     -5.397     -5.363
                            1  SCC done.
 making H1...
 cpu time for H      0.138511000000000     
 solving ...
 cpu time for diag   7.058900000000001E-002
 
 gap (eV)           :   4.650
 Koopmans IP (eV)   :  13.166
 Eel (Eh)           :  -208.011700
 T,E(Fermi),NFOD :    300.000   -10.841  0.000000
 T,E(Fermi),NFOD :    300.000   -10.841  0.000000
 Nfod               :  0.0000
 Nfod/Nel           :  0.0000

          eigenvalues
 #    :         121        122        123        124        125        126        127        128
 occ. :        2.000      2.000      2.000      2.000      2.000      2.000      2.000      2.000
 eps  :       -15.469    -15.443    -15.407    -15.398    -15.366    -15.259    -15.040    -14.117
 #    :         129        130        131        132        133        134        135        136
 occ. :        2.000      2.000      2.000      2.000      2.000      0.000      0.000      0.000
 eps  :       -14.020    -13.962    -13.392    -13.287    -13.167     -8.517     -7.260     -6.955
 #    :         137        138        139        140        141        142        143        144
 occ. :        0.000      0.000      0.000      0.000      0.000      0.000      0.000      0.000
 eps  :        -6.796     -6.733     -6.168     -5.855     -5.792     -5.561     -5.366     -5.311
                            2  SCC done.
 
 
 Mulliken/CM5 charges    n(s)   n(p)   n(d)   
    1 C  -0.0976 -0.2429   1.108  2.990  0.000
    2 C   0.0221  0.0032   1.225  2.752  0.000
    3 C  -0.0950 -0.2436   1.098  2.997  0.000
    4 C  -0.0147 -0.0167   1.196  2.819  0.000
    5 C  -0.0410 -0.0954   1.140  2.901  0.000
    6 C  -0.0376 -0.0940   1.135  2.903  0.000
    7 C  -0.0335 -0.0898   1.135  2.898  0.000
    8 C  -0.0347 -0.0846   1.139  2.896  0.000
    9 C   0.0464  0.1025   1.184  2.769  0.000
   10 N  -0.1180 -0.3648   1.233  3.885  0.000
   11 C   0.0650  0.1252   1.180  2.755  0.000
   12 C  -0.0524 -0.1018   1.133  2.919  0.000
   13 C  -0.0386 -0.0927   1.147  2.891  0.000
   14 C  -0.0274 -0.0336   1.168  2.859  0.000
   15 C   0.1457  0.1773   1.182  2.672  0.000
   16 O  -0.2388 -0.2848   1.626  4.612  0.000
   17 C  -0.0048 -0.0107   1.181  2.824  0.000
   18 C  -0.0356 -0.0803   1.142  2.893  0.000
   19 C   0.0699  0.1265   1.170  2.760  0.000
   20 N  -0.0940 -0.3386   1.234  3.860  0.000
   21 C   0.0361  0.0988   1.183  2.781  0.000
   22 C  -0.0417 -0.0910   1.135  2.906  0.000
   23 C  -0.0378 -0.0938   1.135  2.903  0.000
   24 C  -0.0482 -0.1043   1.132  2.916  0.000
   25 C  -0.0370 -0.0898   1.138  2.899  0.000
   26 C  -0.0287 -0.0259   1.166  2.863  0.000
   27 C  -0.0276 -0.0247   1.166  2.862  0.000
   28 C  -0.0364 -0.0892   1.138  2.898  0.000
   29 C  -0.0485 -0.1046   1.132  2.917  0.000
   30 C  -0.0400 -0.0960   1.135  2.905  0.000
   31 C  -0.0451 -0.0945   1.135  2.910  0.000
   32 C   0.0349  0.0977   1.183  2.782  0.000
   33 C  -0.0398 -0.0807   1.141  2.899  0.000
   34 C   0.0672  0.1237   1.170  2.762  0.000
   35 N  -0.0949 -0.3391   1.235  3.860  0.000
   36 C   0.0355  0.0981   1.183  2.781  0.000
   37 C  -0.0432 -0.0926   1.135  2.908  0.000
   38 C  -0.0381 -0.0941   1.135  2.903  0.000
   39 C  -0.0475 -0.1036   1.132  2.916  0.000
   40 C  -0.0363 -0.0891   1.138  2.898  0.000
   41 C  -0.0283 -0.0254   1.166  2.863  0.000
   42 C  -0.0272 -0.0243   1.166  2.861  0.000
   43 C  -0.0360 -0.0888   1.138  2.898  0.000
   44 C  -0.0482 -0.1044   1.132  2.916  0.000
   45 C  -0.0403 -0.0964   1.135  2.905  0.000
   46 C  -0.0469 -0.0967   1.135  2.911  0.000
   47 C   0.0352  0.0977   1.183  2.782  0.000
   48 C  -0.0474 -0.0935   1.145  2.902  0.000
   49 C  -0.0245 -0.0767   1.145  2.880  0.000
   50 C  -0.0485 -0.0973   1.133  2.915  0.000
   51 C   0.0466  0.1030   1.184  2.770  0.000
   52 C  -0.0338 -0.0835   1.139  2.895  0.000
   53 C  -0.0325 -0.0888   1.135  2.897  0.000
   54 C  -0.0373 -0.0937   1.135  2.903  0.000
   55 C  -0.0408 -0.0952   1.140  2.901  0.000
   56 C  -0.0151 -0.0171   1.195  2.820  0.000
   57 H   0.0328  0.0864   0.967  0.000  0.000
   58 H   0.0381  0.0984   0.962  0.000  0.000
   59 H   0.0323  0.0860   0.968  0.000  0.000
   60 H   0.0366  0.0906   0.963  0.000  0.000
   61 H   0.0380  0.0921   0.962  0.000  0.000
   62 H   0.0376  0.0917   0.962  0.000  0.000
   63 H   0.0444  0.1033   0.956  0.000  0.000
   64 H   0.0414  0.0980   0.959  0.000  0.000
   65 H   0.0444  0.1010   0.956  0.000  0.000
   66 H   0.0427  0.1034   0.957  0.000  0.000
   67 H   0.0421  0.1057   0.958  0.000  0.000
   68 H   0.0479  0.1081   0.952  0.000  0.000
   69 H   0.0493  0.1132   0.951  0.000  0.000
   70 H   0.0429  0.1030   0.957  0.000  0.000
   71 H   0.0441  0.1006   0.956  0.000  0.000
   72 H   0.0400  0.0965   0.960  0.000  0.000
   73 H   0.0418  0.0990   0.958  0.000  0.000
   74 H   0.0423  0.0995   0.958  0.000  0.000
   75 H   0.0401  0.0966   0.960  0.000  0.000
   76 H   0.0432  0.0998   0.957  0.000  0.000
   77 H   0.0405  0.1004   0.960  0.000  0.000
   78 H   0.0460  0.1118   0.954  0.000  0.000
   79 H   0.0420  0.1021   0.958  0.000  0.000
   80 H   0.0440  0.1005   0.956  0.000  0.000
   81 H   0.0403  0.0969   0.960  0.000  0.000
   82 H   0.0420  0.0992   0.958  0.000  0.000
   83 H   0.0424  0.0996   0.958  0.000  0.000
   84 H   0.0400  0.0966   0.960  0.000  0.000
   85 H   0.0435  0.1002   0.956  0.000  0.000
   86 H   0.0416  0.1027   0.958  0.000  0.000
   87 H   0.0469  0.1108   0.953  0.000  0.000
   88 H   0.0502  0.1105   0.950  0.000  0.000
   89 H   0.0429  0.1061   0.957  0.000  0.000
   90 H   0.0424  0.1031   0.958  0.000  0.000
   91 H   0.0446  0.1011   0.955  0.000  0.000
   92 H   0.0414  0.0980   0.959  0.000  0.000
   93 H   0.0442  0.1031   0.956  0.000  0.000
 Hirshfeld charges for QMDFF written to <charges>
 
 Loewdin charges    n(s)   n(p)   n(d)
    1 C  -0.1022   1.037  3.065  0.000
    2 C   0.0328   1.184  2.783  0.000
    3 C  -0.0998   1.027  3.073  0.000
    4 C  -0.0155   1.156  2.859  0.000
    5 C  -0.0362   1.087  2.950  0.000
    6 C  -0.0306   1.080  2.950  0.000
    7 C  -0.0251   1.080  2.945  0.000
    8 C  -0.0317   1.086  2.945  0.000
    9 C   0.0421   1.148  2.810  0.000
   10 N  -0.0795   1.192  3.887  0.000
   11 C   0.0637   1.142  2.794  0.000
   12 C  -0.0527   1.082  2.971  0.000
   13 C  -0.0296   1.093  2.937  0.000
   14 C  -0.0304   1.127  2.903  0.000
   15 C   0.1401   1.146  2.714  0.000
   16 O  -0.2245   1.597  4.628  0.000
   17 C  -0.0024   1.139  2.864  0.000
   18 C  -0.0354   1.091  2.945  0.000
   19 C   0.0675   1.133  2.799  0.000
   20 N  -0.0522   1.192  3.861  0.000
   21 C   0.0301   1.148  2.821  0.000
   22 C  -0.0397   1.083  2.957  0.000
   23 C  -0.0295   1.080  2.949  0.000
   24 C  -0.0421   1.078  2.964  0.000
   25 C  -0.0313   1.084  2.947  0.000
   26 C  -0.0286   1.124  2.904  0.000
   27 C  -0.0275   1.124  2.903  0.000
   28 C  -0.0307   1.084  2.946  0.000
   29 C  -0.0424   1.078  2.965  0.000
   30 C  -0.0317   1.080  2.951  0.000
   31 C  -0.0430   1.083  2.960  0.000
   32 C   0.0289   1.149  2.823  0.000
   33 C  -0.0416   1.091  2.951  0.000
   34 C   0.0647   1.133  2.802  0.000
   35 N  -0.0530   1.193  3.860  0.000
   36 C   0.0296   1.149  2.822  0.000
   37 C  -0.0412   1.083  2.958  0.000
   38 C  -0.0297   1.080  2.949  0.000
   39 C  -0.0414   1.078  2.964  0.000
   40 C  -0.0306   1.084  2.946  0.000
   41 C  -0.0282   1.124  2.904  0.000
   42 C  -0.0270   1.124  2.903  0.000
   43 C  -0.0303   1.084  2.946  0.000
   44 C  -0.0422   1.078  2.964  0.000
   45 C  -0.0319   1.080  2.952  0.000
   46 C  -0.0456   1.083  2.962  0.000
   47 C   0.0293   1.148  2.822  0.000
   48 C  -0.0467   1.094  2.953  0.000
   49 C  -0.0156   1.090  2.926  0.000
   50 C  -0.0482   1.082  2.966  0.000
   51 C   0.0424   1.148  2.810  0.000
   52 C  -0.0309   1.086  2.945  0.000
   53 C  -0.0242   1.080  2.944  0.000
   54 C  -0.0304   1.080  2.950  0.000
   55 C  -0.0360   1.086  2.949  0.000
   56 C  -0.0159   1.156  2.860  0.000
   57 H   0.0327   0.967  0.000  0.000
   58 H   0.0372   0.963  0.000  0.000
   59 H   0.0324   0.968  0.000  0.000
   60 H   0.0360   0.964  0.000  0.000
   61 H   0.0383   0.962  0.000  0.000
   62 H   0.0380   0.962  0.000  0.000
   63 H   0.0371   0.963  0.000  0.000
   64 H   0.0339   0.966  0.000  0.000
   65 H   0.0364   0.964  0.000  0.000
   66 H   0.0349   0.965  0.000  0.000
   67 H   0.0349   0.965  0.000  0.000
   68 H   0.0398   0.960  0.000  0.000
   69 H   0.0400   0.960  0.000  0.000
   70 H   0.0349   0.965  0.000  0.000
   71 H   0.0362   0.964  0.000  0.000
   72 H   0.0328   0.967  0.000  0.000
   73 H   0.0338   0.966  0.000  0.000
   74 H   0.0342   0.966  0.000  0.000
   75 H   0.0329   0.967  0.000  0.000
   76 H   0.0355   0.964  0.000  0.000
   77 H   0.0329   0.967  0.000  0.000
   78 H   0.0375   0.962  0.000  0.000
   79 H   0.0342   0.966  0.000  0.000
   80 H   0.0362   0.964  0.000  0.000
   81 H   0.0331   0.967  0.000  0.000
   82 H   0.0340   0.966  0.000  0.000
   83 H   0.0344   0.966  0.000  0.000
   84 H   0.0329   0.967  0.000  0.000
   85 H   0.0358   0.964  0.000  0.000
   86 H   0.0345   0.966  0.000  0.000
   87 H   0.0384   0.962  0.000  0.000
   88 H   0.0404   0.960  0.000  0.000
   89 H   0.0352   0.965  0.000  0.000
   90 H   0.0345   0.965  0.000  0.000
   91 H   0.0366   0.963  0.000  0.000
   92 H   0.0339   0.966  0.000  0.000
   93 H   0.0370   0.963  0.000  0.000
 
 Wiberg/Mayer (AO) data. WBOs > 0.1 written file <wbo>
 largest (>0.05) Wiberg bond orders for each atom
           total WBO             WBO to atom ...
     1  C   3.979    H   57 0.978    H   59 0.978    H   58 0.975    C    2 0.951
     2  C   3.924    C    3 0.974    C    1 0.951    C    4 0.937    C   56 0.937
     3  C   3.981    H   60 0.978    H   61 0.977    H   62 0.977    C    2 0.974
     4  C   3.940    C    5 1.403    C    9 1.344    C    2 0.937    C    7 0.107
     5  C   3.970    C    6 1.427    C    4 1.403    H   63 0.943    C    8 0.106
     6  C   3.971    C    7 1.429    C    5 1.427    H   64 0.944    C    9 0.107
     7  C   3.971    C    8 1.429    C    6 1.429    H   65 0.944    C    4 0.107
     8  C   3.967    C    7 1.429    C    9 1.392    H   66 0.944    C    5 0.106
     9  C   3.928    C    8 1.392    C    4 1.344    N   10 0.969    C    6 0.107
    10  N   3.360    C   11 1.069    C   51 0.970    C    9 0.969
    11  C   3.933    C   12 1.327    C   50 1.326    N   10 1.069    C   14 0.089
    12  C   3.969    C   13 1.486    C   11 1.327    H   67 0.939    C   49 0.089
    13  C   3.970    C   12 1.486    C   14 1.333    H   68 0.940    C   50 0.089
    14  C   3.948    C   13 1.333    C   49 1.330    C   15 1.020    C   11 0.089    O   16 0.060
    15  C   3.903    O   16 1.806    C   14 1.020    C   17 0.945
    16  O   2.132    C   15 1.806    C   17 0.061    C   14 0.060
    17  C   3.947    C   18 1.378    C   48 1.373    C   15 0.945    C   33 0.098    O   16 0.061
    18  C   3.962    C   19 1.385    C   17 1.378    H   69 0.944    C   34 0.099
    19  C   3.930    C   18 1.385    C   33 1.384    N   20 0.977    C   48 0.099
    20  N   3.446    C   32 1.054    C   21 1.052    C   19 0.977
    21  C   3.927    C   22 1.370    C   26 1.266    N   20 1.052    C   24 0.091
    22  C   3.968    C   23 1.451    C   21 1.370    H   70 0.943    C   25 0.103
    23  C   3.953    C   22 1.451    C   24 1.395    H   71 0.945    C   26 0.090
    24  C   3.969    C   25 1.460    C   23 1.395    H   72 0.945    C   21 0.091
    25  C   3.961    C   24 1.460    C   26 1.353    H   73 0.945    C   22 0.103
    26  C   3.955    C   25 1.353    C   21 1.266    C   27 1.087    C   23 0.090
    27  C   3.955    C   28 1.354    C   32 1.266    C   26 1.087    C   30 0.090
    28  C   3.961    C   29 1.460    C   27 1.354    H   74 0.945    C   31 0.103
    29  C   3.969    C   28 1.460    C   30 1.395    H   75 0.945    C   32 0.091
    30  C   3.953    C   31 1.451    C   29 1.395    H   76 0.945    C   27 0.090
    31  C   3.968    C   30 1.451    C   32 1.370    H   77 0.944    C   28 0.103
    32  C   3.927    C   31 1.370    C   27 1.266    N   20 1.054    C   29 0.091
    33  C   3.963    C   19 1.384    C   34 1.381    H   78 0.943    C   17 0.098
    34  C   3.931    C   48 1.387    C   33 1.381    N   35 0.978    C   18 0.099
    35  N   3.444    C   47 1.052    C   36 1.051    C   34 0.978
    36  C   3.927    C   37 1.371    C   41 1.267    N   35 1.051    C   39 0.091
    37  C   3.968    C   38 1.451    C   36 1.371    H   79 0.943    C   40 0.103
    38  C   3.953    C   37 1.451    C   39 1.395    H   80 0.945    C   41 0.090
    39  C   3.969    C   40 1.460    C   38 1.395    H   81 0.945    C   36 0.091
    40  C   3.961    C   39 1.460    C   41 1.353    H   82 0.945    C   37 0.103
    41  C   3.955    C   40 1.353    C   36 1.267    C   42 1.087    C   38 0.090
    42  C   3.955    C   43 1.354    C   47 1.266    C   41 1.087    C   45 0.090
    43  C   3.961    C   44 1.460    C   42 1.354    H   83 0.945    C   46 0.103
    44  C   3.969    C   43 1.460    C   45 1.395    H   84 0.945    C   47 0.091
    45  C   3.953    C   46 1.450    C   44 1.395    H   85 0.945    C   42 0.090
    46  C   3.968    C   45 1.450    C   47 1.371    H   86 0.942    C   43 0.103
    47  C   3.927    C   46 1.371    C   42 1.266    N   35 1.052    C   44 0.091
    48  C   3.964    C   34 1.387    C   17 1.373    H   87 0.943    C   19 0.099
    49  C   3.967    C   50 1.488    C   14 1.330    H   88 0.943    C   12 0.089
    50  C   3.967    C   49 1.488    C   11 1.326    H   89 0.940    C   13 0.089
    51  C   3.928    C   52 1.391    C   56 1.344    N   10 0.970    C   54 0.107
    52  C   3.967    C   53 1.430    C   51 1.391    H   90 0.944    C   55 0.106
    53  C   3.971    C   52 1.430    C   54 1.429    H   91 0.944    C   56 0.107
    54  C   3.971    C   53 1.429    C   55 1.427    H   92 0.944    C   51 0.107
    55  C   3.970    C   54 1.427    C   56 1.404    H   93 0.943    C   52 0.106
    56  C   3.941    C   55 1.404    C   51 1.344    C    2 0.937    C   53 0.107
    57  H   0.997    C    1 0.978
    58  H   0.999    C    1 0.975
    59  H   0.997    C    1 0.978
    60  H   0.999    C    3 0.978
    61  H   0.997    C    3 0.977
    62  H   0.997    C    3 0.977
    63  H   0.997    C    5 0.943
    64  H   0.996    C    6 0.944
    65  H   0.994    C    7 0.944
    66  H   0.997    C    8 0.944
    67  H   0.996    C   12 0.939
    68  H   0.997    C   13 0.940
    69  H   0.997    C   18 0.944
    70  H   0.997    C   22 0.943
    71  H   0.997    C   23 0.945
    72  H   0.997    C   24 0.945
    73  H   0.997    C   25 0.945
    74  H   0.997    C   28 0.945
    75  H   0.997    C   29 0.945
    76  H   0.997    C   30 0.945
    77  H   0.997    C   31 0.944
    78  H   0.995    C   33 0.943
    79  H   0.997    C   37 0.943
    80  H   0.997    C   38 0.945
    81  H   0.997    C   39 0.945
    82  H   0.997    C   40 0.945
    83  H   0.997    C   43 0.945
    84  H   0.997    C   44 0.945
    85  H   0.997    C   45 0.945
    86  H   0.997    C   46 0.942
    87  H   0.997    C   48 0.943
    88  H   0.996    C   49 0.943
    89  H   0.996    C   50 0.940
    90  H   0.997    C   52 0.944
    91  H   0.994    C   53 0.944
    92  H   0.996    C   54 0.944
    93  H   0.997    C   55 0.943
 
 --------------------------------------------
          xTB calculation for sTDA...
 --------------------------------------------
 
 reading parameter file /home/tchapet/xtb4stda/.param_stda2.xtb
 
      method parameters     
 k(s)        :  1.6000
 k(p)        :  2.1800
 k(d)        :  1.9500
 k(f)        :  2.0000
 k(R-V)      :  2.2750
 k(R-R)      :  1.7650
 Tscal       :  0.2580
 Gscal       :  1.0000
 fpol        :  1.0000
 Zcnf        :  0.3430
 Zqf         :  0.0000
 kcn         :  2.7000
 Ryd Hsplit  :  0.7000
 lshift(virt):  3.1000
 lshift(OS)  :  0.2000
 wllscaling  :  2.6000
 
 mowrcut     : 3.000
 
  Z AO/shell   Hii/eV     exponent
  1     Sun Feb 14 09:53:25 CET 2016    EN: 2.327 GAM: 0.473  GM3: 0.0000
     1s    -14.339618    1.220000
     2sp    -3.348946    0.600000
  6     Sun Feb 14 09:53:25 CET 2016    EN: 2.731 GAM: 0.422  GM3: 0.0000
     2s    -22.009312    1.565095
     2p    -13.020408    1.596905
     3sp    -3.914040    0.824500
  7     Sun Feb 14 09:53:25 CET 2016    EN: 3.573 GAM: 0.504  GM3: 0.0000
     2s    -25.722000    2.064844
     2p    -18.684912    1.801692
     3sp    -4.344791    0.921400
  8     Sun Feb 14 09:53:25 CET 2016    EN: 3.700 GAM: 0.587  GM3: 0.0000
     2s    -33.859000    2.418661
     2p    -22.175911    1.973969
     3sp    -4.259392    1.013700
 
 Nbf   :          633
 T(el) :     0.0
 calculating S/T integrals ...
 cpu time for ints    2.96276900000000     
 Nao   :          633
 making H0...
 making H1...
 cpu time for H      8.045000000000080E-003
 solving ...
 cpu time for diag   0.161896000000000     
 
 gap (eV)           :   6.522
 Koopmans IP (eV)   :  14.071
 Eel (Eh)           :  -230.606048

          eigenvalues
 #    :         121        122        123        124        125        126        127        128
 occ. :        2.000      2.000      2.000      2.000      2.000      2.000      2.000      2.000
 eps  :       -16.410    -16.367    -16.327    -16.284    -16.226    -16.182    -16.170    -16.040
 #    :         129        130        131        132        133        134        135        136
 occ. :        2.000      2.000      2.000      2.000      2.000      0.000      0.000      0.000
 eps  :       -15.107    -15.049    -14.263    -14.176    -14.072     -7.550     -6.634     -6.556
 #    :         137        138        139        140        141        142        143        144
 occ. :        0.000      0.000      0.000      0.000      0.000      0.000      0.000      0.000
 eps  :        -6.218     -6.142     -6.077     -5.942     -5.834     -5.789     -5.785     -5.731
                            1  SCC done.
 writing mo output ...
 molden style : F
 
speedup  6.66
cpu  time for all    4.26 s
wall time for all    0.64 s
