   -125.464076830709   -125.464076830709         0.46232E-03
   -125.464069518073   -125.464069518073         0.74085E-03
   -125.464091377184   -125.464091377184         0.67013E-03
   -125.464033157393   -125.464033157393         0.36960E-03
   -125.464074671533   -125.464074671533         0.46005E-03
   -125.464052373934   -125.464052373934         0.46880E-03
   -125.463993497505   -125.463993497505         0.90588E-03
   -125.464079713636   -125.464079713636         0.38346E-03
   -125.464031999827   -125.464031999827         0.81789E-03
   -125.464031173627   -125.464031173627         0.46097E-03
   -125.464022333512   -125.464022333512         0.28462E-03
   -125.463993337173   -125.463993337173         0.40958E-03
   -125.464038732462   -125.464038732462         0.39960E-03
   -125.464040426950   -125.464040426950         0.25625E-03
   -125.463988071020   -125.463988071020         0.25102E-03
   -125.463953663705   -125.463953663705         0.62138E-03
   -125.464056856749   -125.464056856749         0.53039E-03
   -125.464003366445   -125.464003366445         0.27061E-03
   -125.464018012808   -125.464018012808         0.38104E-03
   -125.463947643357   -125.463947643357         0.29111E-03
   -125.463982571145   -125.463982571145         0.36773E-03
   -125.463973553207   -125.463973553207         0.23470E-03
   -125.464069517408   -125.464069517408         0.59775E-03
   -125.464062646527   -125.464062646527         0.34657E-03
   -125.463937927455   -125.463937927455         0.33360E-03
   -125.463958924025   -125.463958924025         0.39122E-03
   -125.463945698576   -125.463945698576         0.30572E-03
   -125.464014346845   -125.464014346845         0.23440E-03
   -125.463964321432   -125.463964321432         0.33061E-03
   -125.464001823341   -125.464001823341         0.32598E-03
   -125.463951294726   -125.463951294726         0.33022E-03
   -125.463974183194   -125.463974183194         0.28022E-03
   -125.463982483387   -125.463982483387         0.34730E-03
   -125.463973838590   -125.463973838590         0.35358E-03
   -125.463889638980   -125.463889638980         0.51262E-03
   -125.463992644492   -125.463992644492         0.45346E-03
