 
        ______________________________________
       |                                      |
       |          ===================         |
       |             xTB for sTDA             |
       |          ===================         |
       |               S. Grimme              |
       |        Universitaet Bonn, MCTC       |
       |         2015-19, Version 1.0         |
       |     Wed Apr  3 09:14:55 CEST 2019    |
       |______________________________________|
 
        This code comes without any warranty
        for non-commercial, academia use only.
        Preliminary test version.
        Cite this work as:
        S. Grimme  &  C. Bannwarth, JCP 145 (2016) 054103
        if GBSA is used additionally:
        P. Shushkov, F. März, C. Bannwarth, S. Grimme, unpublished.
 
        with help from
        P. Shushkov, G. Brandenburg, S. Dohm, J. Pisarek,
        F. März, M. Checinski, S. Ehrlich, S. Spicher, 
        P. Pracht, E. Caldeweyher, S. Ehlert, and C. Bannwarth.
 
        usage        :
        xtb4stda <coord_file> [options]
        where <coord_file> is a valid file of TM)
        (*coord, Bohr) or xmol (*xyz, Angstroem)
        format.

        options:
        -chrg <int>   : molecular charge
        -uhf  <int>   : # of unpaired electrons(=2*S)
        -nox          : skip second, extended part in sTDA-xTB
        -pop          : do population analysis
                      : (default for -nox)
        -mowr <real>  : cut MO write above (def.3 Eh)
        -molden       : write formatted molden file
        -parx <file>  : read parameters for sTDA-xTB
                        calc (def:~/.param_stda2.xtb)
        -parv <file>  : read parameters for vTB part in
                        sTDA-xTB (def: ~/.param_stda1.xtb)
        -xtemp <real> : el. temp for xTB (def. 0 K)
        -etemp <real> : el. temp for GFN (def. 300 K)
        -fod          : calculate the FOD and write
                        molden.input file with
                        appropriate occupations
                        for plotting. Def. T=12500 K
 
        -acc <real>   : xTB accuracy (def. 1.0)
        -gbsa [string1] [string2]
                        use GBSA implicit solvent
                        for solvent [string1] and
                        solvation state [string2]=
                        reference, bar1M (default=1M)
        additional GFN/opt/MD/siman options read from
        $XTB4STDAHOME/.xtb4stdarc or $set in input
 
       spin and charge state information can be on:
       <.CHRG> (charge) and <.UHF> (=nalpha-nbeta)
       -uhf and -chrg override the file info.
       useful machine settings:
       setenv MKL_NUM_THREADS <NCORE_ON_YOUR_MACHINE>
       setenv OMP_STACKSIZE 500m
       limit stacksize unlimited
 
       total energies in Eh, gaps/HL energies in eV
       please read REVISION and HOWTO files carefully
 =============================
  # OMP threads =          16
 =============================
 
 xtb4stdahome directory:/home/tchapet/xtb4stda/
 
 argument            1 :gbsa
 argument            2 :toluene
 
 name of molecule           :
 comment line               :
 number of atoms            :    85
 number of electrons        :   226
 charge                     :  0
 spin                       : 0.0
 first test random number   :  0.9046
 
 -----------------------------------------
      charge density (VTB) calculation
 -----------------------------------------
 
      method parameters     
 k(s)        :  1.8000
 k(p)        :  2.8350
 k(d)        :  2.0860
 k(f)        :  2.0000
 Tscal       :  0.3300
 Gscal       :  0.3910
 fpol        :  1.0000
 Zcnf        :  0.6500
 Zqf         :  0.0000
 kcn         :  0.3000
 kEN1        : -0.5900
 wllscal     :  2.6000
 
     -------------------------
     ! NO SOLVENT MODEL USED !
     -------------------------
 
 doing EN charges ...
 sum q : -0.2220446D-15
 point charge moment (au)
     X       Y       Z   
   0.1648  -0.1530  -0.1156  total (Debye):    0.643
 
            Z      q(EN)   CN      Cart. coordinates
     1  C   4.0  -0.241   4.024     4.40311    -1.74678     3.94378
     2  C   4.0  -0.161   4.031     7.00170    -1.30608     2.78191
     3  C   4.0  -0.163   4.062     7.08307    -2.21680     0.04603
     4  C   4.0  -0.161   4.050     9.69290    -2.03296    -1.18043
     5  C   4.0  -0.160   4.056    10.76497     0.64236    -1.43787
     6  C   4.0  -0.101   4.125     9.15610     2.40083    -3.10938
     7  N   5.0  -0.286   3.199     7.46787     3.98953    -1.65012
     8  C   4.0   0.096   3.242     4.85883     3.63231    -1.68223
     9  C   4.0  -0.057   3.165     3.58332     2.36903    -3.47815
    10  C   4.0  -0.183   4.110     0.80114     1.87289    -3.35882
    11  C   4.0   0.010   3.147    -0.29850     2.16441    -0.75146
    12  C   4.0  -0.060   3.184    -2.38856     0.97838     0.04781
    13  C   4.0  -0.119   4.203    -3.86669    -0.96845    -1.38819
    14  C   4.0   0.002   3.371    -6.65073    -0.91633    -0.78969
    15  C   4.0  -0.067   3.200    -8.33449     1.04061    -1.09864
    16  C   4.0  -0.004   3.226   -10.86033     0.69486    -0.41005
    17  C   4.0  -0.005   3.223   -12.68758     2.76933    -0.70059
    18  C   4.0  -0.074   3.187   -15.11231     2.31570    -1.62257
    19  C   4.0  -0.072   3.143   -16.82548     4.27132    -1.88515
    20  C   4.0  -0.074   3.143   -16.15041     6.71237    -1.22309
    21  C   4.0  -0.072   3.143   -13.74622     7.18582    -0.30212
    22  C   4.0  -0.074   3.188   -12.02735     5.23432    -0.04884
    23  C   4.0  -0.073   3.190   -11.62810    -1.62890     0.57385
    24  C   4.0  -0.067   3.155    -9.93969    -3.59733     0.90261
    25  C   4.0  -0.005   3.338    -7.43510    -3.23951     0.22366
    26  C   4.0  -0.005   3.337    -5.25865    -4.90287     0.37598
    27  C   4.0  -0.067   3.155    -5.01011    -7.35348     1.26946
    28  C   4.0  -0.073   3.189    -2.64679    -8.47056     1.24636
    29  C   4.0  -0.005   3.227    -0.52891    -7.18693     0.34039
    30  C   4.0  -0.005   3.225     1.96858    -8.40775     0.34802
    31  C   4.0  -0.074   3.188     2.79045    -9.78022     2.43950
    32  C   4.0  -0.072   3.143     5.14604   -10.91185     2.44895
    33  C   4.0  -0.074   3.144     6.71294   -10.70999     0.36155
    34  C   4.0  -0.073   3.144     5.91120    -9.36067    -1.73326
    35  C   4.0  -0.074   3.190     3.56501    -8.20889    -1.73671
    36  C   4.0  -0.068   3.203    -0.79298    -4.72426    -0.57252
    37  C   4.0   0.002   3.377    -3.14075    -3.60740    -0.55695
    38  C   4.0  -0.068   3.194     1.01761     3.89679     0.88713
    39  C   4.0   0.071   3.264     3.41277     4.64045     0.44602
    40  O   6.0  -0.154   2.103     4.46652     6.32395     2.08411
    41  C   4.0   0.068   3.288     6.94808     6.97857     1.75633
    42  C   4.0  -0.068   3.168     7.88757     8.83749     3.34353
    43  C   4.0  -0.073   3.141    10.39287     9.56453     3.18427
    44  C   4.0  -0.072   3.144    11.94622     8.40767     1.42720
    45  C   4.0  -0.071   3.191    11.01584     6.55456    -0.16352
    46  C   4.0   0.098   3.281     8.48915     5.79899    -0.05299
    47  H   1.0   0.081   0.998     4.35589    -1.09064     5.89224
    48  H   1.0   0.082   1.000     2.96113    -0.73157     2.88492
    49  H   1.0   0.081   0.999     3.93260    -3.74867     3.91747
    50  H   1.0   0.080   1.003     8.42927    -2.31248     3.88483
    51  H   1.0   0.082   1.004     7.44286     0.70777     2.87601
    52  H   1.0   0.083   1.006     5.70810    -1.14394    -1.05396
    53  H   1.0   0.081   1.005     6.49503    -4.19681     0.00649
    54  H   1.0   0.081   1.003    11.02485    -3.15170    -0.06667
    55  H   1.0   0.080   1.003     9.59161    -2.88554    -3.05940
    56  H   1.0   0.083   1.005    10.98485     1.48232     0.43064
    57  H   1.0   0.081   1.003    12.64886     0.48598    -2.26588
    58  H   1.0   0.086   1.006     8.04156     1.25311    -4.39626
    59  H   1.0   0.082   1.003    10.37145     3.61084    -4.26511
    60  H   1.0   0.076   1.005     4.50207     1.65964    -5.15295
    61  H   1.0   0.082   1.005     0.44015    -0.01834    -4.10017
    62  H   1.0   0.078   1.003    -0.16806     3.20396    -4.62986
    63  H   1.0   0.075   1.006    -3.05787     1.32633     1.94818
    64  H   1.0   0.083   1.008    -3.57606    -0.73841    -3.42206
    65  H   1.0   0.075   1.005    -7.72291     2.81976    -1.89297
    66  H   1.0   0.075   1.005   -15.64225     0.42099    -2.17021
    67  H   1.0   0.074   1.004   -18.69551     3.89153    -2.61334
    68  H   1.0   0.074   1.004   -17.49186     8.23840    -1.42297
    69  H   1.0   0.074   1.004   -13.20983     9.08490     0.22508
    70  H   1.0   0.075   1.005   -10.16496     5.61125     0.69945
    71  H   1.0   0.075   1.005   -13.57692    -1.87316     1.13296
    72  H   1.0   0.074   1.004   -10.56733    -5.37508     1.68567
    73  H   1.0   0.074   1.004    -6.62808    -8.37544     1.98010
    74  H   1.0   0.075   1.005    -2.43285   -10.38741     1.91798
    75  H   1.0   0.075   1.005     1.58707    -9.92190     4.08371
    76  H   1.0   0.074   1.004     5.76344   -11.95503     4.09282
    77  H   1.0   0.074   1.004     8.55002   -11.60042     0.36776
    78  H   1.0   0.074   1.004     7.12129    -9.20477    -3.37095
    79  H   1.0   0.075   1.005     2.94201    -7.17370    -3.38278
    80  H   1.0   0.076   1.006     0.85034    -3.70044    -1.21642
    81  H   1.0   0.076   1.006     0.08302     4.55353     2.57781
    82  H   1.0   0.075   1.005     6.61558     9.67374     4.70062
    83  H   1.0   0.074   1.004    11.11750    11.00944     4.42633
    84  H   1.0   0.074   1.004    13.90896     8.94631     1.28458
    85  H   1.0   0.077   1.007    12.28529     5.69626    -1.50138
 
  Z AO/shell   Hii/eV     exponent
  1     Sat Feb 20 21:38:01 CET 2016    EN: 2.327 GAM: 0.473  GM3: 0.0000
     1s    -13.751157    1.051071
  6     Sat Feb 20 21:38:01 CET 2016    EN: 2.731 GAM: 0.422  GM3: 0.0000
     2s    -19.378245    2.021003
     2p    -11.993376    1.497917
  7     Sat Feb 20 21:38:01 CET 2016    EN: 3.573 GAM: 0.504  GM3: 0.0000
     2s    -21.576984    2.275442
     2p    -16.125120    2.056788
  8     Sat Feb 20 21:38:01 CET 2016    EN: 3.700 GAM: 0.587  GM3: 0.0000
     2s    -21.648843    2.110798
     2p    -17.239740    2.329048
 
 dipole moment of classical point charges (au)
     X       Y       Z   
   0.1648  -0.1530  -0.1156  total (Debye):    0.643

 
 Nbf   :          223
 T(el) :   300.0
 calculating S/T integrals ...
 cpu time for ints   0.498713000000000     
 Nao   :          223
 making H0...
 making H1...
 cpu time for H      2.829700000000002E-002
 solving ...
 cpu time for diag   9.043299999999999E-002
 
 gap (eV)           :   4.940
 Koopmans IP (eV)   :  12.747
 Eel (Eh)           :  -176.091944
 T,E(Fermi),NFOD :    300.000   -10.277  0.000000
 T,E(Fermi),NFOD :    300.000   -10.277  0.000000
 Nfod               :  0.0000
 Nfod/Nel           :  0.0000

          eigenvalues
 #    :         101        102        103        104        105        106        107        108
 occ. :        2.000      2.000      2.000      2.000      2.000      2.000      2.000      2.000
 eps  :       -16.807    -16.591    -15.911    -15.823    -15.573    -15.555    -15.533    -15.270
 #    :         109        110        111        112        113        114        115        116
 occ. :        2.000      2.000      2.000      2.000      2.000      0.000      0.000      0.000
 eps  :       -15.063    -15.011    -13.779    -12.987    -12.748     -7.808     -7.352     -6.833
 #    :         117        118        119        120        121        122        123        124
 occ. :        0.000      0.000      0.000      0.000      0.000      0.000      0.000      0.000
 eps  :        -6.340     -6.026     -5.641     -5.458     -5.366     -5.333     -5.265     -5.126
                            1  SCC done.
 making H1...
 cpu time for H      0.114291000000000     
 solving ...
 cpu time for diag   5.140400000000001E-002
 
 gap (eV)           :   4.794
 Koopmans IP (eV)   :  12.443
 Eel (Eh)           :  -175.314197
 T,E(Fermi),NFOD :    300.000   -10.046  0.000000
 T,E(Fermi),NFOD :    300.000   -10.046  0.000000
 Nfod               :  0.0000
 Nfod/Nel           :  0.0000

          eigenvalues
 #    :         101        102        103        104        105        106        107        108
 occ. :        2.000      2.000      2.000      2.000      2.000      2.000      2.000      2.000
 eps  :       -16.667    -16.413    -15.759    -15.703    -15.462    -15.456    -15.359    -15.103
 #    :         109        110        111        112        113        114        115        116
 occ. :        2.000      2.000      2.000      2.000      2.000      0.000      0.000      0.000
 eps  :       -14.913    -14.876    -13.623    -12.721    -12.444     -7.650     -7.167     -6.732
 #    :         117        118        119        120        121        122        123        124
 occ. :        0.000      0.000      0.000      0.000      0.000      0.000      0.000      0.000
 eps  :        -6.272     -5.927     -5.587     -5.342     -5.264     -5.212     -5.098     -5.013
                            2  SCC done.
 
 
 Mulliken/CM5 charges    n(s)   n(p)   n(d)   
    1 C  -0.0938 -0.2466   1.092  3.002  0.000
    2 C  -0.0542 -0.1677   1.135  2.919  0.000
    3 C  -0.0687 -0.1803   1.144  2.925  0.000
    4 C  -0.0558 -0.1670   1.145  2.911  0.000
    5 C  -0.0565 -0.1634   1.148  2.909  0.000
    6 C  -0.0014 -0.0504   1.155  2.847  0.000
    7 N  -0.1204 -0.3773   1.235  3.885  0.000
    8 C   0.0379  0.0973   1.172  2.790  0.000
    9 C  -0.0825 -0.1374   1.149  2.933  0.000
   10 C  -0.0352 -0.1341   1.114  2.921  0.000
   11 C  -0.0127 -0.0288   1.182  2.830  0.000
   12 C  -0.0756 -0.1310   1.152  2.924  0.000
   13 C  -0.0092 -0.0619   1.155  2.854  0.000
   14 C  -0.0099 -0.0183   1.191  2.819  0.000
   15 C  -0.0425 -0.0931   1.142  2.900  0.000
   16 C  -0.0031 -0.0121   1.168  2.835  0.000
   17 C  -0.0003 -0.0095   1.167  2.833  0.000
   18 C  -0.0403 -0.0939   1.141  2.899  0.000
   19 C  -0.0345 -0.0907   1.136  2.898  0.000
   20 C  -0.0372 -0.0936   1.136  2.901  0.000
   21 C  -0.0342 -0.0904   1.136  2.898  0.000
   22 C  -0.0395 -0.0931   1.141  2.898  0.000
   23 C  -0.0414 -0.0947   1.140  2.902  0.000
   24 C  -0.0349 -0.0878   1.138  2.897  0.000
   25 C  -0.0159 -0.0208   1.170  2.846  0.000
   26 C  -0.0168 -0.0216   1.170  2.846  0.000
   27 C  -0.0353 -0.0882   1.139  2.897  0.000
   28 C  -0.0417 -0.0950   1.140  2.902  0.000
   29 C  -0.0036 -0.0128   1.168  2.836  0.000
   30 C   0.0006 -0.0091   1.167  2.832  0.000
   31 C  -0.0388 -0.0927   1.141  2.898  0.000
   32 C  -0.0337 -0.0900   1.136  2.897  0.000
   33 C  -0.0372 -0.0937   1.136  2.901  0.000
   34 C  -0.0343 -0.0912   1.137  2.898  0.000
   35 C  -0.0395 -0.0940   1.141  2.898  0.000
   36 C  -0.0444 -0.0955   1.143  2.901  0.000
   37 C  -0.0126 -0.0206   1.195  2.817  0.000
   38 C  -0.0666 -0.1156   1.130  2.937  0.000
   39 C   0.0777  0.1024   1.162  2.761  0.000
   40 O  -0.1190 -0.1842   1.445  4.674  0.000
   41 C   0.0688  0.0942   1.153  2.779  0.000
   42 C  -0.0469 -0.0973   1.132  2.914  0.000
   43 C  -0.0531 -0.1093   1.131  2.922  0.000
   44 C  -0.0468 -0.1031   1.133  2.914  0.000
   45 C  -0.0594 -0.1097   1.133  2.927  0.000
   46 C   0.0416  0.1037   1.176  2.783  0.000
   47 H   0.0345  0.0861   0.965  0.000  0.000
   48 H   0.0307  0.0851   0.969  0.000  0.000
   49 H   0.0276  0.0806   0.972  0.000  0.000
   50 H   0.0228  0.0781   0.977  0.000  0.000
   51 H   0.0291  0.0878   0.971  0.000  0.000
   52 H   0.0283  0.0899   0.972  0.000  0.000
   53 H   0.0302  0.0877   0.970  0.000  0.000
   54 H   0.0320  0.0875   0.968  0.000  0.000
   55 H   0.0288  0.0843   0.971  0.000  0.000
   56 H   0.0346  0.0967   0.965  0.000  0.000
   57 H   0.0374  0.0930   0.963  0.000  0.000
   58 H   0.0523  0.1220   0.948  0.000  0.000
   59 H   0.0505  0.1164   0.950  0.000  0.000
   60 H   0.0441  0.1044   0.956  0.000  0.000
   61 H   0.0535  0.1110   0.947  0.000  0.000
   62 H   0.0499  0.1054   0.950  0.000  0.000
   63 H   0.0348  0.0941   0.965  0.000  0.000
   64 H   0.0536  0.1148   0.946  0.000  0.000
   65 H   0.0387  0.0976   0.961  0.000  0.000
   66 H   0.0369  0.0950   0.963  0.000  0.000
   67 H   0.0384  0.0948   0.962  0.000  0.000
   68 H   0.0379  0.0942   0.962  0.000  0.000
   69 H   0.0386  0.0950   0.961  0.000  0.000
   70 H   0.0377  0.0959   0.962  0.000  0.000
   71 H   0.0414  0.0996   0.959  0.000  0.000
   72 H   0.0418  0.0990   0.958  0.000  0.000
   73 H   0.0414  0.0986   0.959  0.000  0.000
   74 H   0.0410  0.0991   0.959  0.000  0.000
   75 H   0.0373  0.0954   0.963  0.000  0.000
   76 H   0.0387  0.0951   0.961  0.000  0.000
   77 H   0.0378  0.0942   0.962  0.000  0.000
   78 H   0.0380  0.0944   0.962  0.000  0.000
   79 H   0.0367  0.0949   0.963  0.000  0.000
   80 H   0.0403  0.1003   0.960  0.000  0.000
   81 H   0.0383  0.0995   0.962  0.000  0.000
   82 H   0.0401  0.1004   0.960  0.000  0.000
   83 H   0.0420  0.0986   0.958  0.000  0.000
   84 H   0.0423  0.0989   0.958  0.000  0.000
   85 H   0.0429  0.1048   0.957  0.000  0.000
 Hirshfeld charges for QMDFF written to <charges>
 
 Loewdin charges    n(s)   n(p)   n(d)
    1 C  -0.0956   1.019  3.076  0.000
    2 C  -0.0481   1.075  2.973  0.000
    3 C  -0.0663   1.085  2.981  0.000
    4 C  -0.0502   1.085  2.965  0.000
    5 C  -0.0531   1.089  2.964  0.000
    6 C  -0.0038   1.100  2.904  0.000
    7 N  -0.0839   1.196  3.888  0.000
    8 C   0.0307   1.137  2.832  0.000
    9 C  -0.0824   1.101  2.982  0.000
   10 C  -0.0291   1.051  2.978  0.000
   11 C  -0.0015   1.137  2.864  0.000
   12 C  -0.0770   1.104  2.973  0.000
   13 C  -0.0007   1.104  2.897  0.000
   14 C  -0.0058   1.150  2.856  0.000
   15 C  -0.0406   1.091  2.950  0.000
   16 C   0.0026   1.124  2.873  0.000
   17 C   0.0055   1.123  2.872  0.000
   18 C  -0.0358   1.088  2.948  0.000
   19 C  -0.0266   1.082  2.945  0.000
   20 C  -0.0300   1.081  2.949  0.000
   21 C  -0.0262   1.082  2.945  0.000
   22 C  -0.0351   1.088  2.947  0.000
   23 C  -0.0367   1.087  2.950  0.000
   24 C  -0.0295   1.085  2.945  0.000
   25 C  -0.0134   1.128  2.886  0.000
   26 C  -0.0143   1.128  2.886  0.000
   27 C  -0.0300   1.085  2.945  0.000
   28 C  -0.0371   1.087  2.950  0.000
   29 C   0.0021   1.124  2.874  0.000
   30 C   0.0064   1.123  2.871  0.000
   31 C  -0.0344   1.088  2.946  0.000
   32 C  -0.0258   1.082  2.944  0.000
   33 C  -0.0300   1.081  2.949  0.000
   34 C  -0.0264   1.082  2.945  0.000
   35 C  -0.0350   1.088  2.947  0.000
   36 C  -0.0430   1.091  2.952  0.000
   37 C  -0.0087   1.154  2.854  0.000
   38 C  -0.0706   1.080  2.990  0.000
   39 C   0.0664   1.127  2.806  0.000
   40 O  -0.0773   1.404  4.673  0.000
   41 C   0.0540   1.119  2.827  0.000
   42 C  -0.0438   1.080  2.964  0.000
   43 C  -0.0463   1.077  2.970  0.000
   44 C  -0.0392   1.078  2.961  0.000
   45 C  -0.0576   1.081  2.977  0.000
   46 C   0.0337   1.141  2.825  0.000
   47 H   0.0344   0.966  0.000  0.000
   48 H   0.0307   0.969  0.000  0.000
   49 H   0.0279   0.972  0.000  0.000
   50 H   0.0206   0.979  0.000  0.000
   51 H   0.0264   0.974  0.000  0.000
   52 H   0.0262   0.974  0.000  0.000
   53 H   0.0279   0.972  0.000  0.000
   54 H   0.0294   0.971  0.000  0.000
   55 H   0.0267   0.973  0.000  0.000
   56 H   0.0318   0.968  0.000  0.000
   57 H   0.0351   0.965  0.000  0.000
   58 H   0.0485   0.952  0.000  0.000
   59 H   0.0459   0.954  0.000  0.000
   60 H   0.0388   0.961  0.000  0.000
   61 H   0.0496   0.950  0.000  0.000
   62 H   0.0454   0.955  0.000  0.000
   63 H   0.0279   0.972  0.000  0.000
   64 H   0.0463   0.954  0.000  0.000
   65 H   0.0309   0.969  0.000  0.000
   66 H   0.0295   0.970  0.000  0.000
   67 H   0.0308   0.969  0.000  0.000
   68 H   0.0304   0.970  0.000  0.000
   69 H   0.0309   0.969  0.000  0.000
   70 H   0.0302   0.970  0.000  0.000
   71 H   0.0338   0.966  0.000  0.000
   72 H   0.0338   0.966  0.000  0.000
   73 H   0.0334   0.967  0.000  0.000
   74 H   0.0334   0.967  0.000  0.000
   75 H   0.0298   0.970  0.000  0.000
   76 H   0.0310   0.969  0.000  0.000
   77 H   0.0304   0.970  0.000  0.000
   78 H   0.0305   0.970  0.000  0.000
   79 H   0.0293   0.971  0.000  0.000
   80 H   0.0330   0.967  0.000  0.000
   81 H   0.0310   0.969  0.000  0.000
   82 H   0.0320   0.968  0.000  0.000
   83 H   0.0346   0.965  0.000  0.000
   84 H   0.0349   0.965  0.000  0.000
   85 H   0.0364   0.964  0.000  0.000
 
 Wiberg/Mayer (AO) data. WBOs > 0.1 written file <wbo>
 largest (>0.05) Wiberg bond orders for each atom
           total WBO             WBO to atom ...
     1  C   3.985    C    2 1.007    H   49 0.984    H   48 0.982    H   47 0.979
     2  C   3.973    C    1 1.007    C    3 0.994    H   50 0.971    H   51 0.970
     3  C   3.970    C    2 0.994    C    4 0.988    H   53 0.963    H   52 0.961
     4  C   3.969    C    5 0.991    C    3 0.988    H   55 0.966    H   54 0.964
     5  C   3.965    C    4 0.991    C    6 0.979    H   56 0.965    H   57 0.961
     6  C   3.939    C    5 0.979    H   59 0.964    H   58 0.961    N    7 0.959
     7  N   3.356    C   46 1.040    C    8 1.021    C    6 0.959    C    9 0.079
     8  C   3.936    C    9 1.744    C   39 1.029    N    7 1.021
     9  C   3.953    C    8 1.744    C   10 0.998    H   60 0.937    N    7 0.079    C   38 0.079
    10  C   3.979    C    9 0.998    C   11 0.966    H   61 0.950    H   62 0.936
    11  C   3.946    C   12 1.769    C   38 1.101    C   10 0.966
    12  C   3.952    C   11 1.769    C   13 0.972    H   63 0.939    C   39 0.102
    13  C   3.955    C   12 0.972    C   14 0.954    C   37 0.938    H   64 0.931
    14  C   3.940    C   15 1.444    C   25 1.298    C   13 0.954    C   23 0.098
    15  C   3.968    C   14 1.444    C   16 1.353    H   65 0.945    C   24 0.095
    16  C   3.935    C   23 1.370    C   15 1.353    C   17 1.004    C   25 0.094
    17  C   3.956    C   18 1.373    C   22 1.372    C   16 1.004    C   20 0.106
    18  C   3.970    C   19 1.443    C   17 1.373    H   66 0.947    C   21 0.108
    19  C   3.973    C   18 1.443    C   20 1.426    H   67 0.947    C   22 0.108
    20  C   3.969    C   19 1.426    C   21 1.425    H   68 0.948    C   17 0.106
    21  C   3.973    C   22 1.443    C   20 1.425    H   69 0.947    C   18 0.108
    22  C   3.970    C   21 1.443    C   17 1.372    H   70 0.947    C   19 0.108
    23  C   3.969    C   24 1.447    C   16 1.370    H   71 0.944    C   14 0.098
    24  C   3.957    C   23 1.447    C   25 1.370    H   72 0.944    C   15 0.095
    25  C   3.950    C   24 1.370    C   14 1.298    C   26 1.046    C   16 0.094
    26  C   3.950    C   27 1.368    C   37 1.299    C   25 1.046    C   29 0.094
    27  C   3.956    C   28 1.447    C   26 1.368    H   73 0.944    C   36 0.095
    28  C   3.969    C   27 1.447    C   29 1.371    H   74 0.944    C   37 0.098
    29  C   3.935    C   28 1.371    C   36 1.354    C   30 1.002    C   26 0.094
    30  C   3.956    C   31 1.373    C   35 1.373    C   29 1.002    C   33 0.106
    31  C   3.970    C   32 1.442    C   30 1.373    H   75 0.947    C   34 0.108
    32  C   3.973    C   31 1.442    C   33 1.426    H   76 0.947    C   35 0.108
    33  C   3.969    C   34 1.426    C   32 1.426    H   77 0.948    C   30 0.106
    34  C   3.973    C   35 1.440    C   33 1.426    H   78 0.947    C   31 0.108
    35  C   3.970    C   34 1.440    C   30 1.373    H   79 0.947    C   32 0.108
    36  C   3.968    C   37 1.443    C   29 1.354    H   80 0.943    C   27 0.095
    37  C   3.935    C   36 1.443    C   26 1.299    C   13 0.938    C   28 0.098
    38  C   3.960    C   39 1.675    C   11 1.101    H   81 0.938    C    9 0.079    O   40 0.063
    39  C   3.920    C   38 1.675    O   40 1.033    C    8 1.029    C   12 0.102
    40  O   2.333    C   39 1.033    C   41 1.011    C   38 0.063
    41  C   3.929    C   42 1.400    C   46 1.302    O   40 1.011    C   44 0.099
    42  C   3.969    C   43 1.425    C   41 1.400    H   82 0.946    C   45 0.099
    43  C   3.969    C   42 1.425    C   44 1.423    H   83 0.945    C   46 0.098
    44  C   3.971    C   45 1.436    C   43 1.423    H   84 0.944    C   41 0.099
    45  C   3.969    C   44 1.436    C   46 1.368    H   85 0.943    C   42 0.099
    46  C   3.935    C   45 1.368    C   41 1.302    N    7 1.040    C   43 0.098
    47  H   0.998    C    1 0.979
    48  H   0.999    C    1 0.982
    49  H   0.999    C    1 0.984
    50  H   0.999    C    2 0.971
    51  H   0.999    C    2 0.970
    52  H   0.999    C    3 0.961
    53  H   0.999    C    3 0.963
    54  H   0.999    C    4 0.964
    55  H   0.998    C    4 0.966
    56  H   0.999    C    5 0.965
    57  H   0.998    C    5 0.961
    58  H   0.997    C    6 0.961
    59  H   0.997    C    6 0.964
    60  H   0.997    C    9 0.937
    61  H   0.996    C   10 0.950
    62  H   0.996    C   10 0.936
    63  H   0.997    C   12 0.939
    64  H   0.996    C   13 0.931
    65  H   0.997    C   15 0.945
    66  H   0.999    C   18 0.947
    67  H   0.997    C   19 0.947
    68  H   0.996    C   20 0.948
    69  H   0.997    C   21 0.947
    70  H   0.999    C   22 0.947
    71  H   0.995    C   23 0.944
    72  H   0.996    C   24 0.944
    73  H   0.995    C   27 0.944
    74  H   0.994    C   28 0.944
    75  H   0.999    C   31 0.947
    76  H   0.997    C   32 0.947
    77  H   0.996    C   33 0.948
    78  H   0.997    C   34 0.947
    79  H   0.999    C   35 0.947
    80  H   0.997    C   36 0.943
    81  H   0.997    C   38 0.938
    82  H   0.997    C   42 0.946
    83  H   0.997    C   43 0.945
    84  H   0.997    C   44 0.944
    85  H   0.998    C   45 0.943
 
 --------------------------------------------
          xTB calculation for sTDA...
 --------------------------------------------
 
 reading parameter file /home/tchapet/xtb4stda/.param_stda2.xtb
 
      method parameters     
 k(s)        :  1.6000
 k(p)        :  2.1800
 k(d)        :  1.9500
 k(f)        :  2.0000
 k(R-V)      :  2.2750
 k(R-R)      :  1.7650
 Tscal       :  0.2580
 Gscal       :  1.0000
 fpol        :  1.0000
 Zcnf        :  0.3430
 Zqf         :  0.0000
 kcn         :  2.7000
 Ryd Hsplit  :  0.7000
 lshift(virt):  3.1000
 lshift(OS)  :  0.2000
 wllscaling  :  2.6000
 
 mowrcut     : 3.000
 
  Z AO/shell   Hii/eV     exponent
  1     Sun Feb 14 09:53:25 CET 2016    EN: 2.327 GAM: 0.473  GM3: 0.0000
     1s    -14.339618    1.220000
     2sp    -3.348946    0.600000
  6     Sun Feb 14 09:53:25 CET 2016    EN: 2.731 GAM: 0.422  GM3: 0.0000
     2s    -22.009312    1.565095
     2p    -13.020408    1.596905
     3sp    -3.914040    0.824500
  7     Sun Feb 14 09:53:25 CET 2016    EN: 3.573 GAM: 0.504  GM3: 0.0000
     2s    -25.722000    2.064844
     2p    -18.684912    1.801692
     3sp    -4.344791    0.921400
  8     Sun Feb 14 09:53:25 CET 2016    EN: 3.700 GAM: 0.587  GM3: 0.0000
     2s    -33.859000    2.418661
     2p    -22.175911    1.973969
     3sp    -4.259392    1.013700
 
 Nbf   :          563
 T(el) :     0.0
 calculating S/T integrals ...
 cpu time for ints    2.92595500000000     
 Nao   :          563
 making H0...
 making H1...
 cpu time for H      5.520999999999887E-003
 solving ...
 cpu time for diag   0.157834000000000     
 
 gap (eV)           :   6.272
 Koopmans IP (eV)   :  13.469
 Eel (Eh)           :  -194.120364

          eigenvalues
 #    :         101        102        103        104        105        106        107        108
 occ. :        2.000      2.000      2.000      2.000      2.000      2.000      2.000      2.000
 eps  :       -17.286    -17.254    -16.545    -16.428    -16.222    -16.194    -16.181    -15.978
 #    :         109        110        111        112        113        114        115        116
 occ. :        2.000      2.000      2.000      2.000      2.000      0.000      0.000      0.000
 eps  :       -15.838    -15.781    -14.787    -13.876    -13.470     -7.197     -6.813     -6.193
 #    :         117        118        119        120        121        122        123        124
 occ. :        0.000      0.000      0.000      0.000      0.000      0.000      0.000      0.000
 eps  :        -5.890     -5.831     -5.780     -5.678     -5.473     -5.456     -5.445     -5.229
                            1  SCC done.
 writing mo output ...
 molden style : F
 
speedup  7.39
cpu  time for all    4.08 s
wall time for all    0.55 s
