 
        ______________________________________
       |                                      |
       |          ===================         |
       |             xTB for sTDA             |
       |          ===================         |
       |               S. Grimme              |
       |        Universitaet Bonn, MCTC       |
       |         2015-19, Version 1.0         |
       |     Wed Apr  3 09:14:55 CEST 2019    |
       |______________________________________|
 
        This code comes without any warranty
        for non-commercial, academia use only.
        Preliminary test version.
        Cite this work as:
        S. Grimme  &  C. Bannwarth, JCP 145 (2016) 054103
        if GBSA is used additionally:
        P. Shushkov, F. März, C. Bannwarth, S. Grimme, unpublished.
 
        with help from
        P. Shushkov, G. Brandenburg, S. Dohm, J. Pisarek,
        F. März, M. Checinski, S. Ehrlich, S. Spicher, 
        P. Pracht, E. Caldeweyher, S. Ehlert, and C. Bannwarth.
 
        usage        :
        xtb4stda <coord_file> [options]
        where <coord_file> is a valid file of TM)
        (*coord, Bohr) or xmol (*xyz, Angstroem)
        format.

        options:
        -chrg <int>   : molecular charge
        -uhf  <int>   : # of unpaired electrons(=2*S)
        -nox          : skip second, extended part in sTDA-xTB
        -pop          : do population analysis
                      : (default for -nox)
        -mowr <real>  : cut MO write above (def.3 Eh)
        -molden       : write formatted molden file
        -parx <file>  : read parameters for sTDA-xTB
                        calc (def:~/.param_stda2.xtb)
        -parv <file>  : read parameters for vTB part in
                        sTDA-xTB (def: ~/.param_stda1.xtb)
        -xtemp <real> : el. temp for xTB (def. 0 K)
        -etemp <real> : el. temp for GFN (def. 300 K)
        -fod          : calculate the FOD and write
                        molden.input file with
                        appropriate occupations
                        for plotting. Def. T=12500 K
 
        -acc <real>   : xTB accuracy (def. 1.0)
        -gbsa [string1] [string2]
                        use GBSA implicit solvent
                        for solvent [string1] and
                        solvation state [string2]=
                        reference, bar1M (default=1M)
        additional GFN/opt/MD/siman options read from
        $XTB4STDAHOME/.xtb4stdarc or $set in input
 
       spin and charge state information can be on:
       <.CHRG> (charge) and <.UHF> (=nalpha-nbeta)
       -uhf and -chrg override the file info.
       useful machine settings:
       setenv MKL_NUM_THREADS <NCORE_ON_YOUR_MACHINE>
       setenv OMP_STACKSIZE 500m
       limit stacksize unlimited
 
       total energies in Eh, gaps/HL energies in eV
       please read REVISION and HOWTO files carefully
 =============================
  # OMP threads =          16
 =============================
 
 xtb4stdahome directory:/home/tchapet/xtb4stda/
 
 argument            1 :gbsa
 argument            2 :toluene
 
 name of molecule           :
 comment line               :
 number of atoms            :    60
 number of electrons        :   182
 charge                     :  0
 spin                       : 0.0
 first test random number   :  0.9190
 
 -----------------------------------------
      charge density (VTB) calculation
 -----------------------------------------
 
      method parameters     
 k(s)        :  1.8000
 k(p)        :  2.8350
 k(d)        :  2.0860
 k(f)        :  2.0000
 Tscal       :  0.3300
 Gscal       :  0.3910
 fpol        :  1.0000
 Zcnf        :  0.6500
 Zqf         :  0.0000
 kcn         :  0.3000
 kEN1        : -0.5900
 wllscal     :  2.6000
 
     -------------------------
     ! NO SOLVENT MODEL USED !
     -------------------------
 
 doing EN charges ...
 sum q : -0.1332268D-14
 point charge moment (au)
     X       Y       Z   
  -0.3261  -0.0680  -0.0338  total (Debye):    0.851
 
            Z      q(EN)   CN      Cart. coordinates
     1  C   4.0  -0.073   3.145    13.55998    -0.66649    -4.57920
     2  C   4.0  -0.073   3.151    12.29829     1.64507    -4.59006
     3  C   4.0  -0.063   3.154    10.17009     2.04468    -3.13020
     4  C   4.0   0.088   3.467     9.32538     0.06848    -1.62626
     5  C   4.0  -0.000   3.372    10.56591    -2.29861    -1.63942
     6  C   4.0  -0.067   3.152    12.70248    -2.65437    -3.12271
     7  C   4.0  -0.000   3.373     9.16041    -3.91530     0.02769
     8  C   4.0  -0.067   3.152     9.45812    -6.40661     0.80034
     9  C   4.0  -0.073   3.145     7.74408    -7.40408     2.49595
    10  C   4.0  -0.073   3.151     5.76895    -5.94090     3.44081
    11  C   4.0  -0.063   3.154     5.43432    -3.45835     2.70216
    12  C   4.0   0.088   3.467     7.12606    -2.45729     0.96495
    13  N   5.0  -0.323   3.315     7.25149    -0.05220    -0.04538
    14  C   4.0   0.091   3.240     5.56304     1.92732     0.46095
    15  C   4.0  -0.069   3.191     6.49376     4.30035     1.17097
    16  C   4.0  -0.077   3.199     4.86743     6.27185     1.68607
    17  C   4.0  -0.089   3.267     2.28684     5.85091     1.52427
    18  S   6.0   0.209   2.472    -0.09377     8.06405     2.14177
    19  C   4.0  -0.089   3.267    -2.42327     5.80425     1.50335
    20  C   4.0  -0.077   3.200    -5.01218     6.16595     1.66432
    21  C   4.0  -0.069   3.190    -6.59579     4.16428     1.12909
    22  C   4.0   0.091   3.242    -5.60925     1.82333     0.39355
    23  N   5.0  -0.319   3.316    -7.23872    -0.20468    -0.12867
    24  C   4.0   0.086   3.468    -9.49752    -0.11489    -1.45190
    25  C   4.0  -0.063   3.154   -10.58596     1.86953    -2.77687
    26  C   4.0  -0.073   3.151   -12.85795     1.43135    -3.99027
    27  C   4.0  -0.073   3.145   -14.02865    -0.92582    -3.91725
    28  C   4.0  -0.067   3.151   -12.92855    -2.92729    -2.65626
    29  C   4.0   0.000   3.369   -10.64343    -2.53114    -1.42520
    30  C   4.0   0.005   3.367    -8.97690    -4.15520    -0.03468
    31  C   4.0  -0.066   3.158    -8.96892    -6.67711     0.67176
    32  C   4.0  -0.068   3.142    -6.91096    -7.53406     2.04989
    33  C   4.0   0.027   3.229    -4.97450    -5.86730     2.66992
    34  N   5.0  -0.207   2.142    -4.92781    -3.44815     2.02724
    35  C   4.0   0.189   3.562    -6.88998    -2.63855     0.70364
    36  C   4.0  -0.065   3.215    -3.01923     1.46291     0.24277
    37  C   4.0  -0.017   3.407    -1.40301     3.45020     0.81653
    38  C   4.0  -0.017   3.407     1.31828     3.47708     0.83220
    39  C   4.0  -0.065   3.211     2.97994     1.52079     0.27799
    40  H   1.0   0.074   1.004    15.22059    -0.90265    -5.74265
    41  H   1.0   0.074   1.004    12.99512     3.15685    -5.77208
    42  H   1.0   0.075   1.005     9.18905     3.83268    -3.17978
    43  H   1.0   0.074   1.004    13.66200    -4.45533    -3.13729
    44  H   1.0   0.074   1.004    11.00486    -7.53165     0.08876
    45  H   1.0   0.074   1.004     7.93887    -9.33919     3.11633
    46  H   1.0   0.074   1.004     4.47148    -6.76384     4.78541
    47  H   1.0   0.075   1.005     3.91322    -2.33801     3.47224
    48  H   1.0   0.076   1.006     8.50796     4.56943     1.34223
    49  H   1.0   0.075   1.006     5.58396     8.10050     2.23272
    50  H   1.0   0.075   1.006    -5.77118     7.97177     2.22907
    51  H   1.0   0.076   1.006    -8.61255     4.39085     1.32156
    52  H   1.0   0.075   1.005    -9.67894     3.69160    -2.89254
    53  H   1.0   0.074   1.004   -13.74003     2.95132    -5.02789
    54  H   1.0   0.074   1.004   -15.80667    -1.18938    -4.88292
    55  H   1.0   0.074   1.004   -13.80924    -4.76733    -2.63177
    56  H   1.0   0.074   1.004   -10.50259    -7.92643     0.16768
    57  H   1.0   0.074   1.004    -6.79611    -9.48004     2.64619
    58  H   1.0   0.075   1.004    -3.35256    -6.50143     3.74202
    59  H   1.0   0.078   1.007    -2.27720    -0.35842    -0.28230
    60  H   1.0   0.077   1.006     2.26414    -0.29847    -0.29933
 
  Z AO/shell   Hii/eV     exponent
  1     Sat Feb 20 21:38:01 CET 2016    EN: 2.327 GAM: 0.473  GM3: 0.0000
     1s    -13.751157    1.051071
  6     Sat Feb 20 21:38:01 CET 2016    EN: 2.731 GAM: 0.422  GM3: 0.0000
     2s    -19.378245    2.021003
     2p    -11.993376    1.497917
  7     Sat Feb 20 21:38:01 CET 2016    EN: 3.573 GAM: 0.504  GM3: 0.0000
     2s    -21.576984    2.275442
     2p    -16.125120    2.056788
 16     Sat Feb 20 23:13:41 CET 2016    EN: 1.915 GAM: 0.389  GM3: 0.0000
     3s    -22.000000    2.671470
     3p    -15.834192    1.836978
     3d     -2.593599    1.836978
 
 dipole moment of classical point charges (au)
     X       Y       Z   
  -0.3261  -0.0680  -0.0338  total (Debye):    0.851

 
 Nbf   :          183
 T(el) :   300.0
 calculating S/T integrals ...
 cpu time for ints   0.348112000000000     
 Nao   :          182
 making H0...
 making H1...
 cpu time for H      2.571000000000001E-002
 solving ...
 cpu time for diag   6.896399999999997E-002
 
 gap (eV)           :   5.364
 Koopmans IP (eV)   :  13.177
 Eel (Eh)           :  -143.104041
 T,E(Fermi),NFOD :    300.000   -10.495  0.000000
 T,E(Fermi),NFOD :    300.000   -10.495  0.000000
 Nfod               :  0.0000
 Nfod/Nel           :  0.0000

          eigenvalues
 #    :          79         80         81         82         83         84         85         86
 occ. :        2.000      2.000      2.000      2.000      2.000      2.000      2.000      2.000
 eps  :       -17.074    -16.527    -16.399    -15.998    -15.935    -15.525    -15.420    -14.429
 #    :          87         88         89         90         91         92         93         94
 occ. :        2.000      2.000      2.000      2.000      2.000      0.000      0.000      0.000
 eps  :       -14.232    -14.112    -14.080    -13.454    -13.178     -7.814     -7.762     -6.962
 #    :          95         96         97         98         99        100        101        102
 occ. :        0.000      0.000      0.000      0.000      0.000      0.000      0.000      0.000
 eps  :        -6.859     -6.392     -6.281     -6.024     -5.881     -5.639     -5.375     -5.233
                            1  SCC done.
 making H1...
 cpu time for H      8.430799999999994E-002
 solving ...
 cpu time for diag   4.040999999999995E-002
 
 gap (eV)           :   5.514
 Koopmans IP (eV)   :  13.059
 Eel (Eh)           :  -142.633675
 T,E(Fermi),NFOD :    300.000   -10.302  0.000000
 T,E(Fermi),NFOD :    300.000   -10.302  0.000000
 Nfod               :  0.0000
 Nfod/Nel           :  0.0000

          eigenvalues
 #    :          79         80         81         82         83         84         85         86
 occ. :        2.000      2.000      2.000      2.000      2.000      2.000      2.000      2.000
 eps  :       -16.794    -16.467    -16.334    -15.789    -15.521    -15.382    -14.899    -14.360
 #    :          87         88         89         90         91         92         93         94
 occ. :        2.000      2.000      2.000      2.000      2.000      0.000      0.000      0.000
 eps  :       -14.216    -14.102    -13.942    -13.410    -13.061     -7.546     -7.526     -7.002
 #    :          95         96         97         98         99        100        101        102
 occ. :        0.000      0.000      0.000      0.000      0.000      0.000      0.000      0.000
 eps  :        -6.715     -6.250     -6.204     -5.923     -5.816     -5.589     -5.237     -5.099
                            2  SCC done.
 
 
 Mulliken/CM5 charges    n(s)   n(p)   n(d)   
    1 C  -0.0492 -0.1053   1.132  2.917  0.000
    2 C  -0.0404 -0.0963   1.135  2.905  0.000
    3 C  -0.0450 -0.0943   1.135  2.910  0.000
    4 C   0.0354  0.0984   1.183  2.781  0.000
    5 C  -0.0285 -0.0256   1.166  2.863  0.000
    6 C  -0.0369 -0.0896   1.138  2.899  0.000
    7 C  -0.0290 -0.0261   1.166  2.863  0.000
    8 C  -0.0372 -0.0900   1.138  2.899  0.000
    9 C  -0.0493 -0.1054   1.132  2.917  0.000
   10 C  -0.0395 -0.0954   1.135  2.904  0.000
   11 C  -0.0434 -0.0927   1.135  2.908  0.000
   12 C   0.0357  0.0987   1.183  2.781  0.000
   13 N  -0.0929 -0.3376   1.233  3.860  0.000
   14 C   0.0559  0.1116   1.167  2.777  0.000
   15 C  -0.0377 -0.0862   1.138  2.900  0.000
   16 C  -0.0301 -0.0818   1.131  2.900  0.000
   17 C  -0.0143 -0.0050   1.170  2.844  0.000
   18 S   0.0532  0.0197   1.890  4.020  0.037
   19 C  -0.0145 -0.0052   1.169  2.845  0.000
   20 C  -0.0304 -0.0821   1.130  2.900  0.000
   21 C  -0.0396 -0.0882   1.137  2.903  0.000
   22 C   0.0619  0.1195   1.165  2.773  0.000
   23 N  -0.0768 -0.3156   1.236  3.841  0.000
   24 C   0.0392  0.1018   1.182  2.778  0.000
   25 C  -0.0405 -0.0901   1.135  2.905  0.000
   26 C  -0.0362 -0.0922   1.135  2.901  0.000
   27 C  -0.0454 -0.1016   1.132  2.913  0.000
   28 C  -0.0342 -0.0870   1.138  2.896  0.000
   29 C  -0.0283 -0.0252   1.166  2.863  0.000
   30 C  -0.0227 -0.0147   1.168  2.854  0.000
   31 C  -0.0182 -0.0688   1.150  2.869  0.000
   32 C  -0.0431 -0.0936   1.135  2.908  0.000
   33 C   0.0132  0.0387   1.157  2.829  0.000
   34 N  -0.2018 -0.3936   1.490  3.712  0.000
   35 C   0.0888  0.2342   1.199  2.712  0.000
   36 C  -0.0307 -0.0739   1.138  2.893  0.000
   37 C  -0.0178 -0.0203   1.164  2.854  0.000
   38 C  -0.0180 -0.0207   1.164  2.854  0.000
   39 C  -0.0357 -0.0811   1.140  2.896  0.000
   40 H   0.0398  0.0963   0.960  0.000  0.000
   41 H   0.0429  0.0994   0.957  0.000  0.000
   42 H   0.0403  0.1001   0.960  0.000  0.000
   43 H   0.0419  0.0991   0.958  0.000  0.000
   44 H   0.0416  0.0988   0.958  0.000  0.000
   45 H   0.0396  0.0961   0.960  0.000  0.000
   46 H   0.0431  0.0997   0.957  0.000  0.000
   47 H   0.0419  0.1019   0.958  0.000  0.000
   48 H   0.0460  0.1072   0.954  0.000  0.000
   49 H   0.0490  0.1067   0.951  0.000  0.000
   50 H   0.0488  0.1065   0.951  0.000  0.000
   51 H   0.0457  0.1071   0.954  0.000  0.000
   52 H   0.0427  0.1026   0.957  0.000  0.000
   53 H   0.0443  0.1009   0.956  0.000  0.000
   54 H   0.0412  0.0977   0.959  0.000  0.000
   55 H   0.0427  0.0998   0.957  0.000  0.000
   56 H   0.0441  0.1011   0.956  0.000  0.000
   57 H   0.0410  0.0980   0.959  0.000  0.000
   58 H   0.0536  0.1209   0.946  0.000  0.000
   59 H   0.0477  0.1148   0.952  0.000  0.000
   60 H   0.0460  0.1083   0.954  0.000  0.000
 Hirshfeld charges for QMDFF written to <charges>
 
 Loewdin charges    n(s)   n(p)   n(d)
    1 C  -0.0432   1.078  2.965  0.000
    2 C  -0.0320   1.080  2.952  0.000
    3 C  -0.0429   1.083  2.960  0.000
    4 C   0.0293   1.148  2.822  0.000
    5 C  -0.0284   1.124  2.904  0.000
    6 C  -0.0311   1.084  2.947  0.000
    7 C  -0.0289   1.124  2.905  0.000
    8 C  -0.0315   1.084  2.947  0.000
    9 C  -0.0433   1.078  2.965  0.000
   10 C  -0.0311   1.080  2.951  0.000
   11 C  -0.0413   1.083  2.958  0.000
   12 C   0.0296   1.149  2.822  0.000
   13 N  -0.0508   1.191  3.860  0.000
   14 C   0.0519   1.130  2.818  0.000
   15 C  -0.0344   1.085  2.949  0.000
   16 C  -0.0257   1.077  2.948  0.000
   17 C   0.0104   1.123  2.866  0.000
   18 S   0.0156   1.877  4.018  0.090
   19 C   0.0102   1.123  2.867  0.000
   20 C  -0.0260   1.077  2.949  0.000
   21 C  -0.0366   1.084  2.952  0.000
   22 C   0.0575   1.129  2.814  0.000
   23 N  -0.0342   1.194  3.840  0.000
   24 C   0.0332   1.148  2.819  0.000
   25 C  -0.0385   1.083  2.955  0.000
   26 C  -0.0279   1.080  2.948  0.000
   27 C  -0.0393   1.078  2.961  0.000
   28 C  -0.0286   1.084  2.944  0.000
   29 C  -0.0278   1.124  2.904  0.000
   30 C  -0.0255   1.128  2.898  0.000
   31 C  -0.0075   1.094  2.913  0.000
   32 C  -0.0406   1.083  2.958  0.000
   33 C   0.0147   1.110  2.875  0.000
   34 N  -0.1829   1.456  3.727  0.000
   35 C   0.0723   1.173  2.755  0.000
   36 C  -0.0308   1.086  2.945  0.000
   37 C  -0.0152   1.122  2.893  0.000
   38 C  -0.0155   1.122  2.894  0.000
   39 C  -0.0355   1.088  2.947  0.000
   40 H   0.0327   0.967  0.000  0.000
   41 H   0.0353   0.965  0.000  0.000
   42 H   0.0326   0.967  0.000  0.000
   43 H   0.0339   0.966  0.000  0.000
   44 H   0.0337   0.966  0.000  0.000
   45 H   0.0325   0.968  0.000  0.000
   46 H   0.0355   0.965  0.000  0.000
   47 H   0.0340   0.966  0.000  0.000
   48 H   0.0377   0.962  0.000  0.000
   49 H   0.0401   0.960  0.000  0.000
   50 H   0.0400   0.960  0.000  0.000
   51 H   0.0377   0.962  0.000  0.000
   52 H   0.0348   0.965  0.000  0.000
   53 H   0.0364   0.964  0.000  0.000
   54 H   0.0338   0.966  0.000  0.000
   55 H   0.0345   0.965  0.000  0.000
   56 H   0.0347   0.965  0.000  0.000
   57 H   0.0338   0.966  0.000  0.000
   58 H   0.0428   0.957  0.000  0.000
   59 H   0.0383   0.962  0.000  0.000
   60 H   0.0375   0.963  0.000  0.000
 
 Wiberg/Mayer (AO) data. WBOs > 0.1 written file <wbo>
 largest (>0.05) Wiberg bond orders for each atom
           total WBO             WBO to atom ...
     1  C   3.969    C    6 1.461    C    2 1.394    H   40 0.945    C    4 0.091
     2  C   3.953    C    3 1.452    C    1 1.394    H   41 0.945    C    5 0.090
     3  C   3.968    C    2 1.452    C    4 1.369    H   42 0.944    C    6 0.103
     4  C   3.928    C    3 1.369    C    5 1.264    N   13 1.058    C    1 0.091
     5  C   3.955    C    6 1.353    C    4 1.264    C    7 1.088    C    2 0.090
     6  C   3.961    C    1 1.461    C    5 1.353    H   43 0.945    C    3 0.103
     7  C   3.955    C    8 1.353    C   12 1.265    C    5 1.088    C   10 0.090
     8  C   3.961    C    9 1.461    C    7 1.353    H   44 0.945    C   11 0.103
     9  C   3.969    C    8 1.461    C   10 1.394    H   45 0.945    C   12 0.091
    10  C   3.953    C   11 1.453    C    9 1.394    H   46 0.945    C    7 0.090
    11  C   3.968    C   10 1.453    C   12 1.369    H   47 0.943    C    8 0.103
    12  C   3.927    C   11 1.369    C    7 1.265    N   13 1.056    C    9 0.091
    13  N   3.446    C    4 1.058    C   12 1.056    C   14 0.974
    14  C   3.929    C   39 1.419    C   15 1.346    N   13 0.974    C   17 0.086
    15  C   3.961    C   16 1.461    C   14 1.346    H   48 0.944    C   38 0.088
    16  C   3.969    C   15 1.461    C   17 1.374    H   49 0.943    C   39 0.101
    17  C   3.947    C   16 1.374    C   38 1.289    S   18 1.060    C   14 0.086
    18  S   2.408    C   17 1.060    C   19 1.060
    19  C   3.946    C   20 1.375    C   37 1.289    S   18 1.060    C   22 0.085
    20  C   3.969    C   21 1.461    C   19 1.375    H   50 0.943    C   36 0.102
    21  C   3.961    C   20 1.461    C   22 1.346    H   51 0.943    C   37 0.088
    22  C   3.926    C   36 1.419    C   21 1.346    N   23 0.974    C   19 0.085
    23  N   3.473    C   35 1.098    C   24 1.046    C   22 0.974
    24  C   3.926    C   25 1.374    C   29 1.266    N   23 1.046    C   27 0.092
    25  C   3.968    C   26 1.449    C   24 1.374    H   52 0.943    C   28 0.102
    26  C   3.951    C   25 1.449    C   27 1.396    H   53 0.945    C   29 0.090
    27  C   3.968    C   28 1.460    C   26 1.396    H   54 0.945    C   24 0.092
    28  C   3.961    C   27 1.460    C   29 1.352    H   55 0.945    C   25 0.102
    29  C   3.954    C   28 1.352    C   24 1.266    C   30 1.088    C   26 0.090
    30  C   3.954    C   31 1.375    C   35 1.230    C   29 1.088    C   33 0.092
    31  C   3.957    C   32 1.421    C   30 1.375    H   56 0.943    N   34 0.106
    32  C   3.968    C   33 1.426    C   31 1.421    H   57 0.946    C   35 0.079
    33  C   3.940    C   32 1.426    N   34 1.409    H   58 0.948    C   30 0.092
    34  N   3.082    C   33 1.409    C   35 1.364    C   31 0.106
    35  C   3.917    N   34 1.364    C   30 1.230    N   23 1.098    C   32 0.079
    36  C   3.967    C   22 1.419    C   37 1.350    H   59 0.942    C   20 0.102
    37  C   3.956    C   36 1.350    C   19 1.289    C   38 1.079    C   21 0.088
    38  C   3.955    C   39 1.349    C   17 1.289    C   37 1.079    C   15 0.088
    39  C   3.967    C   14 1.419    C   38 1.349    H   60 0.943    C   16 0.101
    40  H   0.997    C    1 0.945
    41  H   0.997    C    2 0.945
    42  H   0.997    C    3 0.944
    43  H   0.997    C    6 0.945
    44  H   0.997    C    8 0.945
    45  H   0.997    C    9 0.945
    46  H   0.997    C   10 0.945
    47  H   0.997    C   11 0.943
    48  H   0.997    C   15 0.944
    49  H   0.995    C   16 0.943
    50  H   0.995    C   20 0.943
    51  H   0.997    C   21 0.943
    52  H   0.997    C   25 0.943
    53  H   0.997    C   26 0.945
    54  H   0.996    C   27 0.945
    55  H   0.997    C   28 0.945
    56  H   0.997    C   31 0.943
    57  H   0.997    C   32 0.946
    58  H   0.996    C   33 0.948
    59  H   0.998    C   36 0.942
    60  H   0.998    C   39 0.943
 
 --------------------------------------------
          xTB calculation for sTDA...
 --------------------------------------------
 
 reading parameter file /home/tchapet/xtb4stda/.param_stda2.xtb
 
      method parameters     
 k(s)        :  1.6000
 k(p)        :  2.1800
 k(d)        :  1.9500
 k(f)        :  2.0000
 k(R-V)      :  2.2750
 k(R-R)      :  1.7650
 Tscal       :  0.2580
 Gscal       :  1.0000
 fpol        :  1.0000
 Zcnf        :  0.3430
 Zqf         :  0.0000
 kcn         :  2.7000
 Ryd Hsplit  :  0.7000
 lshift(virt):  3.1000
 lshift(OS)  :  0.2000
 wllscaling  :  2.6000
 
 mowrcut     : 3.000
 
  Z AO/shell   Hii/eV     exponent
  1     Sun Feb 14 09:53:25 CET 2016    EN: 2.327 GAM: 0.473  GM3: 0.0000
     1s    -14.339618    1.220000
     2sp    -3.348946    0.600000
  6     Sun Feb 14 09:53:25 CET 2016    EN: 2.731 GAM: 0.422  GM3: 0.0000
     2s    -22.009312    1.565095
     2p    -13.020408    1.596905
     3sp    -3.914040    0.824500
  7     Sun Feb 14 09:53:25 CET 2016    EN: 3.573 GAM: 0.504  GM3: 0.0000
     2s    -25.722000    2.064844
     2p    -18.684912    1.801692
     3sp    -4.344791    0.921400
 16     Sun Feb 21 16:35:57 CET 2016    EN: 1.915 GAM: 0.200  GM3: 0.0000
     3s    -17.898811    2.619580
     3p    -15.317401    1.798798
     4sp    -4.455139    0.843200
 
 Nbf   :          417
 T(el) :     0.0
 calculating S/T integrals ...
 cpu time for ints    2.84175000000000     
 Nao   :          417
 making H0...
 making H1...
 cpu time for H      3.191000000000166E-003
 solving ...
 cpu time for diag   8.546499999999968E-002
 
 gap (eV)           :   7.111
 Koopmans IP (eV)   :  14.003
 Eel (Eh)           :  -156.777057

          eigenvalues
 #    :          79         80         81         82         83         84         85         86
 occ. :        2.000      2.000      2.000      2.000      2.000      2.000      2.000      2.000
 eps  :       -17.616    -17.213    -16.929    -16.695    -16.499    -16.403    -16.156    -15.439
 #    :          87         88         89         90         91         92         93         94
 occ. :        2.000      2.000      2.000      2.000      2.000      0.000      0.000      0.000
 eps  :       -15.335    -15.203    -15.031    -14.375    -14.004     -6.893     -6.857     -6.529
 #    :          95         96         97         98         99        100        101        102
 occ. :        0.000      0.000      0.000      0.000      0.000      0.000      0.000      0.000
 eps  :        -6.091     -6.013     -5.717     -5.707     -5.194     -5.097     -4.997     -4.886
                            1  SCC done.
 writing mo output ...
 molden style : F
 
speedup  9.90
cpu  time for all    3.67 s
wall time for all    0.37 s
