 
        ______________________________________
       |                                      |
       |          ===================         |
       |             xTB for sTDA             |
       |          ===================         |
       |               S. Grimme              |
       |        Universitaet Bonn, MCTC       |
       |         2015-19, Version 1.0         |
       |     Wed Apr  3 09:14:55 CEST 2019    |
       |______________________________________|
 
        This code comes without any warranty
        for non-commercial, academia use only.
        Preliminary test version.
        Cite this work as:
        S. Grimme  &  C. Bannwarth, JCP 145 (2016) 054103
        if GBSA is used additionally:
        P. Shushkov, F. März, C. Bannwarth, S. Grimme, unpublished.
 
        with help from
        P. Shushkov, G. Brandenburg, S. Dohm, J. Pisarek,
        F. März, M. Checinski, S. Ehrlich, S. Spicher, 
        P. Pracht, E. Caldeweyher, S. Ehlert, and C. Bannwarth.
 
        usage        :
        xtb4stda <coord_file> [options]
        where <coord_file> is a valid file of TM)
        (*coord, Bohr) or xmol (*xyz, Angstroem)
        format.

        options:
        -chrg <int>   : molecular charge
        -uhf  <int>   : # of unpaired electrons(=2*S)
        -nox          : skip second, extended part in sTDA-xTB
        -pop          : do population analysis
                      : (default for -nox)
        -mowr <real>  : cut MO write above (def.3 Eh)
        -molden       : write formatted molden file
        -parx <file>  : read parameters for sTDA-xTB
                        calc (def:~/.param_stda2.xtb)
        -parv <file>  : read parameters for vTB part in
                        sTDA-xTB (def: ~/.param_stda1.xtb)
        -xtemp <real> : el. temp for xTB (def. 0 K)
        -etemp <real> : el. temp for GFN (def. 300 K)
        -fod          : calculate the FOD and write
                        molden.input file with
                        appropriate occupations
                        for plotting. Def. T=12500 K
 
        -acc <real>   : xTB accuracy (def. 1.0)
        -gbsa [string1] [string2]
                        use GBSA implicit solvent
                        for solvent [string1] and
                        solvation state [string2]=
                        reference, bar1M (default=1M)
        additional GFN/opt/MD/siman options read from
        $XTB4STDAHOME/.xtb4stdarc or $set in input
 
       spin and charge state information can be on:
       <.CHRG> (charge) and <.UHF> (=nalpha-nbeta)
       -uhf and -chrg override the file info.
       useful machine settings:
       setenv MKL_NUM_THREADS <NCORE_ON_YOUR_MACHINE>
       setenv OMP_STACKSIZE 500m
       limit stacksize unlimited
 
       total energies in Eh, gaps/HL energies in eV
       please read REVISION and HOWTO files carefully
 =============================
  # OMP threads =          16
 =============================
 
 xtb4stdahome directory:/home/tchapet/xtb4stda/
 
 argument            1 :gbsa
 argument            2 :toluene
 
 name of molecule           :
 comment line               :
 number of atoms            :    45
 number of electrons        :   142
 charge                     :  0
 spin                       : 0.0
 first test random number   :  0.2864
 
 -----------------------------------------
      charge density (VTB) calculation
 -----------------------------------------
 
      method parameters     
 k(s)        :  1.8000
 k(p)        :  2.8350
 k(d)        :  2.0860
 k(f)        :  2.0000
 Tscal       :  0.3300
 Gscal       :  0.3910
 fpol        :  1.0000
 Zcnf        :  0.6500
 Zqf         :  0.0000
 kcn         :  0.3000
 kEN1        : -0.5900
 wllscal     :  2.6000
 
     -------------------------
     ! NO SOLVENT MODEL USED !
     -------------------------
 
 doing EN charges ...
 sum q :  0.9992007D-15
 point charge moment (au)
     X       Y       Z   
   0.1823  -0.2111   0.6814  total (Debye):    1.871
 
            Z      q(EN)   CN      Cart. coordinates
     1  O   6.0  -0.226   1.026     7.27827    -4.77020    -1.12760
     2  S   6.0   0.567   4.371     5.55951    -2.71896    -1.67813
     3  O   6.0  -0.227   1.026     4.80283    -2.37219    -4.27855
     4  C   4.0  -0.044   3.173     6.94553     0.17463    -0.56567
     5  C   4.0  -0.080   3.239     8.52418     0.14130     1.51952
     6  C   4.0  -0.067   3.140     9.48599     2.42317     2.37500
     7  C   4.0   0.027   3.216     8.79589     4.61029     1.09713
     8  N   5.0  -0.215   2.122     7.29208     4.63080    -0.90201
     9  C   4.0   0.021   3.293     6.38523     2.45516    -1.72286
    10  C   4.0  -0.048   3.182     2.79303    -3.02346     0.26044
    11  C   4.0  -0.081   3.226     2.82801    -4.57386     2.36089
    12  C   4.0  -0.071   3.148     0.69895    -4.67896     3.88535
    13  C   4.0  -0.069   3.187    -1.40106    -3.22784     3.31594
    14  C   4.0   0.086   3.272    -1.42118    -1.67341     1.18559
    15  N   5.0  -0.305   3.240    -3.55395    -0.19557     0.60983
    16  C   4.0   0.092   3.284    -3.35323     2.43886     0.44193
    17  C   4.0  -0.069   3.193    -1.13989     3.72157     1.03474
    18  C   4.0  -0.073   3.144    -1.00815     6.33339     0.86138
    19  C   4.0  -0.073   3.142    -3.09563     7.71158     0.12055
    20  C   4.0  -0.068   3.169    -5.34048     6.46724    -0.41087
    21  C   4.0   0.067   3.283    -5.47922     3.86267    -0.23826
    22  O   6.0  -0.147   2.097    -7.78729     2.77743    -0.72911
    23  C   4.0   0.067   3.283    -7.95088     0.18934    -0.57518
    24  C   4.0  -0.068   3.169   -10.27591    -0.87670    -1.11395
    25  C   4.0  -0.073   3.142   -10.58250    -3.47917    -1.06307
    26  C   4.0  -0.073   3.144    -8.53692    -5.00057    -0.50979
    27  C   4.0  -0.070   3.192    -6.20329    -3.93935     0.03589
    28  C   4.0   0.092   3.282    -5.87977    -1.33382     0.05747
    29  C   4.0  -0.078   3.288     0.71100    -1.58424    -0.35896
    30  H   1.0   0.076   1.007     8.98587    -1.63862     2.40112
    31  H   1.0   0.075   1.004    10.73183     2.50333     3.98507
    32  H   1.0   0.075   1.004     9.48091     6.44284     1.69033
    33  H   1.0   0.077   1.007     5.18105     2.50948    -3.37246
    34  H   1.0   0.076   1.007     4.49382    -5.67998     2.74912
    35  H   1.0   0.074   1.004     0.68581    -5.87743     5.53445
    36  H   1.0   0.076   1.005    -3.04475    -3.28113     4.52342
    37  H   1.0   0.077   1.007     0.49828     2.67589     1.64932
    38  H   1.0   0.074   1.005     0.74330     7.27285     1.31576
    39  H   1.0   0.074   1.004    -3.00353     9.74188    -0.02897
    40  H   1.0   0.075   1.005    -7.01905     7.48663    -0.95687
    41  H   1.0   0.075   1.005   -11.82121     0.36810    -1.58029
    42  H   1.0   0.074   1.004   -12.40434    -4.29256    -1.47914
    43  H   1.0   0.074   1.004    -8.73246    -7.03036    -0.50274
    44  H   1.0   0.077   1.007    -4.61629    -5.15636     0.42640
    45  H   1.0   0.078   1.008     0.74808    -0.43680    -2.04335
 
  Z AO/shell   Hii/eV     exponent
  1     Sat Feb 20 21:38:01 CET 2016    EN: 2.327 GAM: 0.473  GM3: 0.0000
     1s    -13.751157    1.051071
  6     Sat Feb 20 21:38:01 CET 2016    EN: 2.731 GAM: 0.422  GM3: 0.0000
     2s    -19.378245    2.021003
     2p    -11.993376    1.497917
  7     Sat Feb 20 21:38:01 CET 2016    EN: 3.573 GAM: 0.504  GM3: 0.0000
     2s    -21.576984    2.275442
     2p    -16.125120    2.056788
  8     Sat Feb 20 21:38:01 CET 2016    EN: 3.700 GAM: 0.587  GM3: 0.0000
     2s    -21.648843    2.110798
     2p    -17.239740    2.329048
 16     Sat Feb 20 23:13:41 CET 2016    EN: 1.915 GAM: 0.389  GM3: 0.0000
     3s    -22.000000    2.671470
     3p    -15.834192    1.836978
     3d     -2.593599    1.836978
 
 dipole moment of classical point charges (au)
     X       Y       Z   
   0.1823  -0.2111   0.6814  total (Debye):    1.871

 
 Nbf   :          138
 T(el) :   300.0
 calculating S/T integrals ...
 cpu time for ints   0.263420000000000     
 Nao   :          137
 making H0...
 making H1...
 cpu time for H      1.713100000000001E-002
 solving ...
 cpu time for diag   0.118884000000000     
 
 gap (eV)           :   1.618
 Koopmans IP (eV)   :  12.557
 Eel (Eh)           :  -111.535387
 T,E(Fermi),NFOD :    300.000   -11.748  0.000000
 T,E(Fermi),NFOD :    300.000   -11.748  0.000000
 Nfod               :  0.0000
 Nfod/Nel           :  0.0000

          eigenvalues
 #    :          59         60         61         62         63         64         65         66
 occ. :        2.000      2.000      2.000      2.000      2.000      2.000      2.000      2.000
 eps  :       -17.042    -16.974    -16.851    -16.768    -16.383    -15.745    -15.679    -15.560
 #    :          67         68         69         70         71         72         73         74
 occ. :        2.000      2.000      2.000      2.000      2.000      0.000      0.000      0.000
 eps  :       -15.454    -15.398    -15.384    -14.524    -12.558    -10.940     -7.844     -7.269
 #    :          75         76         77         78         79         80         81         82
 occ. :        0.000      0.000      0.000      0.000      0.000      0.000      0.000      0.000
 eps  :        -6.467     -6.018     -5.774     -5.516     -5.403     -5.309     -5.021     -4.586
                            1  SCC done.
 making H1...
 cpu time for H      0.128565000000000     
 solving ...
 cpu time for diag   7.884599999999997E-002
 
 gap (eV)           :   1.717
 Koopmans IP (eV)   :  12.442
 Eel (Eh)           :  -110.830713
 T,E(Fermi),NFOD :    300.000   -11.584  0.000000
 T,E(Fermi),NFOD :    300.000   -11.584  0.000000
 Nfod               :  0.0000
 Nfod/Nel           :  0.0000

          eigenvalues
 #    :          59         60         61         62         63         64         65         66
 occ. :        2.000      2.000      2.000      2.000      2.000      2.000      2.000      2.000
 eps  :       -16.667    -16.004    -15.829    -15.747    -15.611    -15.487    -15.451    -15.421
 #    :          67         68         69         70         71         72         73         74
 occ. :        2.000      2.000      2.000      2.000      2.000      0.000      0.000      0.000
 eps  :       -15.309    -15.111    -14.721    -14.398    -12.443    -10.727     -7.829     -7.244
 #    :          75         76         77         78         79         80         81         82
 occ. :        0.000      0.000      0.000      0.000      0.000      0.000      0.000      0.000
 eps  :        -6.441     -6.082     -5.967     -5.476     -5.274     -5.154     -4.973     -4.584
                            2  SCC done.
 
 
 Mulliken/CM5 charges    n(s)   n(p)   n(d)   
    1 O  -0.3482 -0.3994   1.675  4.673  0.000
    2 S   0.3984  0.4494   1.545  3.193  0.863
    3 O  -0.3418 -0.3926   1.674  4.667  0.000
    4 C   0.0001  0.0121   1.230  2.770  0.000
    5 C   0.0056 -0.0437   1.151  2.843  0.000
    6 C  -0.0134 -0.0638   1.145  2.869  0.000
    7 C   0.0384  0.0636   1.157  2.804  0.000
    8 N  -0.1487 -0.3483   1.482  3.667  0.000
    9 C   0.0473  0.0777   1.159  2.793  0.000
   10 C  -0.0029  0.0032   1.219  2.784  0.000
   11 C  -0.0157 -0.0673   1.137  2.879  0.000
   12 C  -0.0185 -0.0745   1.137  2.881  0.000
   13 C  -0.0215 -0.0710   1.140  2.881  0.000
   14 C   0.0667  0.1204   1.178  2.756  0.000
   15 N  -0.1247 -0.3615   1.230  3.895  0.000
   16 C   0.0464  0.1080   1.176  2.777  0.000
   17 C  -0.0556 -0.1042   1.134  2.922  0.000
   18 C  -0.0421 -0.0983   1.132  2.910  0.000
   19 C  -0.0457 -0.1019   1.132  2.914  0.000
   20 C  -0.0444 -0.0949   1.132  2.912  0.000
   21 C   0.0757  0.1010   1.153  2.772  0.000
   22 O  -0.1388 -0.2019   1.452  4.687  0.000
   23 C   0.0757  0.1010   1.153  2.771  0.000
   24 C  -0.0446 -0.0951   1.132  2.913  0.000
   25 C  -0.0460 -0.1022   1.132  2.914  0.000
   26 C  -0.0425 -0.0987   1.132  2.910  0.000
   27 C  -0.0544 -0.1030   1.134  2.921  0.000
   28 C   0.0472  0.1088   1.176  2.777  0.000
   29 C  -0.0172 -0.0618   1.143  2.874  0.000
   30 H   0.0503  0.1111   0.950  0.000  0.000
   31 H   0.0467  0.1036   0.953  0.000  0.000
   32 H   0.0569  0.1240   0.943  0.000  0.000
   33 H   0.0623  0.1333   0.938  0.000  0.000
   34 H   0.0524  0.1138   0.948  0.000  0.000
   35 H   0.0550  0.1117   0.945  0.000  0.000
   36 H   0.0481  0.1089   0.952  0.000  0.000
   37 H   0.0411  0.1044   0.959  0.000  0.000
   38 H   0.0449  0.1018   0.955  0.000  0.000
   39 H   0.0434  0.1001   0.957  0.000  0.000
   40 H   0.0415  0.1017   0.959  0.000  0.000
   41 H   0.0415  0.1017   0.959  0.000  0.000
   42 H   0.0433  0.1000   0.957  0.000  0.000
   43 H   0.0441  0.1008   0.956  0.000  0.000
   44 H   0.0428  0.1057   0.957  0.000  0.000
   45 H   0.0509  0.1162   0.949  0.000  0.000
 Hirshfeld charges for QMDFF written to <charges>
 
 Loewdin charges    n(s)   n(p)   n(d)
    1 O  -0.3068   1.646  4.661  0.000
    2 S   0.2990   1.518  3.188  0.994
    3 O  -0.3006   1.645  4.655  0.000
    4 C   0.0143   1.187  2.799  0.000
    5 C   0.0158   1.096  2.888  0.000
    6 C  -0.0087   1.091  2.918  0.000
    7 C   0.0392   1.110  2.851  0.000
    8 N  -0.1238   1.445  3.679  0.000
    9 C   0.0448   1.113  2.842  0.000
   10 C   0.0175   1.174  2.809  0.000
   11 C  -0.0121   1.083  2.929  0.000
   12 C  -0.0086   1.082  2.927  0.000
   13 C  -0.0183   1.087  2.931  0.000
   14 C   0.0649   1.141  2.795  0.000
   15 N  -0.0865   1.189  3.898  0.000
   16 C   0.0388   1.141  2.820  0.000
   17 C  -0.0537   1.082  2.972  0.000
   18 C  -0.0345   1.078  2.957  0.000
   19 C  -0.0386   1.077  2.962  0.000
   20 C  -0.0417   1.079  2.962  0.000
   21 C   0.0618   1.119  2.819  0.000
   22 O  -0.0993   1.412  4.687  0.000
   23 C   0.0619   1.119  2.819  0.000
   24 C  -0.0419   1.079  2.963  0.000
   25 C  -0.0389   1.077  2.962  0.000
   26 C  -0.0350   1.078  2.957  0.000
   27 C  -0.0524   1.081  2.971  0.000
   28 C   0.0395   1.141  2.819  0.000
   29 C  -0.0174   1.092  2.926  0.000
   30 H   0.0394   0.961  0.000  0.000
   31 H   0.0381   0.962  0.000  0.000
   32 H   0.0454   0.955  0.000  0.000
   33 H   0.0493   0.951  0.000  0.000
   34 H   0.0426   0.957  0.000  0.000
   35 H   0.0458   0.954  0.000  0.000
   36 H   0.0394   0.961  0.000  0.000
   37 H   0.0338   0.966  0.000  0.000
   38 H   0.0371   0.963  0.000  0.000
   39 H   0.0358   0.964  0.000  0.000
   40 H   0.0332   0.967  0.000  0.000
   41 H   0.0332   0.967  0.000  0.000
   42 H   0.0357   0.964  0.000  0.000
   43 H   0.0365   0.964  0.000  0.000
   44 H   0.0352   0.965  0.000  0.000
   45 H   0.0410   0.959  0.000  0.000
 
 Wiberg/Mayer (AO) data. WBOs > 0.1 written file <wbo>
 largest (>0.05) Wiberg bond orders for each atom
           total WBO             WBO to atom ...
     1  O   2.060    S    2 1.751    O    3 0.118    C   10 0.065    C    4 0.063
     2  S   5.143    O    3 1.758    O    1 1.751    C    4 0.736    C   10 0.735
     3  O   2.067    S    2 1.758    O    1 0.118    C   10 0.065    C    4 0.064
     4  C   3.901    C    5 1.405    C    9 1.404    S    2 0.736    C    7 0.102    O    3 0.064    O    1 0.063    N    8 0.052
     5  C   3.966    C    6 1.407    C    4 1.405    H   30 0.944    N    8 0.122
     6  C   3.968    C    7 1.432    C    5 1.407    H   31 0.943    C    9 0.106
     7  C   3.958    C    6 1.432    N    8 1.420    H   32 0.945    C    4 0.102
     8  N   3.161    C    9 1.422    C    7 1.420    C    5 0.122    C    4 0.052
     9  C   3.955    N    8 1.422    C    4 1.404    H   33 0.947    C    6 0.106
    10  C   3.909    C   29 1.419    C   11 1.408    S    2 0.735    C   13 0.103    O    3 0.065    O    1 0.065
    11  C   3.968    C   12 1.412    C   10 1.408    H   34 0.944    C   14 0.110
    12  C   3.969    C   13 1.439    C   11 1.412    H   35 0.938    C   29 0.108
    13  C   3.968    C   12 1.439    C   14 1.382    H   36 0.942    C   10 0.103
    14  C   3.931    C   13 1.382    C   29 1.366    N   15 0.974    C   11 0.110
    15  N   3.357    C   16 1.005    C   28 1.004    C   14 0.974
    16  C   3.931    C   17 1.391    C   21 1.307    N   15 1.005    C   19 0.101
    17  C   3.968    C   18 1.418    C   16 1.391    H   37 0.941    C   20 0.100
    18  C   3.972    C   19 1.440    C   17 1.418    H   38 0.944    C   21 0.101
    19  C   3.969    C   18 1.440    C   20 1.414    H   39 0.944    C   16 0.101
    20  C   3.969    C   19 1.414    C   21 1.409    H   40 0.946    C   17 0.100
    21  C   3.928    C   20 1.409    C   16 1.307    O   22 1.008    C   18 0.101
    22  O   2.293    C   21 1.008    C   23 1.008
    23  C   3.928    C   24 1.409    C   28 1.306    O   22 1.008    C   26 0.101
    24  C   3.969    C   25 1.413    C   23 1.409    H   41 0.946    C   27 0.100
    25  C   3.969    C   26 1.440    C   24 1.413    H   42 0.944    C   28 0.100
    26  C   3.972    C   25 1.440    C   27 1.418    H   43 0.944    C   23 0.101
    27  C   3.967    C   26 1.418    C   28 1.391    H   44 0.941    C   24 0.100
    28  C   3.930    C   27 1.391    C   23 1.306    N   15 1.004    C   25 0.100
    29  C   3.966    C   10 1.419    C   14 1.366    H   45 0.944    C   12 0.108
    30  H   0.997    C    5 0.944
    31  H   0.996    C    6 0.943
    32  H   0.992    C    7 0.945
    33  H   0.996    C    9 0.947
    34  H   0.997    C   11 0.944
    35  H   0.991    C   12 0.938
    36  H   0.992    C   13 0.942
    37  H   0.998    C   17 0.941
    38  H   0.997    C   18 0.944
    39  H   0.997    C   19 0.944
    40  H   0.997    C   20 0.946
    41  H   0.997    C   24 0.946
    42  H   0.997    C   25 0.944
    43  H   0.997    C   26 0.944
    44  H   0.998    C   27 0.941
    45  H   0.997    C   29 0.944
 
 --------------------------------------------
          xTB calculation for sTDA...
 --------------------------------------------
 
 reading parameter file /home/tchapet/xtb4stda/.param_stda2.xtb
 
      method parameters     
 k(s)        :  1.6000
 k(p)        :  2.1800
 k(d)        :  1.9500
 k(f)        :  2.0000
 k(R-V)      :  2.2750
 k(R-R)      :  1.7650
 Tscal       :  0.2580
 Gscal       :  1.0000
 fpol        :  1.0000
 Zcnf        :  0.3430
 Zqf         :  0.0000
 kcn         :  2.7000
 Ryd Hsplit  :  0.7000
 lshift(virt):  3.1000
 lshift(OS)  :  0.2000
 wllscaling  :  2.6000
 
 mowrcut     : 3.000
 
  Z AO/shell   Hii/eV     exponent
  1     Sun Feb 14 09:53:25 CET 2016    EN: 2.327 GAM: 0.473  GM3: 0.0000
     1s    -14.339618    1.220000
     2sp    -3.348946    0.600000
  6     Sun Feb 14 09:53:25 CET 2016    EN: 2.731 GAM: 0.422  GM3: 0.0000
     2s    -22.009312    1.565095
     2p    -13.020408    1.596905
     3sp    -3.914040    0.824500
  7     Sun Feb 14 09:53:25 CET 2016    EN: 3.573 GAM: 0.504  GM3: 0.0000
     2s    -25.722000    2.064844
     2p    -18.684912    1.801692
     3sp    -4.344791    0.921400
  8     Sun Feb 14 09:53:25 CET 2016    EN: 3.700 GAM: 0.587  GM3: 0.0000
     2s    -33.859000    2.418661
     2p    -22.175911    1.973969
     3sp    -4.259392    1.013700
 16     Sun Feb 21 16:35:57 CET 2016    EN: 1.915 GAM: 0.200  GM3: 0.0000
     3s    -17.898811    2.619580
     3p    -15.317401    1.798798
     4sp    -4.455139    0.843200
 
 Nbf   :          312
 T(el) :     0.0
 calculating S/T integrals ...
 cpu time for ints    2.62696300000000     
 Nao   :          312
 making H0...
 making H1...
 cpu time for H      2.438999999999858E-003
 solving ...
 cpu time for diag   4.018500000000014E-002
 
 gap (eV)           :   6.581
 Koopmans IP (eV)   :  13.232
 Eel (Eh)           :  -124.554694

          eigenvalues
 #    :          59         60         61         62         63         64         65         66
 occ. :        2.000      2.000      2.000      2.000      2.000      2.000      2.000      2.000
 eps  :       -17.926    -17.772    -17.402    -17.266    -17.024    -16.668    -16.556    -16.412
 #    :          67         68         69         70         71         72         73         74
 occ. :        2.000      2.000      2.000      2.000      2.000      0.000      0.000      0.000
 eps  :       -16.364    -16.307    -15.757    -15.432    -13.233     -6.651     -6.576     -6.362
 #    :          75         76         77         78         79         80         81         82
 occ. :        0.000      0.000      0.000      0.000      0.000      0.000      0.000      0.000
 eps  :        -6.224     -6.052     -5.875     -5.448     -5.350     -5.097     -5.016     -4.714
                            1  SCC done.
 writing mo output ...
 molden style : F
 
speedup 11.93
cpu  time for all    3.41 s
wall time for all    0.29 s
