 
        ______________________________________
       |                                      |
       |          ===================         |
       |             xTB for sTDA             |
       |          ===================         |
       |               S. Grimme              |
       |        Universitaet Bonn, MCTC       |
       |         2015-19, Version 1.0         |
       |     Wed Apr  3 09:14:55 CEST 2019    |
       |______________________________________|
 
        This code comes without any warranty
        for non-commercial, academia use only.
        Preliminary test version.
        Cite this work as:
        S. Grimme  &  C. Bannwarth, JCP 145 (2016) 054103
        if GBSA is used additionally:
        P. Shushkov, F. März, C. Bannwarth, S. Grimme, unpublished.
 
        with help from
        P. Shushkov, G. Brandenburg, S. Dohm, J. Pisarek,
        F. März, M. Checinski, S. Ehrlich, S. Spicher, 
        P. Pracht, E. Caldeweyher, S. Ehlert, and C. Bannwarth.
 
        usage        :
        xtb4stda <coord_file> [options]
        where <coord_file> is a valid file of TM)
        (*coord, Bohr) or xmol (*xyz, Angstroem)
        format.

        options:
        -chrg <int>   : molecular charge
        -uhf  <int>   : # of unpaired electrons(=2*S)
        -nox          : skip second, extended part in sTDA-xTB
        -pop          : do population analysis
                      : (default for -nox)
        -mowr <real>  : cut MO write above (def.3 Eh)
        -molden       : write formatted molden file
        -parx <file>  : read parameters for sTDA-xTB
                        calc (def:~/.param_stda2.xtb)
        -parv <file>  : read parameters for vTB part in
                        sTDA-xTB (def: ~/.param_stda1.xtb)
        -xtemp <real> : el. temp for xTB (def. 0 K)
        -etemp <real> : el. temp for GFN (def. 300 K)
        -fod          : calculate the FOD and write
                        molden.input file with
                        appropriate occupations
                        for plotting. Def. T=12500 K
 
        -acc <real>   : xTB accuracy (def. 1.0)
        -gbsa [string1] [string2]
                        use GBSA implicit solvent
                        for solvent [string1] and
                        solvation state [string2]=
                        reference, bar1M (default=1M)
        additional GFN/opt/MD/siman options read from
        $XTB4STDAHOME/.xtb4stdarc or $set in input
 
       spin and charge state information can be on:
       <.CHRG> (charge) and <.UHF> (=nalpha-nbeta)
       -uhf and -chrg override the file info.
       useful machine settings:
       setenv MKL_NUM_THREADS <NCORE_ON_YOUR_MACHINE>
       setenv OMP_STACKSIZE 500m
       limit stacksize unlimited
 
       total energies in Eh, gaps/HL energies in eV
       please read REVISION and HOWTO files carefully
 =============================
  # OMP threads =          16
 =============================
 
 xtb4stdahome directory:/home/tchapet/xtb4stda/
 
 argument            1 :gbsa
 argument            2 :toluene
 
 name of molecule           :
 comment line               :
 number of atoms            :    68
 number of electrons        :   200
 charge                     :  0
 spin                       : 0.0
 first test random number   :  0.6142
 
 -----------------------------------------
      charge density (VTB) calculation
 -----------------------------------------
 
      method parameters     
 k(s)        :  1.8000
 k(p)        :  2.8350
 k(d)        :  2.0860
 k(f)        :  2.0000
 Tscal       :  0.3300
 Gscal       :  0.3910
 fpol        :  1.0000
 Zcnf        :  0.6500
 Zqf         :  0.0000
 kcn         :  0.3000
 kEN1        : -0.5900
 wllscal     :  2.6000
 
     -------------------------
     ! NO SOLVENT MODEL USED !
     -------------------------
 
 doing EN charges ...
 sum q : -0.8881784D-15
 point charge moment (au)
     X       Y       Z   
   0.2220  -0.5916   0.0045  total (Debye):    1.606
 
            Z      q(EN)   CN      Cart. coordinates
     1  C   4.0  -0.186   4.051     9.42233    10.02524    -0.14960
     2  O   6.0  -0.128   2.048     6.87717     9.85646    -0.91758
     3  C   4.0   0.065   3.213     5.54535     7.72201    -0.30183
     4  C   4.0  -0.070   3.179     3.02848     7.69976    -1.13904
     5  C   4.0  -0.062   3.155     1.44446     5.68911    -0.66353
     6  C   4.0   0.087   3.475     2.40294     3.65732     0.69077
     7  C   4.0   0.000   3.379     4.93502     3.64671     1.51838
     8  C   4.0  -0.065   3.174     6.51750     5.68773     1.02704
     9  C   4.0  -0.000   3.378     5.32295     1.28400     2.79436
    10  C   4.0  -0.067   3.154     7.37651     0.20057     4.01890
    11  C   4.0  -0.073   3.146     7.07802    -2.13911     5.13426
    12  C   4.0  -0.073   3.154     4.75252    -3.37331     5.09146
    13  C   4.0  -0.062   3.166     2.68379    -2.33398     3.88645
    14  C   4.0   0.090   3.482     2.99912    -0.02861     2.67909
    15  N   5.0  -0.324   3.324     1.25400     1.41058     1.38267
    16  C   4.0   0.096   3.275    -1.16000     0.62258     0.62957
    17  C   4.0  -0.064   3.214    -3.24472     2.11288     1.18220
    18  C   4.0   0.068   3.270    -5.66365     1.36987     0.47608
    19  C   4.0   0.013   3.208    -6.03793    -0.90651    -0.79491
    20  C   4.0  -0.068   3.227    -3.94530    -2.37442    -1.36200
    21  C   4.0   0.095   3.273    -1.51147    -1.65165    -0.69491
    22  N   5.0  -0.325   3.324     0.54810    -3.18952    -1.35084
    23  C   4.0   0.089   3.482     2.70346    -2.40333    -2.59289
    24  C   4.0  -0.062   3.165     3.18903    -0.12645    -3.79620
    25  C   4.0  -0.073   3.154     5.51803     0.17635    -4.93599
    26  C   4.0  -0.073   3.146     7.31462    -1.74788    -4.91727
    27  C   4.0  -0.067   3.153     6.80580    -4.05032    -3.79878
    28  C   4.0   0.000   3.376     4.47763    -4.39856    -2.63934
    29  C   4.0  -0.000   3.376     3.30856    -6.49769    -1.37635
    30  C   4.0  -0.067   3.153     4.09139    -8.94144    -0.82489
    31  C   4.0  -0.073   3.145     2.46131   -10.51817     0.46647
    32  C   4.0  -0.073   3.151     0.08210    -9.68124     1.22210
    33  C   4.0  -0.063   3.156    -0.73842    -7.25794     0.69724
    34  C   4.0   0.088   3.475     0.88240    -5.67422    -0.62151
    35  C   4.0  -0.180   4.125    -8.64093    -1.74333    -1.56384
    36  C   4.0   0.011   3.209   -10.64720     0.09015    -0.72846
    37  C   4.0  -0.073   3.184   -13.18079    -0.39381    -1.21254
    38  C   4.0  -0.073   3.141   -15.04712     1.27555    -0.46517
    39  C   4.0  -0.073   3.145   -14.39378     3.47718     0.79327
    40  C   4.0  -0.069   3.168   -11.88555     3.99374     1.29642
    41  C   4.0   0.063   3.273   -10.01667     2.30639     0.53795
    42  O   6.0  -0.153   2.101    -7.57698     2.97136     1.11764
    43  H   1.0   0.079   0.996    10.56670     8.52188    -0.99185
    44  H   1.0   0.081   0.997    10.08374    11.85111    -0.83029
    45  H   1.0   0.079   0.996     9.59600     9.95539     1.91050
    46  H   1.0   0.075   1.005     2.36441     9.32166    -2.18091
    47  H   1.0   0.075   1.005    -0.47822     5.70444    -1.34453
    48  H   1.0   0.076   1.006     8.44722     5.64142     1.67589
    49  H   1.0   0.074   1.004     9.16537     1.17856     4.10232
    50  H   1.0   0.074   1.004     8.65544    -3.01858     6.08530
    51  H   1.0   0.074   1.005     4.55851    -5.17896     6.02350
    52  H   1.0   0.076   1.006     0.87909    -3.28341     3.90562
    53  H   1.0   0.077   1.006    -3.01186     3.85811     2.20936
    54  H   1.0   0.076   1.006    -4.20321    -4.11711    -2.39279
    55  H   1.0   0.076   1.006     1.79481     1.36074    -3.85932
    56  H   1.0   0.074   1.005     5.94798     1.94264    -5.86509
    57  H   1.0   0.074   1.004     9.11886    -1.43650    -5.81996
    58  H   1.0   0.074   1.004     8.18161    -5.55692    -3.83033
    59  H   1.0   0.074   1.004     5.94205    -9.58617    -1.39307
    60  H   1.0   0.074   1.004     3.03461   -12.42634     0.91050
    61  H   1.0   0.074   1.004    -1.14587   -10.95222     2.24445
    62  H   1.0   0.075   1.005    -2.57553    -6.61702     1.31352
    63  H   1.0   0.080   1.003    -9.03397    -3.61221    -0.76225
    64  H   1.0   0.080   1.003    -8.71459    -1.95640    -3.62357
    65  H   1.0   0.075   1.005   -13.68087    -2.11253    -2.19485
    66  H   1.0   0.074   1.004   -17.00451     0.86228    -0.86287
    67  H   1.0   0.074   1.004   -15.83585     4.79294     1.38490
    68  H   1.0   0.075   1.005   -11.32339     5.69209     2.27492
 
  Z AO/shell   Hii/eV     exponent
  1     Sat Feb 20 21:38:01 CET 2016    EN: 2.327 GAM: 0.473  GM3: 0.0000
     1s    -13.751157    1.051071
  6     Sat Feb 20 21:38:01 CET 2016    EN: 2.731 GAM: 0.422  GM3: 0.0000
     2s    -19.378245    2.021003
     2p    -11.993376    1.497917
  7     Sat Feb 20 21:38:01 CET 2016    EN: 3.573 GAM: 0.504  GM3: 0.0000
     2s    -21.576984    2.275442
     2p    -16.125120    2.056788
  8     Sat Feb 20 21:38:01 CET 2016    EN: 3.700 GAM: 0.587  GM3: 0.0000
     2s    -21.648843    2.110798
     2p    -17.239740    2.329048
 
 dipole moment of classical point charges (au)
     X       Y       Z   
   0.2220  -0.5916   0.0045  total (Debye):    1.606

 
 Nbf   :          194
 T(el) :   300.0
 calculating S/T integrals ...
 cpu time for ints   0.424405000000000     
 Nao   :          194
 making H0...
 making H1...
 cpu time for H      2.136399999999999E-002
 solving ...
 cpu time for diag   7.121800000000000E-002
 
 gap (eV)           :   5.591
 Koopmans IP (eV)   :  13.027
 Eel (Eh)           :  -156.755107
 T,E(Fermi),NFOD :    300.000   -10.231  0.000000
 T,E(Fermi),NFOD :    300.000   -10.231  0.000000
 Nfod               :  0.0000
 Nfod/Nel           :  0.0000

          eigenvalues
 #    :          88         89         90         91         92         93         94         95
 occ. :        2.000      2.000      2.000      2.000      2.000      2.000      2.000      2.000
 eps  :       -16.604    -16.503    -16.229    -15.532    -15.508    -15.335    -15.144    -14.928
 #    :          96         97         98         99        100        101        102        103
 occ. :        2.000      2.000      2.000      2.000      2.000      0.000      0.000      0.000
 eps  :       -14.090    -13.961    -13.818    -13.305    -13.028     -7.437     -6.915     -6.792
 #    :         104        105        106        107        108        109        110        111
 occ. :        0.000      0.000      0.000      0.000      0.000      0.000      0.000      0.000
 eps  :        -5.882     -5.630     -5.454     -5.338     -5.253     -5.176     -4.998     -4.895
                            1  SCC done.
 making H1...
 cpu time for H      8.910200000000001E-002
 solving ...
 cpu time for diag   3.883800000000004E-002
 
 gap (eV)           :   5.399
 Koopmans IP (eV)   :  12.857
 Eel (Eh)           :  -155.984400
 T,E(Fermi),NFOD :    300.000   -10.158  0.000000
 T,E(Fermi),NFOD :    300.000   -10.158  0.000000
 Nfod               :  0.0000
 Nfod/Nel           :  0.0000

          eigenvalues
 #    :          88         89         90         91         92         93         94         95
 occ. :        2.000      2.000      2.000      2.000      2.000      2.000      2.000      2.000
 eps  :       -16.317    -16.143    -15.927    -15.498    -15.352    -15.335    -15.078    -14.630
 #    :          96         97         98         99        100        101        102        103
 occ. :        2.000      2.000      2.000      2.000      2.000      0.000      0.000      0.000
 eps  :       -13.933    -13.808    -13.672    -13.147    -12.859     -7.459     -6.736     -6.610
 #    :         104        105        106        107        108        109        110        111
 occ. :        0.000      0.000      0.000      0.000      0.000      0.000      0.000      0.000
 eps  :        -5.812     -5.633     -5.316     -5.272     -5.172     -5.045     -4.932     -4.822
                            2  SCC done.
 
 
 Mulliken/CM5 charges    n(s)   n(p)   n(d)   
    1 C   0.0061 -0.1153   1.087  2.907  0.000
    2 O  -0.1628 -0.2535   1.459  4.704  0.000
    3 C   0.0626  0.0781   1.152  2.785  0.000
    4 C  -0.0501 -0.1007   1.131  2.919  0.000
    5 C  -0.0443 -0.0938   1.134  2.911  0.000
    6 C   0.0240  0.0860   1.179  2.797  0.000
    7 C  -0.0266 -0.0237   1.163  2.863  0.000
    8 C  -0.0586 -0.1077   1.133  2.926  0.000
    9 C  -0.0255 -0.0225   1.165  2.861  0.000
   10 C  -0.0378 -0.0906   1.138  2.900  0.000
   11 C  -0.0493 -0.1054   1.132  2.918  0.000
   12 C  -0.0393 -0.0953   1.135  2.905  0.000
   13 C  -0.0428 -0.0904   1.135  2.908  0.000
   14 C   0.0379  0.1029   1.183  2.779  0.000
   15 N  -0.0946 -0.3409   1.233  3.861  0.000
   16 C   0.0555  0.1193   1.171  2.773  0.000
   17 C  -0.0426 -0.0850   1.133  2.910  0.000
   18 C   0.0790  0.0999   1.149  2.772  0.000
   19 C  -0.0063 -0.0154   1.177  2.829  0.000
   20 C  -0.0442 -0.0900   1.136  2.908  0.000
   21 C   0.0499  0.1131   1.171  2.779  0.000
   22 N  -0.0944 -0.3410   1.234  3.860  0.000
   23 C   0.0379  0.1028   1.183  2.779  0.000
   24 C  -0.0421 -0.0897   1.135  2.907  0.000
   25 C  -0.0379 -0.0938   1.135  2.903  0.000
   26 C  -0.0489 -0.1050   1.132  2.917  0.000
   27 C  -0.0370 -0.0897   1.138  2.899  0.000
   28 C  -0.0277 -0.0247   1.165  2.862  0.000
   29 C  -0.0268 -0.0240   1.166  2.861  0.000
   30 C  -0.0367 -0.0895   1.138  2.899  0.000
   31 C  -0.0498 -0.1059   1.132  2.918  0.000
   32 C  -0.0415 -0.0976   1.135  2.907  0.000
   33 C  -0.0465 -0.0962   1.135  2.911  0.000
   34 C   0.0355  0.0979   1.184  2.780  0.000
   35 C  -0.0380 -0.1334   1.118  2.920  0.000
   36 C  -0.0071 -0.0166   1.180  2.827  0.000
   37 C  -0.0467 -0.1008   1.137  2.910  0.000
   38 C  -0.0427 -0.0990   1.133  2.910  0.000
   39 C  -0.0392 -0.0953   1.134  2.905  0.000
   40 C  -0.0438 -0.0945   1.134  2.910  0.000
   41 C   0.0747  0.0945   1.155  2.770  0.000
   42 O  -0.1285 -0.1943   1.444  4.685  0.000
   43 H   0.0415  0.1008   0.959  0.000  0.000
   44 H   0.0435  0.1045   0.956  0.000  0.000
   45 H   0.0415  0.1009   0.958  0.000  0.000
   46 H   0.0424  0.1029   0.958  0.000  0.000
   47 H   0.0443  0.1043   0.956  0.000  0.000
   48 H   0.0414  0.1021   0.959  0.000  0.000
   49 H   0.0407  0.0979   0.959  0.000  0.000
   50 H   0.0390  0.0955   0.961  0.000  0.000
   51 H   0.0428  0.0996   0.957  0.000  0.000
   52 H   0.0410  0.1049   0.959  0.000  0.000
   53 H   0.0469  0.1114   0.953  0.000  0.000
   54 H   0.0481  0.1102   0.952  0.000  0.000
   55 H   0.0412  0.1050   0.959  0.000  0.000
   56 H   0.0433  0.1000   0.957  0.000  0.000
   57 H   0.0389  0.0954   0.961  0.000  0.000
   58 H   0.0409  0.0981   0.959  0.000  0.000
   59 H   0.0420  0.0992   0.958  0.000  0.000
   60 H   0.0397  0.0962   0.960  0.000  0.000
   61 H   0.0425  0.0990   0.957  0.000  0.000
   62 H   0.0391  0.0990   0.961  0.000  0.000
   63 H   0.0475  0.1039   0.952  0.000  0.000
   64 H   0.0484  0.1047   0.952  0.000  0.000
   65 H   0.0384  0.0959   0.962  0.000  0.000
   66 H   0.0411  0.0976   0.959  0.000  0.000
   67 H   0.0424  0.0990   0.958  0.000  0.000
   68 H   0.0386  0.0987   0.961  0.000  0.000
 Hirshfeld charges for QMDFF written to <charges>
 
 Loewdin charges    n(s)   n(p)   n(d)
    1 C  -0.0046   1.019  2.986  0.000
    2 O  -0.1250   1.420  4.705  0.000
    3 C   0.0537   1.117  2.829  0.000
    4 C  -0.0473   1.078  2.969  0.000
    5 C  -0.0404   1.081  2.960  0.000
    6 C   0.0167   1.145  2.838  0.000
    7 C  -0.0250   1.121  2.904  0.000
    8 C  -0.0599   1.082  2.978  0.000
    9 C  -0.0256   1.123  2.902  0.000
   10 C  -0.0322   1.084  2.948  0.000
   11 C  -0.0434   1.078  2.966  0.000
   12 C  -0.0311   1.080  2.951  0.000
   13 C  -0.0411   1.083  2.958  0.000
   14 C   0.0316   1.148  2.820  0.000
   15 N  -0.0530   1.191  3.862  0.000
   16 C   0.0482   1.136  2.816  0.000
   17 C  -0.0442   1.082  2.962  0.000
   18 C   0.0665   1.115  2.819  0.000
   19 C  -0.0038   1.136  2.868  0.000
   20 C  -0.0423   1.084  2.958  0.000
   21 C   0.0408   1.137  2.823  0.000
   22 N  -0.0528   1.192  3.861  0.000
   23 C   0.0317   1.148  2.820  0.000
   24 C  -0.0403   1.083  2.958  0.000
   25 C  -0.0296   1.080  2.950  0.000
   26 C  -0.0430   1.078  2.965  0.000
   27 C  -0.0313   1.084  2.947  0.000
   28 C  -0.0277   1.124  2.904  0.000
   29 C  -0.0267   1.124  2.902  0.000
   30 C  -0.0310   1.084  2.947  0.000
   31 C  -0.0438   1.078  2.966  0.000
   32 C  -0.0332   1.080  2.953  0.000
   33 C  -0.0443   1.083  2.961  0.000
   34 C   0.0296   1.149  2.821  0.000
   35 C  -0.0336   1.056  2.978  0.000
   36 C  -0.0046   1.139  2.866  0.000
   37 C  -0.0413   1.083  2.958  0.000
   38 C  -0.0362   1.078  2.958  0.000
   39 C  -0.0310   1.079  2.952  0.000
   40 C  -0.0414   1.081  2.960  0.000
   41 C   0.0624   1.121  2.817  0.000
   42 O  -0.0876   1.403  4.684  0.000
   43 H   0.0387   0.961  0.000  0.000
   44 H   0.0405   0.960  0.000  0.000
   45 H   0.0388   0.961  0.000  0.000
   46 H   0.0343   0.966  0.000  0.000
   47 H   0.0363   0.964  0.000  0.000
   48 H   0.0344   0.966  0.000  0.000
   49 H   0.0330   0.967  0.000  0.000
   50 H   0.0320   0.968  0.000  0.000
   51 H   0.0352   0.965  0.000  0.000
   52 H   0.0331   0.967  0.000  0.000
   53 H   0.0379   0.962  0.000  0.000
   54 H   0.0397   0.960  0.000  0.000
   55 H   0.0333   0.967  0.000  0.000
   56 H   0.0356   0.964  0.000  0.000
   57 H   0.0319   0.968  0.000  0.000
   58 H   0.0331   0.967  0.000  0.000
   59 H   0.0340   0.966  0.000  0.000
   60 H   0.0325   0.967  0.000  0.000
   61 H   0.0349   0.965  0.000  0.000
   62 H   0.0317   0.968  0.000  0.000
   63 H   0.0428   0.957  0.000  0.000
   64 H   0.0435   0.956  0.000  0.000
   65 H   0.0310   0.969  0.000  0.000
   66 H   0.0337   0.966  0.000  0.000
   67 H   0.0346   0.965  0.000  0.000
   68 H   0.0304   0.970  0.000  0.000
 
 Wiberg/Mayer (AO) data. WBOs > 0.1 written file <wbo>
 largest (>0.05) Wiberg bond orders for each atom
           total WBO             WBO to atom ...
     1  C   3.957    O    2 0.993    H   44 0.990    H   43 0.981    H   45 0.981
     2  O   2.203    C    3 1.034    C    1 0.993    C    8 0.056
     3  C   3.934    C    8 1.405    C    4 1.331    O    2 1.034    C    6 0.083
     4  C   3.951    C    5 1.472    C    3 1.331    H   46 0.945    C    7 0.089
     5  C   3.968    C    4 1.472    C    6 1.358    H   47 0.942    C    8 0.098
     6  C   3.928    C    5 1.358    C    7 1.273    N   15 1.044    C    3 0.083
     7  C   3.955    C    8 1.349    C    6 1.273    C    9 1.088    C    4 0.089
     8  C   3.958    C    3 1.405    C    7 1.349    H   48 0.943    C    5 0.098    O    2 0.056
     9  C   3.955    C   10 1.353    C   14 1.263    C    7 1.088    C   12 0.090
    10  C   3.961    C   11 1.461    C    9 1.353    H   49 0.945    C   13 0.102
    11  C   3.969    C   10 1.461    C   12 1.394    H   50 0.945    C   14 0.091
    12  C   3.954    C   13 1.453    C   11 1.394    H   51 0.945    C    9 0.090
    13  C   3.968    C   12 1.453    C   14 1.368    H   52 0.943    C   10 0.102
    14  C   3.927    C   13 1.368    C    9 1.263    N   15 1.058    C   11 0.091
    15  N   3.431    C   14 1.058    C    6 1.044    C   16 0.975
    16  C   3.927    C   17 1.407    C   21 1.325    N   15 0.975    C   19 0.100
    17  C   3.964    C   16 1.407    C   18 1.376    H   53 0.942    C   20 0.099
    18  C   3.931    C   17 1.376    C   19 1.337    O   42 1.020    C   21 0.096
    19  C   3.945    C   20 1.408    C   18 1.337    C   35 0.970    C   16 0.100
    20  C   3.965    C   19 1.408    C   21 1.394    H   54 0.940    C   17 0.099
    21  C   3.924    C   20 1.394    C   16 1.325    N   22 0.972    C   18 0.096
    22  N   3.439    C   23 1.055    C   34 1.055    C   21 0.972
    23  C   3.927    C   24 1.369    C   28 1.265    N   22 1.055    C   26 0.091
    24  C   3.968    C   25 1.452    C   23 1.369    H   55 0.943    C   27 0.103
    25  C   3.954    C   24 1.452    C   26 1.395    H   56 0.945    C   28 0.090
    26  C   3.969    C   27 1.460    C   25 1.395    H   57 0.945    C   23 0.091
    27  C   3.961    C   26 1.460    C   28 1.354    H   58 0.945    C   24 0.103
    28  C   3.955    C   27 1.354    C   23 1.265    C   29 1.087    C   25 0.090
    29  C   3.955    C   30 1.354    C   34 1.264    C   28 1.087    C   32 0.090
    30  C   3.961    C   31 1.459    C   29 1.354    H   59 0.945    C   33 0.102
    31  C   3.969    C   30 1.459    C   32 1.395    H   60 0.945    C   34 0.091
    32  C   3.953    C   33 1.451    C   31 1.395    H   61 0.945    C   29 0.090
    33  C   3.968    C   32 1.451    C   34 1.368    H   62 0.944    C   30 0.102
    34  C   3.928    C   33 1.368    C   29 1.264    N   22 1.055    C   31 0.091
    35  C   3.973    C   36 0.972    C   19 0.970    H   63 0.950    H   64 0.948
    36  C   3.949    C   37 1.402    C   41 1.351    C   35 0.972    C   39 0.107
    37  C   3.972    C   38 1.435    C   36 1.402    H   65 0.945    C   40 0.107
    38  C   3.972    C   37 1.435    C   39 1.420    H   66 0.945    C   41 0.103
    39  C   3.975    C   40 1.446    C   38 1.420    H   67 0.945    C   36 0.107
    40  C   3.971    C   39 1.446    C   41 1.376    H   68 0.947    C   37 0.107
    41  C   3.931    C   40 1.376    C   36 1.351    O   42 1.009    C   38 0.103
    42  O   2.303    C   18 1.020    C   41 1.009
    43  H   0.998    C    1 0.981
    44  H   0.998    C    1 0.990
    45  H   0.998    C    1 0.981
    46  H   0.997    C    4 0.945
    47  H   0.996    C    5 0.942
    48  H   0.997    C    8 0.943
    49  H   0.997    C   10 0.945
    50  H   0.997    C   11 0.945
    51  H   0.997    C   12 0.945
    52  H   0.997    C   13 0.943
    53  H   0.995    C   17 0.942
    54  H   0.997    C   20 0.940
    55  H   0.997    C   24 0.943
    56  H   0.997    C   25 0.945
    57  H   0.997    C   26 0.945
    58  H   0.997    C   27 0.945
    59  H   0.997    C   30 0.945
    60  H   0.997    C   31 0.945
    61  H   0.997    C   32 0.945
    62  H   0.997    C   33 0.944
    63  H   0.996    C   35 0.950
    64  H   0.996    C   35 0.948
    65  H   0.999    C   37 0.945
    66  H   0.997    C   38 0.945
    67  H   0.995    C   39 0.945
    68  H   0.997    C   40 0.947
 
 --------------------------------------------
          xTB calculation for sTDA...
 --------------------------------------------
 
 reading parameter file /home/tchapet/xtb4stda/.param_stda2.xtb
 
      method parameters     
 k(s)        :  1.6000
 k(p)        :  2.1800
 k(d)        :  1.9500
 k(f)        :  2.0000
 k(R-V)      :  2.2750
 k(R-R)      :  1.7650
 Tscal       :  0.2580
 Gscal       :  1.0000
 fpol        :  1.0000
 Zcnf        :  0.3430
 Zqf         :  0.0000
 kcn         :  2.7000
 Ryd Hsplit  :  0.7000
 lshift(virt):  3.1000
 lshift(OS)  :  0.2000
 wllscaling  :  2.6000
 
 mowrcut     : 3.000
 
  Z AO/shell   Hii/eV     exponent
  1     Sun Feb 14 09:53:25 CET 2016    EN: 2.327 GAM: 0.473  GM3: 0.0000
     1s    -14.339618    1.220000
     2sp    -3.348946    0.600000
  6     Sun Feb 14 09:53:25 CET 2016    EN: 2.731 GAM: 0.422  GM3: 0.0000
     2s    -22.009312    1.565095
     2p    -13.020408    1.596905
     3sp    -3.914040    0.824500
  7     Sun Feb 14 09:53:25 CET 2016    EN: 3.573 GAM: 0.504  GM3: 0.0000
     2s    -25.722000    2.064844
     2p    -18.684912    1.801692
     3sp    -4.344791    0.921400
  8     Sun Feb 14 09:53:25 CET 2016    EN: 3.700 GAM: 0.587  GM3: 0.0000
     2s    -33.859000    2.418661
     2p    -22.175911    1.973969
     3sp    -4.259392    1.013700
 
 Nbf   :          466
 T(el) :     0.0
 calculating S/T integrals ...
 cpu time for ints    2.89656300000000     
 Nao   :          466
 making H0...
 making H1...
 cpu time for H      3.079000000000054E-003
 solving ...
 cpu time for diag   7.608799999999993E-002
 
 gap (eV)           :   7.273
 Koopmans IP (eV)   :  13.776
 Eel (Eh)           :  -174.383892

          eigenvalues
 #    :          88         89         90         91         92         93         94         95
 occ. :        2.000      2.000      2.000      2.000      2.000      2.000      2.000      2.000
 eps  :       -17.577    -16.851    -16.724    -16.446    -16.329    -16.115    -16.060    -15.647
 #    :          96         97         98         99        100        101        102        103
 occ. :        2.000      2.000      2.000      2.000      2.000      0.000      0.000      0.000
 eps  :       -15.005    -14.953    -14.759    -14.045    -13.777     -6.503     -6.423     -6.165
 #    :         104        105        106        107        108        109        110        111
 occ. :        0.000      0.000      0.000      0.000      0.000      0.000      0.000      0.000
 eps  :        -6.122     -5.973     -5.653     -5.424     -5.345     -5.150     -4.936     -4.806
                            1  SCC done.
 writing mo output ...
 molden style : F
 
speedup  8.82
cpu  time for all    3.78 s
wall time for all    0.43 s
