 
        ______________________________________
       |                                      |
       |          ===================         |
       |             xTB for sTDA             |
       |          ===================         |
       |               S. Grimme              |
       |        Universitaet Bonn, MCTC       |
       |         2015-19, Version 1.0         |
       |     Wed Apr  3 09:14:55 CEST 2019    |
       |______________________________________|
 
        This code comes without any warranty
        for non-commercial, academia use only.
        Preliminary test version.
        Cite this work as:
        S. Grimme  &  C. Bannwarth, JCP 145 (2016) 054103
        if GBSA is used additionally:
        P. Shushkov, F. März, C. Bannwarth, S. Grimme, unpublished.
 
        with help from
        P. Shushkov, G. Brandenburg, S. Dohm, J. Pisarek,
        F. März, M. Checinski, S. Ehrlich, S. Spicher, 
        P. Pracht, E. Caldeweyher, S. Ehlert, and C. Bannwarth.
 
        usage        :
        xtb4stda <coord_file> [options]
        where <coord_file> is a valid file of TM)
        (*coord, Bohr) or xmol (*xyz, Angstroem)
        format.

        options:
        -chrg <int>   : molecular charge
        -uhf  <int>   : # of unpaired electrons(=2*S)
        -nox          : skip second, extended part in sTDA-xTB
        -pop          : do population analysis
                      : (default for -nox)
        -mowr <real>  : cut MO write above (def.3 Eh)
        -molden       : write formatted molden file
        -parx <file>  : read parameters for sTDA-xTB
                        calc (def:~/.param_stda2.xtb)
        -parv <file>  : read parameters for vTB part in
                        sTDA-xTB (def: ~/.param_stda1.xtb)
        -xtemp <real> : el. temp for xTB (def. 0 K)
        -etemp <real> : el. temp for GFN (def. 300 K)
        -fod          : calculate the FOD and write
                        molden.input file with
                        appropriate occupations
                        for plotting. Def. T=12500 K
 
        -acc <real>   : xTB accuracy (def. 1.0)
        -gbsa [string1] [string2]
                        use GBSA implicit solvent
                        for solvent [string1] and
                        solvation state [string2]=
                        reference, bar1M (default=1M)
        additional GFN/opt/MD/siman options read from
        $XTB4STDAHOME/.xtb4stdarc or $set in input
 
       spin and charge state information can be on:
       <.CHRG> (charge) and <.UHF> (=nalpha-nbeta)
       -uhf and -chrg override the file info.
       useful machine settings:
       setenv MKL_NUM_THREADS <NCORE_ON_YOUR_MACHINE>
       setenv OMP_STACKSIZE 500m
       limit stacksize unlimited
 
       total energies in Eh, gaps/HL energies in eV
       please read REVISION and HOWTO files carefully
 =============================
  # OMP threads =          16
 =============================
 
 xtb4stdahome directory:/home/tchapet/xtb4stda/
 
 argument            1 :gbsa
 argument            2 :toluene
 
 name of molecule           :
 comment line               :
 number of atoms            :    83
 number of electrons        :   238
 charge                     :  0
 spin                       : 0.0
 first test random number   :  0.4398
 
 -----------------------------------------
      charge density (VTB) calculation
 -----------------------------------------
 
      method parameters     
 k(s)        :  1.8000
 k(p)        :  2.8350
 k(d)        :  2.0860
 k(f)        :  2.0000
 Tscal       :  0.3300
 Gscal       :  0.3910
 fpol        :  1.0000
 Zcnf        :  0.6500
 Zqf         :  0.0000
 kcn         :  0.3000
 kEN1        : -0.5900
 wllscal     :  2.6000
 
     -------------------------
     ! NO SOLVENT MODEL USED !
     -------------------------
 
 doing EN charges ...
 sum q :  0.2220446D-15
 point charge moment (au)
     X       Y       Z   
   0.2799   0.0365   0.3157  total (Debye):    1.076
 
            Z      q(EN)   CN      Cart. coordinates
     1  C   4.0  -0.244   4.104    12.38071     2.03763    -2.40994
     2  C   4.0  -0.031   4.140    10.66486     2.10294    -0.05840
     3  C   4.0  -0.244   4.104    12.27276     2.36670     2.35431
     4  C   4.0   0.010   3.299     8.93270     4.38085    -0.25293
     5  C   4.0  -0.072   3.197     9.97392     6.78515    -0.39879
     6  C   4.0  -0.072   3.140     8.49485     8.93408    -0.55566
     7  C   4.0  -0.072   3.144     5.89173     8.69563    -0.55948
     8  C   4.0  -0.069   3.201     4.80689     6.33000    -0.41741
     9  C   4.0   0.096   3.303     6.29981     4.15531    -0.27530
    10  N   5.0  -0.313   3.250     5.15022     1.80372    -0.13991
    11  C   4.0   0.078   3.297     2.46659     1.66536    -0.03600
    12  C   4.0  -0.067   3.187     1.04129     1.77659    -2.23155
    13  C   4.0  -0.071   3.192    -1.56846     1.66080    -2.11430
    14  C   4.0   0.004   3.283    -2.80340     1.43597     0.19096
    15  C   4.0  -0.054   4.254    -5.68694     1.23850     0.37207
    16  C   4.0   0.004   3.283    -6.82048     3.14359     2.21002
    17  C   4.0  -0.072   3.187    -5.52676     5.26924     3.04053
    18  C   4.0  -0.073   3.146    -6.68335     6.98456     4.64570
    19  C   4.0  -0.074   3.143    -9.15162     6.61108     5.42277
    20  C   4.0  -0.072   3.145   -10.47051     4.51699     4.56796
    21  C   4.0  -0.072   3.199    -9.31654     2.80465     2.96739
    22  C   4.0   0.005   3.319    -6.86431     1.70594    -2.19618
    23  C   4.0  -0.071   3.193    -7.42645     4.15007    -2.98008
    24  C   4.0  -0.073   3.146    -8.44011     4.60578    -5.34668
    25  C   4.0  -0.072   3.139    -8.88509     2.62392    -7.00438
    26  C   4.0  -0.072   3.189    -8.29548     0.19365    -6.27294
    27  C   4.0  -0.001   3.257    -7.29172    -0.28383    -3.88058
    28  C   4.0   0.097   3.177    -6.70297    -2.91469    -3.18741
    29  O   6.0  -0.101   1.066    -6.50140    -4.59412    -4.76681
    30  C   4.0  -0.001   3.257    -6.50683    -3.40399    -0.45600
    31  C   4.0  -0.072   3.192    -6.76870    -5.89077     0.38831
    32  C   4.0  -0.072   3.139    -6.73350    -6.44181     2.93392
    33  C   4.0  -0.073   3.147    -6.44636    -4.49056     4.66073
    34  C   4.0  -0.071   3.194    -6.16458    -2.02546     3.83821
    35  C   4.0   0.005   3.325    -6.17885    -1.43861     1.27644
    36  C   4.0  -0.072   3.199    -1.35170     1.31188     2.38101
    37  C   4.0  -0.066   3.189     1.25204     1.44161     2.27896
    38  C   4.0   0.108   3.295     6.55242    -0.39651     0.00724
    39  C   4.0   0.010   3.303     9.19619    -0.36035     0.07272
    40  C   4.0  -0.072   3.198    10.54207    -2.62354     0.24413
    41  C   4.0  -0.067   3.147     9.39373    -4.95721     0.34302
    42  C   4.0   0.001   3.341     6.77263    -5.02832     0.24308
    43  C   4.0   0.058   3.526     5.38843    -2.77333     0.07080
    44  O   6.0  -0.150   2.128     2.83653    -3.24937    -0.02981
    45  C   4.0   0.056   3.489     2.57038    -5.80404     0.08259
    46  C   4.0  -0.062   3.140     0.32081    -7.13652     0.03703
    47  C   4.0  -0.074   3.155     0.47509    -9.74288     0.18052
    48  C   4.0  -0.073   3.147     2.79305   -10.97751     0.36172
    49  C   4.0  -0.068   3.151     5.03615    -9.64348     0.40239
    50  C   4.0   0.000   3.340     4.92712    -7.02484     0.25986
    51  H   1.0   0.083   1.000    13.68581     0.45578    -2.32588
    52  H   1.0   0.082   0.999    11.23439     1.84293    -4.10731
    53  H   1.0   0.083   1.000    13.47613     3.76685    -2.56279
    54  H   1.0   0.083   1.000    13.36092     4.10689     2.31904
    55  H   1.0   0.083   1.000    13.57947     0.79507     2.54267
    56  H   1.0   0.082   0.999    11.05196     2.39806     4.00985
    57  H   1.0   0.076   1.006    12.00209     7.00193    -0.38713
    58  H   1.0   0.074   1.004     9.37001    10.77361    -0.66802
    59  H   1.0   0.074   1.004     4.69906    10.34841    -0.67151
    60  H   1.0   0.077   1.008     2.77568     6.15386    -0.41743
    61  H   1.0   0.075   1.005     1.97871     1.95120    -4.03673
    62  H   1.0   0.077   1.008    -2.62812     1.74846    -3.85424
    63  H   1.0   0.076   1.007    -3.60806     5.60309     2.43203
    64  H   1.0   0.074   1.004    -5.64586     8.62433     5.28070
    65  H   1.0   0.074   1.004   -10.04933     7.94981     6.67477
    66  H   1.0   0.074   1.004   -12.40606     4.21895     5.14385
    67  H   1.0   0.076   1.006   -10.35843     1.18176     2.29403
    68  H   1.0   0.076   1.007    -7.06940     5.71623    -1.72334
    69  H   1.0   0.074   1.004    -8.87908     6.51961    -5.90267
    70  H   1.0   0.074   1.004    -9.67221     2.97885    -8.85265
    71  H   1.0   0.075   1.005    -8.59327    -1.39486    -7.52123
    72  H   1.0   0.075   1.005    -7.01541    -7.35401    -1.01540
    73  H   1.0   0.074   1.004    -6.93783    -8.36764     3.57420
    74  H   1.0   0.074   1.004    -6.44379    -4.89169     6.66163
    75  H   1.0   0.076   1.007    -5.97546    -0.53433     5.21714
    76  H   1.0   0.077   1.007    -2.25718     1.12789     4.19684
    77  H   1.0   0.075   1.005     2.35687     1.35279     3.99336
    78  H   1.0   0.076   1.007    12.57815    -2.55186     0.30337
    79  H   1.0   0.075   1.004    10.48434    -6.67249     0.47997
    80  H   1.0   0.076   1.005    -1.46825    -6.17224    -0.11077
    81  H   1.0   0.074   1.005    -1.24173   -10.84389     0.14469
    82  H   1.0   0.074   1.004     2.82888   -13.01517     0.46942
    83  H   1.0   0.075   1.004     6.83215   -10.60015     0.53945
 
  Z AO/shell   Hii/eV     exponent
  1     Sat Feb 20 21:38:01 CET 2016    EN: 2.327 GAM: 0.473  GM3: 0.0000
     1s    -13.751157    1.051071
  6     Sat Feb 20 21:38:01 CET 2016    EN: 2.731 GAM: 0.422  GM3: 0.0000
     2s    -19.378245    2.021003
     2p    -11.993376    1.497917
  7     Sat Feb 20 21:38:01 CET 2016    EN: 3.573 GAM: 0.504  GM3: 0.0000
     2s    -21.576984    2.275442
     2p    -16.125120    2.056788
  8     Sat Feb 20 21:38:01 CET 2016    EN: 3.700 GAM: 0.587  GM3: 0.0000
     2s    -21.648843    2.110798
     2p    -17.239740    2.329048
 
 dipole moment of classical point charges (au)
     X       Y       Z   
   0.2799   0.0365   0.3157  total (Debye):    1.076

 
 Nbf   :          233
 T(el) :   300.0
 calculating S/T integrals ...
 cpu time for ints   0.395342000000000     
 Nao   :          233
 making H0...
 making H1...
 cpu time for H      2.307700000000001E-002
 solving ...
 cpu time for diag   9.258799999999995E-002
 
 gap (eV)           :   3.714
 Koopmans IP (eV)   :  12.863
 Eel (Eh)           :  -186.272260
 T,E(Fermi),NFOD :    300.000   -11.006  0.000000
 T,E(Fermi),NFOD :    300.000   -11.006  0.000000
 Nfod               :  0.0000
 Nfod/Nel           :  0.0000

          eigenvalues
 #    :         107        108        109        110        111        112        113        114
 occ. :        2.000      2.000      2.000      2.000      2.000      2.000      2.000      2.000
 eps  :       -15.690    -15.591    -15.547    -15.490    -15.426    -15.385    -15.360    -15.304
 #    :         115        116        117        118        119        120        121        122
 occ. :        2.000      2.000      2.000      2.000      2.000      0.000      0.000      0.000
 eps  :       -15.049    -14.862    -14.472    -14.058    -12.864     -9.150     -7.456     -7.063
 #    :         123        124        125        126        127        128        129        130
 occ. :        0.000      0.000      0.000      0.000      0.000      0.000      0.000      0.000
 eps  :        -6.932     -6.113     -5.746     -5.601     -5.600     -5.452     -5.388     -5.352
                            1  SCC done.
 making H1...
 cpu time for H      0.118034000000000     
 solving ...
 cpu time for diag   5.629499999999998E-002
 
 gap (eV)           :   3.796
 Koopmans IP (eV)   :  12.646
 Eel (Eh)           :  -185.539215
 T,E(Fermi),NFOD :    300.000   -10.748  0.000000
 T,E(Fermi),NFOD :    300.000   -10.748  0.000000
 Nfod               :  0.0000
 Nfod/Nel           :  0.0000

          eigenvalues
 #    :         107        108        109        110        111        112        113        114
 occ. :        2.000      2.000      2.000      2.000      2.000      2.000      2.000      2.000
 eps  :       -15.564    -15.490    -15.407    -15.370    -15.320    -15.210    -15.201    -15.091
 #    :         115        116        117        118        119        120        121        122
 occ. :        2.000      2.000      2.000      2.000      2.000      0.000      0.000      0.000
 eps  :       -14.888    -14.304    -13.957    -13.910    -12.647     -8.851     -7.475     -7.086
 #    :         123        124        125        126        127        128        129        130
 occ. :        0.000      0.000      0.000      0.000      0.000      0.000      0.000      0.000
 eps  :        -6.760     -6.157     -5.781     -5.628     -5.472     -5.458     -5.391     -5.278
                            2  SCC done.
 
 
 Mulliken/CM5 charges    n(s)   n(p)   n(d)   
    1 C  -0.1025 -0.2497   1.110  2.993  0.000
    2 C   0.0245  0.0045   1.226  2.750  0.000
    3 C  -0.1022 -0.2494   1.109  2.993  0.000
    4 C  -0.0220 -0.0245   1.185  2.837  0.000
    5 C  -0.0450 -0.0998   1.140  2.905  0.000
    6 C  -0.0523 -0.1088   1.132  2.920  0.000
    7 C  -0.0380 -0.0941   1.136  2.902  0.000
    8 C  -0.0574 -0.1053   1.135  2.923  0.000
    9 C   0.0518  0.1139   1.180  2.769  0.000
   10 N  -0.1169 -0.3564   1.225  3.892  0.000
   11 C   0.0599  0.1125   1.175  2.765  0.000
   12 C  -0.0236 -0.0722   1.139  2.884  0.000
   13 C  -0.0364 -0.0894   1.140  2.896  0.000
   14 C  -0.0054 -0.0144   1.192  2.814  0.000
   15 C   0.0208  0.0159   1.211  2.768  0.000
   16 C  -0.0047 -0.0156   1.191  2.814  0.000
   17 C  -0.0428 -0.0976   1.142  2.901  0.000
   18 C  -0.0329 -0.0894   1.137  2.896  0.000
   19 C  -0.0359 -0.0924   1.136  2.900  0.000
   20 C  -0.0324 -0.0888   1.137  2.896  0.000
   21 C  -0.0412 -0.0951   1.141  2.900  0.000
   22 C  -0.0060 -0.0123   1.200  2.806  0.000
   23 C  -0.0357 -0.0894   1.141  2.895  0.000
   24 C  -0.0271 -0.0835   1.141  2.886  0.000
   25 C  -0.0259 -0.0821   1.135  2.891  0.000
   26 C  -0.0236 -0.0758   1.146  2.877  0.000
   27 C  -0.0145 -0.0175   1.181  2.834  0.000
   28 C   0.1354  0.1682   1.183  2.681  0.000
   29 O  -0.2446 -0.2937   1.626  4.619  0.000
   30 C  -0.0150 -0.0175   1.180  2.835  0.000
   31 C  -0.0236 -0.0763   1.147  2.877  0.000
   32 C  -0.0263 -0.0828   1.135  2.892  0.000
   33 C  -0.0272 -0.0837   1.141  2.886  0.000
   34 C  -0.0365 -0.0910   1.141  2.895  0.000
   35 C  -0.0068 -0.0124   1.201  2.805  0.000
   36 C  -0.0374 -0.0918   1.141  2.897  0.000
   37 C  -0.0269 -0.0749   1.139  2.887  0.000
   38 C   0.0508  0.1187   1.179  2.771  0.000
   39 C  -0.0282 -0.0305   1.185  2.843  0.000
   40 C  -0.0506 -0.1053   1.137  2.914  0.000
   41 C  -0.0496 -0.1028   1.132  2.917  0.000
   42 C  -0.0223 -0.0237   1.167  2.855  0.000
   43 C   0.0488  0.0777   1.168  2.783  0.000
   44 O  -0.1155 -0.1785   1.485  4.630  0.000
   45 C   0.0660  0.0873   1.166  2.768  0.000
   46 C  -0.0376 -0.0890   1.135  2.903  0.000
   47 C  -0.0391 -0.0953   1.135  2.904  0.000
   48 C  -0.0441 -0.1002   1.132  2.912  0.000
   49 C  -0.0364 -0.0894   1.137  2.899  0.000
   50 C  -0.0224 -0.0242   1.165  2.857  0.000
   51 H   0.0338  0.0880   0.966  0.000  0.000
   52 H   0.0347  0.0885   0.965  0.000  0.000
   53 H   0.0338  0.0880   0.966  0.000  0.000
   54 H   0.0339  0.0881   0.966  0.000  0.000
   55 H   0.0339  0.0880   0.966  0.000  0.000
   56 H   0.0342  0.0881   0.966  0.000  0.000
   57 H   0.0430  0.1020   0.957  0.000  0.000
   58 H   0.0389  0.0954   0.961  0.000  0.000
   59 H   0.0419  0.0984   0.958  0.000  0.000
   60 H   0.0393  0.1030   0.961  0.000  0.000
   61 H   0.0429  0.1034   0.957  0.000  0.000
   62 H   0.0464  0.1081   0.954  0.000  0.000
   63 H   0.0400  0.1005   0.960  0.000  0.000
   64 H   0.0400  0.0965   0.960  0.000  0.000
   65 H   0.0392  0.0956   0.961  0.000  0.000
   66 H   0.0399  0.0964   0.960  0.000  0.000
   67 H   0.0378  0.0975   0.962  0.000  0.000
   68 H   0.0416  0.1024   0.958  0.000  0.000
   69 H   0.0440  0.1005   0.956  0.000  0.000
   70 H   0.0422  0.0987   0.958  0.000  0.000
   71 H   0.0490  0.1103   0.951  0.000  0.000
   72 H   0.0487  0.1102   0.951  0.000  0.000
   73 H   0.0418  0.0984   0.958  0.000  0.000
   74 H   0.0438  0.1003   0.956  0.000  0.000
   75 H   0.0424  0.1029   0.958  0.000  0.000
   76 H   0.0447  0.1054   0.955  0.000  0.000
   77 H   0.0414  0.1023   0.959  0.000  0.000
   78 H   0.0482  0.1074   0.952  0.000  0.000
   79 H   0.0469  0.1042   0.953  0.000  0.000
   80 H   0.0428  0.1031   0.957  0.000  0.000
   81 H   0.0428  0.0996   0.957  0.000  0.000
   82 H   0.0404  0.0970   0.960  0.000  0.000
   83 H   0.0422  0.0993   0.958  0.000  0.000
 Hirshfeld charges for QMDFF written to <charges>
 
 Loewdin charges    n(s)   n(p)   n(d)
    1 C  -0.1086   1.039  3.070  0.000
    2 C   0.0357   1.185  2.780  0.000
    3 C  -0.1082   1.039  3.069  0.000
    4 C  -0.0238   1.146  2.878  0.000
    5 C  -0.0394   1.087  2.952  0.000
    6 C  -0.0468   1.078  2.969  0.000
    7 C  -0.0289   1.080  2.949  0.000
    8 C  -0.0562   1.083  2.973  0.000
    9 C   0.0466   1.144  2.810  0.000
   10 N  -0.0780   1.183  3.895  0.000
   11 C   0.0578   1.138  2.805  0.000
   12 C  -0.0200   1.086  2.934  0.000
   13 C  -0.0317   1.087  2.945  0.000
   14 C  -0.0006   1.150  2.850  0.000
   15 C   0.0261   1.171  2.803  0.000
   16 C   0.0010   1.149  2.850  0.000
   17 C  -0.0389   1.089  2.950  0.000
   18 C  -0.0248   1.082  2.943  0.000
   19 C  -0.0288   1.081  2.948  0.000
   20 C  -0.0244   1.082  2.943  0.000
   21 C  -0.0366   1.088  2.948  0.000
   22 C  -0.0009   1.158  2.843  0.000
   23 C  -0.0322   1.088  2.944  0.000
   24 C  -0.0173   1.085  2.932  0.000
   25 C  -0.0189   1.080  2.939  0.000
   26 C  -0.0162   1.092  2.924  0.000
   27 C  -0.0178   1.140  2.877  0.000
   28 C   0.1294   1.147  2.723  0.000
   29 O  -0.2302   1.596  4.634  0.000
   30 C  -0.0185   1.140  2.879  0.000
   31 C  -0.0162   1.092  2.924  0.000
   32 C  -0.0194   1.080  2.939  0.000
   33 C  -0.0174   1.086  2.932  0.000
   34 C  -0.0334   1.089  2.945  0.000
   35 C  -0.0019   1.160  2.842  0.000
   36 C  -0.0328   1.088  2.945  0.000
   37 C  -0.0235   1.087  2.937  0.000
   38 C   0.0399   1.145  2.815  0.000
   39 C  -0.0297   1.146  2.884  0.000
   40 C  -0.0458   1.084  2.962  0.000
   41 C  -0.0455   1.079  2.967  0.000
   42 C  -0.0209   1.125  2.896  0.000
   43 C   0.0319   1.137  2.831  0.000
   44 O  -0.0749   1.445  4.630  0.000
   45 C   0.0541   1.132  2.814  0.000
   46 C  -0.0357   1.082  2.953  0.000
   47 C  -0.0307   1.080  2.951  0.000
   48 C  -0.0376   1.078  2.960  0.000
   49 C  -0.0306   1.083  2.948  0.000
   50 C  -0.0224   1.124  2.899  0.000
   51 H   0.0345   0.966  0.000  0.000
   52 H   0.0341   0.966  0.000  0.000
   53 H   0.0345   0.966  0.000  0.000
   54 H   0.0345   0.965  0.000  0.000
   55 H   0.0345   0.965  0.000  0.000
   56 H   0.0337   0.966  0.000  0.000
   57 H   0.0365   0.963  0.000  0.000
   58 H   0.0319   0.968  0.000  0.000
   59 H   0.0343   0.966  0.000  0.000
   60 H   0.0319   0.968  0.000  0.000
   61 H   0.0343   0.966  0.000  0.000
   62 H   0.0379   0.962  0.000  0.000
   63 H   0.0324   0.968  0.000  0.000
   64 H   0.0323   0.968  0.000  0.000
   65 H   0.0316   0.968  0.000  0.000
   66 H   0.0321   0.968  0.000  0.000
   67 H   0.0299   0.970  0.000  0.000
   68 H   0.0334   0.967  0.000  0.000
   69 H   0.0356   0.964  0.000  0.000
   70 H   0.0342   0.966  0.000  0.000
   71 H   0.0391   0.961  0.000  0.000
   72 H   0.0390   0.961  0.000  0.000
   73 H   0.0339   0.966  0.000  0.000
   74 H   0.0354   0.965  0.000  0.000
   75 H   0.0351   0.965  0.000  0.000
   76 H   0.0372   0.963  0.000  0.000
   77 H   0.0329   0.967  0.000  0.000
   78 H   0.0417   0.958  0.000  0.000
   79 H   0.0391   0.961  0.000  0.000
   80 H   0.0342   0.966  0.000  0.000
   81 H   0.0351   0.965  0.000  0.000
   82 H   0.0331   0.967  0.000  0.000
   83 H   0.0341   0.966  0.000  0.000
 
 Wiberg/Mayer (AO) data. WBOs > 0.1 written file <wbo>
 largest (>0.05) Wiberg bond orders for each atom
           total WBO             WBO to atom ...
     1  C   3.977    H   52 0.977    H   51 0.976    H   53 0.975    C    2 0.953
     2  C   3.923    C    3 0.953    C    1 0.953    C    4 0.947    C   39 0.946
     3  C   3.977    H   56 0.977    H   55 0.976    H   54 0.976    C    2 0.953
     4  C   3.945    C    5 1.402    C    9 1.331    C    2 0.947    C    7 0.102
     5  C   3.971    C    6 1.431    C    4 1.402    H   57 0.942    C    8 0.105
     6  C   3.970    C    5 1.431    C    7 1.415    H   58 0.945    C    9 0.098
     7  C   3.973    C    8 1.451    C    6 1.415    H   59 0.944    C    4 0.102
     8  C   3.967    C    7 1.451    C    9 1.355    H   60 0.941    C    5 0.105
     9  C   3.932    C    8 1.355    C    4 1.331    N   10 1.031    C    6 0.098
    10  N   3.373    C   38 1.034    C    9 1.031    C   11 0.943
    11  C   3.929    C   12 1.397    C   37 1.387    N   10 0.943    C   14 0.110
    12  C   3.968    C   13 1.429    C   11 1.397    H   61 0.945    C   36 0.108
    13  C   3.968    C   12 1.429    C   14 1.401    H   62 0.940    C   37 0.107
    14  C   3.944    C   13 1.401    C   36 1.386    C   15 0.909    C   11 0.110
    15  C   3.927    C   22 0.934    C   35 0.929    C   16 0.924    C   14 0.909
    16  C   3.943    C   17 1.401    C   21 1.389    C   15 0.924    C   19 0.111
    17  C   3.971    C   18 1.426    C   16 1.401    H   63 0.944    C   20 0.109
    18  C   3.973    C   19 1.435    C   17 1.426    H   64 0.946    C   21 0.111
    19  C   3.974    C   18 1.435    C   20 1.424    H   65 0.947    C   16 0.111
    20  C   3.973    C   21 1.440    C   19 1.424    H   66 0.946    C   17 0.109
    21  C   3.972    C   20 1.440    C   16 1.389    H   67 0.947    C   18 0.111
    22  C   3.942    C   23 1.400    C   27 1.330    C   15 0.934    C   25 0.103
    23  C   3.970    C   24 1.434    C   22 1.400    H   68 0.942    C   26 0.104
    24  C   3.971    C   23 1.434    C   25 1.411    H   69 0.945    C   27 0.098
    25  C   3.972    C   26 1.454    C   24 1.411    H   70 0.944    C   22 0.103
    26  C   3.967    C   25 1.454    C   27 1.350    H   71 0.944    C   23 0.104
    27  C   3.949    C   26 1.350    C   22 1.330    C   28 0.997    C   24 0.098    O   29 0.059
    28  C   3.915    O   29 1.790    C   30 1.000    C   27 0.997
    29  O   2.132    C   28 1.790    C   30 0.059    C   27 0.059
    30  C   3.950    C   31 1.347    C   35 1.333    C   28 1.000    C   33 0.098    O   29 0.059
    31  C   3.967    C   32 1.455    C   30 1.347    H   72 0.944    C   34 0.104
    32  C   3.971    C   31 1.455    C   33 1.409    H   73 0.944    C   35 0.103
    33  C   3.970    C   34 1.435    C   32 1.409    H   74 0.945    C   30 0.098
    34  C   3.969    C   33 1.435    C   35 1.397    H   75 0.942    C   31 0.104
    35  C   3.941    C   34 1.397    C   30 1.333    C   15 0.929    C   32 0.103
    36  C   3.970    C   37 1.442    C   14 1.386    H   76 0.941    C   12 0.108
    37  C   3.967    C   36 1.442    C   11 1.387    H   77 0.945    C   13 0.107
    38  C   3.928    C   39 1.341    C   43 1.316    N   10 1.034    C   41 0.090
    39  C   3.923    C   40 1.370    C   38 1.341    C    2 0.946    C   42 0.084
    40  C   3.967    C   41 1.463    C   39 1.370    H   78 0.938    C   43 0.089
    41  C   3.956    C   40 1.463    C   42 1.336    H   79 0.941    C   38 0.090
    42  C   3.953    C   41 1.336    C   43 1.298    C   50 1.074    C   39 0.084
    43  C   3.914    C   38 1.316    C   42 1.298    O   44 1.028    C   40 0.089
    44  O   2.342    C   45 1.046    C   43 1.028
    45  C   3.925    C   46 1.386    C   50 1.275    O   44 1.046    C   48 0.095
    46  C   3.970    C   47 1.444    C   45 1.386    H   80 0.944    C   49 0.103
    47  C   3.956    C   46 1.444    C   48 1.403    H   81 0.946    C   50 0.093
    48  C   3.972    C   49 1.456    C   47 1.403    H   82 0.945    C   45 0.095
    49  C   3.961    C   48 1.456    C   50 1.357    H   83 0.945    C   46 0.103
    50  C   3.955    C   49 1.357    C   45 1.275    C   42 1.074    C   47 0.093
    51  H   0.997    C    1 0.976
    52  H   0.999    C    1 0.977
    53  H   0.997    C    1 0.975
    54  H   0.997    C    3 0.976
    55  H   0.997    C    3 0.976
    56  H   0.999    C    3 0.977
    57  H   0.997    C    5 0.942
    58  H   0.997    C    6 0.945
    59  H   0.994    C    7 0.944
    60  H   0.997    C    8 0.941
    61  H   0.996    C   12 0.945
    62  H   0.997    C   13 0.940
    63  H   0.998    C   17 0.944
    64  H   0.997    C   18 0.946
    65  H   0.995    C   19 0.947
    66  H   0.997    C   20 0.946
    67  H   0.999    C   21 0.947
    68  H   0.996    C   23 0.942
    69  H   0.994    C   24 0.945
    70  H   0.993    C   25 0.944
    71  H   0.996    C   26 0.944
    72  H   0.996    C   31 0.944
    73  H   0.993    C   32 0.944
    74  H   0.994    C   33 0.945
    75  H   0.996    C   34 0.942
    76  H   0.997    C   36 0.941
    77  H   0.996    C   37 0.945
    78  H   0.995    C   40 0.938
    79  H   0.994    C   41 0.941
    80  H   0.997    C   46 0.944
    81  H   0.998    C   47 0.946
    82  H   0.997    C   48 0.945
    83  H   0.998    C   49 0.945
 
 --------------------------------------------
          xTB calculation for sTDA...
 --------------------------------------------
 
 reading parameter file /home/tchapet/xtb4stda/.param_stda2.xtb
 
      method parameters     
 k(s)        :  1.6000
 k(p)        :  2.1800
 k(d)        :  1.9500
 k(f)        :  2.0000
 k(R-V)      :  2.2750
 k(R-R)      :  1.7650
 Tscal       :  0.2580
 Gscal       :  1.0000
 fpol        :  1.0000
 Zcnf        :  0.3430
 Zqf         :  0.0000
 kcn         :  2.7000
 Ryd Hsplit  :  0.7000
 lshift(virt):  3.1000
 lshift(OS)  :  0.2000
 wllscaling  :  2.6000
 
 mowrcut     : 3.000
 
  Z AO/shell   Hii/eV     exponent
  1     Sun Feb 14 09:53:25 CET 2016    EN: 2.327 GAM: 0.473  GM3: 0.0000
     1s    -14.339618    1.220000
     2sp    -3.348946    0.600000
  6     Sun Feb 14 09:53:25 CET 2016    EN: 2.731 GAM: 0.422  GM3: 0.0000
     2s    -22.009312    1.565095
     2p    -13.020408    1.596905
     3sp    -3.914040    0.824500
  7     Sun Feb 14 09:53:25 CET 2016    EN: 3.573 GAM: 0.504  GM3: 0.0000
     2s    -25.722000    2.064844
     2p    -18.684912    1.801692
     3sp    -4.344791    0.921400
  8     Sun Feb 14 09:53:25 CET 2016    EN: 3.700 GAM: 0.587  GM3: 0.0000
     2s    -33.859000    2.418661
     2p    -22.175911    1.973969
     3sp    -4.259392    1.013700
 
 Nbf   :          565
 T(el) :     0.0
 calculating S/T integrals ...
 cpu time for ints    3.07424600000000     
 Nao   :          565
 making H0...
 making H1...
 cpu time for H      5.376999999999743E-003
 solving ...
 cpu time for diag   0.161432000000000     
 
 gap (eV)           :   5.510
 Koopmans IP (eV)   :  13.410
 Eel (Eh)           :  -206.380106

          eigenvalues
 #    :         107        108        109        110        111        112        113        114
 occ. :        2.000      2.000      2.000      2.000      2.000      2.000      2.000      2.000
 eps  :       -16.533    -16.489    -16.307    -16.242    -16.223    -16.172    -16.120    -15.922
 #    :         115        116        117        118        119        120        121        122
 occ. :        2.000      2.000      2.000      2.000      2.000      0.000      0.000      0.000
 eps  :       -15.894    -15.777    -15.352    -15.015    -13.411     -7.901     -6.500     -6.193
 #    :         123        124        125        126        127        128        129        130
 occ. :        0.000      0.000      0.000      0.000      0.000      0.000      0.000      0.000
 eps  :        -6.035     -5.992     -5.933     -5.882     -5.779     -5.773     -5.674     -5.625
                            1  SCC done.
 writing mo output ...
 molden style : F
 
speedup  7.36
cpu  time for all    4.13 s
wall time for all    0.56 s
