   -125.557297434053   -125.557297434053         0.94529E-03
   -125.557534085181   -125.557534085181         0.51766E-03
   -125.557560434308   -125.557560434308         0.58220E-03
   -125.557509231076   -125.557509231076         0.99430E-03
   -125.557717404560   -125.557717404560         0.75926E-03
   -125.558100044396   -125.558100044396         0.55896E-03
   -125.557982557460   -125.557982557460         0.53661E-03
   -125.557739946543   -125.557739946543         0.46634E-03
   -125.557654813766   -125.557654813766         0.40572E-03
   -125.558304217141   -125.558304217141         0.37086E-03
   -125.557733886620   -125.557733886620         0.99864E-03
   -125.557989979864   -125.557989979864         0.54076E-03
   -125.557298246183   -125.557298246183         0.39285E-03
   -125.557366879835   -125.557366879835         0.38785E-03
   -125.557914163875   -125.557914163875         0.42755E-03
   -125.557315896183   -125.557315896183         0.72161E-03
   -125.557683815166   -125.557683815166         0.34760E-03
   -125.556833394009   -125.556833394009         0.42267E-03
   -125.556836933360   -125.556836933360         0.74794E-03
   -125.556920182984   -125.556920182984         0.91178E-03
   -125.558260539517   -125.558260539517         0.44599E-03
   -125.556919145839   -125.556919145839         0.61619E-03
   -125.556751666718   -125.556751666718         0.47160E-03
   -125.556814430767   -125.556814430767         0.62775E-03
   -125.557264385478   -125.557264385478         0.60939E-03
   -125.557805896563   -125.557805896563         0.60087E-03
   -125.557490890728   -125.557490890728         0.27154E-03
   -125.556667008196   -125.556667008196         0.58656E-03
   -125.556842454363   -125.556842454363         0.68830E-03
   -125.556684638426   -125.556684638426         0.41950E-03
   -125.556721378732   -125.556721378732         0.69531E-03
   -125.556508210452   -125.556508210452         0.70484E-03
   -125.556611791141   -125.556611791141         0.62494E-03
   -125.556601662683   -125.556601662683         0.64133E-03
   -125.556424710298   -125.556424710298         0.44125E-03
   -125.557781549594   -125.557781549594         0.33796E-03
   -125.556290731425   -125.556290731425         0.75444E-03
   -125.557667964772   -125.557667964772         0.47573E-03
   -125.556459073535   -125.556459073535         0.42084E-03
   -125.556660665018   -125.556660665018         0.27153E-03
   -125.556412611628   -125.556412611628         0.29497E-03
   -125.556814674343   -125.556814674343         0.48458E-03
   -125.556366367246   -125.556366367246         0.79904E-03
   -125.560198863270   -125.560198863270         0.52261E-03
   -125.556112477322   -125.556112477322         0.37398E-03
   -125.556615068907   -125.556615068907         0.74046E-03
   -125.556169669977   -125.556169669977         0.96180E-03
   -125.557069988598   -125.557069988598         0.54297E-03
   -125.556807329212   -125.556807329212         0.63215E-03
   -125.556448594539   -125.556448594539         0.38638E-03
   -125.556085333455   -125.556085333455         0.71002E-03
   -125.556144551113   -125.556144551113         0.56132E-03
   -125.556216462701   -125.556216462701         0.33161E-03
   -125.556358346266   -125.556358346266         0.41105E-03
   -125.556245629571   -125.556245629571         0.38713E-03
   -125.556184915809   -125.556184915809         0.58744E-03
   -125.556293919190   -125.556293919190         0.57755E-03
   -125.556393606584   -125.556393606584         0.29071E-03
   -125.556618015334   -125.556618015334         0.40464E-03
   -125.557012851156   -125.557012851156         0.28290E-03
   -125.556099088643   -125.556099088643         0.54177E-03
   -125.556300269628   -125.556300269628         0.40431E-03
   -125.559041699202   -125.559041699202         0.60714E-03
   -125.556582223600   -125.556582223600         0.44664E-03
   -125.555710422068   -125.555710422068         0.50860E-03
   -125.556747452307   -125.556747452307         0.61722E-03
   -125.556473774557   -125.556473774557         0.41971E-03
   -125.555295551641   -125.555295551641         0.54937E-03
   -125.555893750787   -125.555893750787         0.47940E-03
   -125.555944642593   -125.555944642593         0.53256E-03
   -125.555116576321   -125.555116576321         0.77681E-03
   -125.556697649921   -125.556697649921         0.36433E-03
   -125.556619301756   -125.556619301756         0.53906E-03
   -125.556143844589   -125.556143844589         0.56448E-03
   -125.555051812838   -125.555051812838         0.55623E-03
   -125.555404345601   -125.555404345601         0.64403E-03
   -125.555396631819   -125.555396631819         0.48088E-03
   -125.556770082504   -125.556770082504         0.38587E-03
   -125.556259929420   -125.556259929420         0.42032E-03
   -125.556325372146   -125.556325372146         0.41676E-03
   -125.555292989298   -125.555292989298         0.32742E-03
   -125.554812947920   -125.554812947920         0.34118E-03
   -125.557674146610   -125.557674146610         0.38126E-03
   -125.554877825778   -125.554877825778         0.71204E-03
   -125.555024683397   -125.555024683397         0.39235E-03
   -125.556241202830   -125.556241202830         0.70915E-03
   -125.556265305398   -125.556265305398         0.82852E-03
   -125.555131504946   -125.555131504946         0.68909E-03
   -125.556531326544   -125.556531326544         0.40195E-03
   -125.554914189665   -125.554914189665         0.44398E-03
   -125.555315800899   -125.555315800899         0.69236E-03
   -125.556059372216   -125.556059372216         0.28832E-03
   -125.556771772914   -125.556771772914         0.59619E-03
   -125.556029272419   -125.556029272419         0.54781E-03
   -125.555716831495   -125.555716831495         0.53631E-03
   -125.554594075474   -125.554594075474         0.45882E-03
   -125.556215648064   -125.556215648064         0.46281E-03
   -125.555266845119   -125.555266845119         0.84393E-03
   -125.555657512589   -125.555657512589         0.58812E-03
   -125.554849414605   -125.554849414605         0.62639E-03
   -125.556433494858   -125.556433494858         0.35759E-03
   -125.554889952914   -125.554889952914         0.37585E-03
   -125.554406964081   -125.554406964081         0.66990E-03
   -125.554377705169   -125.554377705169         0.67684E-03
   -125.556269184864   -125.556269184864         0.44822E-03
   -125.555857491457   -125.555857491457         0.42292E-03
   -125.555618094079   -125.555618094079         0.64399E-03
   -125.557462514944   -125.557462514944         0.97220E-03
   -125.555702892008   -125.555702892008         0.43058E-03
   -125.554329223414   -125.554329223414         0.52423E-03
   -125.556384838130   -125.556384838130         0.33456E-03
   -125.554160822538   -125.554160822538         0.33847E-03
   -125.554711703913   -125.554711703913         0.57975E-03
   -125.556921530220   -125.556921530220         0.32833E-03
   -125.556221666996   -125.556221666996         0.41740E-03
   -125.554945121982   -125.554945121982         0.44139E-03
   -125.556590034669   -125.556590034669         0.95130E-03
   -125.556354041746   -125.556354041746         0.29091E-03
   -125.556110485459   -125.556110485459         0.43021E-03
   -125.556515429623   -125.556515429623         0.34632E-03
   -125.555472911537   -125.555472911537         0.49605E-03
   -125.556127153929   -125.556127153929         0.28221E-03
   -125.557723737615   -125.557723737615         0.38260E-03
   -125.556543226374   -125.556543226374         0.41911E-03
