 
        ______________________________________
       |                                      |
       |          ===================         |
       |             xTB for sTDA             |
       |          ===================         |
       |               S. Grimme              |
       |        Universitaet Bonn, MCTC       |
       |         2015-19, Version 1.0         |
       |     Wed Apr  3 09:14:55 CEST 2019    |
       |______________________________________|
 
        This code comes without any warranty
        for non-commercial, academia use only.
        Preliminary test version.
        Cite this work as:
        S. Grimme  &  C. Bannwarth, JCP 145 (2016) 054103
        if GBSA is used additionally:
        P. Shushkov, F. März, C. Bannwarth, S. Grimme, unpublished.
 
        with help from
        P. Shushkov, G. Brandenburg, S. Dohm, J. Pisarek,
        F. März, M. Checinski, S. Ehrlich, S. Spicher, 
        P. Pracht, E. Caldeweyher, S. Ehlert, and C. Bannwarth.
 
        usage        :
        xtb4stda <coord_file> [options]
        where <coord_file> is a valid file of TM)
        (*coord, Bohr) or xmol (*xyz, Angstroem)
        format.

        options:
        -chrg <int>   : molecular charge
        -uhf  <int>   : # of unpaired electrons(=2*S)
        -nox          : skip second, extended part in sTDA-xTB
        -pop          : do population analysis
                      : (default for -nox)
        -mowr <real>  : cut MO write above (def.3 Eh)
        -molden       : write formatted molden file
        -parx <file>  : read parameters for sTDA-xTB
                        calc (def:~/.param_stda2.xtb)
        -parv <file>  : read parameters for vTB part in
                        sTDA-xTB (def: ~/.param_stda1.xtb)
        -xtemp <real> : el. temp for xTB (def. 0 K)
        -etemp <real> : el. temp for GFN (def. 300 K)
        -fod          : calculate the FOD and write
                        molden.input file with
                        appropriate occupations
                        for plotting. Def. T=12500 K
 
        -acc <real>   : xTB accuracy (def. 1.0)
        -gbsa [string1] [string2]
                        use GBSA implicit solvent
                        for solvent [string1] and
                        solvation state [string2]=
                        reference, bar1M (default=1M)
        additional GFN/opt/MD/siman options read from
        $XTB4STDAHOME/.xtb4stdarc or $set in input
 
       spin and charge state information can be on:
       <.CHRG> (charge) and <.UHF> (=nalpha-nbeta)
       -uhf and -chrg override the file info.
       useful machine settings:
       setenv MKL_NUM_THREADS <NCORE_ON_YOUR_MACHINE>
       setenv OMP_STACKSIZE 500m
       limit stacksize unlimited
 
       total energies in Eh, gaps/HL energies in eV
       please read REVISION and HOWTO files carefully
 =============================
  # OMP threads =          16
 =============================
 
 xtb4stdahome directory:/home/tchapet/xtb4stda/
 
 argument            1 :gbsa
 argument            2 :toluene
 
 name of molecule           :
 comment line               :
 number of atoms            :    61
 number of electrons        :   194
 charge                     :  0
 spin                       : 0.0
 first test random number   :  0.4116
 
 -----------------------------------------
      charge density (VTB) calculation
 -----------------------------------------
 
      method parameters     
 k(s)        :  1.8000
 k(p)        :  2.8350
 k(d)        :  2.0860
 k(f)        :  2.0000
 Tscal       :  0.3300
 Gscal       :  0.3910
 fpol        :  1.0000
 Zcnf        :  0.6500
 Zqf         :  0.0000
 kcn         :  0.3000
 kEN1        : -0.5900
 wllscal     :  2.6000
 
     -------------------------
     ! NO SOLVENT MODEL USED !
     -------------------------
 
 doing EN charges ...
 sum q :  0.5551115D-15
 point charge moment (au)
     X       Y       Z   
  -0.4566   0.0642  -0.0187  total (Debye):    1.173
 
            Z      q(EN)   CN      Cart. coordinates
     1  C   4.0  -0.073   3.142   -11.77936     4.70154     4.67979
     2  C   4.0  -0.072   3.144    -9.18144     4.52903     4.86000
     3  C   4.0  -0.069   3.194    -7.86551     2.79069     3.40797
     4  C   4.0   0.092   3.289    -9.12540     1.21509     1.72571
     5  C   4.0   0.067   3.283   -11.76625     1.35460     1.61160
     6  C   4.0  -0.068   3.169   -13.07181     3.09126     3.06571
     7  O   6.0  -0.147   2.097   -13.17982    -0.21699     0.10277
     8  C   4.0   0.067   3.284   -11.90828    -2.02439    -1.26292
     9  C   4.0  -0.068   3.169   -13.36016    -3.63837    -2.71922
    10  C   4.0  -0.073   3.142   -12.21640    -5.46402    -4.21142
    11  C   4.0  -0.072   3.144    -9.61312    -5.63841    -4.25773
    12  C   4.0  -0.069   3.192    -8.15066    -4.03024    -2.79534
    13  C   4.0   0.093   3.284    -9.26807    -2.22939    -1.24415
    14  N   5.0  -0.307   3.243    -7.84943    -0.55343     0.22982
    15  C   4.0   0.086   3.289    -5.19624    -0.69928     0.29832
    16  C   4.0  -0.068   3.191    -4.02615    -2.85157     1.22140
    17  C   4.0  -0.066   3.147    -1.39606    -3.12715     1.35590
    18  C   4.0   0.003   3.327     0.09487    -1.16786     0.52296
    19  C   4.0  -0.016   3.536    -1.09219     1.02630    -0.44378
    20  C   4.0   0.002   3.328     0.67965     2.85616    -1.26371
    21  C   4.0  -0.068   3.148    -0.18827     5.07505    -2.29305
    22  C   4.0  -0.072   3.147    -2.81500     5.42104    -2.49896
    23  C   4.0  -0.071   3.171    -4.53694     3.64980    -1.69044
    24  C   4.0   0.006   3.262    -3.70679     1.35761    -0.60084
    25  C   4.0   0.104   3.435     3.15019     1.76211    -0.76754
    26  N   5.0  -0.208   2.181     5.40300     2.69925    -1.19713
    27  C   4.0   0.092   3.346     7.36679     1.21807    -0.54101
    28  C   4.0   0.006   3.278     9.88474     2.15084    -0.98656
    29  C   4.0  -0.070   3.192    10.31090     4.52695    -2.07442
    30  C   4.0  -0.067   3.132    12.75659     5.31848    -2.46558
    31  C   4.0   0.035   3.209    14.71917     3.70337    -1.75071
    32  N   5.0  -0.217   2.166    14.36481     1.47294    -0.72853
    33  C   4.0   0.096   3.342    12.00518     0.67129    -0.33656
    34  C   4.0   0.096   3.342    11.64259    -1.79929     0.79246
    35  N   5.0  -0.217   2.166    13.68599    -3.15309     1.38993
    36  C   4.0   0.035   3.209    13.38525    -5.39158     2.41168
    37  C   4.0  -0.067   3.132    11.02852    -6.46500     2.92600
    38  C   4.0  -0.070   3.192     8.89961    -5.09941     2.32224
    39  C   4.0   0.005   3.278     9.17299    -2.70510     1.22575
    40  C   4.0   0.092   3.345     7.01283    -1.19292     0.54734
    41  N   5.0  -0.208   2.181     4.69426    -2.14966     0.97479
    42  C   4.0   0.103   3.434     2.78907    -0.69994     0.32681
    43  H   1.0   0.074   1.004   -12.81242     6.05583     5.79891
    44  H   1.0   0.074   1.004    -8.15230     5.73901     6.13870
    45  H   1.0   0.077   1.007    -5.83981     2.65745     3.58768
    46  H   1.0   0.075   1.005   -15.10347     3.14613     2.90963
    47  H   1.0   0.075   1.005   -15.38644    -3.42269    -2.66707
    48  H   1.0   0.074   1.004   -13.36416    -6.71568    -5.33833
    49  H   1.0   0.074   1.004    -8.69209    -7.02246    -5.43864
    50  H   1.0   0.077   1.007    -6.11883    -4.16616    -2.87610
    51  H   1.0   0.075   1.006    -5.20626    -4.37807     1.89055
    52  H   1.0   0.075   1.004    -0.58407    -4.83426     2.11902
    53  H   1.0   0.075   1.004     1.09717     6.51954    -2.93995
    54  H   1.0   0.074   1.005    -3.50057     7.15389    -3.33098
    55  H   1.0   0.076   1.006    -6.53484     4.01078    -1.89311
    56  H   1.0   0.076   1.005     8.70297     5.67593    -2.58017
    57  H   1.0   0.074   1.004    13.16154     7.13383    -3.29968
    58  H   1.0   0.075   1.004    16.67429     4.24189    -2.02019
    59  H   1.0   0.075   1.004    15.11462    -6.39223     2.85145
    60  H   1.0   0.074   1.004    10.89555    -8.31437     3.77294
    61  H   1.0   0.076   1.005     7.01887    -5.81089     2.66537
 
  Z AO/shell   Hii/eV     exponent
  1     Sat Feb 20 21:38:01 CET 2016    EN: 2.327 GAM: 0.473  GM3: 0.0000
     1s    -13.751157    1.051071
  6     Sat Feb 20 21:38:01 CET 2016    EN: 2.731 GAM: 0.422  GM3: 0.0000
     2s    -19.378245    2.021003
     2p    -11.993376    1.497917
  7     Sat Feb 20 21:38:01 CET 2016    EN: 3.573 GAM: 0.504  GM3: 0.0000
     2s    -21.576984    2.275442
     2p    -16.125120    2.056788
  8     Sat Feb 20 21:38:01 CET 2016    EN: 3.700 GAM: 0.587  GM3: 0.0000
     2s    -21.648843    2.110798
     2p    -17.239740    2.329048
 
 dipole moment of classical point charges (au)
     X       Y       Z   
  -0.4566   0.0642  -0.0187  total (Debye):    1.173

 
 Nbf   :          187
 T(el) :   300.0
 calculating S/T integrals ...
 cpu time for ints   0.355731000000000     
 Nao   :          187
 making H0...
 making H1...
 cpu time for H      2.077899999999999E-002
 solving ...
 cpu time for diag   6.964900000000002E-002
 
 gap (eV)           :   2.563
 Koopmans IP (eV)   :  12.559
 Eel (Eh)           :  -153.754053
 T,E(Fermi),NFOD :    300.000   -11.278  0.000000
 T,E(Fermi),NFOD :    300.000   -11.278  0.000000
 Nfod               :  0.0000
 Nfod/Nel           :  0.0000

          eigenvalues
 #    :          85         86         87         88         89         90         91         92
 occ. :        2.000      2.000      2.000      2.000      2.000      2.000      2.000      2.000
 eps  :       -16.755    -16.257    -15.981    -15.922    -15.575    -15.420    -15.366    -15.160
 #    :          93         94         95         96         97         98         99        100
 occ. :        2.000      2.000      2.000      2.000      2.000      0.000      0.000      0.000
 eps  :       -14.993    -14.651    -14.278    -13.987    -12.560     -9.997     -9.121     -8.692
 #    :         101        102        103        104        105        106        107        108
 occ. :        0.000      0.000      0.000      0.000      0.000      0.000      0.000      0.000
 eps  :        -7.888     -6.673     -6.046     -5.781     -5.519     -5.346     -5.319     -5.074
                            1  SCC done.
 making H1...
 cpu time for H      8.555799999999997E-002
 solving ...
 cpu time for diag   3.619899999999998E-002
 
 gap (eV)           :   3.087
 Koopmans IP (eV)   :  12.454
 Eel (Eh)           :  -152.720981
 T,E(Fermi),NFOD :    300.000   -10.911  0.000000
 T,E(Fermi),NFOD :    300.000   -10.911  0.000000
 Nfod               :  0.0000
 Nfod/Nel           :  0.0000

          eigenvalues
 #    :          85         86         87         88         89         90         91         92
 occ. :        2.000      2.000      2.000      2.000      2.000      2.000      2.000      2.000
 eps  :       -16.199    -16.008    -15.555    -15.479    -15.448    -14.877    -14.837    -14.757
 #    :          93         94         95         96         97         98         99        100
 occ. :        2.000      2.000      2.000      2.000      2.000      0.000      0.000      0.000
 eps  :       -14.525    -14.198    -14.123    -13.930    -12.455     -9.368     -9.188     -8.183
 #    :         101        102        103        104        105        106        107        108
 occ. :        0.000      0.000      0.000      0.000      0.000      0.000      0.000      0.000
 eps  :        -7.676     -6.742     -5.900     -5.726     -5.551     -5.305     -5.208     -5.040
                            2  SCC done.
 
 
 Mulliken/CM5 charges    n(s)   n(p)   n(d)   
    1 C  -0.0468 -0.1029   1.132  2.915  0.000
    2 C  -0.0429 -0.0991   1.132  2.910  0.000
    3 C  -0.0548 -0.1034   1.134  2.921  0.000
    4 C   0.0451  0.1067   1.177  2.778  0.000
    5 C   0.0744  0.0997   1.153  2.773  0.000
    6 C  -0.0451 -0.0956   1.132  2.913  0.000
    7 O  -0.1397 -0.2028   1.452  4.688  0.000
    8 C   0.0741  0.0994   1.153  2.773  0.000
    9 C  -0.0450 -0.0955   1.132  2.913  0.000
   10 C  -0.0468 -0.1029   1.132  2.915  0.000
   11 C  -0.0427 -0.0989   1.132  2.910  0.000
   12 C  -0.0553 -0.1039   1.134  2.922  0.000
   13 C   0.0456  0.1074   1.177  2.778  0.000
   14 N  -0.1264 -0.3648   1.226  3.900  0.000
   15 C   0.0607  0.1169   1.188  2.751  0.000
   16 C  -0.0223 -0.0710   1.137  2.885  0.000
   17 C  -0.0063 -0.0583   1.145  2.861  0.000
   18 C  -0.0011 -0.0003   1.162  2.839  0.000
   19 C  -0.0381 -0.0381   1.176  2.862  0.000
   20 C   0.0039  0.0047   1.164  2.832  0.000
   21 C  -0.0095 -0.0617   1.146  2.863  0.000
   22 C  -0.0190 -0.0749   1.134  2.885  0.000
   23 C  -0.0248 -0.0771   1.146  2.879  0.000
   24 C   0.0104  0.0101   1.167  2.822  0.000
   25 C   0.0422  0.1273   1.199  2.759  0.000
   26 N  -0.1859 -0.3700   1.497  3.688  0.000
   27 C   0.0420  0.1200   1.189  2.769  0.000
   28 C   0.0088  0.0164   1.171  2.820  0.000
   29 C  -0.0091 -0.0577   1.153  2.857  0.000
   30 C  -0.0243 -0.0745   1.141  2.883  0.000
   31 C   0.0291  0.0572   1.160  2.811  0.000
   32 N  -0.1741 -0.3650   1.477  3.697  0.000
   33 C   0.0577  0.1388   1.182  2.760  0.000
   34 C   0.0576  0.1387   1.182  2.760  0.000
   35 N  -0.1741 -0.3649   1.477  3.697  0.000
   36 C   0.0291  0.0572   1.160  2.811  0.000
   37 C  -0.0242 -0.0745   1.141  2.883  0.000
   38 C  -0.0092 -0.0578   1.153  2.857  0.000
   39 C   0.0090  0.0166   1.171  2.820  0.000
   40 C   0.0418  0.1200   1.190  2.768  0.000
   41 N  -0.1861 -0.3699   1.498  3.689  0.000
   42 C   0.0420  0.1269   1.197  2.761  0.000
   43 H   0.0434  0.1000   0.957  0.000  0.000
   44 H   0.0444  0.1011   0.956  0.000  0.000
   45 H   0.0430  0.1064   0.957  0.000  0.000
   46 H   0.0416  0.1018   0.958  0.000  0.000
   47 H   0.0415  0.1017   0.958  0.000  0.000
   48 H   0.0434  0.1000   0.957  0.000  0.000
   49 H   0.0444  0.1010   0.956  0.000  0.000
   50 H   0.0428  0.1055   0.957  0.000  0.000
   51 H   0.0475  0.1087   0.953  0.000  0.000
   52 H   0.0557  0.1135   0.944  0.000  0.000
   53 H   0.0503  0.1080   0.950  0.000  0.000
   54 H   0.0461  0.1028   0.954  0.000  0.000
   55 H   0.0491  0.1102   0.951  0.000  0.000
   56 H   0.0469  0.1095   0.953  0.000  0.000
   57 H   0.0426  0.0995   0.957  0.000  0.000
   58 H   0.0540  0.1214   0.946  0.000  0.000
   59 H   0.0540  0.1214   0.946  0.000  0.000
   60 H   0.0426  0.0994   0.957  0.000  0.000
   61 H   0.0469  0.1095   0.953  0.000  0.000
 Hirshfeld charges for QMDFF written to <charges>
 
 Loewdin charges    n(s)   n(p)   n(d)
    1 C  -0.0397   1.077  2.963  0.000
    2 C  -0.0353   1.078  2.958  0.000
    3 C  -0.0525   1.081  2.971  0.000
    4 C   0.0376   1.142  2.820  0.000
    5 C   0.0606   1.119  2.820  0.000
    6 C  -0.0423   1.079  2.963  0.000
    7 O  -0.1002   1.412  4.688  0.000
    8 C   0.0603   1.119  2.820  0.000
    9 C  -0.0422   1.079  2.963  0.000
   10 C  -0.0397   1.077  2.963  0.000
   11 C  -0.0351   1.078  2.957  0.000
   12 C  -0.0533   1.081  2.972  0.000
   13 C   0.0381   1.142  2.820  0.000
   14 N  -0.0883   1.186  3.903  0.000
   15 C   0.0578   1.152  2.790  0.000
   16 C  -0.0198   1.085  2.935  0.000
   17 C   0.0027   1.090  2.907  0.000
   18 C  -0.0023   1.121  2.881  0.000
   19 C  -0.0360   1.134  2.902  0.000
   20 C   0.0035   1.123  2.874  0.000
   21 C  -0.0019   1.092  2.910  0.000
   22 C  -0.0115   1.080  2.932  0.000
   23 C  -0.0178   1.092  2.926  0.000
   24 C   0.0104   1.125  2.864  0.000
   25 C   0.0340   1.166  2.800  0.000
   26 N  -0.1644   1.463  3.702  0.000
   27 C   0.0328   1.156  2.812  0.000
   28 C   0.0075   1.129  2.863  0.000
   29 C   0.0017   1.097  2.901  0.000
   30 C  -0.0202   1.088  2.933  0.000
   31 C   0.0311   1.112  2.856  0.000
   32 N  -0.1535   1.442  3.712  0.000
   33 C   0.0492   1.148  2.803  0.000
   34 C   0.0491   1.148  2.802  0.000
   35 N  -0.1535   1.441  3.712  0.000
   36 C   0.0311   1.112  2.856  0.000
   37 C  -0.0201   1.088  2.933  0.000
   38 C   0.0016   1.097  2.901  0.000
   39 C   0.0076   1.129  2.863  0.000
   40 C   0.0329   1.156  2.811  0.000
   41 N  -0.1648   1.463  3.702  0.000
   42 C   0.0341   1.164  2.802  0.000
   43 H   0.0357   0.964  0.000  0.000
   44 H   0.0367   0.963  0.000  0.000
   45 H   0.0350   0.965  0.000  0.000
   46 H   0.0333   0.967  0.000  0.000
   47 H   0.0332   0.967  0.000  0.000
   48 H   0.0357   0.964  0.000  0.000
   49 H   0.0367   0.963  0.000  0.000
   50 H   0.0350   0.965  0.000  0.000
   51 H   0.0387   0.961  0.000  0.000
   52 H   0.0454   0.955  0.000  0.000
   53 H   0.0405   0.960  0.000  0.000
   54 H   0.0377   0.962  0.000  0.000
   55 H   0.0397   0.960  0.000  0.000
   56 H   0.0364   0.964  0.000  0.000
   57 H   0.0347   0.965  0.000  0.000
   58 H   0.0426   0.957  0.000  0.000
   59 H   0.0426   0.957  0.000  0.000
   60 H   0.0347   0.965  0.000  0.000
   61 H   0.0364   0.964  0.000  0.000
 
 Wiberg/Mayer (AO) data. WBOs > 0.1 written file <wbo>
 largest (>0.05) Wiberg bond orders for each atom
           total WBO             WBO to atom ...
     1  C   3.970    C    2 1.439    C    6 1.414    H   43 0.945    C    4 0.101
     2  C   3.972    C    1 1.439    C    3 1.420    H   44 0.944    C    5 0.101
     3  C   3.968    C    2 1.420    C    4 1.389    H   45 0.942    C    6 0.100
     4  C   3.930    C    3 1.389    C    5 1.307    N   14 1.005    C    1 0.101
     5  C   3.929    C    6 1.408    C    4 1.307    O    7 1.008    C    2 0.101
     6  C   3.969    C    1 1.414    C    5 1.408    H   46 0.946    C    3 0.100
     7  O   2.293    C    5 1.008    C    8 1.007
     8  C   3.929    C    9 1.409    C   13 1.307    O    7 1.007    C   11 0.101
     9  C   3.969    C   10 1.414    C    8 1.409    H   47 0.946    C   12 0.100
    10  C   3.970    C   11 1.439    C    9 1.414    H   48 0.944    C   13 0.101
    11  C   3.972    C   10 1.439    C   12 1.419    H   49 0.944    C    8 0.101
    12  C   3.967    C   11 1.419    C   13 1.390    H   50 0.941    C    9 0.100
    13  C   3.930    C   12 1.390    C    8 1.307    N   14 1.005    C   10 0.101
    14  N   3.353    C   13 1.005    C    4 1.005    C   15 0.978
    15  C   3.901    C   16 1.481    C   24 1.197    N   14 0.978    C   18 0.101
    16  C   3.964    C   15 1.481    C   17 1.340    H   51 0.943    C   19 0.058
    17  C   3.962    C   18 1.451    C   16 1.340    H   52 0.942    C   24 0.055
    18  C   3.954    C   17 1.451    C   19 1.191    C   42 1.060    C   15 0.101
    19  C   3.947    C   24 1.262    C   18 1.191    C   20 1.190    C   22 0.062    C   16 0.058
    20  C   3.954    C   21 1.464    C   19 1.190    C   25 1.053    C   23 0.103
    21  C   3.964    C   20 1.464    C   22 1.325    H   53 0.945    C   24 0.060
    22  C   3.969    C   23 1.539    C   21 1.325    H   54 0.944    C   19 0.062
    23  C   3.960    C   22 1.539    C   24 1.249    H   55 0.944    C   20 0.103
    24  C   3.953    C   19 1.262    C   23 1.249    C   15 1.197    C   21 0.060    C   17 0.055
    25  C   3.923    N   26 1.457    C   42 1.155    C   20 1.053    C   40 0.068
    26  N   3.093    C   25 1.457    C   27 1.279    N   41 0.094
    27  C   3.931    N   26 1.279    C   40 1.274    C   28 1.111    C   42 0.067
    28  C   3.952    C   29 1.313    C   33 1.268    C   27 1.111    C   31 0.078
    29  C   3.962    C   30 1.479    C   28 1.313    H   56 0.943    N   32 0.115
    30  C   3.961    C   29 1.479    C   31 1.365    H   57 0.945    C   33 0.078
    31  C   3.947    N   32 1.479    C   30 1.365    H   58 0.948    C   28 0.078
    32  N   3.105    C   31 1.479    C   33 1.321    C   29 0.115
    33  C   3.940    N   32 1.321    C   28 1.268    C   34 1.107    C   30 0.078
    34  C   3.940    N   35 1.321    C   39 1.269    C   33 1.107    C   37 0.078
    35  N   3.105    C   36 1.479    C   34 1.321    C   38 0.115
    36  C   3.947    N   35 1.479    C   37 1.366    H   59 0.948    C   39 0.078
    37  C   3.961    C   38 1.479    C   36 1.366    H   60 0.945    C   34 0.078
    38  C   3.962    C   37 1.479    C   39 1.314    H   61 0.943    N   35 0.115
    39  C   3.952    C   38 1.314    C   34 1.269    C   40 1.110    C   36 0.078
    40  C   3.933    N   41 1.282    C   27 1.274    C   39 1.110    C   25 0.068
    41  N   3.074    C   42 1.450    C   40 1.282    N   26 0.094
    42  C   3.923    N   41 1.450    C   25 1.155    C   18 1.060    C   27 0.067
    43  H   0.997    C    1 0.945
    44  H   0.997    C    2 0.944
    45  H   0.998    C    3 0.942
    46  H   0.997    C    6 0.946
    47  H   0.997    C    9 0.946
    48  H   0.997    C   10 0.944
    49  H   0.997    C   11 0.944
    50  H   0.998    C   12 0.941
    51  H   0.994    C   16 0.943
    52  H   0.992    C   17 0.942
    53  H   0.993    C   21 0.945
    54  H   0.994    C   22 0.944
    55  H   0.994    C   23 0.944
    56  H   0.996    C   29 0.943
    57  H   0.996    C   30 0.945
    58  H   0.995    C   31 0.948
    59  H   0.995    C   36 0.948
    60  H   0.996    C   37 0.945
    61  H   0.996    C   38 0.943
 
 --------------------------------------------
          xTB calculation for sTDA...
 --------------------------------------------
 
 reading parameter file /home/tchapet/xtb4stda/.param_stda2.xtb
 
      method parameters     
 k(s)        :  1.6000
 k(p)        :  2.1800
 k(d)        :  1.9500
 k(f)        :  2.0000
 k(R-V)      :  2.2750
 k(R-R)      :  1.7650
 Tscal       :  0.2580
 Gscal       :  1.0000
 fpol        :  1.0000
 Zcnf        :  0.3430
 Zqf         :  0.0000
 kcn         :  2.7000
 Ryd Hsplit  :  0.7000
 lshift(virt):  3.1000
 lshift(OS)  :  0.2000
 wllscaling  :  2.6000
 
 mowrcut     : 3.000
 
  Z AO/shell   Hii/eV     exponent
  1     Sun Feb 14 09:53:25 CET 2016    EN: 2.327 GAM: 0.473  GM3: 0.0000
     1s    -14.339618    1.220000
     2sp    -3.348946    0.600000
  6     Sun Feb 14 09:53:25 CET 2016    EN: 2.731 GAM: 0.422  GM3: 0.0000
     2s    -22.009312    1.565095
     2p    -13.020408    1.596905
     3sp    -3.914040    0.824500
  7     Sun Feb 14 09:53:25 CET 2016    EN: 3.573 GAM: 0.504  GM3: 0.0000
     2s    -25.722000    2.064844
     2p    -18.684912    1.801692
     3sp    -4.344791    0.921400
  8     Sun Feb 14 09:53:25 CET 2016    EN: 3.700 GAM: 0.587  GM3: 0.0000
     2s    -33.859000    2.418661
     2p    -22.175911    1.973969
     3sp    -4.259392    1.013700
 
 Nbf   :          431
 T(el) :     0.0
 calculating S/T integrals ...
 cpu time for ints    2.88899700000000     
 Nao   :          431
 making H0...
 making H1...
 cpu time for H      2.743999999999858E-003
 solving ...
 cpu time for diag   6.545600000000018E-002
 
 gap (eV)           :   4.774
 Koopmans IP (eV)   :  13.318
 Eel (Eh)           :  -171.143820

          eigenvalues
 #    :          85         86         87         88         89         90         91         92
 occ. :        2.000      2.000      2.000      2.000      2.000      2.000      2.000      2.000
 eps  :       -17.555    -17.229    -16.572    -16.532    -16.437    -16.411    -16.384    -16.113
 #    :          93         94         95         96         97         98         99        100
 occ. :        2.000      2.000      2.000      2.000      2.000      0.000      0.000      0.000
 eps  :       -15.894    -15.654    -15.482    -15.363    -13.319     -8.544     -7.823     -7.138
 #    :         101        102        103        104        105        106        107        108
 occ. :        0.000      0.000      0.000      0.000      0.000      0.000      0.000      0.000
 eps  :        -6.987     -6.384     -6.132     -5.957     -5.529     -5.442     -5.235     -5.195
                            1  SCC done.
 writing mo output ...
 molden style : F
 
speedup  9.93
cpu  time for all    3.68 s
wall time for all    0.37 s
