   -125.468733764761   -125.468733764761         0.43005E-03
   -125.468722439333   -125.468722439333         0.63853E-03
   -125.468696647502   -125.468696647502         0.55352E-03
   -125.468735329302   -125.468735329302         0.40506E-03
   -125.468734451116   -125.468734451116         0.31532E-03
   -125.468746028080   -125.468746028080         0.42866E-03
   -125.468739333917   -125.468739333917         0.52660E-03
   -125.468730542334   -125.468730542334         0.30706E-03
   -125.468751725182   -125.468751725182         0.68884E-03
   -125.468701623378   -125.468701623378         0.38181E-03
   -125.468695894310   -125.468695894310         0.22362E-03
   -125.468682079435   -125.468682079435         0.25017E-03
   -125.468635133081   -125.468635133081         0.26577E-03
   -125.468682732783   -125.468682732783         0.37573E-03
   -125.468709182949   -125.468709182949         0.38969E-03
   -125.468698342814   -125.468698342814         0.46813E-03
   -125.468689663074   -125.468689663074         0.52630E-03
   -125.468686821023   -125.468686821023         0.58764E-03
   -125.468714281845   -125.468714281845         0.52577E-03
   -125.468698812755   -125.468698812755         0.54165E-03
   -125.468684355134   -125.468684355134         0.32231E-03
   -125.468635517181   -125.468635517181         0.36027E-03
   -125.468685906352   -125.468685906352         0.24873E-03
   -125.468709838070   -125.468709838070         0.22526E-03
   -125.468703539019   -125.468703539019         0.31170E-03
