 
        ______________________________________
       |                                      |
       |          ===================         |
       |             xTB for sTDA             |
       |          ===================         |
       |               S. Grimme              |
       |        Universitaet Bonn, MCTC       |
       |         2015-19, Version 1.0         |
       |     Wed Apr  3 09:14:55 CEST 2019    |
       |______________________________________|
 
        This code comes without any warranty
        for non-commercial, academia use only.
        Preliminary test version.
        Cite this work as:
        S. Grimme  &  C. Bannwarth, JCP 145 (2016) 054103
        if GBSA is used additionally:
        P. Shushkov, F. März, C. Bannwarth, S. Grimme, unpublished.
 
        with help from
        P. Shushkov, G. Brandenburg, S. Dohm, J. Pisarek,
        F. März, M. Checinski, S. Ehrlich, S. Spicher, 
        P. Pracht, E. Caldeweyher, S. Ehlert, and C. Bannwarth.
 
        usage        :
        xtb4stda <coord_file> [options]
        where <coord_file> is a valid file of TM)
        (*coord, Bohr) or xmol (*xyz, Angstroem)
        format.

        options:
        -chrg <int>   : molecular charge
        -uhf  <int>   : # of unpaired electrons(=2*S)
        -nox          : skip second, extended part in sTDA-xTB
        -pop          : do population analysis
                      : (default for -nox)
        -mowr <real>  : cut MO write above (def.3 Eh)
        -molden       : write formatted molden file
        -parx <file>  : read parameters for sTDA-xTB
                        calc (def:~/.param_stda2.xtb)
        -parv <file>  : read parameters for vTB part in
                        sTDA-xTB (def: ~/.param_stda1.xtb)
        -xtemp <real> : el. temp for xTB (def. 0 K)
        -etemp <real> : el. temp for GFN (def. 300 K)
        -fod          : calculate the FOD and write
                        molden.input file with
                        appropriate occupations
                        for plotting. Def. T=12500 K
 
        -acc <real>   : xTB accuracy (def. 1.0)
        -gbsa [string1] [string2]
                        use GBSA implicit solvent
                        for solvent [string1] and
                        solvation state [string2]=
                        reference, bar1M (default=1M)
        additional GFN/opt/MD/siman options read from
        $XTB4STDAHOME/.xtb4stdarc or $set in input
 
       spin and charge state information can be on:
       <.CHRG> (charge) and <.UHF> (=nalpha-nbeta)
       -uhf and -chrg override the file info.
       useful machine settings:
       setenv MKL_NUM_THREADS <NCORE_ON_YOUR_MACHINE>
       setenv OMP_STACKSIZE 500m
       limit stacksize unlimited
 
       total energies in Eh, gaps/HL energies in eV
       please read REVISION and HOWTO files carefully
 =============================
  # OMP threads =          16
 =============================
 
 xtb4stdahome directory:/home/tchapet/xtb4stda/
 
 argument            1 :gbsa
 argument            2 :toluene
 
 name of molecule           :
 comment line               :
 number of atoms            :    79
 number of electrons        :   226
 charge                     :  0
 spin                       : 0.0
 first test random number   :  0.9462
 
 -----------------------------------------
      charge density (VTB) calculation
 -----------------------------------------
 
      method parameters     
 k(s)        :  1.8000
 k(p)        :  2.8350
 k(d)        :  2.0860
 k(f)        :  2.0000
 Tscal       :  0.3300
 Gscal       :  0.3910
 fpol        :  1.0000
 Zcnf        :  0.6500
 Zqf         :  0.0000
 kcn         :  0.3000
 kEN1        : -0.5900
 wllscal     :  2.6000
 
     -------------------------
     ! NO SOLVENT MODEL USED !
     -------------------------
 
 doing EN charges ...
 sum q :  0.4440892D-15
 point charge moment (au)
     X       Y       Z   
   0.0176  -0.3938  -0.0477  total (Debye):    1.009
 
            Z      q(EN)   CN      Cart. coordinates
     1  C   4.0  -0.074   3.142    13.70139    -6.65277     2.60141
     2  C   4.0  -0.072   3.145    12.25253    -5.03085     4.05988
     3  C   4.0  -0.069   3.190    11.34930    -2.79652     3.05520
     4  C   4.0   0.087   3.272    11.87120    -2.15816     0.55106
     5  N   5.0  -0.310   3.243    10.96063     0.10355    -0.47968
     6  C   4.0   0.087   3.273    12.46658     1.47840    -2.16919
     7  C   4.0  -0.069   3.190    15.07095     1.65161    -1.80187
     8  C   4.0  -0.072   3.145    16.55067     2.99557    -3.48170
     9  C   4.0  -0.074   3.142    15.46421     4.20000    -5.53741
    10  C   4.0  -0.072   3.145    12.87635     4.04267    -5.90534
    11  C   4.0  -0.069   3.190    11.38326     2.68866    -4.24540
    12  C   4.0   0.088   3.271     8.56821     0.99868     0.19005
    13  C   4.0  -0.068   3.189     6.57229    -0.67544     0.60436
    14  C   4.0  -0.073   3.190     4.21958     0.21265     1.28583
    15  C   4.0  -0.005   3.222     3.76998     2.79317     1.57502
    16  C   4.0  -0.004   3.221     1.26343     3.71517     2.33602
    17  C   4.0  -0.074   3.186     1.01327     5.71263     4.03471
    18  C   4.0  -0.071   3.140    -1.35727     6.56103     4.74126
    19  C   4.0  -0.073   3.196    -3.50544     5.41278     3.80257
    20  C   4.0   0.010   3.213    -3.29654     3.38640     2.12605
    21  C   4.0   0.193   3.594    -5.61599     2.23984     1.19479
    22  N   5.0  -0.198   2.261    -7.70231     3.52873     0.83812
    23  C   4.0   0.080   3.566    -9.44155     1.84107    -0.01276
    24  C   4.0   0.005   3.268   -11.99040     2.31950    -0.72452
    25  C   4.0  -0.071   3.182   -13.00791     4.75850    -0.62857
    26  C   4.0  -0.072   3.138   -15.45770     5.18888    -1.36497
    27  C   4.0  -0.072   3.142   -16.92329     3.17336    -2.21809
    28  C   4.0  -0.073   3.182   -15.94559     0.76668    -2.31237
    29  C   4.0  -0.003   3.264   -13.45472     0.24700    -1.56141
    30  C   4.0  -0.003   3.266   -12.38603    -2.28277    -1.58486
    31  C   4.0  -0.074   3.186   -13.82952    -4.39280    -2.28485
    32  C   4.0  -0.072   3.139   -12.85997    -6.80327    -2.24793
    33  C   4.0  -0.072   3.139   -10.38055    -7.21548    -1.47545
    34  C   4.0  -0.072   3.182    -8.89912    -5.19939    -0.78603
    35  C   4.0   0.005   3.250    -9.83696    -2.72111    -0.85091
    36  C   4.0   0.102   3.479    -8.38351    -0.56670    -0.15317
    37  N   5.0  -0.320   3.349    -5.91119    -0.27885     0.60975
    38  C   4.0   0.086   3.248    -4.00808    -2.14070     0.80742
    39  C   4.0  -0.070   3.185    -3.01692    -3.24443    -1.36539
    40  C   4.0  -0.073   3.146    -1.11139    -5.02143    -1.15972
    41  C   4.0  -0.074   3.145    -0.18778    -5.69410     1.19775
    42  C   4.0  -0.073   3.147    -1.17383    -4.58898     3.35681
    43  C   4.0  -0.069   3.186    -3.08390    -2.81143     3.17223
    44  C   4.0  -0.073   3.235    -0.90848     2.58036     1.37992
    45  C   4.0  -0.072   3.186     5.76520     4.45853     1.14280
    46  C   4.0  -0.068   3.189     8.12466     3.58456     0.46352
    47  C   4.0  -0.069   3.191    13.32219    -3.80286    -0.91166
    48  C   4.0  -0.072   3.145    14.23351    -6.02356     0.11591
    49  H   1.0   0.074   1.004    14.41224    -8.39263     3.39553
    50  H   1.0   0.074   1.004    11.83728    -5.49859     6.00353
    51  H   1.0   0.076   1.006    10.23877    -1.52619     4.20462
    52  H   1.0   0.076   1.006    15.92135     0.72833    -0.19161
    53  H   1.0   0.074   1.004    18.56527     3.11610    -3.17297
    54  H   1.0   0.074   1.004    16.62581     5.25398    -6.84238
    55  H   1.0   0.074   1.004    12.01317     4.96808    -7.50764
    56  H   1.0   0.076   1.006     9.36833     2.55454    -4.54679
    57  H   1.0   0.076   1.006     6.88324    -2.68138     0.38943
    58  H   1.0   0.076   1.007     2.70903    -1.11682     1.62610
    59  H   1.0   0.075   1.005     2.68233     6.58493     4.82068
    60  H   1.0   0.074   1.004    -1.53075     8.11871     6.04931
    61  H   1.0   0.076   1.006    -5.36510     6.04916     4.34432
    62  H   1.0   0.076   1.005   -11.80405     6.26863     0.02867
    63  H   1.0   0.074   1.004   -16.24717     7.07002    -1.29414
    64  H   1.0   0.074   1.004   -18.84952     3.50300    -2.81090
    65  H   1.0   0.076   1.006   -17.14961    -0.73140    -2.98987
    66  H   1.0   0.076   1.006   -15.76816    -4.14670    -2.85981
    67  H   1.0   0.074   1.004   -14.03275    -8.38003    -2.80058
    68  H   1.0   0.074   1.004    -9.62408    -9.11011    -1.41055
    69  H   1.0   0.077   1.008    -6.98755    -5.52913    -0.16343
    70  H   1.0   0.075   1.005    -3.74981    -2.69957    -3.19192
    71  H   1.0   0.074   1.004    -0.34048    -5.87241    -2.84595
    72  H   1.0   0.074   1.004     1.30702    -7.07389     1.35013
    73  H   1.0   0.074   1.004    -0.45343    -5.10631     5.19400
    74  H   1.0   0.075   1.005    -3.86086    -1.93162     4.84205
    75  H   1.0   0.078   1.008    -0.71348     1.10101    -0.00929
    76  H   1.0   0.075   1.005     5.45888     6.46854     1.32164
    77  H   1.0   0.076   1.006     9.64967     4.90415     0.14559
    78  H   1.0   0.076   1.006    13.72677    -3.32613    -2.85532
    79  H   1.0   0.074   1.004    15.35433    -7.27982    -1.03921
 
  Z AO/shell   Hii/eV     exponent
  1     Sat Feb 20 21:38:01 CET 2016    EN: 2.327 GAM: 0.473  GM3: 0.0000
     1s    -13.751157    1.051071
  6     Sat Feb 20 21:38:01 CET 2016    EN: 2.731 GAM: 0.422  GM3: 0.0000
     2s    -19.378245    2.021003
     2p    -11.993376    1.497917
  7     Sat Feb 20 21:38:01 CET 2016    EN: 3.573 GAM: 0.504  GM3: 0.0000
     2s    -21.576984    2.275442
     2p    -16.125120    2.056788
 
 dipole moment of classical point charges (au)
     X       Y       Z   
   0.0176  -0.3938  -0.0477  total (Debye):    1.009

 
 Nbf   :          223
 T(el) :   300.0
 calculating S/T integrals ...
 cpu time for ints   0.281270000000000     
 Nao   :          223
 making H0...
 making H1...
 cpu time for H      1.857399999999998E-002
 solving ...
 cpu time for diag   9.371600000000002E-002
 
 gap (eV)           :   4.885
 Koopmans IP (eV)   :  12.995
 Eel (Eh)           :  -177.855308
 T,E(Fermi),NFOD :    300.000   -10.552  0.000000
 T,E(Fermi),NFOD :    300.000   -10.552  0.000000
 Nfod               :  0.0000
 Nfod/Nel           :  0.0000

          eigenvalues
 #    :         101        102        103        104        105        106        107        108
 occ. :        2.000      2.000      2.000      2.000      2.000      2.000      2.000      2.000
 eps  :       -16.027    -15.647    -15.629    -15.576    -15.550    -15.520    -15.463    -15.410
 #    :         109        110        111        112        113        114        115        116
 occ. :        2.000      2.000      2.000      2.000      2.000      0.000      0.000      0.000
 eps  :       -14.989    -14.734    -14.388    -13.224    -12.996     -8.111     -7.226     -6.883
 #    :         117        118        119        120        121        122        123        124
 occ. :        0.000      0.000      0.000      0.000      0.000      0.000      0.000      0.000
 eps  :        -6.822     -6.629     -6.236     -5.894     -5.678     -5.464     -5.415     -5.264
                            1  SCC done.
 making H1...
 cpu time for H      0.115926000000000     
 solving ...
 cpu time for diag   7.416400000000001E-002
 
 gap (eV)           :   4.877
 Koopmans IP (eV)   :  12.800
 Eel (Eh)           :  -177.104779
 T,E(Fermi),NFOD :    300.000   -10.361  0.000000
 T,E(Fermi),NFOD :    300.000   -10.361  0.000000
 Nfod               :  0.0000
 Nfod/Nel           :  0.0000

          eigenvalues
 #    :         101        102        103        104        105        106        107        108
 occ. :        2.000      2.000      2.000      2.000      2.000      2.000      2.000      2.000
 eps  :       -15.819    -15.676    -15.587    -15.527    -15.454    -15.373    -15.358    -15.094
 #    :         109        110        111        112        113        114        115        116
 occ. :        2.000      2.000      2.000      2.000      2.000      0.000      0.000      0.000
 eps  :       -14.876    -14.696    -14.127    -13.012    -12.801     -7.923     -6.957     -6.785
 #    :         117        118        119        120        121        122        123        124
 occ. :        0.000      0.000      0.000      0.000      0.000      0.000      0.000      0.000
 eps  :        -6.690     -6.496     -6.176     -5.908     -5.649     -5.524     -5.403     -5.200
                            2  SCC done.
 
 
 Mulliken/CM5 charges    n(s)   n(p)   n(d)   
    1 C  -0.0467 -0.1031   1.133  2.913  0.000
    2 C  -0.0347 -0.0908   1.136  2.899  0.000
    3 C  -0.0455 -0.0943   1.137  2.909  0.000
    4 C   0.0536  0.1085   1.177  2.770  0.000
    5 N  -0.1264 -0.3711   1.222  3.904  0.000
    6 C   0.0534  0.1082   1.177  2.770  0.000
    7 C  -0.0445 -0.0932   1.137  2.908  0.000
    8 C  -0.0340 -0.0901   1.136  2.898  0.000
    9 C  -0.0459 -0.1023   1.133  2.913  0.000
   10 C  -0.0339 -0.0900   1.136  2.898  0.000
   11 C  -0.0445 -0.0933   1.137  2.908  0.000
   12 C   0.0547  0.1102   1.176  2.770  0.000
   13 C  -0.0445 -0.0933   1.136  2.908  0.000
   14 C  -0.0415 -0.0951   1.141  2.900  0.000
   15 C  -0.0146 -0.0238   1.164  2.851  0.000
   16 C   0.0034 -0.0057   1.166  2.831  0.000
   17 C  -0.0402 -0.0938   1.142  2.898  0.000
   18 C  -0.0250 -0.0810   1.135  2.890  0.000
   19 C  -0.0246 -0.0759   1.141  2.884  0.000
   20 C   0.0262  0.0277   1.156  2.817  0.000
   21 C   0.0670  0.2131   1.223  2.710  0.000
   22 N  -0.2234 -0.4033   1.532  3.691  0.000
   23 C  -0.0104  0.0687   1.182  2.829  0.000
   24 C   0.0136  0.0141   1.164  2.822  0.000
   25 C  -0.0282 -0.0797   1.137  2.891  0.000
   26 C  -0.0357 -0.0918   1.136  2.900  0.000
   27 C  -0.0411 -0.0975   1.135  2.906  0.000
   28 C  -0.0444 -0.0986   1.140  2.905  0.000
   29 C  -0.0123 -0.0167   1.170  2.842  0.000
   30 C  -0.0034 -0.0077   1.170  2.833  0.000
   31 C  -0.0405 -0.0946   1.140  2.901  0.000
   32 C  -0.0411 -0.0976   1.135  2.906  0.000
   33 C  -0.0377 -0.0940   1.136  2.902  0.000
   34 C  -0.0492 -0.1016   1.141  2.908  0.000
   35 C   0.0048  0.0046   1.168  2.828  0.000
   36 C   0.0100  0.0846   1.190  2.800  0.000
   37 N  -0.0820 -0.3215   1.261  3.821  0.000
   38 C   0.0692  0.1212   1.173  2.758  0.000
   39 C  -0.0263 -0.0765   1.140  2.887  0.000
   40 C  -0.0261 -0.0829   1.136  2.890  0.000
   41 C  -0.0324 -0.0895   1.135  2.897  0.000
   42 C  -0.0257 -0.0825   1.136  2.890  0.000
   43 C  -0.0288 -0.0776   1.139  2.890  0.000
   44 C  -0.0488 -0.0981   1.148  2.901  0.000
   45 C  -0.0369 -0.0904   1.140  2.897  0.000
   46 C  -0.0428 -0.0914   1.136  2.907  0.000
   47 C  -0.0448 -0.0934   1.137  2.908  0.000
   48 C  -0.0342 -0.0903   1.136  2.898  0.000
   49 H   0.0385  0.0949   0.962  0.000  0.000
   50 H   0.0415  0.0980   0.959  0.000  0.000
   51 H   0.0378  0.0994   0.962  0.000  0.000
   52 H   0.0378  0.0993   0.962  0.000  0.000
   53 H   0.0417  0.0982   0.958  0.000  0.000
   54 H   0.0386  0.0951   0.961  0.000  0.000
   55 H   0.0418  0.0983   0.958  0.000  0.000
   56 H   0.0378  0.0993   0.962  0.000  0.000
   57 H   0.0398  0.1016   0.960  0.000  0.000
   58 H   0.0435  0.1037   0.956  0.000  0.000
   59 H   0.0411  0.0993   0.959  0.000  0.000
   60 H   0.0445  0.1011   0.955  0.000  0.000
   61 H   0.0474  0.1088   0.953  0.000  0.000
   62 H   0.0441  0.1049   0.956  0.000  0.000
   63 H   0.0404  0.0968   0.960  0.000  0.000
   64 H   0.0390  0.0954   0.961  0.000  0.000
   65 H   0.0415  0.1001   0.959  0.000  0.000
   66 H   0.0443  0.1032   0.956  0.000  0.000
   67 H   0.0400  0.0965   0.960  0.000  0.000
   68 H   0.0403  0.0968   0.960  0.000  0.000
   69 H   0.0417  0.1052   0.958  0.000  0.000
   70 H   0.0425  0.1029   0.957  0.000  0.000
   71 H   0.0453  0.1019   0.955  0.000  0.000
   72 H   0.0420  0.0985   0.958  0.000  0.000
   73 H   0.0451  0.1017   0.955  0.000  0.000
   74 H   0.0420  0.1028   0.958  0.000  0.000
   75 H   0.0429  0.1075   0.957  0.000  0.000
   76 H   0.0432  0.1015   0.957  0.000  0.000
   77 H   0.0409  0.1025   0.959  0.000  0.000
   78 H   0.0380  0.0996   0.962  0.000  0.000
   79 H   0.0417  0.0982   0.958  0.000  0.000
 Hirshfeld charges for QMDFF written to <charges>
 
 Loewdin charges    n(s)   n(p)   n(d)
    1 C  -0.0409   1.079  2.962  0.000
    2 C  -0.0257   1.081  2.945  0.000
    3 C  -0.0434   1.085  2.959  0.000
    4 C   0.0517   1.140  2.809  0.000
    5 N  -0.0888   1.182  3.907  0.000
    6 C   0.0516   1.140  2.809  0.000
    7 C  -0.0424   1.085  2.958  0.000
    8 C  -0.0251   1.081  2.944  0.000
    9 C  -0.0400   1.079  2.961  0.000
   10 C  -0.0249   1.081  2.944  0.000
   11 C  -0.0424   1.085  2.958  0.000
   12 C   0.0524   1.139  2.809  0.000
   13 C  -0.0421   1.084  2.958  0.000
   14 C  -0.0359   1.088  2.948  0.000
   15 C  -0.0106   1.120  2.890  0.000
   16 C   0.0096   1.122  2.869  0.000
   17 C  -0.0353   1.089  2.946  0.000
   18 C  -0.0167   1.080  2.936  0.000
   19 C  -0.0194   1.087  2.932  0.000
   20 C   0.0285   1.113  2.858  0.000
   21 C   0.0519   1.196  2.752  0.000
   22 N  -0.2093   1.501  3.708  0.000
   23 C  -0.0199   1.148  2.872  0.000
   24 C   0.0152   1.122  2.863  0.000
   25 C  -0.0235   1.084  2.940  0.000
   26 C  -0.0276   1.081  2.947  0.000
   27 C  -0.0338   1.080  2.953  0.000
   28 C  -0.0401   1.087  2.953  0.000
   29 C  -0.0099   1.128  2.882  0.000
   30 C  -0.0012   1.128  2.873  0.000
   31 C  -0.0363   1.087  2.950  0.000
   32 C  -0.0338   1.080  2.954  0.000
   33 C  -0.0297   1.081  2.949  0.000
   34 C  -0.0455   1.088  2.957  0.000
   35 C   0.0070   1.125  2.868  0.000
   36 C  -0.0025   1.158  2.845  0.000
   37 N  -0.0365   1.219  3.818  0.000
   38 C   0.0670   1.135  2.798  0.000
   39 C  -0.0227   1.087  2.936  0.000
   40 C  -0.0175   1.081  2.937  0.000
   41 C  -0.0253   1.081  2.944  0.000
   42 C  -0.0170   1.081  2.936  0.000
   43 C  -0.0255   1.086  2.940  0.000
   44 C  -0.0468   1.096  2.951  0.000
   45 C  -0.0310   1.086  2.945  0.000
   46 C  -0.0405   1.084  2.957  0.000
   47 C  -0.0427   1.085  2.958  0.000
   48 C  -0.0252   1.081  2.944  0.000
   49 H   0.0313   0.969  0.000  0.000
   50 H   0.0336   0.966  0.000  0.000
   51 H   0.0301   0.970  0.000  0.000
   52 H   0.0300   0.970  0.000  0.000
   53 H   0.0338   0.966  0.000  0.000
   54 H   0.0314   0.969  0.000  0.000
   55 H   0.0339   0.966  0.000  0.000
   56 H   0.0300   0.970  0.000  0.000
   57 H   0.0319   0.968  0.000  0.000
   58 H   0.0359   0.964  0.000  0.000
   59 H   0.0334   0.967  0.000  0.000
   60 H   0.0363   0.964  0.000  0.000
   61 H   0.0378   0.962  0.000  0.000
   62 H   0.0351   0.965  0.000  0.000
   63 H   0.0328   0.967  0.000  0.000
   64 H   0.0317   0.968  0.000  0.000
   65 H   0.0350   0.965  0.000  0.000
   66 H   0.0375   0.963  0.000  0.000
   67 H   0.0326   0.967  0.000  0.000
   68 H   0.0327   0.967  0.000  0.000
   69 H   0.0340   0.966  0.000  0.000
   70 H   0.0338   0.966  0.000  0.000
   71 H   0.0369   0.963  0.000  0.000
   72 H   0.0342   0.966  0.000  0.000
   73 H   0.0368   0.963  0.000  0.000
   74 H   0.0332   0.967  0.000  0.000
   75 H   0.0347   0.965  0.000  0.000
   76 H   0.0353   0.965  0.000  0.000
   77 H   0.0328   0.967  0.000  0.000
   78 H   0.0302   0.970  0.000  0.000
   79 H   0.0338   0.966  0.000  0.000
 
 Wiberg/Mayer (AO) data. WBOs > 0.1 written file <wbo>
 largest (>0.05) Wiberg bond orders for each atom
           total WBO             WBO to atom ...
     1  C   3.972    C   48 1.424    C    2 1.424    H   49 0.947    C    4 0.106
     2  C   3.974    C    3 1.443    C    1 1.424    H   50 0.945    C   47 0.107
     3  C   3.971    C    2 1.443    C    4 1.372    H   51 0.946    C   48 0.107
     4  C   3.934    C   47 1.372    C    3 1.372    N    5 0.996    C    1 0.106
     5  N   3.349    C   12 1.004    C    4 0.996    C    6 0.994
     6  C   3.934    C    7 1.373    C   11 1.372    N    5 0.994    C    9 0.106
     7  C   3.971    C    8 1.443    C    6 1.373    H   52 0.946    C   10 0.107
     8  C   3.974    C    7 1.443    C    9 1.425    H   53 0.945    C   11 0.107
     9  C   3.972    C    8 1.425    C   10 1.424    H   54 0.947    C    6 0.106
    10  C   3.974    C   11 1.443    C    9 1.424    H   55 0.945    C    7 0.107
    11  C   3.971    C   10 1.443    C    6 1.372    H   56 0.946    C    8 0.107
    12  C   3.930    C   46 1.362    C   13 1.362    N    5 1.004    C   15 0.099
    13  C   3.969    C   14 1.458    C   12 1.362    H   57 0.944    C   45 0.100
    14  C   3.970    C   13 1.458    C   15 1.363    H   58 0.941    C   46 0.100
    15  C   3.953    C   45 1.364    C   14 1.363    C   16 1.006    C   12 0.099
    16  C   3.955    C   44 1.381    C   17 1.365    C   15 1.006    C   19 0.099
    17  C   3.962    C   18 1.431    C   16 1.365    H   59 0.946    C   20 0.097
    18  C   3.971    C   19 1.443    C   17 1.431    H   60 0.944    C   44 0.100
    19  C   3.960    C   18 1.443    C   20 1.349    H   61 0.946    C   16 0.099
    20  C   3.953    C   44 1.374    C   19 1.349    C   21 1.030    C   17 0.097
    21  C   3.892    N   22 1.549    N   37 1.121    C   20 1.030
    22  N   3.067    C   21 1.549    C   23 1.175    N   37 0.127
    23  C   3.939    C   36 1.385    N   22 1.175    C   24 1.132
    24  C   3.953    C   25 1.309    C   29 1.266    C   23 1.132    C   27 0.078
    25  C   3.965    C   26 1.500    C   24 1.309    H   62 0.945    C   28 0.109
    26  C   3.964    C   25 1.500    C   27 1.358    H   63 0.945    C   29 0.081
    27  C   3.963    C   28 1.496    C   26 1.358    H   64 0.946    C   24 0.078
    28  C   3.970    C   27 1.496    C   29 1.319    H   65 0.942    C   25 0.109
    29  C   3.954    C   28 1.319    C   24 1.266    C   30 1.108    C   26 0.081
    30  C   3.950    C   31 1.326    C   35 1.249    C   29 1.108    C   33 0.081
    31  C   3.970    C   32 1.491    C   30 1.326    H   66 0.941    C   34 0.108
    32  C   3.958    C   31 1.491    C   33 1.360    H   67 0.945    C   35 0.077
    33  C   3.966    C   34 1.498    C   32 1.360    H   68 0.945    C   30 0.081
    34  C   3.963    C   33 1.498    C   35 1.305    H   69 0.938    C   31 0.108
    35  C   3.952    C   34 1.305    C   30 1.249    C   36 1.154    C   32 0.077
    36  C   3.910    C   23 1.385    C   35 1.154    N   37 1.084
    37  N   3.524    C   21 1.121    C   36 1.084    C   38 0.948    N   22 0.127
    38  C   3.927    C   43 1.394    C   39 1.382    N   37 0.948    C   41 0.110
    39  C   3.970    C   40 1.436    C   38 1.382    H   70 0.947    C   42 0.111
    40  C   3.973    C   39 1.436    C   41 1.426    H   71 0.945    C   43 0.110
    41  C   3.973    C   42 1.430    C   40 1.426    H   72 0.946    C   38 0.110
    42  C   3.973    C   43 1.431    C   41 1.430    H   73 0.945    C   39 0.111
    43  C   3.971    C   42 1.431    C   38 1.394    H   74 0.947    C   40 0.110
    44  C   3.963    C   16 1.381    C   20 1.374    H   75 0.941    C   18 0.100
    45  C   3.970    C   46 1.458    C   15 1.364    H   76 0.944    C   13 0.100
    46  C   3.969    C   45 1.458    C   12 1.362    H   77 0.944    C   14 0.100
    47  C   3.971    C   48 1.443    C    4 1.372    H   78 0.946    C    2 0.107
    48  C   3.974    C   47 1.443    C    1 1.424    H   79 0.945    C    3 0.107
    49  H   0.998    C    1 0.947
    50  H   0.997    C    2 0.945
    51  H   0.999    C    3 0.946
    52  H   0.999    C    7 0.946
    53  H   0.997    C    8 0.945
    54  H   0.998    C    9 0.947
    55  H   0.997    C   10 0.945
    56  H   0.999    C   11 0.946
    57  H   0.997    C   13 0.944
    58  H   0.997    C   14 0.941
    59  H   0.996    C   17 0.946
    60  H   0.995    C   18 0.944
    61  H   0.996    C   19 0.946
    62  H   0.997    C   25 0.945
    63  H   0.994    C   26 0.945
    64  H   0.996    C   27 0.946
    65  H   0.997    C   28 0.942
    66  H   0.996    C   31 0.941
    67  H   0.996    C   32 0.945
    68  H   0.994    C   33 0.945
    69  H   0.997    C   34 0.938
    70  H   0.998    C   39 0.947
    71  H   0.997    C   40 0.945
    72  H   0.998    C   41 0.946
    73  H   0.997    C   42 0.945
    74  H   0.998    C   43 0.947
    75  H   0.998    C   44 0.941
    76  H   0.997    C   45 0.944
    77  H   0.997    C   46 0.944
    78  H   0.999    C   47 0.946
    79  H   0.997    C   48 0.945
 
 --------------------------------------------
          xTB calculation for sTDA...
 --------------------------------------------
 
 reading parameter file /home/tchapet/xtb4stda/.param_stda2.xtb
 
      method parameters     
 k(s)        :  1.6000
 k(p)        :  2.1800
 k(d)        :  1.9500
 k(f)        :  2.0000
 k(R-V)      :  2.2750
 k(R-R)      :  1.7650
 Tscal       :  0.2580
 Gscal       :  1.0000
 fpol        :  1.0000
 Zcnf        :  0.3430
 Zqf         :  0.0000
 kcn         :  2.7000
 Ryd Hsplit  :  0.7000
 lshift(virt):  3.1000
 lshift(OS)  :  0.2000
 wllscaling  :  2.6000
 
 mowrcut     : 3.000
 
  Z AO/shell   Hii/eV     exponent
  1     Sun Feb 14 09:53:25 CET 2016    EN: 2.327 GAM: 0.473  GM3: 0.0000
     1s    -14.339618    1.220000
     2sp    -3.348946    0.600000
  6     Sun Feb 14 09:53:25 CET 2016    EN: 2.731 GAM: 0.422  GM3: 0.0000
     2s    -22.009312    1.565095
     2p    -13.020408    1.596905
     3sp    -3.914040    0.824500
  7     Sun Feb 14 09:53:25 CET 2016    EN: 3.573 GAM: 0.504  GM3: 0.0000
     2s    -25.722000    2.064844
     2p    -18.684912    1.801692
     3sp    -4.344791    0.921400
 
 Nbf   :          539
 T(el) :     0.0
 calculating S/T integrals ...
 cpu time for ints    2.83669700000000     
 Nao   :          539
 making H0...
 making H1...
 cpu time for H      4.662000000000166E-003
 solving ...
 cpu time for diag   0.137929000000000     
 
 gap (eV)           :   6.774
 Koopmans IP (eV)   :  13.735
 Eel (Eh)           :  -195.023853

          eigenvalues
 #    :         101        102        103        104        105        106        107        108
 occ. :        2.000      2.000      2.000      2.000      2.000      2.000      2.000      2.000
 eps  :       -16.735    -16.565    -16.399    -16.341    -16.330    -16.224    -16.196    -16.139
 #    :         109        110        111        112        113        114        115        116
 occ. :        2.000      2.000      2.000      2.000      2.000      0.000      0.000      0.000
 eps  :       -15.881    -15.672    -15.161    -14.303    -13.736     -6.961     -6.640     -6.639
 #    :         117        118        119        120        121        122        123        124
 occ. :        0.000      0.000      0.000      0.000      0.000      0.000      0.000      0.000
 eps  :        -6.285     -6.203     -6.169     -6.059     -5.974     -5.768     -5.754     -5.515
                            1  SCC done.
 writing mo output ...
 molden style : F
 
speedup  7.72
cpu  time for all    3.78 s
wall time for all    0.49 s
