 
        ______________________________________
       |                                      |
       |          ===================         |
       |             xTB for sTDA             |
       |          ===================         |
       |               S. Grimme              |
       |        Universitaet Bonn, MCTC       |
       |         2015-19, Version 1.0         |
       |     Wed Apr  3 09:14:55 CEST 2019    |
       |______________________________________|
 
        This code comes without any warranty
        for non-commercial, academia use only.
        Preliminary test version.
        Cite this work as:
        S. Grimme  &  C. Bannwarth, JCP 145 (2016) 054103
        if GBSA is used additionally:
        P. Shushkov, F. März, C. Bannwarth, S. Grimme, unpublished.
 
        with help from
        P. Shushkov, G. Brandenburg, S. Dohm, J. Pisarek,
        F. März, M. Checinski, S. Ehrlich, S. Spicher, 
        P. Pracht, E. Caldeweyher, S. Ehlert, and C. Bannwarth.
 
        usage        :
        xtb4stda <coord_file> [options]
        where <coord_file> is a valid file of TM)
        (*coord, Bohr) or xmol (*xyz, Angstroem)
        format.

        options:
        -chrg <int>   : molecular charge
        -uhf  <int>   : # of unpaired electrons(=2*S)
        -nox          : skip second, extended part in sTDA-xTB
        -pop          : do population analysis
                      : (default for -nox)
        -mowr <real>  : cut MO write above (def.3 Eh)
        -molden       : write formatted molden file
        -parx <file>  : read parameters for sTDA-xTB
                        calc (def:~/.param_stda2.xtb)
        -parv <file>  : read parameters for vTB part in
                        sTDA-xTB (def: ~/.param_stda1.xtb)
        -xtemp <real> : el. temp for xTB (def. 0 K)
        -etemp <real> : el. temp for GFN (def. 300 K)
        -fod          : calculate the FOD and write
                        molden.input file with
                        appropriate occupations
                        for plotting. Def. T=12500 K
 
        -acc <real>   : xTB accuracy (def. 1.0)
        -gbsa [string1] [string2]
                        use GBSA implicit solvent
                        for solvent [string1] and
                        solvation state [string2]=
                        reference, bar1M (default=1M)
        additional GFN/opt/MD/siman options read from
        $XTB4STDAHOME/.xtb4stdarc or $set in input
 
       spin and charge state information can be on:
       <.CHRG> (charge) and <.UHF> (=nalpha-nbeta)
       -uhf and -chrg override the file info.
       useful machine settings:
       setenv MKL_NUM_THREADS <NCORE_ON_YOUR_MACHINE>
       setenv OMP_STACKSIZE 500m
       limit stacksize unlimited
 
       total energies in Eh, gaps/HL energies in eV
       please read REVISION and HOWTO files carefully
 =============================
  # OMP threads =          16
 =============================
 
 xtb4stdahome directory:/home/tchapet/xtb4stda/
 
 argument            1 :gbsa
 argument            2 :toluene
 
 name of molecule           :
 comment line               :
 number of atoms            :    55
 number of electrons        :   168
 charge                     :  0
 spin                       : 0.0
 first test random number   :  0.4881
 
 -----------------------------------------
      charge density (VTB) calculation
 -----------------------------------------
 
      method parameters     
 k(s)        :  1.8000
 k(p)        :  2.8350
 k(d)        :  2.0860
 k(f)        :  2.0000
 Tscal       :  0.3300
 Gscal       :  0.3910
 fpol        :  1.0000
 Zcnf        :  0.6500
 Zqf         :  0.0000
 kcn         :  0.3000
 kEN1        : -0.5900
 wllscal     :  2.6000
 
     -------------------------
     ! NO SOLVENT MODEL USED !
     -------------------------
 
 doing EN charges ...
 sum q : -0.6661338D-15
 point charge moment (au)
     X       Y       Z   
   0.2904  -0.0224  -0.0068  total (Debye):    0.741
 
            Z      q(EN)   CN      Cart. coordinates
     1  C   4.0  -0.073   3.142    -9.71984     5.96986    -3.85179
     2  C   4.0  -0.072   3.144    -7.11379     5.99319    -3.96235
     3  C   4.0  -0.069   3.193    -5.71272     4.24592    -2.60135
     4  C   4.0   0.093   3.285    -6.89612     2.45706    -1.08570
     5  C   4.0   0.066   3.283    -9.54354     2.40773    -1.04184
     6  C   4.0  -0.068   3.169   -10.93303     4.15594    -2.39803
     7  O   6.0  -0.147   2.096   -10.88289     0.62959     0.30106
     8  C   4.0   0.066   3.283    -9.51942    -1.13651     1.63546
     9  C   4.0  -0.068   3.169   -10.88774    -2.91519     2.97377
    10  C   4.0  -0.073   3.142    -9.65407    -4.72101     4.42015
    11  C   4.0  -0.072   3.144    -7.04847    -4.70658     4.53976
    12  C   4.0  -0.069   3.192    -5.66832    -2.93014     3.19510
    13  C   4.0   0.093   3.284    -6.87115    -1.14613     1.68864
    14  N   5.0  -0.306   3.243    -5.54054     0.66936     0.30704
    15  C   4.0   0.083   3.268    -2.87265     0.71715     0.33525
    16  C   4.0  -0.068   3.179    -1.59585     2.80737     1.32363
    17  C   4.0  -0.070   3.192     0.99892     2.82484     1.32766
    18  C   4.0  -0.000   3.283     2.37928     0.77853     0.37988
    19  C   4.0  -0.001   3.257     1.11568    -1.35327    -0.59820
    20  C   4.0  -0.069   3.230    -1.52481    -1.31559    -0.61315
    21  C   4.0  -0.003   3.258     2.56060    -3.49180    -1.55845
    22  C   4.0  -0.073   3.184     1.40863    -5.67866    -2.50221
    23  C   4.0  -0.073   3.142     2.81763    -7.67693    -3.40032
    24  C   4.0  -0.072   3.138     5.44281    -7.56695    -3.38912
    25  C   4.0  -0.072   3.192     6.62747    -5.44612    -2.46244
    26  C   4.0  -0.000   3.283     5.22246    -3.40667    -1.54187
    27  C   4.0   0.105   3.326     6.52745    -1.21203    -0.56159
    28  N   5.0  -0.213   2.210     9.02168    -1.18000    -0.57504
    29  C   4.0   0.092   3.310    10.19610     0.86883     0.34991
    30  C   4.0  -0.068   3.171    12.86106     0.98120     0.36960
    31  C   4.0  -0.072   3.138    14.04992     3.06937     1.31212
    32  C   4.0  -0.072   3.138    12.65096     5.12171     2.26933
    33  C   4.0  -0.068   3.171    10.07051     5.07600     2.27901
    34  C   4.0   0.092   3.309     8.77848     2.94828     1.31897
    35  N   5.0  -0.213   2.210     6.24345     2.89777     1.32126
    36  C   4.0   0.104   3.327     5.10832     0.87103     0.40683
    37  H   1.0   0.074   1.004   -10.81971     7.33008    -4.89812
    38  H   1.0   0.074   1.004    -6.14166     7.36720    -5.11417
    39  H   1.0   0.077   1.007    -3.67857     4.26801    -2.72737
    40  H   1.0   0.075   1.005   -12.96690     4.05805    -2.29877
    41  H   1.0   0.075   1.005   -12.92244    -2.84516     2.86801
    42  H   1.0   0.074   1.004   -10.73775    -6.10385     5.45358
    43  H   1.0   0.074   1.004    -6.05980    -6.07353     5.68593
    44  H   1.0   0.077   1.007    -3.63472    -2.92385     3.33199
    45  H   1.0   0.076   1.005    -2.65686     4.37830     2.07723
    46  H   1.0   0.076   1.006     2.03922     4.40934     2.07702
    47  H   1.0   0.078   1.007    -2.58163    -2.87981    -1.37858
    48  H   1.0   0.076   1.006    -0.62193    -5.83608    -2.53519
    49  H   1.0   0.074   1.004     1.87106    -9.33756    -4.11597
    50  H   1.0   0.074   1.004     6.54052    -9.13365    -4.09777
    51  H   1.0   0.076   1.006     8.66035    -5.29871    -2.41730
    52  H   1.0   0.075   1.005    13.89761    -0.61087    -0.37248
    53  H   1.0   0.074   1.004    16.08841     3.16407     1.33099
    54  H   1.0   0.074   1.004    13.64776     6.74471     3.00244
    55  H   1.0   0.075   1.005     8.96384     6.62785     3.00487
 
  Z AO/shell   Hii/eV     exponent
  1     Sat Feb 20 21:38:01 CET 2016    EN: 2.327 GAM: 0.473  GM3: 0.0000
     1s    -13.751157    1.051071
  6     Sat Feb 20 21:38:01 CET 2016    EN: 2.731 GAM: 0.422  GM3: 0.0000
     2s    -19.378245    2.021003
     2p    -11.993376    1.497917
  7     Sat Feb 20 21:38:01 CET 2016    EN: 3.573 GAM: 0.504  GM3: 0.0000
     2s    -21.576984    2.275442
     2p    -16.125120    2.056788
  8     Sat Feb 20 21:38:01 CET 2016    EN: 3.700 GAM: 0.587  GM3: 0.0000
     2s    -21.648843    2.110798
     2p    -17.239740    2.329048
 
 dipole moment of classical point charges (au)
     X       Y       Z   
   0.2904  -0.0224  -0.0068  total (Debye):    0.741

 
 Nbf   :          163
 T(el) :   300.0
 calculating S/T integrals ...
 cpu time for ints   0.207448000000000     
 Nao   :          163
 making H0...
 making H1...
 cpu time for H      1.640100000000003E-002
 solving ...
 cpu time for diag   0.101043000000000     
 
 gap (eV)           :   1.969
 Koopmans IP (eV)   :  12.543
 Eel (Eh)           :  -132.694551
 T,E(Fermi),NFOD :    300.000   -11.558  0.000000
 T,E(Fermi),NFOD :    300.000   -11.558  0.000000
 Nfod               :  0.0000
 Nfod/Nel           :  0.0000

          eigenvalues
 #    :          72         73         74         75         76         77         78         79
 occ. :        2.000      2.000      2.000      2.000      2.000      2.000      2.000      2.000
 eps  :       -17.320    -16.987    -16.616    -16.260    -15.792    -15.559    -15.410    -15.058
 #    :          80         81         82         83         84         85         86         87
 occ. :        2.000      2.000      2.000      2.000      2.000      0.000      0.000      0.000
 eps  :       -15.036    -14.626    -14.416    -14.288    -12.544    -10.575     -7.391     -6.836
 #    :          88         89         90         91         92         93         94         95
 occ. :        0.000      0.000      0.000      0.000      0.000      0.000      0.000      0.000
 eps  :        -6.747     -5.530     -5.346     -5.293     -5.184     -5.020     -4.903     -4.671
                            1  SCC done.
 making H1...
 cpu time for H      0.114297000000000     
 solving ...
 cpu time for diag   4.398400000000002E-002
 
 gap (eV)           :   2.444
 Koopmans IP (eV)   :  12.365
 Eel (Eh)           :  -131.938600
 T,E(Fermi),NFOD :    300.000   -11.143  0.000000
 T,E(Fermi),NFOD :    300.000   -11.143  0.000000
 Nfod               :  0.0000
 Nfod/Nel           :  0.0000

          eigenvalues
 #    :          72         73         74         75         76         77         78         79
 occ. :        2.000      2.000      2.000      2.000      2.000      2.000      2.000      2.000
 eps  :       -16.730    -16.632    -16.574    -16.175    -15.787    -15.475    -15.398    -14.874
 #    :          80         81         82         83         84         85         86         87
 occ. :        2.000      2.000      2.000      2.000      2.000      0.000      0.000      0.000
 eps  :       -14.485    -14.276    -14.185    -13.938    -12.366     -9.922     -7.399     -6.853
 #    :          88         89         90         91         92         93         94         95
 occ. :        0.000      0.000      0.000      0.000      0.000      0.000      0.000      0.000
 eps  :        -6.733     -5.494     -5.295     -5.218     -5.145     -4.934     -4.772     -4.517
                            2  SCC done.
 
 
 Mulliken/CM5 charges    n(s)   n(p)   n(d)   
    1 C  -0.0483 -0.1045   1.132  2.917  0.000
    2 C  -0.0434 -0.0995   1.132  2.911  0.000
    3 C  -0.0557 -0.1042   1.134  2.922  0.000
    4 C   0.0465  0.1087   1.176  2.777  0.000
    5 C   0.0733  0.0986   1.153  2.773  0.000
    6 C  -0.0460 -0.0965   1.132  2.914  0.000
    7 O  -0.1416 -0.2045   1.452  4.689  0.000
    8 C   0.0736  0.0988   1.153  2.773  0.000
    9 C  -0.0460 -0.0965   1.132  2.914  0.000
   10 C  -0.0485 -0.1047   1.132  2.917  0.000
   11 C  -0.0440 -0.1001   1.133  2.911  0.000
   12 C  -0.0567 -0.1053   1.134  2.923  0.000
   13 C   0.0465  0.1086   1.176  2.777  0.000
   14 N  -0.1284 -0.3664   1.226  3.902  0.000
   15 C   0.0600  0.1123   1.177  2.763  0.000
   16 C  -0.0243 -0.0735   1.138  2.886  0.000
   17 C  -0.0217 -0.0723   1.142  2.880  0.000
   18 C   0.0053  0.0072   1.163  2.832  0.000
   19 C   0.0007 -0.0034   1.172  2.827  0.000
   20 C  -0.0376 -0.0845   1.142  2.896  0.000
   21 C  -0.0012 -0.0056   1.172  2.829  0.000
   22 C  -0.0363 -0.0904   1.139  2.897  0.000
   23 C  -0.0298 -0.0863   1.138  2.892  0.000
   24 C  -0.0264 -0.0826   1.135  2.891  0.000
   25 C  -0.0248 -0.0756   1.143  2.882  0.000
   26 C   0.0083  0.0101   1.164  2.827  0.000
   27 C   0.0490  0.1319   1.199  2.752  0.000
   28 N  -0.1895 -0.3777   1.486  3.703  0.000
   29 C   0.0447  0.1205   1.183  2.773  0.000
   30 C  -0.0243 -0.0714   1.137  2.887  0.000
   31 C  -0.0274 -0.0832   1.138  2.890  0.000
   32 C  -0.0276 -0.0834   1.138  2.890  0.000
   33 C  -0.0241 -0.0712   1.137  2.887  0.000
   34 C   0.0442  0.1201   1.183  2.773  0.000
   35 N  -0.1900 -0.3779   1.486  3.704  0.000
   36 C   0.0491  0.1318   1.198  2.753  0.000
   37 H   0.0429  0.0995   0.957  0.000  0.000
   38 H   0.0440  0.1007   0.956  0.000  0.000
   39 H   0.0432  0.1061   0.957  0.000  0.000
   40 H   0.0411  0.1013   0.959  0.000  0.000
   41 H   0.0412  0.1014   0.959  0.000  0.000
   42 H   0.0429  0.0995   0.957  0.000  0.000
   43 H   0.0438  0.1005   0.956  0.000  0.000
   44 H   0.0429  0.1058   0.957  0.000  0.000
   45 H   0.0460  0.1067   0.954  0.000  0.000
   46 H   0.0551  0.1190   0.945  0.000  0.000
   47 H   0.0467  0.1102   0.953  0.000  0.000
   48 H   0.0448  0.1036   0.955  0.000  0.000
   49 H   0.0436  0.1001   0.956  0.000  0.000
   50 H   0.0427  0.0993   0.957  0.000  0.000
   51 H   0.0484  0.1123   0.952  0.000  0.000
   52 H   0.0425  0.1026   0.958  0.000  0.000
   53 H   0.0442  0.1008   0.956  0.000  0.000
   54 H   0.0443  0.1008   0.956  0.000  0.000
   55 H   0.0424  0.1025   0.958  0.000  0.000
 Hirshfeld charges for QMDFF written to <charges>
 
 Loewdin charges    n(s)   n(p)   n(d)
    1 C  -0.0413   1.077  2.964  0.000
    2 C  -0.0357   1.078  2.958  0.000
    3 C  -0.0537   1.081  2.972  0.000
    4 C   0.0389   1.141  2.820  0.000
    5 C   0.0596   1.119  2.821  0.000
    6 C  -0.0432   1.079  2.964  0.000
    7 O  -0.1022   1.413  4.689  0.000
    8 C   0.0598   1.119  2.821  0.000
    9 C  -0.0432   1.079  2.964  0.000
   10 C  -0.0415   1.077  2.965  0.000
   11 C  -0.0363   1.078  2.959  0.000
   12 C  -0.0547   1.082  2.973  0.000
   13 C   0.0389   1.141  2.820  0.000
   14 N  -0.0906   1.185  3.905  0.000
   15 C   0.0593   1.139  2.801  0.000
   16 C  -0.0210   1.085  2.936  0.000
   17 C  -0.0144   1.087  2.927  0.000
   18 C   0.0046   1.121  2.874  0.000
   19 C   0.0055   1.129  2.865  0.000
   20 C  -0.0385   1.091  2.947  0.000
   21 C   0.0025   1.129  2.868  0.000
   22 C  -0.0325   1.086  2.946  0.000
   23 C  -0.0209   1.083  2.938  0.000
   24 C  -0.0189   1.080  2.939  0.000
   25 C  -0.0186   1.089  2.930  0.000
   26 C   0.0083   1.122  2.869  0.000
   27 C   0.0416   1.165  2.794  0.000
   28 N  -0.1681   1.452  3.716  0.000
   29 C   0.0375   1.147  2.815  0.000
   30 C  -0.0205   1.084  2.936  0.000
   31 C  -0.0182   1.082  2.936  0.000
   32 C  -0.0183   1.083  2.936  0.000
   33 C  -0.0203   1.084  2.936  0.000
   34 C   0.0372   1.148  2.815  0.000
   35 N  -0.1688   1.452  3.717  0.000
   36 C   0.0419   1.163  2.795  0.000
   37 H   0.0353   0.965  0.000  0.000
   38 H   0.0364   0.964  0.000  0.000
   39 H   0.0354   0.965  0.000  0.000
   40 H   0.0328   0.967  0.000  0.000
   41 H   0.0329   0.967  0.000  0.000
   42 H   0.0353   0.965  0.000  0.000
   43 H   0.0362   0.964  0.000  0.000
   44 H   0.0352   0.965  0.000  0.000
   45 H   0.0372   0.963  0.000  0.000
   46 H   0.0447   0.955  0.000  0.000
   47 H   0.0391   0.961  0.000  0.000
   48 H   0.0376   0.962  0.000  0.000
   49 H   0.0354   0.965  0.000  0.000
   50 H   0.0346   0.965  0.000  0.000
   51 H   0.0386   0.961  0.000  0.000
   52 H   0.0336   0.966  0.000  0.000
   53 H   0.0360   0.964  0.000  0.000
   54 H   0.0360   0.964  0.000  0.000
   55 H   0.0335   0.966  0.000  0.000
 
 Wiberg/Mayer (AO) data. WBOs > 0.1 written file <wbo>
 largest (>0.05) Wiberg bond orders for each atom
           total WBO             WBO to atom ...
     1  C   3.970    C    2 1.441    C    6 1.411    H   37 0.945    C    4 0.101
     2  C   3.972    C    1 1.441    C    3 1.418    H   38 0.944    C    5 0.101
     3  C   3.967    C    2 1.418    C    4 1.391    H   39 0.941    C    6 0.099
     4  C   3.931    C    3 1.391    C    5 1.305    N   14 1.009    C    1 0.101
     5  C   3.930    C    6 1.411    C    4 1.305    O    7 1.006    C    2 0.101
     6  C   3.969    C    5 1.411    C    1 1.411    H   40 0.946    C    3 0.099
     7  O   2.290    C    8 1.007    C    5 1.006
     8  C   3.930    C    9 1.411    C   13 1.305    O    7 1.007    C   11 0.101
     9  C   3.969    C    8 1.411    C   10 1.411    H   41 0.946    C   12 0.099
    10  C   3.970    C   11 1.441    C    9 1.411    H   42 0.945    C   13 0.101
    11  C   3.972    C   10 1.441    C   12 1.418    H   43 0.944    C    8 0.101
    12  C   3.967    C   11 1.418    C   13 1.390    H   44 0.941    C    9 0.099
    13  C   3.931    C   12 1.390    C    8 1.305    N   14 1.009    C   10 0.101
    14  N   3.351    C   13 1.009    C    4 1.009    C   15 0.968
    15  C   3.921    C   20 1.423    C   16 1.334    N   14 0.968    C   18 0.084
    16  C   3.960    C   17 1.484    C   15 1.334    H   45 0.944    C   19 0.084
    17  C   3.964    C   16 1.484    C   18 1.326    H   46 0.940    C   20 0.098
    18  C   3.954    C   17 1.326    C   19 1.281    C   36 1.094    C   15 0.084
    19  C   3.947    C   20 1.348    C   18 1.281    C   21 1.071    C   16 0.084
    20  C   3.961    C   15 1.423    C   19 1.348    H   47 0.941    C   17 0.098
    21  C   3.948    C   22 1.342    C   26 1.286    C   19 1.071    C   24 0.088
    22  C   3.966    C   23 1.471    C   21 1.342    H   48 0.943    C   25 0.104
    23  C   3.962    C   22 1.471    C   24 1.381    H   49 0.945    C   26 0.087
    24  C   3.964    C   25 1.475    C   23 1.381    H   50 0.945    C   21 0.088
    25  C   3.966    C   24 1.475    C   26 1.332    H   51 0.944    C   22 0.104
    26  C   3.955    C   25 1.332    C   21 1.286    C   27 1.089    C   23 0.087
    27  C   3.934    N   28 1.437    C   36 1.161    C   26 1.089
    28  N   3.095    C   27 1.437    C   29 1.273    N   35 0.123
    29  C   3.937    N   28 1.273    C   30 1.257    C   34 1.181    C   32 0.060
    30  C   3.967    C   31 1.559    C   29 1.257    H   52 0.944    C   33 0.113
    31  C   3.963    C   30 1.559    C   32 1.296    H   53 0.946    C   34 0.060
    32  C   3.964    C   33 1.560    C   31 1.296    H   54 0.946    C   29 0.060
    33  C   3.967    C   32 1.560    C   34 1.257    H   55 0.944    C   30 0.113
    34  C   3.938    N   35 1.275    C   33 1.257    C   29 1.181    C   31 0.060
    35  N   3.092    C   36 1.432    C   34 1.275    N   28 0.123
    36  C   3.933    N   35 1.432    C   27 1.161    C   18 1.094
    37  H   0.997    C    1 0.945
    38  H   0.997    C    2 0.944
    39  H   0.998    C    3 0.941
    40  H   0.997    C    6 0.946
    41  H   0.997    C    9 0.946
    42  H   0.997    C   10 0.945
    43  H   0.997    C   11 0.944
    44  H   0.998    C   12 0.941
    45  H   0.994    C   16 0.944
    46  H   0.994    C   17 0.940
    47  H   0.996    C   20 0.941
    48  H   0.997    C   22 0.943
    49  H   0.994    C   23 0.945
    50  H   0.994    C   24 0.945
    51  H   0.996    C   25 0.944
    52  H   0.998    C   30 0.944
    53  H   0.997    C   31 0.946
    54  H   0.997    C   32 0.946
    55  H   0.998    C   33 0.944
 
 --------------------------------------------
          xTB calculation for sTDA...
 --------------------------------------------
 
 reading parameter file /home/tchapet/xtb4stda/.param_stda2.xtb
 
      method parameters     
 k(s)        :  1.6000
 k(p)        :  2.1800
 k(d)        :  1.9500
 k(f)        :  2.0000
 k(R-V)      :  2.2750
 k(R-R)      :  1.7650
 Tscal       :  0.2580
 Gscal       :  1.0000
 fpol        :  1.0000
 Zcnf        :  0.3430
 Zqf         :  0.0000
 kcn         :  2.7000
 Ryd Hsplit  :  0.7000
 lshift(virt):  3.1000
 lshift(OS)  :  0.2000
 wllscaling  :  2.6000
 
 mowrcut     : 3.000
 
  Z AO/shell   Hii/eV     exponent
  1     Sun Feb 14 09:53:25 CET 2016    EN: 2.327 GAM: 0.473  GM3: 0.0000
     1s    -14.339618    1.220000
     2sp    -3.348946    0.600000
  6     Sun Feb 14 09:53:25 CET 2016    EN: 2.731 GAM: 0.422  GM3: 0.0000
     2s    -22.009312    1.565095
     2p    -13.020408    1.596905
     3sp    -3.914040    0.824500
  7     Sun Feb 14 09:53:25 CET 2016    EN: 3.573 GAM: 0.504  GM3: 0.0000
     2s    -25.722000    2.064844
     2p    -18.684912    1.801692
     3sp    -4.344791    0.921400
  8     Sun Feb 14 09:53:25 CET 2016    EN: 3.700 GAM: 0.587  GM3: 0.0000
     2s    -33.859000    2.418661
     2p    -22.175911    1.973969
     3sp    -4.259392    1.013700
 
 Nbf   :          383
 T(el) :     0.0
 calculating S/T integrals ...
 cpu time for ints    2.76855500000000     
 Nao   :          383
 making H0...
 making H1...
 cpu time for H      2.252999999999616E-003
 solving ...
 cpu time for diag   6.480900000000034E-002
 
 gap (eV)           :   4.872
 Koopmans IP (eV)   :  13.170
 Eel (Eh)           :  -147.283266

          eigenvalues
 #    :          72         73         74         75         76         77         78         79
 occ. :        2.000      2.000      2.000      2.000      2.000      2.000      2.000      2.000
 eps  :       -18.273    -18.076    -17.401    -17.105    -16.716    -16.330    -16.285    -15.945
 #    :          80         81         82         83         84         85         86         87
 occ. :        2.000      2.000      2.000      2.000      2.000      0.000      0.000      0.000
 eps  :       -15.727    -15.589    -15.500    -15.364    -13.171     -8.299     -7.262     -6.891
 #    :          88         89         90         91         92         93         94         95
 occ. :        0.000      0.000      0.000      0.000      0.000      0.000      0.000      0.000
 eps  :        -6.019     -5.869     -5.834     -5.523     -5.345     -5.112     -5.012     -4.891
                            1  SCC done.
 writing mo output ...
 molden style : F
 
speedup  9.77
cpu  time for all    3.44 s
wall time for all    0.35 s
